=== RUN   TestPublicKeyFromHex_Valid
--- PASS: TestPublicKeyFromHex_Valid (0.00s)
=== RUN   TestPublicKeyFromHex_InvalidHex
--- PASS: TestPublicKeyFromHex_InvalidHex (0.00s)
=== RUN   TestPublicKeyFromHex_WrongLength
--- PASS: TestPublicKeyFromHex_WrongLength (0.00s)
=== RUN   TestLoadPeerManifest_Valid
--- PASS: TestLoadPeerManifest_Valid (0.00s)
=== RUN   TestLoadPeerManifest_MissingFile
--- PASS: TestLoadPeerManifest_MissingFile (0.00s)
=== RUN   TestLoadPeerManifest_InvalidJSON
--- PASS: TestLoadPeerManifest_InvalidJSON (0.00s)
=== RUN   TestLoadPeerManifest_SkipsInvalidSig
2026/06/03 16:15:50 LoadPeerManifest: skipping peer "12D3KooWKwkPJBFcGvvsVJ9x3iVcfKQLbuNeUw5xzaSmadiVgxSu" — allowlist: invalid registry signature for peer 12D3KooWKwkPJBFcGvvsVJ9x3iVcfKQLbuNeUw5xzaSmadiVgxSu
--- PASS: TestLoadPeerManifest_SkipsInvalidSig (0.00s)
=== RUN   TestLoadPeerManifest_NoRegistryKey
2026/06/03 16:15:50 LoadPeerManifest: skipping peer "12D3KooWJGt8U7tURYTLoghrpLogsjGb2kFn2CqdvPfqJW4KjHzu" — allowlist: registry key not configured
--- PASS: TestLoadPeerManifest_NoRegistryKey (0.00s)
=== RUN   TestNetworkRegistryKey_LoadedFromEnv
2026/06/03 16:15:50 consensus startup invariant: mode=hybrid http_seal=true dbft_consensus=true
--- PASS: TestNetworkRegistryKey_LoadedFromEnv (0.00s)
=== RUN   TestNetworkRegistryKey_AbsentEnvIsNil
2026/06/03 16:15:50 consensus startup invariant: mode=hybrid http_seal=true dbft_consensus=true
--- PASS: TestNetworkRegistryKey_AbsentEnvIsNil (0.00s)
=== RUN   TestTravelRule_ValidPayload
--- PASS: TestTravelRule_ValidPayload (0.00s)
=== RUN   TestTravelRule_MissingOriginatorName
--- PASS: TestTravelRule_MissingOriginatorName (0.00s)
=== RUN   TestTravelRule_MissingOriginatorAccount
--- PASS: TestTravelRule_MissingOriginatorAccount (0.00s)
=== RUN   TestTravelRule_MissingBeneficiaryName
--- PASS: TestTravelRule_MissingBeneficiaryName (0.00s)
=== RUN   TestTravelRule_MissingBeneficiaryAccount
--- PASS: TestTravelRule_MissingBeneficiaryAccount (0.00s)
=== RUN   TestTM01_PassBelowThreshold
--- PASS: TestTM01_PassBelowThreshold (0.00s)
=== RUN   TestTM01_FlagAtReportingThreshold
--- PASS: TestTM01_FlagAtReportingThreshold (0.00s)
=== RUN   TestTM01_FlagBelowBlock
--- PASS: TestTM01_FlagBelowBlock (0.00s)
=== RUN   TestTM01_BlockAtHardLimit
--- PASS: TestTM01_BlockAtHardLimit (0.00s)
=== RUN   TestTM01_BlockAboveHardLimit
--- PASS: TestTM01_BlockAboveHardLimit (0.00s)
=== RUN   TestTM02_PassFourTransfers
--- PASS: TestTM02_PassFourTransfers (0.00s)
=== RUN   TestTM02_FlagFiveTransfers
--- PASS: TestTM02_FlagFiveTransfers (0.00s)
=== RUN   TestTM02_OldTradesExcluded
--- PASS: TestTM02_OldTradesExcluded (0.00s)
=== RUN   TestTM03_PassNonRound
--- PASS: TestTM03_PassNonRound (0.00s)
=== RUN   TestTM03_PassRoundAboveThreshold
--- PASS: TestTM03_PassRoundAboveThreshold (0.00s)
=== RUN   TestTM03_FlagRoundAmountBelowThreshold
--- PASS: TestTM03_FlagRoundAmountBelowThreshold (0.00s)
=== RUN   TestTM03_FlagAtLowerBound
--- PASS: TestTM03_FlagAtLowerBound (0.00s)
=== RUN   TestTM03_PassBelowLowerBound
--- PASS: TestTM03_PassBelowLowerBound (0.00s)
=== RUN   TestTM04_FlagSelfTransfer
--- PASS: TestTM04_FlagSelfTransfer (0.00s)
=== RUN   TestTM04_PassDifferentWallets
--- PASS: TestTM04_PassDifferentWallets (0.00s)
=== RUN   TestTM04_PassEmptySender
--- PASS: TestTM04_PassEmptySender (0.00s)
=== RUN   TestTM05_FlagHighVelocity
--- PASS: TestTM05_FlagHighVelocity (0.00s)
=== RUN   TestTM05_FlagHighVelocitySmallCurrentTx
--- PASS: TestTM05_FlagHighVelocitySmallCurrentTx (0.00s)
=== RUN   TestTM05_PassLowVolume
--- PASS: TestTM05_PassLowVolume (0.00s)
=== RUN   TestScreen_BlockTakesPrecedenceOverFlag
--- PASS: TestScreen_BlockTakesPrecedenceOverFlag (0.00s)
=== RUN   TestCrossBorder_NilCredential
--- PASS: TestCrossBorder_NilCredential (0.00s)
=== RUN   TestCrossBorder_SafeJurisdiction
--- PASS: TestCrossBorder_SafeJurisdiction (0.00s)
=== RUN   TestCrossBorder_HighRiskBelowFiveK_Flags
--- PASS: TestCrossBorder_HighRiskBelowFiveK_Flags (0.00s)
=== RUN   TestCrossBorder_HighRiskAtFiveK_Blocks
--- PASS: TestCrossBorder_HighRiskAtFiveK_Blocks (0.00s)
=== RUN   TestCrossBoard_HighRiskAboveFiveK_Blocks
--- PASS: TestCrossBoard_HighRiskAboveFiveK_Blocks (0.00s)
=== RUN   TestCrossBoard_AllFATFListCountries
--- PASS: TestCrossBoard_AllFATFListCountries (0.00s)
=== RUN   TestRescreenAllWallets_CreatesSAROnFlaggedWallet
2026/06/03 16:15:50 consensus startup invariant: mode=hybrid http_seal=true dbft_consensus=true
--- PASS: TestRescreenAllWallets_CreatesSAROnFlaggedWallet (0.00s)
=== RUN   TestRescreenAllWallets_SkipsCleanWallet
2026/06/03 16:15:50 consensus startup invariant: mode=hybrid http_seal=true dbft_consensus=true
--- PASS: TestRescreenAllWallets_SkipsCleanWallet (0.00s)
=== RUN   TestRescreenAllWallets_NoDuplicateSARForSameWallet
2026/06/03 16:15:50 consensus startup invariant: mode=hybrid http_seal=true dbft_consensus=true
--- PASS: TestRescreenAllWallets_NoDuplicateSARForSameWallet (0.00s)
=== RUN   TestAMLScreener_PassesClean
--- PASS: TestAMLScreener_PassesClean (0.00s)
=== RUN   TestAMLScreener_BlocksSender
--- PASS: TestAMLScreener_BlocksSender (0.00s)
=== RUN   TestAMLScreener_BlocksReceiver
--- PASS: TestAMLScreener_BlocksReceiver (0.00s)
=== RUN   TestAMLScreener_FlagsSender
--- PASS: TestAMLScreener_FlagsSender (0.00s)
=== RUN   TestAMLScreener_FlagsReceiver
--- PASS: TestAMLScreener_FlagsReceiver (0.00s)
=== RUN   TestAMLScreener_BlockTakesPrecedenceOverFlag
--- PASS: TestAMLScreener_BlockTakesPrecedenceOverFlag (0.00s)
=== RUN   TestAMLScreener_RecordsCallHistory
--- PASS: TestAMLScreener_RecordsCallHistory (0.00s)
=== RUN   TestAMLScreener_WiredIntoValidate_BlocksTransfer
--- PASS: TestAMLScreener_WiredIntoValidate_BlocksTransfer (0.00s)
=== RUN   TestAMLScreener_WiredIntoValidate_AllowsClean
--- PASS: TestAMLScreener_WiredIntoValidate_AllowsClean (0.00s)
=== RUN   TestAMLScreener_WiredIntoValidate_FlagDoesNotBlock
--- PASS: TestAMLScreener_WiredIntoValidate_FlagDoesNotBlock (0.00s)
=== RUN   TestProspectusWarning_ThresholdConstant
--- PASS: TestProspectusWarning_ThresholdConstant (0.00s)
=== RUN   TestCheckProspectusThresholds_EmitsWarning
--- PASS: TestCheckProspectusThresholds_EmitsWarning (0.00s)
=== RUN   TestCheckProspectusThresholds_NoWarningBeforeThreshold
--- PASS: TestCheckProspectusThresholds_NoWarningBeforeThreshold (0.00s)
=== RUN   TestApplyBlockState_CredentialTransaction_StoresCredential
2026/06/03 16:15:50 consensus startup invariant: mode=hybrid http_seal=true dbft_consensus=true
2026-06-03T16:15:50.059+0100	INFO	p2pnode	GreenHouse.web3/p2p.go:448	Libp2p host created with ID: 12D3KooWLhUQTzaXhzsJ1vYboUiD23CRPqEnb3eS7uvZ4ZzLFH3P
2026/06/03 16:15:50 P2P: using Noise XX security transport (mutual auth)
2026-06-03T16:15:50.059+0100	INFO	p2pnode	GreenHouse.web3/p2p.go:453	Listening on: /ip4/127.0.0.1/tcp/61822/p2p/12D3KooWLhUQTzaXhzsJ1vYboUiD23CRPqEnb3eS7uvZ4ZzLFH3P
2026-06-03T16:15:50.059+0100	INFO	p2pnode	GreenHouse.web3/p2p.go:453	Listening on: /ip4/127.0.0.1/udp/57047/quic-v1/webtransport/certhash/uEiDpsl0lG3vad_Op2f_RBsTNLZ9VMaKfpGT9dJhH5rBxyw/certhash/uEiAGaGRw3vcLScTMDWrMYCNKJDVE7BZBjV_M2HcgOKeCkQ/p2p/12D3KooWLhUQTzaXhzsJ1vYboUiD23CRPqEnb3eS7uvZ4ZzLFH3P
2026-06-03T16:15:50.059+0100	INFO	p2pnode	GreenHouse.web3/p2p.go:453	Listening on: /ip4/127.0.0.1/udp/62649/quic-v1/p2p/12D3KooWLhUQTzaXhzsJ1vYboUiD23CRPqEnb3eS7uvZ4ZzLFH3P
2026-06-03T16:15:50.059+0100	INFO	p2pnode	GreenHouse.web3/p2p.go:453	Listening on: /ip4/127.0.0.1/udp/64790/webrtc-direct/certhash/uEiC6m1mWK7bIe2Kd_v0e62vvVslMMN6Ou1_LV5vGRBTwTA/p2p/12D3KooWLhUQTzaXhzsJ1vYboUiD23CRPqEnb3eS7uvZ4ZzLFH3P
2026-06-03T16:15:50.059+0100	INFO	p2pnode	GreenHouse.web3/p2p.go:453	Listening on: /ip4/192.168.0.156/tcp/61822/p2p/12D3KooWLhUQTzaXhzsJ1vYboUiD23CRPqEnb3eS7uvZ4ZzLFH3P
2026-06-03T16:15:50.059+0100	INFO	p2pnode	GreenHouse.web3/p2p.go:453	Listening on: /ip4/192.168.0.156/udp/57047/quic-v1/webtransport/certhash/uEiDpsl0lG3vad_Op2f_RBsTNLZ9VMaKfpGT9dJhH5rBxyw/certhash/uEiAGaGRw3vcLScTMDWrMYCNKJDVE7BZBjV_M2HcgOKeCkQ/p2p/12D3KooWLhUQTzaXhzsJ1vYboUiD23CRPqEnb3eS7uvZ4ZzLFH3P
2026-06-03T16:15:50.059+0100	INFO	p2pnode	GreenHouse.web3/p2p.go:453	Listening on: /ip4/192.168.0.156/udp/62649/quic-v1/p2p/12D3KooWLhUQTzaXhzsJ1vYboUiD23CRPqEnb3eS7uvZ4ZzLFH3P
2026-06-03T16:15:50.059+0100	INFO	p2pnode	GreenHouse.web3/p2p.go:453	Listening on: /ip4/192.168.0.156/udp/64790/webrtc-direct/certhash/uEiC6m1mWK7bIe2Kd_v0e62vvVslMMN6Ou1_LV5vGRBTwTA/p2p/12D3KooWLhUQTzaXhzsJ1vYboUiD23CRPqEnb3eS7uvZ4ZzLFH3P
2026-06-03T16:15:50.059+0100	INFO	p2pnode	GreenHouse.web3/p2p.go:453	Listening on: /ip6/::1/tcp/61825/p2p/12D3KooWLhUQTzaXhzsJ1vYboUiD23CRPqEnb3eS7uvZ4ZzLFH3P
2026-06-03T16:15:50.059+0100	INFO	p2pnode	GreenHouse.web3/p2p.go:453	Listening on: /ip6/::1/udp/55551/quic-v1/p2p/12D3KooWLhUQTzaXhzsJ1vYboUiD23CRPqEnb3eS7uvZ4ZzLFH3P
2026-06-03T16:15:50.059+0100	INFO	p2pnode	GreenHouse.web3/p2p.go:453	Listening on: /ip6/::1/udp/56342/quic-v1/webtransport/certhash/uEiDpsl0lG3vad_Op2f_RBsTNLZ9VMaKfpGT9dJhH5rBxyw/certhash/uEiAGaGRw3vcLScTMDWrMYCNKJDVE7BZBjV_M2HcgOKeCkQ/p2p/12D3KooWLhUQTzaXhzsJ1vYboUiD23CRPqEnb3eS7uvZ4ZzLFH3P
2026-06-03T16:15:50.059+0100	INFO	p2pnode	GreenHouse.web3/p2p.go:453	Listening on: /ip6/::1/udp/60147/webrtc-direct/certhash/uEiC6m1mWK7bIe2Kd_v0e62vvVslMMN6Ou1_LV5vGRBTwTA/p2p/12D3KooWLhUQTzaXhzsJ1vYboUiD23CRPqEnb3eS7uvZ4ZzLFH3P
2026-06-03T16:15:50.059+0100	INFO	p2pnode	GreenHouse.web3/p2p.go:513	DHT discovery disabled (GONETWORK_DISABLE_P2P_DHT=1)
2026-06-03T16:15:50.060+0100	INFO	p2pnode	GreenHouse.web3/p2p.go:532	PubSub service initialized (D=4 Dlo=3 Dhi=5 heartbeat=500ms)
2026-06-03T16:15:50.060+0100	INFO	p2pnode	GreenHouse.web3/p2p.go:539	Joined topic: cred-block
2026-06-03T16:15:50.060+0100	INFO	p2pnode	GreenHouse.web3/p2p.go:546	Joined consensus topic: cred-block/consensus
2026-06-03T16:15:50.060+0100	INFO	p2pnode	GreenHouse.web3/p2p.go:563	Topic validator registered for cred-block
2026-06-03T16:15:50.060+0100	INFO	p2pnode	GreenHouse.web3/p2p.go:573	Topic validator registered for cred-block/consensus
2026-06-03T16:15:50.060+0100	INFO	p2pnode	GreenHouse.web3/p2p.go:580	Subscribed to topic
2026-06-03T16:15:50.060+0100	INFO	p2pnode	GreenHouse.web3/p2p.go:586	Subscribed to consensus topic
2026-06-03T16:15:50.060+0100	INFO	p2pnode	GreenHouse.web3/p2p.go:603	mDNS discovery disabled (GONETWORK_DISABLE_P2P_MDNS=1)
2026-06-03T16:15:50.060+0100	INFO	p2pnode	GreenHouse.web3/p2p.go:712	Stream handler set for direct messaging
--- PASS: TestApplyBlockState_CredentialTransaction_StoresCredential (0.01s)
=== RUN   TestApplyBlockState_AssetIssueTx_CreatesHolding
2026/06/03 16:15:50 consensus startup invariant: mode=hybrid http_seal=true dbft_consensus=true
2026-06-03T16:15:50.064+0100	INFO	p2pnode	GreenHouse.web3/p2p.go:448	Libp2p host created with ID: 12D3KooWE8ANDh2KHKLZcyNaCMhPwADQn3Bo1U6pUXYSML9T3otL
2026/06/03 16:15:50 P2P: using Noise XX security transport (mutual auth)
2026-06-03T16:15:50.064+0100	INFO	p2pnode	GreenHouse.web3/p2p.go:453	Listening on: /ip4/127.0.0.1/tcp/61826/p2p/12D3KooWE8ANDh2KHKLZcyNaCMhPwADQn3Bo1U6pUXYSML9T3otL
2026-06-03T16:15:50.064+0100	INFO	p2pnode	GreenHouse.web3/p2p.go:453	Listening on: /ip4/127.0.0.1/udp/53303/webrtc-direct/certhash/uEiCeT0eMAJpE_pP5oRgRo1BNsloGj0ivFBvB4cxhBrwj2A/p2p/12D3KooWE8ANDh2KHKLZcyNaCMhPwADQn3Bo1U6pUXYSML9T3otL
2026-06-03T16:15:50.064+0100	INFO	p2pnode	GreenHouse.web3/p2p.go:453	Listening on: /ip4/127.0.0.1/udp/55724/quic-v1/webtransport/certhash/uEiA_dnYZoCsqsE2iDSffneoipQr-HEQjtQ9qg99o8D1THQ/certhash/uEiAUz0phlTHPOf9sikigTRevxU0EuCLdG0cifsx4I6Lhpw/p2p/12D3KooWE8ANDh2KHKLZcyNaCMhPwADQn3Bo1U6pUXYSML9T3otL
2026-06-03T16:15:50.064+0100	INFO	p2pnode	GreenHouse.web3/p2p.go:453	Listening on: /ip4/127.0.0.1/udp/57609/quic-v1/p2p/12D3KooWE8ANDh2KHKLZcyNaCMhPwADQn3Bo1U6pUXYSML9T3otL
2026-06-03T16:15:50.064+0100	INFO	p2pnode	GreenHouse.web3/p2p.go:453	Listening on: /ip4/192.168.0.156/tcp/61826/p2p/12D3KooWE8ANDh2KHKLZcyNaCMhPwADQn3Bo1U6pUXYSML9T3otL
2026-06-03T16:15:50.064+0100	INFO	p2pnode	GreenHouse.web3/p2p.go:453	Listening on: /ip4/192.168.0.156/udp/53303/webrtc-direct/certhash/uEiCeT0eMAJpE_pP5oRgRo1BNsloGj0ivFBvB4cxhBrwj2A/p2p/12D3KooWE8ANDh2KHKLZcyNaCMhPwADQn3Bo1U6pUXYSML9T3otL
2026-06-03T16:15:50.064+0100	INFO	p2pnode	GreenHouse.web3/p2p.go:453	Listening on: /ip4/192.168.0.156/udp/55724/quic-v1/webtransport/certhash/uEiA_dnYZoCsqsE2iDSffneoipQr-HEQjtQ9qg99o8D1THQ/certhash/uEiAUz0phlTHPOf9sikigTRevxU0EuCLdG0cifsx4I6Lhpw/p2p/12D3KooWE8ANDh2KHKLZcyNaCMhPwADQn3Bo1U6pUXYSML9T3otL
2026-06-03T16:15:50.064+0100	INFO	p2pnode	GreenHouse.web3/p2p.go:453	Listening on: /ip4/192.168.0.156/udp/57609/quic-v1/p2p/12D3KooWE8ANDh2KHKLZcyNaCMhPwADQn3Bo1U6pUXYSML9T3otL
2026-06-03T16:15:50.064+0100	INFO	p2pnode	GreenHouse.web3/p2p.go:453	Listening on: /ip6/::1/tcp/61827/p2p/12D3KooWE8ANDh2KHKLZcyNaCMhPwADQn3Bo1U6pUXYSML9T3otL
2026-06-03T16:15:50.064+0100	INFO	p2pnode	GreenHouse.web3/p2p.go:453	Listening on: /ip6/::1/udp/55985/webrtc-direct/certhash/uEiCeT0eMAJpE_pP5oRgRo1BNsloGj0ivFBvB4cxhBrwj2A/p2p/12D3KooWE8ANDh2KHKLZcyNaCMhPwADQn3Bo1U6pUXYSML9T3otL
2026-06-03T16:15:50.064+0100	INFO	p2pnode	GreenHouse.web3/p2p.go:453	Listening on: /ip6/::1/udp/62417/quic-v1/p2p/12D3KooWE8ANDh2KHKLZcyNaCMhPwADQn3Bo1U6pUXYSML9T3otL
2026-06-03T16:15:50.064+0100	INFO	p2pnode	GreenHouse.web3/p2p.go:453	Listening on: /ip6/::1/udp/62619/quic-v1/webtransport/certhash/uEiA_dnYZoCsqsE2iDSffneoipQr-HEQjtQ9qg99o8D1THQ/certhash/uEiAUz0phlTHPOf9sikigTRevxU0EuCLdG0cifsx4I6Lhpw/p2p/12D3KooWE8ANDh2KHKLZcyNaCMhPwADQn3Bo1U6pUXYSML9T3otL
2026-06-03T16:15:50.064+0100	INFO	p2pnode	GreenHouse.web3/p2p.go:513	DHT discovery disabled (GONETWORK_DISABLE_P2P_DHT=1)
2026-06-03T16:15:50.065+0100	INFO	p2pnode	GreenHouse.web3/p2p.go:532	PubSub service initialized (D=4 Dlo=3 Dhi=5 heartbeat=500ms)
2026-06-03T16:15:50.065+0100	INFO	p2pnode	GreenHouse.web3/p2p.go:539	Joined topic: asset-block
2026-06-03T16:15:50.065+0100	INFO	p2pnode	GreenHouse.web3/p2p.go:546	Joined consensus topic: asset-block/consensus
2026-06-03T16:15:50.065+0100	INFO	p2pnode	GreenHouse.web3/p2p.go:563	Topic validator registered for asset-block
2026-06-03T16:15:50.065+0100	INFO	p2pnode	GreenHouse.web3/p2p.go:573	Topic validator registered for asset-block/consensus
2026-06-03T16:15:50.065+0100	INFO	p2pnode	GreenHouse.web3/p2p.go:580	Subscribed to topic
2026-06-03T16:15:50.065+0100	INFO	p2pnode	GreenHouse.web3/p2p.go:586	Subscribed to consensus topic
2026-06-03T16:15:50.065+0100	INFO	p2pnode	GreenHouse.web3/p2p.go:603	mDNS discovery disabled (GONETWORK_DISABLE_P2P_MDNS=1)
2026-06-03T16:15:50.065+0100	INFO	p2pnode	GreenHouse.web3/p2p.go:712	Stream handler set for direct messaging
--- PASS: TestApplyBlockState_AssetIssueTx_CreatesHolding (0.01s)
=== RUN   TestApplyBlockState_OrderPlacement_AddsToBook
2026/06/03 16:15:50 consensus startup invariant: mode=hybrid http_seal=true dbft_consensus=true
2026-06-03T16:15:50.069+0100	INFO	p2pnode	GreenHouse.web3/p2p.go:448	Libp2p host created with ID: 12D3KooWPVUgezjX9rPAPb2mvBeeJrxHUo6bKLfjNNShaPCw5ts2
2026/06/03 16:15:50 P2P: using Noise XX security transport (mutual auth)
2026-06-03T16:15:50.069+0100	INFO	p2pnode	GreenHouse.web3/p2p.go:453	Listening on: /ip4/127.0.0.1/tcp/61828/p2p/12D3KooWPVUgezjX9rPAPb2mvBeeJrxHUo6bKLfjNNShaPCw5ts2
2026-06-03T16:15:50.069+0100	INFO	p2pnode	GreenHouse.web3/p2p.go:453	Listening on: /ip4/127.0.0.1/udp/50055/quic-v1/p2p/12D3KooWPVUgezjX9rPAPb2mvBeeJrxHUo6bKLfjNNShaPCw5ts2
2026-06-03T16:15:50.069+0100	INFO	p2pnode	GreenHouse.web3/p2p.go:453	Listening on: /ip4/127.0.0.1/udp/60510/webrtc-direct/certhash/uEiCYQAc5RxBKMtqHMkH4a54Lr4ECtLARjTTA0lxalfG9HA/p2p/12D3KooWPVUgezjX9rPAPb2mvBeeJrxHUo6bKLfjNNShaPCw5ts2
2026-06-03T16:15:50.069+0100	INFO	p2pnode	GreenHouse.web3/p2p.go:453	Listening on: /ip4/127.0.0.1/udp/61700/quic-v1/webtransport/certhash/uEiDAR1JvVlTVLtZpOmhQdbgAMiuQ7_fFQrFHO7b8egMN4A/certhash/uEiAMKRZIT6GmdO8vNDe-hFIQYOCpm2hJnUDfadnwZQodyA/p2p/12D3KooWPVUgezjX9rPAPb2mvBeeJrxHUo6bKLfjNNShaPCw5ts2
2026-06-03T16:15:50.069+0100	INFO	p2pnode	GreenHouse.web3/p2p.go:453	Listening on: /ip4/192.168.0.156/tcp/61828/p2p/12D3KooWPVUgezjX9rPAPb2mvBeeJrxHUo6bKLfjNNShaPCw5ts2
2026-06-03T16:15:50.069+0100	INFO	p2pnode	GreenHouse.web3/p2p.go:453	Listening on: /ip4/192.168.0.156/udp/50055/quic-v1/p2p/12D3KooWPVUgezjX9rPAPb2mvBeeJrxHUo6bKLfjNNShaPCw5ts2
2026-06-03T16:15:50.069+0100	INFO	p2pnode	GreenHouse.web3/p2p.go:453	Listening on: /ip4/192.168.0.156/udp/60510/webrtc-direct/certhash/uEiCYQAc5RxBKMtqHMkH4a54Lr4ECtLARjTTA0lxalfG9HA/p2p/12D3KooWPVUgezjX9rPAPb2mvBeeJrxHUo6bKLfjNNShaPCw5ts2
2026-06-03T16:15:50.069+0100	INFO	p2pnode	GreenHouse.web3/p2p.go:453	Listening on: /ip4/192.168.0.156/udp/61700/quic-v1/webtransport/certhash/uEiDAR1JvVlTVLtZpOmhQdbgAMiuQ7_fFQrFHO7b8egMN4A/certhash/uEiAMKRZIT6GmdO8vNDe-hFIQYOCpm2hJnUDfadnwZQodyA/p2p/12D3KooWPVUgezjX9rPAPb2mvBeeJrxHUo6bKLfjNNShaPCw5ts2
2026-06-03T16:15:50.069+0100	INFO	p2pnode	GreenHouse.web3/p2p.go:453	Listening on: /ip6/::1/tcp/61829/p2p/12D3KooWPVUgezjX9rPAPb2mvBeeJrxHUo6bKLfjNNShaPCw5ts2
2026-06-03T16:15:50.069+0100	INFO	p2pnode	GreenHouse.web3/p2p.go:453	Listening on: /ip6/::1/udp/51693/quic-v1/webtransport/certhash/uEiDAR1JvVlTVLtZpOmhQdbgAMiuQ7_fFQrFHO7b8egMN4A/certhash/uEiAMKRZIT6GmdO8vNDe-hFIQYOCpm2hJnUDfadnwZQodyA/p2p/12D3KooWPVUgezjX9rPAPb2mvBeeJrxHUo6bKLfjNNShaPCw5ts2
2026-06-03T16:15:50.069+0100	INFO	p2pnode	GreenHouse.web3/p2p.go:453	Listening on: /ip6/::1/udp/59556/webrtc-direct/certhash/uEiCYQAc5RxBKMtqHMkH4a54Lr4ECtLARjTTA0lxalfG9HA/p2p/12D3KooWPVUgezjX9rPAPb2mvBeeJrxHUo6bKLfjNNShaPCw5ts2
2026-06-03T16:15:50.069+0100	INFO	p2pnode	GreenHouse.web3/p2p.go:453	Listening on: /ip6/::1/udp/60612/quic-v1/p2p/12D3KooWPVUgezjX9rPAPb2mvBeeJrxHUo6bKLfjNNShaPCw5ts2
2026-06-03T16:15:50.069+0100	INFO	p2pnode	GreenHouse.web3/p2p.go:513	DHT discovery disabled (GONETWORK_DISABLE_P2P_DHT=1)
2026-06-03T16:15:50.069+0100	INFO	p2pnode	GreenHouse.web3/p2p.go:532	PubSub service initialized (D=4 Dlo=3 Dhi=5 heartbeat=500ms)
2026-06-03T16:15:50.069+0100	INFO	p2pnode	GreenHouse.web3/p2p.go:539	Joined topic: order-place
2026-06-03T16:15:50.069+0100	INFO	p2pnode	GreenHouse.web3/p2p.go:546	Joined consensus topic: order-place/consensus
2026-06-03T16:15:50.069+0100	INFO	p2pnode	GreenHouse.web3/p2p.go:563	Topic validator registered for order-place
2026-06-03T16:15:50.069+0100	INFO	p2pnode	GreenHouse.web3/p2p.go:573	Topic validator registered for order-place/consensus
2026-06-03T16:15:50.069+0100	INFO	p2pnode	GreenHouse.web3/p2p.go:580	Subscribed to topic
2026-06-03T16:15:50.069+0100	INFO	p2pnode	GreenHouse.web3/p2p.go:586	Subscribed to consensus topic
2026-06-03T16:15:50.069+0100	INFO	p2pnode	GreenHouse.web3/p2p.go:603	mDNS discovery disabled (GONETWORK_DISABLE_P2P_MDNS=1)
2026-06-03T16:15:50.069+0100	INFO	p2pnode	GreenHouse.web3/p2p.go:712	Stream handler set for direct messaging
--- PASS: TestApplyBlockState_OrderPlacement_AddsToBook (0.00s)
=== RUN   TestApplyBlockState_OrderMatch_TradeExecutedAndSettled
2026/06/03 16:15:50 consensus startup invariant: mode=hybrid http_seal=true dbft_consensus=true
2026-06-03T16:15:50.073+0100	INFO	p2pnode	GreenHouse.web3/p2p.go:448	Libp2p host created with ID: 12D3KooWSrzgE2VwckmURTY5Ds5AK9ZwbhsP1dZXNfifBd2jtqEp
2026/06/03 16:15:50 P2P: using Noise XX security transport (mutual auth)
2026-06-03T16:15:50.073+0100	INFO	p2pnode	GreenHouse.web3/p2p.go:453	Listening on: /ip4/127.0.0.1/tcp/61830/p2p/12D3KooWSrzgE2VwckmURTY5Ds5AK9ZwbhsP1dZXNfifBd2jtqEp
2026-06-03T16:15:50.073+0100	INFO	p2pnode	GreenHouse.web3/p2p.go:453	Listening on: /ip4/127.0.0.1/udp/54959/quic-v1/webtransport/certhash/uEiA7bx50d17uGZ-O9XYitQHQ52MjQ4NPqacb88DLjFOufw/certhash/uEiCe7OuXNGLehw_1Pz3PhESNSpbvNty6SuBiyaRkhEey_w/p2p/12D3KooWSrzgE2VwckmURTY5Ds5AK9ZwbhsP1dZXNfifBd2jtqEp
2026-06-03T16:15:50.073+0100	INFO	p2pnode	GreenHouse.web3/p2p.go:453	Listening on: /ip4/127.0.0.1/udp/59086/quic-v1/p2p/12D3KooWSrzgE2VwckmURTY5Ds5AK9ZwbhsP1dZXNfifBd2jtqEp
2026-06-03T16:15:50.073+0100	INFO	p2pnode	GreenHouse.web3/p2p.go:453	Listening on: /ip4/127.0.0.1/udp/62959/webrtc-direct/certhash/uEiBs744mhSkkdWPRqcJQDZENH0_wjpT5b1ULOT9YhhOjYQ/p2p/12D3KooWSrzgE2VwckmURTY5Ds5AK9ZwbhsP1dZXNfifBd2jtqEp
2026-06-03T16:15:50.073+0100	INFO	p2pnode	GreenHouse.web3/p2p.go:453	Listening on: /ip4/192.168.0.156/tcp/61830/p2p/12D3KooWSrzgE2VwckmURTY5Ds5AK9ZwbhsP1dZXNfifBd2jtqEp
2026-06-03T16:15:50.073+0100	INFO	p2pnode	GreenHouse.web3/p2p.go:453	Listening on: /ip4/192.168.0.156/udp/54959/quic-v1/webtransport/certhash/uEiA7bx50d17uGZ-O9XYitQHQ52MjQ4NPqacb88DLjFOufw/certhash/uEiCe7OuXNGLehw_1Pz3PhESNSpbvNty6SuBiyaRkhEey_w/p2p/12D3KooWSrzgE2VwckmURTY5Ds5AK9ZwbhsP1dZXNfifBd2jtqEp
2026-06-03T16:15:50.073+0100	INFO	p2pnode	GreenHouse.web3/p2p.go:453	Listening on: /ip4/192.168.0.156/udp/59086/quic-v1/p2p/12D3KooWSrzgE2VwckmURTY5Ds5AK9ZwbhsP1dZXNfifBd2jtqEp
2026-06-03T16:15:50.073+0100	INFO	p2pnode	GreenHouse.web3/p2p.go:453	Listening on: /ip4/192.168.0.156/udp/62959/webrtc-direct/certhash/uEiBs744mhSkkdWPRqcJQDZENH0_wjpT5b1ULOT9YhhOjYQ/p2p/12D3KooWSrzgE2VwckmURTY5Ds5AK9ZwbhsP1dZXNfifBd2jtqEp
2026-06-03T16:15:50.073+0100	INFO	p2pnode	GreenHouse.web3/p2p.go:453	Listening on: /ip6/::1/tcp/61831/p2p/12D3KooWSrzgE2VwckmURTY5Ds5AK9ZwbhsP1dZXNfifBd2jtqEp
2026-06-03T16:15:50.073+0100	INFO	p2pnode	GreenHouse.web3/p2p.go:453	Listening on: /ip6/::1/udp/50517/webrtc-direct/certhash/uEiBs744mhSkkdWPRqcJQDZENH0_wjpT5b1ULOT9YhhOjYQ/p2p/12D3KooWSrzgE2VwckmURTY5Ds5AK9ZwbhsP1dZXNfifBd2jtqEp
2026-06-03T16:15:50.073+0100	INFO	p2pnode	GreenHouse.web3/p2p.go:453	Listening on: /ip6/::1/udp/51202/quic-v1/p2p/12D3KooWSrzgE2VwckmURTY5Ds5AK9ZwbhsP1dZXNfifBd2jtqEp
2026-06-03T16:15:50.073+0100	INFO	p2pnode	GreenHouse.web3/p2p.go:453	Listening on: /ip6/::1/udp/65355/quic-v1/webtransport/certhash/uEiA7bx50d17uGZ-O9XYitQHQ52MjQ4NPqacb88DLjFOufw/certhash/uEiCe7OuXNGLehw_1Pz3PhESNSpbvNty6SuBiyaRkhEey_w/p2p/12D3KooWSrzgE2VwckmURTY5Ds5AK9ZwbhsP1dZXNfifBd2jtqEp
2026-06-03T16:15:50.073+0100	INFO	p2pnode	GreenHouse.web3/p2p.go:513	DHT discovery disabled (GONETWORK_DISABLE_P2P_DHT=1)
2026-06-03T16:15:50.073+0100	INFO	p2pnode	GreenHouse.web3/p2p.go:532	PubSub service initialized (D=4 Dlo=3 Dhi=5 heartbeat=500ms)
2026-06-03T16:15:50.073+0100	INFO	p2pnode	GreenHouse.web3/p2p.go:539	Joined topic: order-match
2026-06-03T16:15:50.073+0100	INFO	p2pnode	GreenHouse.web3/p2p.go:546	Joined consensus topic: order-match/consensus
2026-06-03T16:15:50.073+0100	INFO	p2pnode	GreenHouse.web3/p2p.go:563	Topic validator registered for order-match
2026-06-03T16:15:50.073+0100	INFO	p2pnode	GreenHouse.web3/p2p.go:573	Topic validator registered for order-match/consensus
2026-06-03T16:15:50.073+0100	INFO	p2pnode	GreenHouse.web3/p2p.go:580	Subscribed to topic
2026-06-03T16:15:50.073+0100	INFO	p2pnode	GreenHouse.web3/p2p.go:586	Subscribed to consensus topic
2026-06-03T16:15:50.073+0100	INFO	p2pnode	GreenHouse.web3/p2p.go:603	mDNS discovery disabled (GONETWORK_DISABLE_P2P_MDNS=1)
2026-06-03T16:15:50.073+0100	INFO	p2pnode	GreenHouse.web3/p2p.go:712	Stream handler set for direct messaging
--- PASS: TestApplyBlockState_OrderMatch_TradeExecutedAndSettled (0.00s)
=== RUN   TestApplyBlockState_PartialFill_BidPartiallyFilled
2026/06/03 16:15:50 consensus startup invariant: mode=hybrid http_seal=true dbft_consensus=true
2026-06-03T16:15:50.077+0100	INFO	p2pnode	GreenHouse.web3/p2p.go:448	Libp2p host created with ID: 12D3KooWMKds6oVaFQ67CVH7nVpdVdtpo7HqHaJWLja1AGgTkZgp
2026/06/03 16:15:50 P2P: using Noise XX security transport (mutual auth)
2026-06-03T16:15:50.077+0100	INFO	p2pnode	GreenHouse.web3/p2p.go:453	Listening on: /ip4/127.0.0.1/tcp/61832/p2p/12D3KooWMKds6oVaFQ67CVH7nVpdVdtpo7HqHaJWLja1AGgTkZgp
2026-06-03T16:15:50.077+0100	INFO	p2pnode	GreenHouse.web3/p2p.go:453	Listening on: /ip4/127.0.0.1/udp/49595/quic-v1/p2p/12D3KooWMKds6oVaFQ67CVH7nVpdVdtpo7HqHaJWLja1AGgTkZgp
2026-06-03T16:15:50.077+0100	INFO	p2pnode	GreenHouse.web3/p2p.go:453	Listening on: /ip4/127.0.0.1/udp/50851/webrtc-direct/certhash/uEiDGncy20M22KPFDzQD5k4Ga9NNY_6u7hpAUPfY5sIoNAw/p2p/12D3KooWMKds6oVaFQ67CVH7nVpdVdtpo7HqHaJWLja1AGgTkZgp
2026-06-03T16:15:50.077+0100	INFO	p2pnode	GreenHouse.web3/p2p.go:453	Listening on: /ip4/127.0.0.1/udp/65196/quic-v1/webtransport/certhash/uEiD5sTtKIglOmGrXMkf4RuwTMPfUqiy0VJhcGe0_oeJq3g/certhash/uEiBK0ZB2uqTuRMhOT37Ot3TOEnlMFHC19zACB0vXdgzKKQ/p2p/12D3KooWMKds6oVaFQ67CVH7nVpdVdtpo7HqHaJWLja1AGgTkZgp
2026-06-03T16:15:50.077+0100	INFO	p2pnode	GreenHouse.web3/p2p.go:453	Listening on: /ip4/192.168.0.156/tcp/61832/p2p/12D3KooWMKds6oVaFQ67CVH7nVpdVdtpo7HqHaJWLja1AGgTkZgp
2026-06-03T16:15:50.077+0100	INFO	p2pnode	GreenHouse.web3/p2p.go:453	Listening on: /ip4/192.168.0.156/udp/49595/quic-v1/p2p/12D3KooWMKds6oVaFQ67CVH7nVpdVdtpo7HqHaJWLja1AGgTkZgp
2026-06-03T16:15:50.077+0100	INFO	p2pnode	GreenHouse.web3/p2p.go:453	Listening on: /ip4/192.168.0.156/udp/50851/webrtc-direct/certhash/uEiDGncy20M22KPFDzQD5k4Ga9NNY_6u7hpAUPfY5sIoNAw/p2p/12D3KooWMKds6oVaFQ67CVH7nVpdVdtpo7HqHaJWLja1AGgTkZgp
2026-06-03T16:15:50.077+0100	INFO	p2pnode	GreenHouse.web3/p2p.go:453	Listening on: /ip4/192.168.0.156/udp/65196/quic-v1/webtransport/certhash/uEiD5sTtKIglOmGrXMkf4RuwTMPfUqiy0VJhcGe0_oeJq3g/certhash/uEiBK0ZB2uqTuRMhOT37Ot3TOEnlMFHC19zACB0vXdgzKKQ/p2p/12D3KooWMKds6oVaFQ67CVH7nVpdVdtpo7HqHaJWLja1AGgTkZgp
2026-06-03T16:15:50.077+0100	INFO	p2pnode	GreenHouse.web3/p2p.go:453	Listening on: /ip6/::1/tcp/61833/p2p/12D3KooWMKds6oVaFQ67CVH7nVpdVdtpo7HqHaJWLja1AGgTkZgp
2026-06-03T16:15:50.077+0100	INFO	p2pnode	GreenHouse.web3/p2p.go:453	Listening on: /ip6/::1/udp/54440/webrtc-direct/certhash/uEiDGncy20M22KPFDzQD5k4Ga9NNY_6u7hpAUPfY5sIoNAw/p2p/12D3KooWMKds6oVaFQ67CVH7nVpdVdtpo7HqHaJWLja1AGgTkZgp
2026-06-03T16:15:50.077+0100	INFO	p2pnode	GreenHouse.web3/p2p.go:453	Listening on: /ip6/::1/udp/55060/quic-v1/p2p/12D3KooWMKds6oVaFQ67CVH7nVpdVdtpo7HqHaJWLja1AGgTkZgp
2026-06-03T16:15:50.077+0100	INFO	p2pnode	GreenHouse.web3/p2p.go:453	Listening on: /ip6/::1/udp/56828/quic-v1/webtransport/certhash/uEiD5sTtKIglOmGrXMkf4RuwTMPfUqiy0VJhcGe0_oeJq3g/certhash/uEiBK0ZB2uqTuRMhOT37Ot3TOEnlMFHC19zACB0vXdgzKKQ/p2p/12D3KooWMKds6oVaFQ67CVH7nVpdVdtpo7HqHaJWLja1AGgTkZgp
2026-06-03T16:15:50.077+0100	INFO	p2pnode	GreenHouse.web3/p2p.go:513	DHT discovery disabled (GONETWORK_DISABLE_P2P_DHT=1)
2026-06-03T16:15:50.077+0100	INFO	p2pnode	GreenHouse.web3/p2p.go:532	PubSub service initialized (D=4 Dlo=3 Dhi=5 heartbeat=500ms)
2026-06-03T16:15:50.077+0100	INFO	p2pnode	GreenHouse.web3/p2p.go:539	Joined topic: partial-fill
2026-06-03T16:15:50.077+0100	INFO	p2pnode	GreenHouse.web3/p2p.go:546	Joined consensus topic: partial-fill/consensus
2026-06-03T16:15:50.077+0100	INFO	p2pnode	GreenHouse.web3/p2p.go:563	Topic validator registered for partial-fill
2026-06-03T16:15:50.077+0100	INFO	p2pnode	GreenHouse.web3/p2p.go:573	Topic validator registered for partial-fill/consensus
2026-06-03T16:15:50.077+0100	INFO	p2pnode	GreenHouse.web3/p2p.go:580	Subscribed to topic
2026-06-03T16:15:50.077+0100	INFO	p2pnode	GreenHouse.web3/p2p.go:586	Subscribed to consensus topic
2026-06-03T16:15:50.077+0100	INFO	p2pnode	GreenHouse.web3/p2p.go:603	mDNS discovery disabled (GONETWORK_DISABLE_P2P_MDNS=1)
2026-06-03T16:15:50.078+0100	INFO	p2pnode	GreenHouse.web3/p2p.go:712	Stream handler set for direct messaging
--- PASS: TestApplyBlockState_PartialFill_BidPartiallyFilled (0.00s)
=== RUN   TestApplyBlockState_OrderCancellation_RemovesFromBook
2026/06/03 16:15:50 consensus startup invariant: mode=hybrid http_seal=true dbft_consensus=true
2026-06-03T16:15:50.081+0100	INFO	p2pnode	GreenHouse.web3/p2p.go:448	Libp2p host created with ID: 12D3KooWDaHcwmfWCEcEX88CyiLDwMsADU1QhLuVmJftQa4yf6qB
2026/06/03 16:15:50 P2P: using Noise XX security transport (mutual auth)
2026-06-03T16:15:50.081+0100	INFO	p2pnode	GreenHouse.web3/p2p.go:453	Listening on: /ip4/127.0.0.1/tcp/61834/p2p/12D3KooWDaHcwmfWCEcEX88CyiLDwMsADU1QhLuVmJftQa4yf6qB
2026-06-03T16:15:50.081+0100	INFO	p2pnode	GreenHouse.web3/p2p.go:453	Listening on: /ip4/127.0.0.1/udp/52482/quic-v1/p2p/12D3KooWDaHcwmfWCEcEX88CyiLDwMsADU1QhLuVmJftQa4yf6qB
2026-06-03T16:15:50.081+0100	INFO	p2pnode	GreenHouse.web3/p2p.go:453	Listening on: /ip4/127.0.0.1/udp/54237/webrtc-direct/certhash/uEiAgwQ55cBuOG6AkeqOOJHpiDnr8Gmn5epJMWH3JoyJsyA/p2p/12D3KooWDaHcwmfWCEcEX88CyiLDwMsADU1QhLuVmJftQa4yf6qB
2026-06-03T16:15:50.081+0100	INFO	p2pnode	GreenHouse.web3/p2p.go:453	Listening on: /ip4/127.0.0.1/udp/64652/quic-v1/webtransport/certhash/uEiC9e4aMry0D_CKyYCo_QlamXId7WQ7qBEKRjDlo8B-uuQ/certhash/uEiC25G4eeezOedTiyGTlzBUqT484lEelkoSqro8N-ra-SA/p2p/12D3KooWDaHcwmfWCEcEX88CyiLDwMsADU1QhLuVmJftQa4yf6qB
2026-06-03T16:15:50.081+0100	INFO	p2pnode	GreenHouse.web3/p2p.go:453	Listening on: /ip4/192.168.0.156/tcp/61834/p2p/12D3KooWDaHcwmfWCEcEX88CyiLDwMsADU1QhLuVmJftQa4yf6qB
2026-06-03T16:15:50.081+0100	INFO	p2pnode	GreenHouse.web3/p2p.go:453	Listening on: /ip4/192.168.0.156/udp/52482/quic-v1/p2p/12D3KooWDaHcwmfWCEcEX88CyiLDwMsADU1QhLuVmJftQa4yf6qB
2026-06-03T16:15:50.081+0100	INFO	p2pnode	GreenHouse.web3/p2p.go:453	Listening on: /ip4/192.168.0.156/udp/54237/webrtc-direct/certhash/uEiAgwQ55cBuOG6AkeqOOJHpiDnr8Gmn5epJMWH3JoyJsyA/p2p/12D3KooWDaHcwmfWCEcEX88CyiLDwMsADU1QhLuVmJftQa4yf6qB
2026-06-03T16:15:50.081+0100	INFO	p2pnode	GreenHouse.web3/p2p.go:453	Listening on: /ip4/192.168.0.156/udp/64652/quic-v1/webtransport/certhash/uEiC9e4aMry0D_CKyYCo_QlamXId7WQ7qBEKRjDlo8B-uuQ/certhash/uEiC25G4eeezOedTiyGTlzBUqT484lEelkoSqro8N-ra-SA/p2p/12D3KooWDaHcwmfWCEcEX88CyiLDwMsADU1QhLuVmJftQa4yf6qB
2026-06-03T16:15:50.081+0100	INFO	p2pnode	GreenHouse.web3/p2p.go:453	Listening on: /ip6/::1/tcp/61835/p2p/12D3KooWDaHcwmfWCEcEX88CyiLDwMsADU1QhLuVmJftQa4yf6qB
2026-06-03T16:15:50.081+0100	INFO	p2pnode	GreenHouse.web3/p2p.go:453	Listening on: /ip6/::1/udp/53709/quic-v1/webtransport/certhash/uEiC9e4aMry0D_CKyYCo_QlamXId7WQ7qBEKRjDlo8B-uuQ/certhash/uEiC25G4eeezOedTiyGTlzBUqT484lEelkoSqro8N-ra-SA/p2p/12D3KooWDaHcwmfWCEcEX88CyiLDwMsADU1QhLuVmJftQa4yf6qB
2026-06-03T16:15:50.081+0100	INFO	p2pnode	GreenHouse.web3/p2p.go:453	Listening on: /ip6/::1/udp/56526/quic-v1/p2p/12D3KooWDaHcwmfWCEcEX88CyiLDwMsADU1QhLuVmJftQa4yf6qB
2026-06-03T16:15:50.081+0100	INFO	p2pnode	GreenHouse.web3/p2p.go:453	Listening on: /ip6/::1/udp/61985/webrtc-direct/certhash/uEiAgwQ55cBuOG6AkeqOOJHpiDnr8Gmn5epJMWH3JoyJsyA/p2p/12D3KooWDaHcwmfWCEcEX88CyiLDwMsADU1QhLuVmJftQa4yf6qB
2026-06-03T16:15:50.081+0100	INFO	p2pnode	GreenHouse.web3/p2p.go:513	DHT discovery disabled (GONETWORK_DISABLE_P2P_DHT=1)
2026-06-03T16:15:50.081+0100	INFO	p2pnode	GreenHouse.web3/p2p.go:532	PubSub service initialized (D=4 Dlo=3 Dhi=5 heartbeat=500ms)
2026-06-03T16:15:50.081+0100	INFO	p2pnode	GreenHouse.web3/p2p.go:539	Joined topic: order-cancel
2026-06-03T16:15:50.081+0100	INFO	p2pnode	GreenHouse.web3/p2p.go:546	Joined consensus topic: order-cancel/consensus
2026-06-03T16:15:50.081+0100	INFO	p2pnode	GreenHouse.web3/p2p.go:563	Topic validator registered for order-cancel
2026-06-03T16:15:50.081+0100	INFO	p2pnode	GreenHouse.web3/p2p.go:573	Topic validator registered for order-cancel/consensus
2026-06-03T16:15:50.081+0100	INFO	p2pnode	GreenHouse.web3/p2p.go:580	Subscribed to topic
2026-06-03T16:15:50.081+0100	INFO	p2pnode	GreenHouse.web3/p2p.go:586	Subscribed to consensus topic
2026-06-03T16:15:50.081+0100	INFO	p2pnode	GreenHouse.web3/p2p.go:603	mDNS discovery disabled (GONETWORK_DISABLE_P2P_MDNS=1)
2026-06-03T16:15:50.081+0100	INFO	p2pnode	GreenHouse.web3/p2p.go:712	Stream handler set for direct messaging
--- PASS: TestApplyBlockState_OrderCancellation_RemovesFromBook (0.00s)
=== RUN   TestApplyBlockState_TravelRule_AttachedOnHighValueTrade
2026/06/03 16:15:50 consensus startup invariant: mode=hybrid http_seal=true dbft_consensus=true
2026-06-03T16:15:50.085+0100	INFO	p2pnode	GreenHouse.web3/p2p.go:448	Libp2p host created with ID: 12D3KooWRmv3x4jDpx6Hhaf6uvHMmBRKkn6n8XrcnJA1hvoa3mDh
2026/06/03 16:15:50 P2P: using Noise XX security transport (mutual auth)
2026-06-03T16:15:50.085+0100	INFO	p2pnode	GreenHouse.web3/p2p.go:453	Listening on: /ip4/127.0.0.1/tcp/61836/p2p/12D3KooWRmv3x4jDpx6Hhaf6uvHMmBRKkn6n8XrcnJA1hvoa3mDh
2026-06-03T16:15:50.085+0100	INFO	p2pnode	GreenHouse.web3/p2p.go:453	Listening on: /ip4/127.0.0.1/udp/50899/webrtc-direct/certhash/uEiB7OAIs0cwU99RedB20RMonFgm8zw5qncStY6ZuTQlDig/p2p/12D3KooWRmv3x4jDpx6Hhaf6uvHMmBRKkn6n8XrcnJA1hvoa3mDh
2026-06-03T16:15:50.085+0100	INFO	p2pnode	GreenHouse.web3/p2p.go:453	Listening on: /ip4/127.0.0.1/udp/55749/quic-v1/p2p/12D3KooWRmv3x4jDpx6Hhaf6uvHMmBRKkn6n8XrcnJA1hvoa3mDh
2026-06-03T16:15:50.085+0100	INFO	p2pnode	GreenHouse.web3/p2p.go:453	Listening on: /ip4/127.0.0.1/udp/58465/quic-v1/webtransport/certhash/uEiApOGnM-mEyXhBfcFy3rH43bI-6VWxnpnwc3lORLAQgiQ/certhash/uEiCMtQXYbHGby-pnesGpu8BpsmRazKJFVf4wzLj55MNbNA/p2p/12D3KooWRmv3x4jDpx6Hhaf6uvHMmBRKkn6n8XrcnJA1hvoa3mDh
2026-06-03T16:15:50.085+0100	INFO	p2pnode	GreenHouse.web3/p2p.go:453	Listening on: /ip4/192.168.0.156/tcp/61836/p2p/12D3KooWRmv3x4jDpx6Hhaf6uvHMmBRKkn6n8XrcnJA1hvoa3mDh
2026-06-03T16:15:50.085+0100	INFO	p2pnode	GreenHouse.web3/p2p.go:453	Listening on: /ip4/192.168.0.156/udp/50899/webrtc-direct/certhash/uEiB7OAIs0cwU99RedB20RMonFgm8zw5qncStY6ZuTQlDig/p2p/12D3KooWRmv3x4jDpx6Hhaf6uvHMmBRKkn6n8XrcnJA1hvoa3mDh
2026-06-03T16:15:50.085+0100	INFO	p2pnode	GreenHouse.web3/p2p.go:453	Listening on: /ip4/192.168.0.156/udp/55749/quic-v1/p2p/12D3KooWRmv3x4jDpx6Hhaf6uvHMmBRKkn6n8XrcnJA1hvoa3mDh
2026-06-03T16:15:50.085+0100	INFO	p2pnode	GreenHouse.web3/p2p.go:453	Listening on: /ip4/192.168.0.156/udp/58465/quic-v1/webtransport/certhash/uEiApOGnM-mEyXhBfcFy3rH43bI-6VWxnpnwc3lORLAQgiQ/certhash/uEiCMtQXYbHGby-pnesGpu8BpsmRazKJFVf4wzLj55MNbNA/p2p/12D3KooWRmv3x4jDpx6Hhaf6uvHMmBRKkn6n8XrcnJA1hvoa3mDh
2026-06-03T16:15:50.085+0100	INFO	p2pnode	GreenHouse.web3/p2p.go:453	Listening on: /ip6/::1/tcp/61837/p2p/12D3KooWRmv3x4jDpx6Hhaf6uvHMmBRKkn6n8XrcnJA1hvoa3mDh
2026-06-03T16:15:50.085+0100	INFO	p2pnode	GreenHouse.web3/p2p.go:453	Listening on: /ip6/::1/udp/50492/webrtc-direct/certhash/uEiB7OAIs0cwU99RedB20RMonFgm8zw5qncStY6ZuTQlDig/p2p/12D3KooWRmv3x4jDpx6Hhaf6uvHMmBRKkn6n8XrcnJA1hvoa3mDh
2026-06-03T16:15:50.085+0100	INFO	p2pnode	GreenHouse.web3/p2p.go:453	Listening on: /ip6/::1/udp/52852/quic-v1/p2p/12D3KooWRmv3x4jDpx6Hhaf6uvHMmBRKkn6n8XrcnJA1hvoa3mDh
2026-06-03T16:15:50.085+0100	INFO	p2pnode	GreenHouse.web3/p2p.go:453	Listening on: /ip6/::1/udp/64333/quic-v1/webtransport/certhash/uEiApOGnM-mEyXhBfcFy3rH43bI-6VWxnpnwc3lORLAQgiQ/certhash/uEiCMtQXYbHGby-pnesGpu8BpsmRazKJFVf4wzLj55MNbNA/p2p/12D3KooWRmv3x4jDpx6Hhaf6uvHMmBRKkn6n8XrcnJA1hvoa3mDh
2026-06-03T16:15:50.085+0100	INFO	p2pnode	GreenHouse.web3/p2p.go:513	DHT discovery disabled (GONETWORK_DISABLE_P2P_DHT=1)
2026-06-03T16:15:50.085+0100	INFO	p2pnode	GreenHouse.web3/p2p.go:532	PubSub service initialized (D=4 Dlo=3 Dhi=5 heartbeat=500ms)
2026-06-03T16:15:50.085+0100	INFO	p2pnode	GreenHouse.web3/p2p.go:539	Joined topic: travel-rule
2026-06-03T16:15:50.085+0100	INFO	p2pnode	GreenHouse.web3/p2p.go:546	Joined consensus topic: travel-rule/consensus
2026-06-03T16:15:50.085+0100	INFO	p2pnode	GreenHouse.web3/p2p.go:563	Topic validator registered for travel-rule
2026-06-03T16:15:50.085+0100	INFO	p2pnode	GreenHouse.web3/p2p.go:573	Topic validator registered for travel-rule/consensus
2026-06-03T16:15:50.085+0100	INFO	p2pnode	GreenHouse.web3/p2p.go:580	Subscribed to topic
2026-06-03T16:15:50.085+0100	INFO	p2pnode	GreenHouse.web3/p2p.go:586	Subscribed to consensus topic
2026-06-03T16:15:50.085+0100	INFO	p2pnode	GreenHouse.web3/p2p.go:603	mDNS discovery disabled (GONETWORK_DISABLE_P2P_MDNS=1)
2026-06-03T16:15:50.085+0100	INFO	p2pnode	GreenHouse.web3/p2p.go:712	Stream handler set for direct messaging
--- PASS: TestApplyBlockState_TravelRule_AttachedOnHighValueTrade (0.00s)
=== RUN   TestApplyBlockState_ProspectusExemption_RecordsSettlement
2026/06/03 16:15:50 consensus startup invariant: mode=hybrid http_seal=true dbft_consensus=true
2026-06-03T16:15:50.088+0100	INFO	p2pnode	GreenHouse.web3/p2p.go:448	Libp2p host created with ID: 12D3KooWLDBMASLrLqzvQ4xscsck4a4426qKM8FtuLp2Rc4XogvV
2026/06/03 16:15:50 P2P: using Noise XX security transport (mutual auth)
2026-06-03T16:15:50.088+0100	INFO	p2pnode	GreenHouse.web3/p2p.go:453	Listening on: /ip4/127.0.0.1/tcp/61838/p2p/12D3KooWLDBMASLrLqzvQ4xscsck4a4426qKM8FtuLp2Rc4XogvV
2026-06-03T16:15:50.088+0100	INFO	p2pnode	GreenHouse.web3/p2p.go:453	Listening on: /ip4/127.0.0.1/udp/50968/quic-v1/p2p/12D3KooWLDBMASLrLqzvQ4xscsck4a4426qKM8FtuLp2Rc4XogvV
2026-06-03T16:15:50.088+0100	INFO	p2pnode	GreenHouse.web3/p2p.go:453	Listening on: /ip4/127.0.0.1/udp/50974/webrtc-direct/certhash/uEiAUmDhP8UFZenIQ-kxNC5b7lBXXhjTM6tJYIicVcIk0ow/p2p/12D3KooWLDBMASLrLqzvQ4xscsck4a4426qKM8FtuLp2Rc4XogvV
2026-06-03T16:15:50.088+0100	INFO	p2pnode	GreenHouse.web3/p2p.go:453	Listening on: /ip4/127.0.0.1/udp/51992/quic-v1/webtransport/certhash/uEiCFDEyPGFYoRui5ncgoLemOm6kssBd8xYbZJ7JDEblahA/certhash/uEiBbTj3FdHa9Xw64kXmmI5hlfgxvHsZAMnrLBLF_4XeeEg/p2p/12D3KooWLDBMASLrLqzvQ4xscsck4a4426qKM8FtuLp2Rc4XogvV
2026-06-03T16:15:50.088+0100	INFO	p2pnode	GreenHouse.web3/p2p.go:453	Listening on: /ip4/192.168.0.156/tcp/61838/p2p/12D3KooWLDBMASLrLqzvQ4xscsck4a4426qKM8FtuLp2Rc4XogvV
2026-06-03T16:15:50.088+0100	INFO	p2pnode	GreenHouse.web3/p2p.go:453	Listening on: /ip4/192.168.0.156/udp/50968/quic-v1/p2p/12D3KooWLDBMASLrLqzvQ4xscsck4a4426qKM8FtuLp2Rc4XogvV
2026-06-03T16:15:50.088+0100	INFO	p2pnode	GreenHouse.web3/p2p.go:453	Listening on: /ip4/192.168.0.156/udp/50974/webrtc-direct/certhash/uEiAUmDhP8UFZenIQ-kxNC5b7lBXXhjTM6tJYIicVcIk0ow/p2p/12D3KooWLDBMASLrLqzvQ4xscsck4a4426qKM8FtuLp2Rc4XogvV
2026-06-03T16:15:50.088+0100	INFO	p2pnode	GreenHouse.web3/p2p.go:453	Listening on: /ip4/192.168.0.156/udp/51992/quic-v1/webtransport/certhash/uEiCFDEyPGFYoRui5ncgoLemOm6kssBd8xYbZJ7JDEblahA/certhash/uEiBbTj3FdHa9Xw64kXmmI5hlfgxvHsZAMnrLBLF_4XeeEg/p2p/12D3KooWLDBMASLrLqzvQ4xscsck4a4426qKM8FtuLp2Rc4XogvV
2026-06-03T16:15:50.088+0100	INFO	p2pnode	GreenHouse.web3/p2p.go:453	Listening on: /ip6/::1/tcp/61839/p2p/12D3KooWLDBMASLrLqzvQ4xscsck4a4426qKM8FtuLp2Rc4XogvV
2026-06-03T16:15:50.088+0100	INFO	p2pnode	GreenHouse.web3/p2p.go:453	Listening on: /ip6/::1/udp/49813/quic-v1/p2p/12D3KooWLDBMASLrLqzvQ4xscsck4a4426qKM8FtuLp2Rc4XogvV
2026-06-03T16:15:50.088+0100	INFO	p2pnode	GreenHouse.web3/p2p.go:453	Listening on: /ip6/::1/udp/51573/quic-v1/webtransport/certhash/uEiCFDEyPGFYoRui5ncgoLemOm6kssBd8xYbZJ7JDEblahA/certhash/uEiBbTj3FdHa9Xw64kXmmI5hlfgxvHsZAMnrLBLF_4XeeEg/p2p/12D3KooWLDBMASLrLqzvQ4xscsck4a4426qKM8FtuLp2Rc4XogvV
2026-06-03T16:15:50.088+0100	INFO	p2pnode	GreenHouse.web3/p2p.go:453	Listening on: /ip6/::1/udp/52593/webrtc-direct/certhash/uEiAUmDhP8UFZenIQ-kxNC5b7lBXXhjTM6tJYIicVcIk0ow/p2p/12D3KooWLDBMASLrLqzvQ4xscsck4a4426qKM8FtuLp2Rc4XogvV
2026-06-03T16:15:50.088+0100	INFO	p2pnode	GreenHouse.web3/p2p.go:513	DHT discovery disabled (GONETWORK_DISABLE_P2P_DHT=1)
2026-06-03T16:15:50.088+0100	INFO	p2pnode	GreenHouse.web3/p2p.go:532	PubSub service initialized (D=4 Dlo=3 Dhi=5 heartbeat=500ms)
2026-06-03T16:15:50.088+0100	INFO	p2pnode	GreenHouse.web3/p2p.go:539	Joined topic: prospectus-block
2026-06-03T16:15:50.088+0100	INFO	p2pnode	GreenHouse.web3/p2p.go:546	Joined consensus topic: prospectus-block/consensus
2026-06-03T16:15:50.088+0100	INFO	p2pnode	GreenHouse.web3/p2p.go:563	Topic validator registered for prospectus-block
2026-06-03T16:15:50.088+0100	INFO	p2pnode	GreenHouse.web3/p2p.go:573	Topic validator registered for prospectus-block/consensus
2026-06-03T16:15:50.088+0100	INFO	p2pnode	GreenHouse.web3/p2p.go:580	Subscribed to topic
2026-06-03T16:15:50.088+0100	INFO	p2pnode	GreenHouse.web3/p2p.go:586	Subscribed to consensus topic
2026-06-03T16:15:50.088+0100	INFO	p2pnode	GreenHouse.web3/p2p.go:603	mDNS discovery disabled (GONETWORK_DISABLE_P2P_MDNS=1)
2026-06-03T16:15:50.088+0100	INFO	p2pnode	GreenHouse.web3/p2p.go:712	Stream handler set for direct messaging
--- PASS: TestApplyBlockState_ProspectusExemption_RecordsSettlement (0.00s)
=== RUN   TestApplyBlockState_MultipleAssets_IndependentMatching
2026/06/03 16:15:50 consensus startup invariant: mode=hybrid http_seal=true dbft_consensus=true
2026-06-03T16:15:50.091+0100	INFO	p2pnode	GreenHouse.web3/p2p.go:448	Libp2p host created with ID: 12D3KooWMBvUzQU23YqVuNMsPFm3qSDt5kPZG978hPoQAwpJGyyt
2026/06/03 16:15:50 P2P: using Noise XX security transport (mutual auth)
2026-06-03T16:15:50.091+0100	INFO	p2pnode	GreenHouse.web3/p2p.go:453	Listening on: /ip4/127.0.0.1/tcp/61840/p2p/12D3KooWMBvUzQU23YqVuNMsPFm3qSDt5kPZG978hPoQAwpJGyyt
2026-06-03T16:15:50.091+0100	INFO	p2pnode	GreenHouse.web3/p2p.go:453	Listening on: /ip4/127.0.0.1/udp/49906/webrtc-direct/certhash/uEiA6H1yrgnjcSF1KGl5SQCGc3WOgvmFZqiGiL6IHQQRi-A/p2p/12D3KooWMBvUzQU23YqVuNMsPFm3qSDt5kPZG978hPoQAwpJGyyt
2026-06-03T16:15:50.091+0100	INFO	p2pnode	GreenHouse.web3/p2p.go:453	Listening on: /ip4/127.0.0.1/udp/57838/quic-v1/p2p/12D3KooWMBvUzQU23YqVuNMsPFm3qSDt5kPZG978hPoQAwpJGyyt
2026-06-03T16:15:50.091+0100	INFO	p2pnode	GreenHouse.web3/p2p.go:453	Listening on: /ip4/127.0.0.1/udp/58388/quic-v1/webtransport/certhash/uEiA1vC-IwOd1AUinJME2ogVJHvFdWYAp4CutY6xSPanWhA/certhash/uEiBpkilm8cDRo_1eR0-YGwKNcx-QvBgVfZV3Bne2DfuUfA/p2p/12D3KooWMBvUzQU23YqVuNMsPFm3qSDt5kPZG978hPoQAwpJGyyt
2026-06-03T16:15:50.091+0100	INFO	p2pnode	GreenHouse.web3/p2p.go:453	Listening on: /ip4/192.168.0.156/tcp/61840/p2p/12D3KooWMBvUzQU23YqVuNMsPFm3qSDt5kPZG978hPoQAwpJGyyt
2026-06-03T16:15:50.091+0100	INFO	p2pnode	GreenHouse.web3/p2p.go:453	Listening on: /ip4/192.168.0.156/udp/49906/webrtc-direct/certhash/uEiA6H1yrgnjcSF1KGl5SQCGc3WOgvmFZqiGiL6IHQQRi-A/p2p/12D3KooWMBvUzQU23YqVuNMsPFm3qSDt5kPZG978hPoQAwpJGyyt
2026-06-03T16:15:50.091+0100	INFO	p2pnode	GreenHouse.web3/p2p.go:453	Listening on: /ip4/192.168.0.156/udp/57838/quic-v1/p2p/12D3KooWMBvUzQU23YqVuNMsPFm3qSDt5kPZG978hPoQAwpJGyyt
2026-06-03T16:15:50.091+0100	INFO	p2pnode	GreenHouse.web3/p2p.go:453	Listening on: /ip4/192.168.0.156/udp/58388/quic-v1/webtransport/certhash/uEiA1vC-IwOd1AUinJME2ogVJHvFdWYAp4CutY6xSPanWhA/certhash/uEiBpkilm8cDRo_1eR0-YGwKNcx-QvBgVfZV3Bne2DfuUfA/p2p/12D3KooWMBvUzQU23YqVuNMsPFm3qSDt5kPZG978hPoQAwpJGyyt
2026-06-03T16:15:50.091+0100	INFO	p2pnode	GreenHouse.web3/p2p.go:453	Listening on: /ip6/::1/tcp/61841/p2p/12D3KooWMBvUzQU23YqVuNMsPFm3qSDt5kPZG978hPoQAwpJGyyt
2026-06-03T16:15:50.091+0100	INFO	p2pnode	GreenHouse.web3/p2p.go:453	Listening on: /ip6/::1/udp/59194/quic-v1/p2p/12D3KooWMBvUzQU23YqVuNMsPFm3qSDt5kPZG978hPoQAwpJGyyt
2026-06-03T16:15:50.091+0100	INFO	p2pnode	GreenHouse.web3/p2p.go:453	Listening on: /ip6/::1/udp/63755/webrtc-direct/certhash/uEiA6H1yrgnjcSF1KGl5SQCGc3WOgvmFZqiGiL6IHQQRi-A/p2p/12D3KooWMBvUzQU23YqVuNMsPFm3qSDt5kPZG978hPoQAwpJGyyt
2026-06-03T16:15:50.091+0100	INFO	p2pnode	GreenHouse.web3/p2p.go:453	Listening on: /ip6/::1/udp/64205/quic-v1/webtransport/certhash/uEiA1vC-IwOd1AUinJME2ogVJHvFdWYAp4CutY6xSPanWhA/certhash/uEiBpkilm8cDRo_1eR0-YGwKNcx-QvBgVfZV3Bne2DfuUfA/p2p/12D3KooWMBvUzQU23YqVuNMsPFm3qSDt5kPZG978hPoQAwpJGyyt
2026-06-03T16:15:50.091+0100	INFO	p2pnode	GreenHouse.web3/p2p.go:513	DHT discovery disabled (GONETWORK_DISABLE_P2P_DHT=1)
2026-06-03T16:15:50.091+0100	INFO	p2pnode	GreenHouse.web3/p2p.go:532	PubSub service initialized (D=4 Dlo=3 Dhi=5 heartbeat=500ms)
2026-06-03T16:15:50.091+0100	INFO	p2pnode	GreenHouse.web3/p2p.go:539	Joined topic: multi-asset
2026-06-03T16:15:50.091+0100	INFO	p2pnode	GreenHouse.web3/p2p.go:546	Joined consensus topic: multi-asset/consensus
2026-06-03T16:15:50.091+0100	INFO	p2pnode	GreenHouse.web3/p2p.go:563	Topic validator registered for multi-asset
2026-06-03T16:15:50.091+0100	INFO	p2pnode	GreenHouse.web3/p2p.go:573	Topic validator registered for multi-asset/consensus
2026-06-03T16:15:50.091+0100	INFO	p2pnode	GreenHouse.web3/p2p.go:580	Subscribed to topic
2026-06-03T16:15:50.092+0100	INFO	p2pnode	GreenHouse.web3/p2p.go:586	Subscribed to consensus topic
2026-06-03T16:15:50.092+0100	INFO	p2pnode	GreenHouse.web3/p2p.go:603	mDNS discovery disabled (GONETWORK_DISABLE_P2P_MDNS=1)
2026-06-03T16:15:50.092+0100	INFO	p2pnode	GreenHouse.web3/p2p.go:712	Stream handler set for direct messaging
--- PASS: TestApplyBlockState_MultipleAssets_IndependentMatching (0.00s)
=== RUN   TestApplyBlockState_EmptyBlock_NoPanic
2026/06/03 16:15:50 consensus startup invariant: mode=hybrid http_seal=true dbft_consensus=true
2026-06-03T16:15:50.096+0100	INFO	p2pnode	GreenHouse.web3/p2p.go:448	Libp2p host created with ID: 12D3KooWE3KRrfTqvToyfD9g8hr7q9E99pof6ZSHqzkpP3EymunM
2026/06/03 16:15:50 P2P: using Noise XX security transport (mutual auth)
2026-06-03T16:15:50.096+0100	INFO	p2pnode	GreenHouse.web3/p2p.go:453	Listening on: /ip4/127.0.0.1/tcp/61842/p2p/12D3KooWE3KRrfTqvToyfD9g8hr7q9E99pof6ZSHqzkpP3EymunM
2026-06-03T16:15:50.096+0100	INFO	p2pnode	GreenHouse.web3/p2p.go:453	Listening on: /ip4/127.0.0.1/udp/59956/quic-v1/p2p/12D3KooWE3KRrfTqvToyfD9g8hr7q9E99pof6ZSHqzkpP3EymunM
2026-06-03T16:15:50.096+0100	INFO	p2pnode	GreenHouse.web3/p2p.go:453	Listening on: /ip4/127.0.0.1/udp/61429/quic-v1/webtransport/certhash/uEiDUYQ5vq2OYNH4TQrNIBo1r7MRB9gFy1kDotPs54PLCZg/certhash/uEiD-ro16kHz3n9V9DYmJcOp5oyThpT9AebNzkEJZKBgYqA/p2p/12D3KooWE3KRrfTqvToyfD9g8hr7q9E99pof6ZSHqzkpP3EymunM
2026-06-03T16:15:50.096+0100	INFO	p2pnode	GreenHouse.web3/p2p.go:453	Listening on: /ip4/127.0.0.1/udp/61497/webrtc-direct/certhash/uEiDeXaYXFb1HDakgDJM59hWkGRg4lPIRvCb-Ohseh7yaKA/p2p/12D3KooWE3KRrfTqvToyfD9g8hr7q9E99pof6ZSHqzkpP3EymunM
2026-06-03T16:15:50.096+0100	INFO	p2pnode	GreenHouse.web3/p2p.go:453	Listening on: /ip4/192.168.0.156/tcp/61842/p2p/12D3KooWE3KRrfTqvToyfD9g8hr7q9E99pof6ZSHqzkpP3EymunM
2026-06-03T16:15:50.096+0100	INFO	p2pnode	GreenHouse.web3/p2p.go:453	Listening on: /ip4/192.168.0.156/udp/59956/quic-v1/p2p/12D3KooWE3KRrfTqvToyfD9g8hr7q9E99pof6ZSHqzkpP3EymunM
2026-06-03T16:15:50.096+0100	INFO	p2pnode	GreenHouse.web3/p2p.go:453	Listening on: /ip4/192.168.0.156/udp/61429/quic-v1/webtransport/certhash/uEiDUYQ5vq2OYNH4TQrNIBo1r7MRB9gFy1kDotPs54PLCZg/certhash/uEiD-ro16kHz3n9V9DYmJcOp5oyThpT9AebNzkEJZKBgYqA/p2p/12D3KooWE3KRrfTqvToyfD9g8hr7q9E99pof6ZSHqzkpP3EymunM
2026-06-03T16:15:50.096+0100	INFO	p2pnode	GreenHouse.web3/p2p.go:453	Listening on: /ip4/192.168.0.156/udp/61497/webrtc-direct/certhash/uEiDeXaYXFb1HDakgDJM59hWkGRg4lPIRvCb-Ohseh7yaKA/p2p/12D3KooWE3KRrfTqvToyfD9g8hr7q9E99pof6ZSHqzkpP3EymunM
2026-06-03T16:15:50.096+0100	INFO	p2pnode	GreenHouse.web3/p2p.go:453	Listening on: /ip6/::1/tcp/61843/p2p/12D3KooWE3KRrfTqvToyfD9g8hr7q9E99pof6ZSHqzkpP3EymunM
2026-06-03T16:15:50.096+0100	INFO	p2pnode	GreenHouse.web3/p2p.go:453	Listening on: /ip6/::1/udp/55468/webrtc-direct/certhash/uEiDeXaYXFb1HDakgDJM59hWkGRg4lPIRvCb-Ohseh7yaKA/p2p/12D3KooWE3KRrfTqvToyfD9g8hr7q9E99pof6ZSHqzkpP3EymunM
2026-06-03T16:15:50.096+0100	INFO	p2pnode	GreenHouse.web3/p2p.go:453	Listening on: /ip6/::1/udp/55611/quic-v1/webtransport/certhash/uEiDUYQ5vq2OYNH4TQrNIBo1r7MRB9gFy1kDotPs54PLCZg/certhash/uEiD-ro16kHz3n9V9DYmJcOp5oyThpT9AebNzkEJZKBgYqA/p2p/12D3KooWE3KRrfTqvToyfD9g8hr7q9E99pof6ZSHqzkpP3EymunM
2026-06-03T16:15:50.096+0100	INFO	p2pnode	GreenHouse.web3/p2p.go:453	Listening on: /ip6/::1/udp/65133/quic-v1/p2p/12D3KooWE3KRrfTqvToyfD9g8hr7q9E99pof6ZSHqzkpP3EymunM
2026-06-03T16:15:50.096+0100	INFO	p2pnode	GreenHouse.web3/p2p.go:513	DHT discovery disabled (GONETWORK_DISABLE_P2P_DHT=1)
2026-06-03T16:15:50.096+0100	INFO	p2pnode	GreenHouse.web3/p2p.go:532	PubSub service initialized (D=4 Dlo=3 Dhi=5 heartbeat=500ms)
2026-06-03T16:15:50.096+0100	INFO	p2pnode	GreenHouse.web3/p2p.go:539	Joined topic: empty-block
2026-06-03T16:15:50.096+0100	INFO	p2pnode	GreenHouse.web3/p2p.go:546	Joined consensus topic: empty-block/consensus
2026-06-03T16:15:50.096+0100	INFO	p2pnode	GreenHouse.web3/p2p.go:563	Topic validator registered for empty-block
2026-06-03T16:15:50.096+0100	INFO	p2pnode	GreenHouse.web3/p2p.go:573	Topic validator registered for empty-block/consensus
2026-06-03T16:15:50.096+0100	INFO	p2pnode	GreenHouse.web3/p2p.go:580	Subscribed to topic
2026-06-03T16:15:50.096+0100	INFO	p2pnode	GreenHouse.web3/p2p.go:586	Subscribed to consensus topic
2026-06-03T16:15:50.096+0100	INFO	p2pnode	GreenHouse.web3/p2p.go:603	mDNS discovery disabled (GONETWORK_DISABLE_P2P_MDNS=1)
2026-06-03T16:15:50.096+0100	INFO	p2pnode	GreenHouse.web3/p2p.go:712	Stream handler set for direct messaging
--- PASS: TestApplyBlockState_EmptyBlock_NoPanic (0.00s)
=== RUN   TestValidate_AMLFlag_CreatesSARDraft
2026/06/03 16:15:50 consensus startup invariant: mode=hybrid http_seal=true dbft_consensus=true
--- PASS: TestValidate_AMLFlag_CreatesSARDraft (0.00s)
=== RUN   TestValidate_BlockedAssetType_ReturnsError
2026/06/03 16:15:50 consensus startup invariant: mode=hybrid http_seal=true dbft_consensus=true
--- PASS: TestValidate_BlockedAssetType_ReturnsError (0.00s)
=== RUN   TestValidate_ComplexInstrument_NoSuitability_ReturnsError
2026/06/03 16:15:50 consensus startup invariant: mode=hybrid http_seal=true dbft_consensus=true
--- PASS: TestValidate_ComplexInstrument_NoSuitability_ReturnsError (0.00s)
=== RUN   TestValidate_ComplexInstrument_WithSuitability_Passes
2026/06/03 16:15:50 consensus startup invariant: mode=hybrid http_seal=true dbft_consensus=true
--- PASS: TestValidate_ComplexInstrument_WithSuitability_Passes (0.00s)
=== RUN   TestValidate_ProspectusThresholdExceeded_ReturnsError
2026/06/03 16:15:50 consensus startup invariant: mode=hybrid http_seal=true dbft_consensus=true
--- PASS: TestValidate_ProspectusThresholdExceeded_ReturnsError (0.00s)
=== RUN   TestValidate_ProspectusThresholdNotExceeded_Passes
2026/06/03 16:15:50 consensus startup invariant: mode=hybrid http_seal=true dbft_consensus=true
--- PASS: TestValidate_ProspectusThresholdNotExceeded_Passes (0.00s)
=== RUN   TestValidate_DERetailCapReached_ReturnsError
2026/06/03 16:15:50 consensus startup invariant: mode=hybrid http_seal=true dbft_consensus=true
--- PASS: TestValidate_DERetailCapReached_ReturnsError (0.00s)
=== RUN   TestValidate_DERetailCapNotReached_Passes
2026/06/03 16:15:50 consensus startup invariant: mode=hybrid http_seal=true dbft_consensus=true
--- PASS: TestValidate_DERetailCapNotReached_Passes (0.00s)
=== RUN   TestValidate_NilBlockchain_SkipsComplianceChecks
--- PASS: TestValidate_NilBlockchain_SkipsComplianceChecks (0.00s)
=== RUN   TestCirculatingSupply_ConsistencyAfterIssue
2026/06/03 16:15:50 consensus startup invariant: mode=hybrid http_seal=true dbft_consensus=true
2026-06-03T16:15:50.107+0100	INFO	p2pnode	GreenHouse.web3/p2p.go:448	Libp2p host created with ID: 12D3KooWRBtJQLdjjb1aCVSeim23BYQw6s1h2dAjanTCs181QzhX
2026/06/03 16:15:50 P2P: using Noise XX security transport (mutual auth)
2026-06-03T16:15:50.107+0100	INFO	p2pnode	GreenHouse.web3/p2p.go:453	Listening on: /ip4/127.0.0.1/tcp/61844/p2p/12D3KooWRBtJQLdjjb1aCVSeim23BYQw6s1h2dAjanTCs181QzhX
2026-06-03T16:15:50.107+0100	INFO	p2pnode	GreenHouse.web3/p2p.go:453	Listening on: /ip4/127.0.0.1/udp/50966/quic-v1/webtransport/certhash/uEiCLCbaNfLurC2mwcrSNfEYg1INkC2hnGx4VvuU83n-P6w/certhash/uEiDmSZNAA7HPrg82x7qQxBLZa7D1uK7wgGor1h_278QYSQ/p2p/12D3KooWRBtJQLdjjb1aCVSeim23BYQw6s1h2dAjanTCs181QzhX
2026-06-03T16:15:50.107+0100	INFO	p2pnode	GreenHouse.web3/p2p.go:453	Listening on: /ip4/127.0.0.1/udp/57579/webrtc-direct/certhash/uEiA16S_aXTZu7rHFu3u2YpcRqAG7aoXYEmAu1RaCCf6WqA/p2p/12D3KooWRBtJQLdjjb1aCVSeim23BYQw6s1h2dAjanTCs181QzhX
2026-06-03T16:15:50.107+0100	INFO	p2pnode	GreenHouse.web3/p2p.go:453	Listening on: /ip4/127.0.0.1/udp/58649/quic-v1/p2p/12D3KooWRBtJQLdjjb1aCVSeim23BYQw6s1h2dAjanTCs181QzhX
2026-06-03T16:15:50.107+0100	INFO	p2pnode	GreenHouse.web3/p2p.go:453	Listening on: /ip4/192.168.0.156/tcp/61844/p2p/12D3KooWRBtJQLdjjb1aCVSeim23BYQw6s1h2dAjanTCs181QzhX
2026-06-03T16:15:50.107+0100	INFO	p2pnode	GreenHouse.web3/p2p.go:453	Listening on: /ip4/192.168.0.156/udp/50966/quic-v1/webtransport/certhash/uEiCLCbaNfLurC2mwcrSNfEYg1INkC2hnGx4VvuU83n-P6w/certhash/uEiDmSZNAA7HPrg82x7qQxBLZa7D1uK7wgGor1h_278QYSQ/p2p/12D3KooWRBtJQLdjjb1aCVSeim23BYQw6s1h2dAjanTCs181QzhX
2026-06-03T16:15:50.107+0100	INFO	p2pnode	GreenHouse.web3/p2p.go:453	Listening on: /ip4/192.168.0.156/udp/57579/webrtc-direct/certhash/uEiA16S_aXTZu7rHFu3u2YpcRqAG7aoXYEmAu1RaCCf6WqA/p2p/12D3KooWRBtJQLdjjb1aCVSeim23BYQw6s1h2dAjanTCs181QzhX
2026-06-03T16:15:50.107+0100	INFO	p2pnode	GreenHouse.web3/p2p.go:453	Listening on: /ip4/192.168.0.156/udp/58649/quic-v1/p2p/12D3KooWRBtJQLdjjb1aCVSeim23BYQw6s1h2dAjanTCs181QzhX
2026-06-03T16:15:50.107+0100	INFO	p2pnode	GreenHouse.web3/p2p.go:453	Listening on: /ip6/::1/tcp/61845/p2p/12D3KooWRBtJQLdjjb1aCVSeim23BYQw6s1h2dAjanTCs181QzhX
2026-06-03T16:15:50.107+0100	INFO	p2pnode	GreenHouse.web3/p2p.go:453	Listening on: /ip6/::1/udp/50651/webrtc-direct/certhash/uEiA16S_aXTZu7rHFu3u2YpcRqAG7aoXYEmAu1RaCCf6WqA/p2p/12D3KooWRBtJQLdjjb1aCVSeim23BYQw6s1h2dAjanTCs181QzhX
2026-06-03T16:15:50.107+0100	INFO	p2pnode	GreenHouse.web3/p2p.go:453	Listening on: /ip6/::1/udp/50928/quic-v1/webtransport/certhash/uEiCLCbaNfLurC2mwcrSNfEYg1INkC2hnGx4VvuU83n-P6w/certhash/uEiDmSZNAA7HPrg82x7qQxBLZa7D1uK7wgGor1h_278QYSQ/p2p/12D3KooWRBtJQLdjjb1aCVSeim23BYQw6s1h2dAjanTCs181QzhX
2026-06-03T16:15:50.107+0100	INFO	p2pnode	GreenHouse.web3/p2p.go:453	Listening on: /ip6/::1/udp/64521/quic-v1/p2p/12D3KooWRBtJQLdjjb1aCVSeim23BYQw6s1h2dAjanTCs181QzhX
2026-06-03T16:15:50.107+0100	INFO	p2pnode	GreenHouse.web3/p2p.go:513	DHT discovery disabled (GONETWORK_DISABLE_P2P_DHT=1)
2026-06-03T16:15:50.107+0100	INFO	p2pnode	GreenHouse.web3/p2p.go:532	PubSub service initialized (D=4 Dlo=3 Dhi=5 heartbeat=500ms)
2026-06-03T16:15:50.107+0100	INFO	p2pnode	GreenHouse.web3/p2p.go:539	Joined topic: test
2026-06-03T16:15:50.107+0100	INFO	p2pnode	GreenHouse.web3/p2p.go:546	Joined consensus topic: test/consensus
2026-06-03T16:15:50.107+0100	INFO	p2pnode	GreenHouse.web3/p2p.go:563	Topic validator registered for test
2026-06-03T16:15:50.107+0100	INFO	p2pnode	GreenHouse.web3/p2p.go:573	Topic validator registered for test/consensus
2026-06-03T16:15:50.107+0100	INFO	p2pnode	GreenHouse.web3/p2p.go:580	Subscribed to topic
2026-06-03T16:15:50.107+0100	INFO	p2pnode	GreenHouse.web3/p2p.go:586	Subscribed to consensus topic
2026-06-03T16:15:50.107+0100	INFO	p2pnode	GreenHouse.web3/p2p.go:603	mDNS discovery disabled (GONETWORK_DISABLE_P2P_MDNS=1)
2026-06-03T16:15:50.107+0100	INFO	p2pnode	GreenHouse.web3/p2p.go:712	Stream handler set for direct messaging
--- PASS: TestCirculatingSupply_ConsistencyAfterIssue (0.00s)
=== RUN   TestCirculatingSupply_ConsistencyAfterTransfer
--- PASS: TestCirculatingSupply_ConsistencyAfterTransfer (0.00s)
=== RUN   TestCirculatingSupply_DetectsDivergence
2026/06/03 16:15:50 consensus startup invariant: mode=hybrid http_seal=true dbft_consensus=true
2026-06-03T16:15:50.110+0100	INFO	p2pnode	GreenHouse.web3/p2p.go:448	Libp2p host created with ID: 12D3KooWKaiWUrvmAuVFNAhedU8HLPUcM3eS5c9RieyAjZsoCGfH
2026/06/03 16:15:50 P2P: using Noise XX security transport (mutual auth)
2026-06-03T16:15:50.110+0100	INFO	p2pnode	GreenHouse.web3/p2p.go:453	Listening on: /ip4/127.0.0.1/tcp/61846/p2p/12D3KooWKaiWUrvmAuVFNAhedU8HLPUcM3eS5c9RieyAjZsoCGfH
2026-06-03T16:15:50.110+0100	INFO	p2pnode	GreenHouse.web3/p2p.go:453	Listening on: /ip4/127.0.0.1/udp/49663/quic-v1/webtransport/certhash/uEiA--WmXIBcOVJfIOqGNu109uOzf1UZVQyQ6x9vpBIle7Q/certhash/uEiAUUJ_FLixY5k-1pbE1y78EtHLVy5OZ9D5QzzyhEI2F0g/p2p/12D3KooWKaiWUrvmAuVFNAhedU8HLPUcM3eS5c9RieyAjZsoCGfH
2026-06-03T16:15:50.110+0100	INFO	p2pnode	GreenHouse.web3/p2p.go:453	Listening on: /ip4/127.0.0.1/udp/55754/quic-v1/p2p/12D3KooWKaiWUrvmAuVFNAhedU8HLPUcM3eS5c9RieyAjZsoCGfH
2026-06-03T16:15:50.110+0100	INFO	p2pnode	GreenHouse.web3/p2p.go:453	Listening on: /ip4/127.0.0.1/udp/64408/webrtc-direct/certhash/uEiDdz08X2KBT9QsJN-Rw72mD7sOCUEuh01_9Pw70mnPOtA/p2p/12D3KooWKaiWUrvmAuVFNAhedU8HLPUcM3eS5c9RieyAjZsoCGfH
2026-06-03T16:15:50.110+0100	INFO	p2pnode	GreenHouse.web3/p2p.go:453	Listening on: /ip4/192.168.0.156/tcp/61846/p2p/12D3KooWKaiWUrvmAuVFNAhedU8HLPUcM3eS5c9RieyAjZsoCGfH
2026-06-03T16:15:50.110+0100	INFO	p2pnode	GreenHouse.web3/p2p.go:453	Listening on: /ip4/192.168.0.156/udp/49663/quic-v1/webtransport/certhash/uEiA--WmXIBcOVJfIOqGNu109uOzf1UZVQyQ6x9vpBIle7Q/certhash/uEiAUUJ_FLixY5k-1pbE1y78EtHLVy5OZ9D5QzzyhEI2F0g/p2p/12D3KooWKaiWUrvmAuVFNAhedU8HLPUcM3eS5c9RieyAjZsoCGfH
2026-06-03T16:15:50.110+0100	INFO	p2pnode	GreenHouse.web3/p2p.go:453	Listening on: /ip4/192.168.0.156/udp/55754/quic-v1/p2p/12D3KooWKaiWUrvmAuVFNAhedU8HLPUcM3eS5c9RieyAjZsoCGfH
2026-06-03T16:15:50.110+0100	INFO	p2pnode	GreenHouse.web3/p2p.go:453	Listening on: /ip4/192.168.0.156/udp/64408/webrtc-direct/certhash/uEiDdz08X2KBT9QsJN-Rw72mD7sOCUEuh01_9Pw70mnPOtA/p2p/12D3KooWKaiWUrvmAuVFNAhedU8HLPUcM3eS5c9RieyAjZsoCGfH
2026-06-03T16:15:50.110+0100	INFO	p2pnode	GreenHouse.web3/p2p.go:453	Listening on: /ip6/::1/tcp/61847/p2p/12D3KooWKaiWUrvmAuVFNAhedU8HLPUcM3eS5c9RieyAjZsoCGfH
2026-06-03T16:15:50.110+0100	INFO	p2pnode	GreenHouse.web3/p2p.go:453	Listening on: /ip6/::1/udp/53258/quic-v1/webtransport/certhash/uEiA--WmXIBcOVJfIOqGNu109uOzf1UZVQyQ6x9vpBIle7Q/certhash/uEiAUUJ_FLixY5k-1pbE1y78EtHLVy5OZ9D5QzzyhEI2F0g/p2p/12D3KooWKaiWUrvmAuVFNAhedU8HLPUcM3eS5c9RieyAjZsoCGfH
2026-06-03T16:15:50.110+0100	INFO	p2pnode	GreenHouse.web3/p2p.go:453	Listening on: /ip6/::1/udp/53308/quic-v1/p2p/12D3KooWKaiWUrvmAuVFNAhedU8HLPUcM3eS5c9RieyAjZsoCGfH
2026-06-03T16:15:50.110+0100	INFO	p2pnode	GreenHouse.web3/p2p.go:453	Listening on: /ip6/::1/udp/53470/webrtc-direct/certhash/uEiDdz08X2KBT9QsJN-Rw72mD7sOCUEuh01_9Pw70mnPOtA/p2p/12D3KooWKaiWUrvmAuVFNAhedU8HLPUcM3eS5c9RieyAjZsoCGfH
2026-06-03T16:15:50.110+0100	INFO	p2pnode	GreenHouse.web3/p2p.go:513	DHT discovery disabled (GONETWORK_DISABLE_P2P_DHT=1)
2026-06-03T16:15:50.110+0100	INFO	p2pnode	GreenHouse.web3/p2p.go:532	PubSub service initialized (D=4 Dlo=3 Dhi=5 heartbeat=500ms)
2026-06-03T16:15:50.110+0100	INFO	p2pnode	GreenHouse.web3/p2p.go:539	Joined topic: test
2026-06-03T16:15:50.110+0100	INFO	p2pnode	GreenHouse.web3/p2p.go:546	Joined consensus topic: test/consensus
2026-06-03T16:15:50.110+0100	INFO	p2pnode	GreenHouse.web3/p2p.go:563	Topic validator registered for test
2026-06-03T16:15:50.110+0100	INFO	p2pnode	GreenHouse.web3/p2p.go:573	Topic validator registered for test/consensus
2026-06-03T16:15:50.110+0100	INFO	p2pnode	GreenHouse.web3/p2p.go:580	Subscribed to topic
2026-06-03T16:15:50.110+0100	INFO	p2pnode	GreenHouse.web3/p2p.go:586	Subscribed to consensus topic
2026-06-03T16:15:50.110+0100	INFO	p2pnode	GreenHouse.web3/p2p.go:603	mDNS discovery disabled (GONETWORK_DISABLE_P2P_MDNS=1)
2026-06-03T16:15:50.110+0100	INFO	p2pnode	GreenHouse.web3/p2p.go:712	Stream handler set for direct messaging
--- PASS: TestCirculatingSupply_DetectsDivergence (0.00s)
=== RUN   TestValidate_TamperedAssetRejected
--- PASS: TestValidate_TamperedAssetRejected (0.00s)
=== RUN   TestValidate_IntactSignatureAllowed
--- PASS: TestValidate_IntactSignatureAllowed (0.00s)
=== RUN   TestValidate_AssetWithoutSignatureIsAllowed
--- PASS: TestValidate_AssetWithoutSignatureIsAllowed (0.00s)
=== RUN   TestLegalDoc_AmendmentChain
--- PASS: TestLegalDoc_AmendmentChain (0.00s)
=== RUN   TestLegalDoc_WrongPreviousHashRejected
--- PASS: TestLegalDoc_WrongPreviousHashRejected (0.00s)
=== RUN   TestLegalDoc_GenesisHashNoAmendments
--- PASS: TestLegalDoc_GenesisHashNoAmendments (0.00s)
=== RUN   TestIssue_ParticipationNoteCirculatingSupplyZeroAtCreation
--- PASS: TestIssue_ParticipationNoteCirculatingSupplyZeroAtCreation (0.00s)
=== RUN   TestIssue_ParticipationNoteBlockedWithoutCountersig
--- PASS: TestIssue_ParticipationNoteBlockedWithoutCountersig (0.00s)
=== RUN   TestIssue_ParticipationNoteReleasedAfterCountersig
--- PASS: TestIssue_ParticipationNoteReleasedAfterCountersig (0.00s)
=== RUN   TestWarrant_ExerciseReducesWarrantBalance
--- PASS: TestWarrant_ExerciseReducesWarrantBalance (0.00s)
=== RUN   TestWarrant_ExerciseIncreasesEquityBalance
--- PASS: TestWarrant_ExerciseIncreasesEquityBalance (0.00s)
=== RUN   TestWarrant_ExerciseInsufficientBalance
--- PASS: TestWarrant_ExerciseInsufficientBalance (0.00s)
=== RUN   TestWarrant_ExerciseCreatesCashInstruction
--- PASS: TestWarrant_ExerciseCreatesCashInstruction (0.00s)
=== RUN   TestConvertible_ConversionAtMaturity
--- PASS: TestConvertible_ConversionAtMaturity (0.00s)
=== RUN   TestConvertible_InsufficientBalance
--- PASS: TestConvertible_InsufficientBalance (0.00s)
=== RUN   TestAntiDilution_DownRoundAdjustsConversionRatio
--- PASS: TestAntiDilution_DownRoundAdjustsConversionRatio (0.00s)
=== RUN   TestAntiDilution_UpRoundNoAdjustment
--- PASS: TestAntiDilution_UpRoundNoAdjustment (0.00s)
=== RUN   TestCapitalCall_InstructionCreatedPerHolder
--- PASS: TestCapitalCall_InstructionCreatedPerHolder (0.00s)
=== RUN   TestCapitalCall_DefaultMarksHoldingLocked
--- PASS: TestCapitalCall_DefaultMarksHoldingLocked (0.00s)
=== RUN   TestExerciseRequestSignatureVerification
--- PASS: TestExerciseRequestSignatureVerification (0.00s)
=== RUN   TestNewAsset_Valid
--- PASS: TestNewAsset_Valid (0.00s)
=== RUN   TestNewAsset_InvalidSupply
--- PASS: TestNewAsset_InvalidSupply (0.00s)
=== RUN   TestNewAsset_NilKey
--- PASS: TestNewAsset_NilKey (0.00s)
=== RUN   TestNewAsset_EmptyCurrency
--- PASS: TestNewAsset_EmptyCurrency (0.00s)
=== RUN   TestAssetIssuerSignatureTampering
--- PASS: TestAssetIssuerSignatureTampering (0.00s)
=== RUN   TestAssetCalculateHash_Deterministic
--- PASS: TestAssetCalculateHash_Deterministic (0.00s)
=== RUN   TestHoldingKey
--- PASS: TestHoldingKey (0.00s)
=== RUN   TestNewAssetTransaction_Valid
--- PASS: TestNewAssetTransaction_Valid (0.00s)
=== RUN   TestNewAssetTransaction_NilSenderKey
--- PASS: TestNewAssetTransaction_NilSenderKey (0.00s)
=== RUN   TestNewAssetTransaction_NilReceiverKey
--- PASS: TestNewAssetTransaction_NilReceiverKey (0.00s)
=== RUN   TestNewAssetTransaction_ZeroQuantity
--- PASS: TestNewAssetTransaction_ZeroQuantity (0.00s)
=== RUN   TestAssetIssueTransaction
--- PASS: TestAssetIssueTransaction (0.00s)
=== RUN   TestAssetIssuerOnlyIssuance
--- PASS: TestAssetIssuerOnlyIssuance (0.00s)
=== RUN   TestAssetTransfer_Valid
--- PASS: TestAssetTransfer_Valid (0.00s)
=== RUN   TestAssetTransfer_InsufficientBalance
--- PASS: TestAssetTransfer_InsufficientBalance (0.00s)
=== RUN   TestAssetTransfer_NoHolding
--- PASS: TestAssetTransfer_NoHolding (0.00s)
=== RUN   TestAssetTransfer_InvalidSignature
--- PASS: TestAssetTransfer_InvalidSignature (0.00s)
=== RUN   TestAssetTransfer_LockupActive
--- PASS: TestAssetTransfer_LockupActive (0.00s)
=== RUN   TestAssetTransfer_LockupExpired
--- PASS: TestAssetTransfer_LockupExpired (0.00s)
=== RUN   TestAssetRedeem
--- PASS: TestAssetRedeem (0.00s)
=== RUN   TestAssetRedeem_FullBalance
--- PASS: TestAssetRedeem_FullBalance (0.00s)
=== RUN   TestAssetMaxHolders
--- PASS: TestAssetMaxHolders (0.00s)
=== RUN   TestAssetBlockedJurisdiction
--- PASS: TestAssetBlockedJurisdiction (0.00s)
=== RUN   TestAssetAccreditedOnly_Accredited
--- PASS: TestAssetAccreditedOnly_Accredited (0.00s)
=== RUN   TestAssetAccreditedOnly_RetailBlocked
--- PASS: TestAssetAccreditedOnly_RetailBlocked (0.00s)
=== RUN   TestAssetAccreditedOnly_NoCredential
--- PASS: TestAssetAccreditedOnly_NoCredential (0.00s)
=== RUN   TestAssetNoRestrictions_NoCredentialRequired
--- PASS: TestAssetNoRestrictions_NoCredentialRequired (0.00s)
=== RUN   TestApplyAssetTransaction_Idempotent
--- PASS: TestApplyAssetTransaction_Idempotent (0.00s)
=== RUN   TestValidate_UnknownAsset
--- PASS: TestValidate_UnknownAsset (0.00s)
=== RUN   TestAssetLockupAppliedOnIssue
--- PASS: TestAssetLockupAppliedOnIssue (0.00s)
=== RUN   TestBlockTimestamp_NonZeroAfterSeal
2026/06/03 16:15:50 consensus startup invariant: mode=hybrid http_seal=true dbft_consensus=true
2026-06-03T16:15:50.121+0100	INFO	p2pnode	GreenHouse.web3/p2p.go:448	Libp2p host created with ID: 12D3KooWRwfoYthhpJDLB7rjyX5K2XK1LQnNMUNUF6pXA53AHBXH
2026/06/03 16:15:50 P2P: using Noise XX security transport (mutual auth)
2026-06-03T16:15:50.121+0100	INFO	p2pnode	GreenHouse.web3/p2p.go:453	Listening on: /ip4/127.0.0.1/tcp/61848/p2p/12D3KooWRwfoYthhpJDLB7rjyX5K2XK1LQnNMUNUF6pXA53AHBXH
2026-06-03T16:15:50.121+0100	INFO	p2pnode	GreenHouse.web3/p2p.go:453	Listening on: /ip4/127.0.0.1/udp/55708/quic-v1/p2p/12D3KooWRwfoYthhpJDLB7rjyX5K2XK1LQnNMUNUF6pXA53AHBXH
2026-06-03T16:15:50.121+0100	INFO	p2pnode	GreenHouse.web3/p2p.go:453	Listening on: /ip4/127.0.0.1/udp/57174/webrtc-direct/certhash/uEiATnidH60OSv7ouvbd3GPwZ4aJPUtc0z3Q-gaWHo1IJyg/p2p/12D3KooWRwfoYthhpJDLB7rjyX5K2XK1LQnNMUNUF6pXA53AHBXH
2026-06-03T16:15:50.121+0100	INFO	p2pnode	GreenHouse.web3/p2p.go:453	Listening on: /ip4/127.0.0.1/udp/59211/quic-v1/webtransport/certhash/uEiBJzdEkZY4CCRXPtg3BK_HE2XsGpqDEgbraJKVQrdQNgw/certhash/uEiDNhGlUwnq5TyVBpp2Be3HXtv1E81ijwkhayPXnMvzG-A/p2p/12D3KooWRwfoYthhpJDLB7rjyX5K2XK1LQnNMUNUF6pXA53AHBXH
2026-06-03T16:15:50.121+0100	INFO	p2pnode	GreenHouse.web3/p2p.go:453	Listening on: /ip4/192.168.0.156/tcp/61848/p2p/12D3KooWRwfoYthhpJDLB7rjyX5K2XK1LQnNMUNUF6pXA53AHBXH
2026-06-03T16:15:50.121+0100	INFO	p2pnode	GreenHouse.web3/p2p.go:453	Listening on: /ip4/192.168.0.156/udp/55708/quic-v1/p2p/12D3KooWRwfoYthhpJDLB7rjyX5K2XK1LQnNMUNUF6pXA53AHBXH
2026-06-03T16:15:50.121+0100	INFO	p2pnode	GreenHouse.web3/p2p.go:453	Listening on: /ip4/192.168.0.156/udp/57174/webrtc-direct/certhash/uEiATnidH60OSv7ouvbd3GPwZ4aJPUtc0z3Q-gaWHo1IJyg/p2p/12D3KooWRwfoYthhpJDLB7rjyX5K2XK1LQnNMUNUF6pXA53AHBXH
2026-06-03T16:15:50.121+0100	INFO	p2pnode	GreenHouse.web3/p2p.go:453	Listening on: /ip4/192.168.0.156/udp/59211/quic-v1/webtransport/certhash/uEiBJzdEkZY4CCRXPtg3BK_HE2XsGpqDEgbraJKVQrdQNgw/certhash/uEiDNhGlUwnq5TyVBpp2Be3HXtv1E81ijwkhayPXnMvzG-A/p2p/12D3KooWRwfoYthhpJDLB7rjyX5K2XK1LQnNMUNUF6pXA53AHBXH
2026-06-03T16:15:50.121+0100	INFO	p2pnode	GreenHouse.web3/p2p.go:453	Listening on: /ip6/::1/tcp/61849/p2p/12D3KooWRwfoYthhpJDLB7rjyX5K2XK1LQnNMUNUF6pXA53AHBXH
2026-06-03T16:15:50.121+0100	INFO	p2pnode	GreenHouse.web3/p2p.go:453	Listening on: /ip6/::1/udp/50413/quic-v1/webtransport/certhash/uEiBJzdEkZY4CCRXPtg3BK_HE2XsGpqDEgbraJKVQrdQNgw/certhash/uEiDNhGlUwnq5TyVBpp2Be3HXtv1E81ijwkhayPXnMvzG-A/p2p/12D3KooWRwfoYthhpJDLB7rjyX5K2XK1LQnNMUNUF6pXA53AHBXH
2026-06-03T16:15:50.121+0100	INFO	p2pnode	GreenHouse.web3/p2p.go:453	Listening on: /ip6/::1/udp/62188/webrtc-direct/certhash/uEiATnidH60OSv7ouvbd3GPwZ4aJPUtc0z3Q-gaWHo1IJyg/p2p/12D3KooWRwfoYthhpJDLB7rjyX5K2XK1LQnNMUNUF6pXA53AHBXH
2026-06-03T16:15:50.121+0100	INFO	p2pnode	GreenHouse.web3/p2p.go:453	Listening on: /ip6/::1/udp/63634/quic-v1/p2p/12D3KooWRwfoYthhpJDLB7rjyX5K2XK1LQnNMUNUF6pXA53AHBXH
2026-06-03T16:15:50.121+0100	INFO	p2pnode	GreenHouse.web3/p2p.go:513	DHT discovery disabled (GONETWORK_DISABLE_P2P_DHT=1)
2026-06-03T16:15:50.121+0100	INFO	p2pnode	GreenHouse.web3/p2p.go:532	PubSub service initialized (D=4 Dlo=3 Dhi=5 heartbeat=500ms)
2026-06-03T16:15:50.122+0100	INFO	p2pnode	GreenHouse.web3/p2p.go:539	Joined topic: timestamp-test
2026-06-03T16:15:50.122+0100	INFO	p2pnode	GreenHouse.web3/p2p.go:546	Joined consensus topic: timestamp-test/consensus
2026-06-03T16:15:50.122+0100	INFO	p2pnode	GreenHouse.web3/p2p.go:563	Topic validator registered for timestamp-test
2026-06-03T16:15:50.122+0100	INFO	p2pnode	GreenHouse.web3/p2p.go:573	Topic validator registered for timestamp-test/consensus
2026-06-03T16:15:50.122+0100	INFO	p2pnode	GreenHouse.web3/p2p.go:580	Subscribed to topic
2026-06-03T16:15:50.122+0100	INFO	p2pnode	GreenHouse.web3/p2p.go:586	Subscribed to consensus topic
2026-06-03T16:15:50.122+0100	INFO	p2pnode	GreenHouse.web3/p2p.go:603	mDNS discovery disabled (GONETWORK_DISABLE_P2P_MDNS=1)
2026-06-03T16:15:50.122+0100	INFO	p2pnode	GreenHouse.web3/p2p.go:712	Stream handler set for direct messaging
--- PASS: TestBlockTimestamp_NonZeroAfterSeal (0.00s)
=== RUN   TestBlockTimestamp_IncludedInPayloadHash
--- PASS: TestBlockTimestamp_IncludedInPayloadHash (0.00s)
=== RUN   TestBlockTimestamp_JSONSerialisation
2026/06/03 16:15:50 consensus startup invariant: mode=hybrid http_seal=true dbft_consensus=true
2026-06-03T16:15:50.125+0100	INFO	p2pnode	GreenHouse.web3/p2p.go:448	Libp2p host created with ID: 12D3KooWFCuFU7S74XWo5rRQ9c3XVsmbk8RqCK7X6QjHbqfqwR6i
2026/06/03 16:15:50 P2P: using Noise XX security transport (mutual auth)
2026-06-03T16:15:50.125+0100	INFO	p2pnode	GreenHouse.web3/p2p.go:453	Listening on: /ip4/127.0.0.1/tcp/61850/p2p/12D3KooWFCuFU7S74XWo5rRQ9c3XVsmbk8RqCK7X6QjHbqfqwR6i
2026-06-03T16:15:50.125+0100	INFO	p2pnode	GreenHouse.web3/p2p.go:453	Listening on: /ip4/127.0.0.1/udp/52707/quic-v1/webtransport/certhash/uEiCUyCSJtfQVi7j2mb8CWj4aCsIldfpYN4qAfejQKrcA0w/certhash/uEiAM7DtTnb0ek8aKVngPs7y4IZex7E8UnQU4Wc8TL5i4zg/p2p/12D3KooWFCuFU7S74XWo5rRQ9c3XVsmbk8RqCK7X6QjHbqfqwR6i
2026-06-03T16:15:50.125+0100	INFO	p2pnode	GreenHouse.web3/p2p.go:453	Listening on: /ip4/127.0.0.1/udp/53380/webrtc-direct/certhash/uEiCWHx6uP91Z7mIbl02988eVq05NQELgAsoyqiuvp3C-Vg/p2p/12D3KooWFCuFU7S74XWo5rRQ9c3XVsmbk8RqCK7X6QjHbqfqwR6i
2026-06-03T16:15:50.125+0100	INFO	p2pnode	GreenHouse.web3/p2p.go:453	Listening on: /ip4/127.0.0.1/udp/60010/quic-v1/p2p/12D3KooWFCuFU7S74XWo5rRQ9c3XVsmbk8RqCK7X6QjHbqfqwR6i
2026-06-03T16:15:50.125+0100	INFO	p2pnode	GreenHouse.web3/p2p.go:453	Listening on: /ip4/192.168.0.156/tcp/61850/p2p/12D3KooWFCuFU7S74XWo5rRQ9c3XVsmbk8RqCK7X6QjHbqfqwR6i
2026-06-03T16:15:50.125+0100	INFO	p2pnode	GreenHouse.web3/p2p.go:453	Listening on: /ip4/192.168.0.156/udp/52707/quic-v1/webtransport/certhash/uEiCUyCSJtfQVi7j2mb8CWj4aCsIldfpYN4qAfejQKrcA0w/certhash/uEiAM7DtTnb0ek8aKVngPs7y4IZex7E8UnQU4Wc8TL5i4zg/p2p/12D3KooWFCuFU7S74XWo5rRQ9c3XVsmbk8RqCK7X6QjHbqfqwR6i
2026-06-03T16:15:50.125+0100	INFO	p2pnode	GreenHouse.web3/p2p.go:453	Listening on: /ip4/192.168.0.156/udp/53380/webrtc-direct/certhash/uEiCWHx6uP91Z7mIbl02988eVq05NQELgAsoyqiuvp3C-Vg/p2p/12D3KooWFCuFU7S74XWo5rRQ9c3XVsmbk8RqCK7X6QjHbqfqwR6i
2026-06-03T16:15:50.125+0100	INFO	p2pnode	GreenHouse.web3/p2p.go:453	Listening on: /ip4/192.168.0.156/udp/60010/quic-v1/p2p/12D3KooWFCuFU7S74XWo5rRQ9c3XVsmbk8RqCK7X6QjHbqfqwR6i
2026-06-03T16:15:50.125+0100	INFO	p2pnode	GreenHouse.web3/p2p.go:453	Listening on: /ip6/::1/tcp/61851/p2p/12D3KooWFCuFU7S74XWo5rRQ9c3XVsmbk8RqCK7X6QjHbqfqwR6i
2026-06-03T16:15:50.125+0100	INFO	p2pnode	GreenHouse.web3/p2p.go:453	Listening on: /ip6/::1/udp/50898/webrtc-direct/certhash/uEiCWHx6uP91Z7mIbl02988eVq05NQELgAsoyqiuvp3C-Vg/p2p/12D3KooWFCuFU7S74XWo5rRQ9c3XVsmbk8RqCK7X6QjHbqfqwR6i
2026-06-03T16:15:50.125+0100	INFO	p2pnode	GreenHouse.web3/p2p.go:453	Listening on: /ip6/::1/udp/59366/quic-v1/webtransport/certhash/uEiCUyCSJtfQVi7j2mb8CWj4aCsIldfpYN4qAfejQKrcA0w/certhash/uEiAM7DtTnb0ek8aKVngPs7y4IZex7E8UnQU4Wc8TL5i4zg/p2p/12D3KooWFCuFU7S74XWo5rRQ9c3XVsmbk8RqCK7X6QjHbqfqwR6i
2026-06-03T16:15:50.125+0100	INFO	p2pnode	GreenHouse.web3/p2p.go:453	Listening on: /ip6/::1/udp/64166/quic-v1/p2p/12D3KooWFCuFU7S74XWo5rRQ9c3XVsmbk8RqCK7X6QjHbqfqwR6i
2026-06-03T16:15:50.125+0100	INFO	p2pnode	GreenHouse.web3/p2p.go:513	DHT discovery disabled (GONETWORK_DISABLE_P2P_DHT=1)
2026-06-03T16:15:50.125+0100	INFO	p2pnode	GreenHouse.web3/p2p.go:532	PubSub service initialized (D=4 Dlo=3 Dhi=5 heartbeat=500ms)
2026-06-03T16:15:50.125+0100	INFO	p2pnode	GreenHouse.web3/p2p.go:539	Joined topic: timestamp-test
2026-06-03T16:15:50.125+0100	INFO	p2pnode	GreenHouse.web3/p2p.go:546	Joined consensus topic: timestamp-test/consensus
2026-06-03T16:15:50.125+0100	INFO	p2pnode	GreenHouse.web3/p2p.go:563	Topic validator registered for timestamp-test
2026-06-03T16:15:50.125+0100	INFO	p2pnode	GreenHouse.web3/p2p.go:573	Topic validator registered for timestamp-test/consensus
2026-06-03T16:15:50.125+0100	INFO	p2pnode	GreenHouse.web3/p2p.go:580	Subscribed to topic
2026-06-03T16:15:50.125+0100	INFO	p2pnode	GreenHouse.web3/p2p.go:586	Subscribed to consensus topic
2026-06-03T16:15:50.125+0100	INFO	p2pnode	GreenHouse.web3/p2p.go:603	mDNS discovery disabled (GONETWORK_DISABLE_P2P_MDNS=1)
2026-06-03T16:15:50.125+0100	INFO	p2pnode	GreenHouse.web3/p2p.go:712	Stream handler set for direct messaging
--- PASS: TestBlockTimestamp_JSONSerialisation (0.00s)
=== RUN   TestBlockTimestamp_GenesisHasSealedAtZero
2026/06/03 16:15:50 consensus startup invariant: mode=hybrid http_seal=true dbft_consensus=true
2026-06-03T16:15:50.127+0100	INFO	p2pnode	GreenHouse.web3/p2p.go:448	Libp2p host created with ID: 12D3KooWGx7efwkejt63pK3Yzzv8NfZAFr9X83Ence9zB6Y4ceaC
2026/06/03 16:15:50 P2P: using Noise XX security transport (mutual auth)
2026-06-03T16:15:50.127+0100	INFO	p2pnode	GreenHouse.web3/p2p.go:453	Listening on: /ip4/127.0.0.1/tcp/61852/p2p/12D3KooWGx7efwkejt63pK3Yzzv8NfZAFr9X83Ence9zB6Y4ceaC
2026-06-03T16:15:50.127+0100	INFO	p2pnode	GreenHouse.web3/p2p.go:453	Listening on: /ip4/127.0.0.1/udp/50380/quic-v1/webtransport/certhash/uEiAHZfRw6bCk3GA6Ypt9LH9gyZ43rSDdZv-sDdhmsx4ylA/certhash/uEiDQV8TjBm1SncTPy1PA5JEIAsSQF8PKIyns2IKPCbNb-A/p2p/12D3KooWGx7efwkejt63pK3Yzzv8NfZAFr9X83Ence9zB6Y4ceaC
2026-06-03T16:15:50.127+0100	INFO	p2pnode	GreenHouse.web3/p2p.go:453	Listening on: /ip4/127.0.0.1/udp/52405/quic-v1/p2p/12D3KooWGx7efwkejt63pK3Yzzv8NfZAFr9X83Ence9zB6Y4ceaC
2026-06-03T16:15:50.127+0100	INFO	p2pnode	GreenHouse.web3/p2p.go:453	Listening on: /ip4/127.0.0.1/udp/55098/webrtc-direct/certhash/uEiCZeS_pIc2dhdYPL-HtZFG1orSDa8ho6rtv6G1m_gEiNg/p2p/12D3KooWGx7efwkejt63pK3Yzzv8NfZAFr9X83Ence9zB6Y4ceaC
2026-06-03T16:15:50.127+0100	INFO	p2pnode	GreenHouse.web3/p2p.go:453	Listening on: /ip4/192.168.0.156/tcp/61852/p2p/12D3KooWGx7efwkejt63pK3Yzzv8NfZAFr9X83Ence9zB6Y4ceaC
2026-06-03T16:15:50.127+0100	INFO	p2pnode	GreenHouse.web3/p2p.go:453	Listening on: /ip4/192.168.0.156/udp/50380/quic-v1/webtransport/certhash/uEiAHZfRw6bCk3GA6Ypt9LH9gyZ43rSDdZv-sDdhmsx4ylA/certhash/uEiDQV8TjBm1SncTPy1PA5JEIAsSQF8PKIyns2IKPCbNb-A/p2p/12D3KooWGx7efwkejt63pK3Yzzv8NfZAFr9X83Ence9zB6Y4ceaC
2026-06-03T16:15:50.127+0100	INFO	p2pnode	GreenHouse.web3/p2p.go:453	Listening on: /ip4/192.168.0.156/udp/52405/quic-v1/p2p/12D3KooWGx7efwkejt63pK3Yzzv8NfZAFr9X83Ence9zB6Y4ceaC
2026-06-03T16:15:50.127+0100	INFO	p2pnode	GreenHouse.web3/p2p.go:453	Listening on: /ip4/192.168.0.156/udp/55098/webrtc-direct/certhash/uEiCZeS_pIc2dhdYPL-HtZFG1orSDa8ho6rtv6G1m_gEiNg/p2p/12D3KooWGx7efwkejt63pK3Yzzv8NfZAFr9X83Ence9zB6Y4ceaC
2026-06-03T16:15:50.127+0100	INFO	p2pnode	GreenHouse.web3/p2p.go:453	Listening on: /ip6/::1/tcp/61853/p2p/12D3KooWGx7efwkejt63pK3Yzzv8NfZAFr9X83Ence9zB6Y4ceaC
2026-06-03T16:15:50.127+0100	INFO	p2pnode	GreenHouse.web3/p2p.go:453	Listening on: /ip6/::1/udp/57106/quic-v1/webtransport/certhash/uEiAHZfRw6bCk3GA6Ypt9LH9gyZ43rSDdZv-sDdhmsx4ylA/certhash/uEiDQV8TjBm1SncTPy1PA5JEIAsSQF8PKIyns2IKPCbNb-A/p2p/12D3KooWGx7efwkejt63pK3Yzzv8NfZAFr9X83Ence9zB6Y4ceaC
2026-06-03T16:15:50.127+0100	INFO	p2pnode	GreenHouse.web3/p2p.go:453	Listening on: /ip6/::1/udp/58550/quic-v1/p2p/12D3KooWGx7efwkejt63pK3Yzzv8NfZAFr9X83Ence9zB6Y4ceaC
2026-06-03T16:15:50.127+0100	INFO	p2pnode	GreenHouse.web3/p2p.go:453	Listening on: /ip6/::1/udp/64164/webrtc-direct/certhash/uEiCZeS_pIc2dhdYPL-HtZFG1orSDa8ho6rtv6G1m_gEiNg/p2p/12D3KooWGx7efwkejt63pK3Yzzv8NfZAFr9X83Ence9zB6Y4ceaC
2026-06-03T16:15:50.127+0100	INFO	p2pnode	GreenHouse.web3/p2p.go:513	DHT discovery disabled (GONETWORK_DISABLE_P2P_DHT=1)
2026-06-03T16:15:50.127+0100	INFO	p2pnode	GreenHouse.web3/p2p.go:532	PubSub service initialized (D=4 Dlo=3 Dhi=5 heartbeat=500ms)
2026-06-03T16:15:50.127+0100	INFO	p2pnode	GreenHouse.web3/p2p.go:539	Joined topic: timestamp-test
2026-06-03T16:15:50.127+0100	INFO	p2pnode	GreenHouse.web3/p2p.go:546	Joined consensus topic: timestamp-test/consensus
2026-06-03T16:15:50.127+0100	INFO	p2pnode	GreenHouse.web3/p2p.go:563	Topic validator registered for timestamp-test
2026-06-03T16:15:50.127+0100	INFO	p2pnode	GreenHouse.web3/p2p.go:573	Topic validator registered for timestamp-test/consensus
2026-06-03T16:15:50.127+0100	INFO	p2pnode	GreenHouse.web3/p2p.go:580	Subscribed to topic
2026-06-03T16:15:50.127+0100	INFO	p2pnode	GreenHouse.web3/p2p.go:586	Subscribed to consensus topic
2026-06-03T16:15:50.127+0100	INFO	p2pnode	GreenHouse.web3/p2p.go:603	mDNS discovery disabled (GONETWORK_DISABLE_P2P_MDNS=1)
2026-06-03T16:15:50.127+0100	INFO	p2pnode	GreenHouse.web3/p2p.go:712	Stream handler set for direct messaging
--- PASS: TestBlockTimestamp_GenesisHasSealedAtZero (0.00s)
=== RUN   TestBlockTimestamp_TamperedSealedAtFailsValidation
2026/06/03 16:15:50 consensus startup invariant: mode=hybrid http_seal=true dbft_consensus=true
2026-06-03T16:15:50.130+0100	INFO	p2pnode	GreenHouse.web3/p2p.go:448	Libp2p host created with ID: 12D3KooWH8BT9JS6buSMwr2V7QgzzCvTwNBw5q7QMde4PvAtVxRs
2026/06/03 16:15:50 P2P: using Noise XX security transport (mutual auth)
2026-06-03T16:15:50.130+0100	INFO	p2pnode	GreenHouse.web3/p2p.go:453	Listening on: /ip4/127.0.0.1/tcp/61854/p2p/12D3KooWH8BT9JS6buSMwr2V7QgzzCvTwNBw5q7QMde4PvAtVxRs
2026-06-03T16:15:50.130+0100	INFO	p2pnode	GreenHouse.web3/p2p.go:453	Listening on: /ip4/127.0.0.1/udp/51871/quic-v1/p2p/12D3KooWH8BT9JS6buSMwr2V7QgzzCvTwNBw5q7QMde4PvAtVxRs
2026-06-03T16:15:50.130+0100	INFO	p2pnode	GreenHouse.web3/p2p.go:453	Listening on: /ip4/127.0.0.1/udp/59472/webrtc-direct/certhash/uEiAhIz8RaEIXndMYsN6CSX6CULrUxxEn8T2o_2X7AUlzeA/p2p/12D3KooWH8BT9JS6buSMwr2V7QgzzCvTwNBw5q7QMde4PvAtVxRs
2026-06-03T16:15:50.130+0100	INFO	p2pnode	GreenHouse.web3/p2p.go:453	Listening on: /ip4/127.0.0.1/udp/60811/quic-v1/webtransport/certhash/uEiAz_xfdnGD5suxGFR7yDTCc3yrPwjkaKlILyioVqYpPUw/certhash/uEiAFsIZxOZ5VPy9x9AOuQTT4tKxCa2EoahM3I3ZpakEmiQ/p2p/12D3KooWH8BT9JS6buSMwr2V7QgzzCvTwNBw5q7QMde4PvAtVxRs
2026-06-03T16:15:50.130+0100	INFO	p2pnode	GreenHouse.web3/p2p.go:453	Listening on: /ip4/192.168.0.156/tcp/61854/p2p/12D3KooWH8BT9JS6buSMwr2V7QgzzCvTwNBw5q7QMde4PvAtVxRs
2026-06-03T16:15:50.130+0100	INFO	p2pnode	GreenHouse.web3/p2p.go:453	Listening on: /ip4/192.168.0.156/udp/51871/quic-v1/p2p/12D3KooWH8BT9JS6buSMwr2V7QgzzCvTwNBw5q7QMde4PvAtVxRs
2026-06-03T16:15:50.130+0100	INFO	p2pnode	GreenHouse.web3/p2p.go:453	Listening on: /ip4/192.168.0.156/udp/59472/webrtc-direct/certhash/uEiAhIz8RaEIXndMYsN6CSX6CULrUxxEn8T2o_2X7AUlzeA/p2p/12D3KooWH8BT9JS6buSMwr2V7QgzzCvTwNBw5q7QMde4PvAtVxRs
2026-06-03T16:15:50.130+0100	INFO	p2pnode	GreenHouse.web3/p2p.go:453	Listening on: /ip4/192.168.0.156/udp/60811/quic-v1/webtransport/certhash/uEiAz_xfdnGD5suxGFR7yDTCc3yrPwjkaKlILyioVqYpPUw/certhash/uEiAFsIZxOZ5VPy9x9AOuQTT4tKxCa2EoahM3I3ZpakEmiQ/p2p/12D3KooWH8BT9JS6buSMwr2V7QgzzCvTwNBw5q7QMde4PvAtVxRs
2026-06-03T16:15:50.130+0100	INFO	p2pnode	GreenHouse.web3/p2p.go:453	Listening on: /ip6/::1/tcp/61855/p2p/12D3KooWH8BT9JS6buSMwr2V7QgzzCvTwNBw5q7QMde4PvAtVxRs
2026-06-03T16:15:50.130+0100	INFO	p2pnode	GreenHouse.web3/p2p.go:453	Listening on: /ip6/::1/udp/51613/quic-v1/p2p/12D3KooWH8BT9JS6buSMwr2V7QgzzCvTwNBw5q7QMde4PvAtVxRs
2026-06-03T16:15:50.130+0100	INFO	p2pnode	GreenHouse.web3/p2p.go:453	Listening on: /ip6/::1/udp/58504/quic-v1/webtransport/certhash/uEiAz_xfdnGD5suxGFR7yDTCc3yrPwjkaKlILyioVqYpPUw/certhash/uEiAFsIZxOZ5VPy9x9AOuQTT4tKxCa2EoahM3I3ZpakEmiQ/p2p/12D3KooWH8BT9JS6buSMwr2V7QgzzCvTwNBw5q7QMde4PvAtVxRs
2026-06-03T16:15:50.130+0100	INFO	p2pnode	GreenHouse.web3/p2p.go:453	Listening on: /ip6/::1/udp/62147/webrtc-direct/certhash/uEiAhIz8RaEIXndMYsN6CSX6CULrUxxEn8T2o_2X7AUlzeA/p2p/12D3KooWH8BT9JS6buSMwr2V7QgzzCvTwNBw5q7QMde4PvAtVxRs
2026-06-03T16:15:50.130+0100	INFO	p2pnode	GreenHouse.web3/p2p.go:513	DHT discovery disabled (GONETWORK_DISABLE_P2P_DHT=1)
2026-06-03T16:15:50.130+0100	INFO	p2pnode	GreenHouse.web3/p2p.go:532	PubSub service initialized (D=4 Dlo=3 Dhi=5 heartbeat=500ms)
2026-06-03T16:15:50.130+0100	INFO	p2pnode	GreenHouse.web3/p2p.go:539	Joined topic: timestamp-test
2026-06-03T16:15:50.130+0100	INFO	p2pnode	GreenHouse.web3/p2p.go:546	Joined consensus topic: timestamp-test/consensus
2026-06-03T16:15:50.130+0100	INFO	p2pnode	GreenHouse.web3/p2p.go:563	Topic validator registered for timestamp-test
2026-06-03T16:15:50.130+0100	INFO	p2pnode	GreenHouse.web3/p2p.go:573	Topic validator registered for timestamp-test/consensus
2026-06-03T16:15:50.130+0100	INFO	p2pnode	GreenHouse.web3/p2p.go:580	Subscribed to topic
2026-06-03T16:15:50.130+0100	INFO	p2pnode	GreenHouse.web3/p2p.go:586	Subscribed to consensus topic
2026-06-03T16:15:50.130+0100	INFO	p2pnode	GreenHouse.web3/p2p.go:603	mDNS discovery disabled (GONETWORK_DISABLE_P2P_MDNS=1)
2026-06-03T16:15:50.130+0100	INFO	p2pnode	GreenHouse.web3/p2p.go:712	Stream handler set for direct messaging
Invalid block: PayloadHash does not match block content (got c67f50ad8fae3e7eef6d3069df5eab43048d9c4f4084d915bdaf4e767477a4f6, recomputed fc6d6021411aaa47de7d79fe958b5bc090ebc6ae237811ed131aaec507aaa371)
--- PASS: TestBlockTimestamp_TamperedSealedAtFailsValidation (0.00s)
=== RUN   TestBlockTimestamp_UntamperedBlockPassesValidation
2026/06/03 16:15:50 consensus startup invariant: mode=hybrid http_seal=true dbft_consensus=true
2026-06-03T16:15:50.132+0100	INFO	p2pnode	GreenHouse.web3/p2p.go:448	Libp2p host created with ID: 12D3KooWHZwP64CkxZ67N73p6mQryyDFToe3CEpoEn96XZ5RkEfE
2026/06/03 16:15:50 P2P: using Noise XX security transport (mutual auth)
2026-06-03T16:15:50.132+0100	INFO	p2pnode	GreenHouse.web3/p2p.go:453	Listening on: /ip4/127.0.0.1/tcp/61856/p2p/12D3KooWHZwP64CkxZ67N73p6mQryyDFToe3CEpoEn96XZ5RkEfE
2026-06-03T16:15:50.132+0100	INFO	p2pnode	GreenHouse.web3/p2p.go:453	Listening on: /ip4/127.0.0.1/udp/54409/webrtc-direct/certhash/uEiDKVeItV8k-2KIdLt_ctIYXOIq1kcKuQrADBUW_nzT86A/p2p/12D3KooWHZwP64CkxZ67N73p6mQryyDFToe3CEpoEn96XZ5RkEfE
2026-06-03T16:15:50.132+0100	INFO	p2pnode	GreenHouse.web3/p2p.go:453	Listening on: /ip4/127.0.0.1/udp/62880/quic-v1/webtransport/certhash/uEiCuCjFsxf7T451GBW-nF1jHd453yuk3y0asOj1FSe4zCw/certhash/uEiA9ArKvjiluPr9dR_ULzXzzTmUbgWzpfvvISONwKiVonQ/p2p/12D3KooWHZwP64CkxZ67N73p6mQryyDFToe3CEpoEn96XZ5RkEfE
2026-06-03T16:15:50.132+0100	INFO	p2pnode	GreenHouse.web3/p2p.go:453	Listening on: /ip4/127.0.0.1/udp/62925/quic-v1/p2p/12D3KooWHZwP64CkxZ67N73p6mQryyDFToe3CEpoEn96XZ5RkEfE
2026-06-03T16:15:50.132+0100	INFO	p2pnode	GreenHouse.web3/p2p.go:453	Listening on: /ip4/192.168.0.156/tcp/61856/p2p/12D3KooWHZwP64CkxZ67N73p6mQryyDFToe3CEpoEn96XZ5RkEfE
2026-06-03T16:15:50.132+0100	INFO	p2pnode	GreenHouse.web3/p2p.go:453	Listening on: /ip4/192.168.0.156/udp/54409/webrtc-direct/certhash/uEiDKVeItV8k-2KIdLt_ctIYXOIq1kcKuQrADBUW_nzT86A/p2p/12D3KooWHZwP64CkxZ67N73p6mQryyDFToe3CEpoEn96XZ5RkEfE
2026-06-03T16:15:50.132+0100	INFO	p2pnode	GreenHouse.web3/p2p.go:453	Listening on: /ip4/192.168.0.156/udp/62880/quic-v1/webtransport/certhash/uEiCuCjFsxf7T451GBW-nF1jHd453yuk3y0asOj1FSe4zCw/certhash/uEiA9ArKvjiluPr9dR_ULzXzzTmUbgWzpfvvISONwKiVonQ/p2p/12D3KooWHZwP64CkxZ67N73p6mQryyDFToe3CEpoEn96XZ5RkEfE
2026-06-03T16:15:50.132+0100	INFO	p2pnode	GreenHouse.web3/p2p.go:453	Listening on: /ip4/192.168.0.156/udp/62925/quic-v1/p2p/12D3KooWHZwP64CkxZ67N73p6mQryyDFToe3CEpoEn96XZ5RkEfE
2026-06-03T16:15:50.132+0100	INFO	p2pnode	GreenHouse.web3/p2p.go:453	Listening on: /ip6/::1/tcp/61857/p2p/12D3KooWHZwP64CkxZ67N73p6mQryyDFToe3CEpoEn96XZ5RkEfE
2026-06-03T16:15:50.132+0100	INFO	p2pnode	GreenHouse.web3/p2p.go:453	Listening on: /ip6/::1/udp/53448/quic-v1/p2p/12D3KooWHZwP64CkxZ67N73p6mQryyDFToe3CEpoEn96XZ5RkEfE
2026-06-03T16:15:50.132+0100	INFO	p2pnode	GreenHouse.web3/p2p.go:453	Listening on: /ip6/::1/udp/58668/webrtc-direct/certhash/uEiDKVeItV8k-2KIdLt_ctIYXOIq1kcKuQrADBUW_nzT86A/p2p/12D3KooWHZwP64CkxZ67N73p6mQryyDFToe3CEpoEn96XZ5RkEfE
2026-06-03T16:15:50.132+0100	INFO	p2pnode	GreenHouse.web3/p2p.go:453	Listening on: /ip6/::1/udp/63899/quic-v1/webtransport/certhash/uEiCuCjFsxf7T451GBW-nF1jHd453yuk3y0asOj1FSe4zCw/certhash/uEiA9ArKvjiluPr9dR_ULzXzzTmUbgWzpfvvISONwKiVonQ/p2p/12D3KooWHZwP64CkxZ67N73p6mQryyDFToe3CEpoEn96XZ5RkEfE
2026-06-03T16:15:50.132+0100	INFO	p2pnode	GreenHouse.web3/p2p.go:513	DHT discovery disabled (GONETWORK_DISABLE_P2P_DHT=1)
2026-06-03T16:15:50.132+0100	INFO	p2pnode	GreenHouse.web3/p2p.go:532	PubSub service initialized (D=4 Dlo=3 Dhi=5 heartbeat=500ms)
2026-06-03T16:15:50.132+0100	INFO	p2pnode	GreenHouse.web3/p2p.go:539	Joined topic: timestamp-test
2026-06-03T16:15:50.132+0100	INFO	p2pnode	GreenHouse.web3/p2p.go:546	Joined consensus topic: timestamp-test/consensus
2026-06-03T16:15:50.132+0100	INFO	p2pnode	GreenHouse.web3/p2p.go:563	Topic validator registered for timestamp-test
2026-06-03T16:15:50.132+0100	INFO	p2pnode	GreenHouse.web3/p2p.go:573	Topic validator registered for timestamp-test/consensus
2026-06-03T16:15:50.132+0100	INFO	p2pnode	GreenHouse.web3/p2p.go:580	Subscribed to topic
2026-06-03T16:15:50.132+0100	INFO	p2pnode	GreenHouse.web3/p2p.go:586	Subscribed to consensus topic
2026-06-03T16:15:50.132+0100	INFO	p2pnode	GreenHouse.web3/p2p.go:603	mDNS discovery disabled (GONETWORK_DISABLE_P2P_MDNS=1)
2026-06-03T16:15:50.132+0100	INFO	p2pnode	GreenHouse.web3/p2p.go:712	Stream handler set for direct messaging
Block validated successfully
--- PASS: TestBlockTimestamp_UntamperedBlockPassesValidation (0.00s)
=== RUN   TestSealBlock_AppendsBlock
2026/06/03 16:15:50 consensus startup invariant: mode=hybrid http_seal=true dbft_consensus=true
--- PASS: TestSealBlock_AppendsBlock (0.00s)
=== RUN   TestSealBlock_WithOperatorKey_AddsSignature
2026/06/03 16:15:50 consensus startup invariant: mode=hybrid http_seal=true dbft_consensus=true
--- PASS: TestSealBlock_WithOperatorKey_AddsSignature (0.00s)
=== RUN   TestSealBlock_WithBlockStore_PersistsBlock
2026/06/03 16:15:50 consensus startup invariant: mode=hybrid http_seal=true dbft_consensus=true
--- PASS: TestSealBlock_WithBlockStore_PersistsBlock (0.03s)
=== RUN   TestSealBlock_WithCredentialTransaction_RecordsCredential
2026/06/03 16:15:50 consensus startup invariant: mode=hybrid http_seal=true dbft_consensus=true
--- PASS: TestSealBlock_WithCredentialTransaction_RecordsCredential (0.00s)
=== RUN   TestProviderForMethod_RegisteredProvider
2026/06/03 16:15:50 consensus startup invariant: mode=hybrid http_seal=true dbft_consensus=true
--- PASS: TestProviderForMethod_RegisteredProvider (0.00s)
=== RUN   TestProviderForMethod_FallbackToDefault
2026/06/03 16:15:50 consensus startup invariant: mode=hybrid http_seal=true dbft_consensus=true
--- PASS: TestProviderForMethod_FallbackToDefault (0.00s)
=== RUN   TestBuildTravelRule_NoRegistry_UsesWalletKeys
2026/06/03 16:15:50 consensus startup invariant: mode=hybrid http_seal=true dbft_consensus=true
--- PASS: TestBuildTravelRule_NoRegistry_UsesWalletKeys (0.00s)
=== RUN   TestBuildTravelRule_WithRegistry_PopulatesNames
2026/06/03 16:15:50 consensus startup invariant: mode=hybrid http_seal=true dbft_consensus=true
--- PASS: TestBuildTravelRule_WithRegistry_PopulatesNames (0.00s)
=== RUN   TestConfirmAndSettle_UnknownReference_NoError
2026/06/03 16:15:50 consensus startup invariant: mode=hybrid http_seal=true dbft_consensus=true
--- PASS: TestConfirmAndSettle_UnknownReference_NoError (0.00s)
=== RUN   TestConfirmAndSettle_KnownReference_RecordsConfirmation
2026/06/03 16:15:50 consensus startup invariant: mode=hybrid http_seal=true dbft_consensus=true
--- PASS: TestConfirmAndSettle_KnownReference_RecordsConfirmation (0.00s)
=== RUN   TestConfirmAndSettle_Idempotent
2026/06/03 16:15:50 consensus startup invariant: mode=hybrid http_seal=true dbft_consensus=true
--- PASS: TestConfirmAndSettle_Idempotent (0.00s)
=== RUN   TestExpireStaleInstructions_RemovesExpired
2026/06/03 16:15:50 consensus startup invariant: mode=hybrid http_seal=true dbft_consensus=true
--- PASS: TestExpireStaleInstructions_RemovesExpired (0.00s)
=== RUN   TestExpireStaleInstructions_KeepsActiveInstructions
2026/06/03 16:15:50 consensus startup invariant: mode=hybrid http_seal=true dbft_consensus=true
--- PASS: TestExpireStaleInstructions_KeepsActiveInstructions (0.00s)
=== RUN   TestExpireStaleInstructions_SkipsAlreadyConfirmed
2026/06/03 16:15:50 consensus startup invariant: mode=hybrid http_seal=true dbft_consensus=true
--- PASS: TestExpireStaleInstructions_SkipsAlreadyConfirmed (0.00s)
=== RUN   TestExpireStaleInstructions_EventPayloadIncludesSettlementMetadata
2026/06/03 16:15:50 consensus startup invariant: mode=hybrid http_seal=true dbft_consensus=true
--- PASS: TestExpireStaleInstructions_EventPayloadIncludesSettlementMetadata (0.00s)
=== RUN   TestConfirmedPayments_RetentionPrune_UsesDurableLedger
2026/06/03 16:15:50 consensus startup invariant: mode=hybrid http_seal=true dbft_consensus=true
--- PASS: TestConfirmedPayments_RetentionPrune_UsesDurableLedger (0.04s)
=== RUN   TestAddTransaction_ReplayAttack_Rejected
2026/06/03 16:15:50 consensus startup invariant: mode=hybrid http_seal=true dbft_consensus=true
Initialized 1 shards
Attempting to add transaction: {Sender:CgIt9lG1MhOI2RbOSBFD84vnw1bxcUHFGIuxrHcoap4= Receiver:receiver-key Amount:10 Signatures:[[79 155 75 207 157 44 47 106 253 242 156 64 29 234 58 164 184 172 88 230 92 133 70 229 182 126 118 16 147 159 41 161 46 157 236 19 43 161 28 238 99 65 217 108 210 202 29 221 10 86 156 213 196 182 215 214 213 134 186 63 179 61 118 11]] RequiredSigs:1 Nonce:1780499750207640000}
Transaction assigned to shard 0: {Sender:CgIt9lG1MhOI2RbOSBFD84vnw1bxcUHFGIuxrHcoap4= Receiver:receiver-key Amount:10 Signatures:[[79 155 75 207 157 44 47 106 253 242 156 64 29 234 58 164 184 172 88 230 92 133 70 229 182 126 118 16 147 159 41 161 46 157 236 19 43 161 28 238 99 65 217 108 210 202 29 221 10 86 156 213 196 182 215 214 213 134 186 63 179 61 118 11]] RequiredSigs:1 Nonce:1780499750207640000}
Attempting to add transaction: {Sender:CgIt9lG1MhOI2RbOSBFD84vnw1bxcUHFGIuxrHcoap4= Receiver:receiver-key Amount:10 Signatures:[[79 155 75 207 157 44 47 106 253 242 156 64 29 234 58 164 184 172 88 230 92 133 70 229 182 126 118 16 147 159 41 161 46 157 236 19 43 161 28 238 99 65 217 108 210 202 29 221 10 86 156 213 196 182 215 214 213 134 186 63 179 61 118 11]] RequiredSigs:1 Nonce:1780499750207640000}
Invalid transaction: duplicate nonce detected
--- PASS: TestAddTransaction_ReplayAttack_Rejected (0.00s)
=== RUN   TestAddTransaction_SequenceCounterEnforced
2026/06/03 16:15:50 consensus startup invariant: mode=hybrid http_seal=true dbft_consensus=true
Initialized 1 shards
Attempting to add transaction: {Sender:RfpkflhJL39ITNff7ALAPbqUcwsxAngScmoD84zRAbQ= Receiver:recv Amount:1 Signatures:[[128 20 124 99 59 49 137 175 74 6 217 96 243 19 193 239 221 212 88 51 238 195 98 126 71 56 44 123 30 147 254 0 239 100 14 86 131 25 18 235 180 144 189 197 242 91 194 140 108 172 28 165 33 228 85 136 114 206 91 21 67 148 146 12]] RequiredSigs:1 Nonce:100}
Transaction assigned to shard 0: {Sender:RfpkflhJL39ITNff7ALAPbqUcwsxAngScmoD84zRAbQ= Receiver:recv Amount:1 Signatures:[[128 20 124 99 59 49 137 175 74 6 217 96 243 19 193 239 221 212 88 51 238 195 98 126 71 56 44 123 30 147 254 0 239 100 14 86 131 25 18 235 180 144 189 197 242 91 194 140 108 172 28 165 33 228 85 136 114 206 91 21 67 148 146 12]] RequiredSigs:1 Nonce:100}
Attempting to add transaction: {Sender:RfpkflhJL39ITNff7ALAPbqUcwsxAngScmoD84zRAbQ= Receiver:recv Amount:1 Signatures:[[46 182 30 58 103 122 254 22 148 84 24 144 21 188 99 232 236 3 120 101 223 238 211 96 168 70 128 64 205 230 46 246 74 107 112 63 72 235 145 207 232 61 131 134 221 170 60 147 1 109 15 122 196 114 210 82 23 249 252 128 219 63 206 3]] RequiredSigs:1 Nonce:50}
Invalid transaction: nonce 50 is not greater than last sequence 100 for sender RfpkflhJL39ITNff7ALAPbqUcwsxAngScmoD84zRAbQ=
Attempting to add transaction: {Sender:RfpkflhJL39ITNff7ALAPbqUcwsxAngScmoD84zRAbQ= Receiver:recv Amount:1 Signatures:[[19 211 185 28 215 132 138 26 31 73 179 110 227 238 176 172 79 92 146 79 28 38 65 79 199 177 165 37 134 26 188 136 203 202 76 205 96 69 235 123 76 236 236 78 40 82 134 107 199 250 210 235 183 35 80 141 81 106 23 223 248 221 200 12]] RequiredSigs:1 Nonce:101}
Transaction assigned to shard 0: {Sender:RfpkflhJL39ITNff7ALAPbqUcwsxAngScmoD84zRAbQ= Receiver:recv Amount:1 Signatures:[[19 211 185 28 215 132 138 26 31 73 179 110 227 238 176 172 79 92 146 79 28 38 65 79 199 177 165 37 134 26 188 136 203 202 76 205 96 69 235 123 76 236 236 78 40 82 134 107 199 250 210 235 183 35 80 141 81 106 23 223 248 221 200 12]] RequiredSigs:1 Nonce:101}
--- PASS: TestAddTransaction_SequenceCounterEnforced (0.00s)
=== RUN   TestAddTransaction_InvalidAmount_Rejected
2026/06/03 16:15:50 consensus startup invariant: mode=hybrid http_seal=true dbft_consensus=true
Initialized 1 shards
Attempting to add transaction: {Sender:QAHIx3lS3QzRwe8EubIvyeItYTGGkZJLLY+nrqOhsqs= Receiver:recv Amount:-1 Signatures:[[253 167 99 61 113 85 22 194 209 175 131 17 244 115 8 140 2 193 102 200 11 63 166 89 246 223 15 93 224 110 129 225 0 117 183 188 204 193 34 171 71 101 13 195 246 65 245 198 90 45 145 126 91 243 211 177 134 88 227 219 23 1 208 15]] RequiredSigs:1 Nonce:1780499750208542000}
Invalid transaction: amount must be greater than zero
--- PASS: TestAddTransaction_InvalidAmount_Rejected (0.00s)
=== RUN   TestHandleFork_LongerPeerChain_LocalChainUnchanged
2026/06/03 16:15:50 consensus startup invariant: mode=hybrid http_seal=true dbft_consensus=true
2026/06/03 16:15:50 consensus startup invariant: mode=hybrid http_seal=true dbft_consensus=true
2026/06/03 16:15:50 [dBFT] HandleFork: peer n2 has a longer chain (3 > 1) — dBFT provides single-path finality; no fork resolution will be attempted. If this node is behind, use SyncBlockchain instead.
--- PASS: TestHandleFork_LongerPeerChain_LocalChainUnchanged (0.00s)
=== RUN   TestHandleFork_ShorterPeerChain_LocalChainUnchanged
2026/06/03 16:15:50 consensus startup invariant: mode=hybrid http_seal=true dbft_consensus=true
2026/06/03 16:15:50 consensus startup invariant: mode=hybrid http_seal=true dbft_consensus=true
--- PASS: TestHandleFork_ShorterPeerChain_LocalChainUnchanged (0.00s)
=== RUN   TestGetLastBlockHash_EmptyChain
--- PASS: TestGetLastBlockHash_EmptyChain (0.00s)
=== RUN   TestGetLastBlockHash_NonEmptyChain
2026/06/03 16:15:50 consensus startup invariant: mode=hybrid http_seal=true dbft_consensus=true
--- PASS: TestGetLastBlockHash_NonEmptyChain (0.00s)
=== RUN   TestRegisterDelegateVote_PopulatesMap
2026/06/03 16:15:50 consensus startup invariant: mode=hybrid http_seal=true dbft_consensus=true
--- PASS: TestRegisterDelegateVote_PopulatesMap (0.00s)
=== RUN   TestRegisterDelegateVote_SelfDelegation
2026/06/03 16:15:50 consensus startup invariant: mode=hybrid http_seal=true dbft_consensus=true
--- PASS: TestRegisterDelegateVote_SelfDelegation (0.00s)
=== RUN   TestRegisterDelegateVote_EmptyInputsIgnored
2026/06/03 16:15:50 consensus startup invariant: mode=hybrid http_seal=true dbft_consensus=true
--- PASS: TestRegisterDelegateVote_EmptyInputsIgnored (0.00s)
=== RUN   TestBlockchain_ConcurrentAddBlock_NoRace
2026/06/03 16:15:50 consensus startup invariant: mode=hybrid http_seal=true dbft_consensus=true
--- PASS: TestBlockchain_ConcurrentAddBlock_NoRace (0.00s)
=== RUN   TestRegisterDelegateVote_ConcurrentWrites_NoRace
2026/06/03 16:15:50 consensus startup invariant: mode=hybrid http_seal=true dbft_consensus=true
--- PASS: TestRegisterDelegateVote_ConcurrentWrites_NoRace (0.00s)
=== RUN   TestGetLockedWallets_ReturnsNonNilMap
--- PASS: TestGetLockedWallets_ReturnsNonNilMap (0.00s)
=== RUN   TestBlock_SetPayloadHash_Deterministic
--- PASS: TestBlock_SetPayloadHash_Deterministic (0.00s)
=== RUN   TestBlock_CalculateHash_ChangesAfterMutation
--- PASS: TestBlock_CalculateHash_ChangesAfterMutation (0.00s)
=== RUN   TestAddBlock
2026/06/03 16:15:50 consensus startup invariant: mode=hybrid http_seal=true dbft_consensus=true
    blockchain_test.go:34: Block added successfully
--- PASS: TestAddBlock (0.00s)
=== RUN   TestSignTransaction
--- PASS: TestSignTransaction (0.00s)
=== RUN   TestInvalidTransactionPublicKey
2026/06/03 16:15:50 consensus startup invariant: mode=hybrid http_seal=true dbft_consensus=true
Attempting to add transaction: {Sender:invalid_base64_key Receiver:receiverPublicKey Amount:10 Signatures:[] RequiredSigs:0 Nonce:0}
Invalid transaction: error decoding sender's public key (invalid public key length: expected 32 bytes, got 13 bytes)
    blockchain_test.go:82: Invalid transaction was correctly rejected
--- PASS: TestInvalidTransactionPublicKey (0.00s)
=== RUN   TestBlockValidationWithSignatures
2026/06/03 16:15:50 consensus startup invariant: mode=hybrid http_seal=true dbft_consensus=true
Validating transaction from gIb64D0+0mAcIIIB+GpT4Od8PKz7Hh6outdQ0XojIEQ= to receiver
Block validated successfully
    blockchain_test.go:117: Block validated successfully
--- PASS: TestBlockValidationWithSignatures (0.00s)
=== RUN   TestSortTransactionPool
2026/06/03 16:15:50 consensus startup invariant: mode=hybrid http_seal=true dbft_consensus=true
    blockchain_test.go:135: Transaction pool sorted correctly
--- PASS: TestSortTransactionPool (0.00s)
=== RUN   TestValidateBlock
2026/06/03 16:15:50 consensus startup invariant: mode=hybrid http_seal=true dbft_consensus=true
Validating transaction from jLVLTbWaH5po9o3fej2YBfhRklBSwAqVJFBxYZC5kHc= to receiver2
Block validated successfully
Invalid block: contains no transactions of any kind
--- PASS: TestValidateBlock (0.00s)
=== RUN   TestMultiSignatureTransaction
--- PASS: TestMultiSignatureTransaction (0.00s)
=== RUN   TestAchieveConsensusBasic
2026/06/03 16:15:50 consensus startup invariant: mode=hybrid http_seal=true dbft_consensus=true
Consensus achieved with 3 yes votes out of 3
    blockchain_test.go:253: Consensus achieved successfully
--- PASS: TestAchieveConsensusBasic (0.00s)
=== RUN   TestSharding
2026/06/03 16:15:50 consensus startup invariant: mode=hybrid http_seal=true dbft_consensus=true
Initialized 3 shards
Assigned transaction {Sender:A Receiver:B Amount:10 Signatures:[] RequiredSigs:0 Nonce:0} to shard 1
Assigned transaction {Sender:C Receiver:D Amount:20 Signatures:[] RequiredSigs:0 Nonce:0} to shard 1
Assigned transaction {Sender:E Receiver:F Amount:30 Signatures:[] RequiredSigs:0 Nonce:0} to shard 2
Shard 0 transactions: []
Shard 1 transactions: [{Sender:A Receiver:B Amount:10 Signatures:[] RequiredSigs:0 Nonce:0} {Sender:C Receiver:D Amount:20 Signatures:[] RequiredSigs:0 Nonce:0}]
Shard 2 transactions: [{Sender:E Receiver:F Amount:30 Signatures:[] RequiredSigs:0 Nonce:0}]
--- PASS: TestSharding (0.00s)
=== RUN   TestParallelTransactionValidation
2026/06/03 16:15:50 consensus startup invariant: mode=hybrid http_seal=true dbft_consensus=true
0/100 transactions are valid
--- PASS: TestParallelTransactionValidation (0.00s)
=== RUN   TestNodeRecovery
2026/06/03 16:15:50 consensus startup invariant: mode=hybrid http_seal=true dbft_consensus=true
2026/06/03 16:15:50 consensus startup invariant: mode=hybrid http_seal=true dbft_consensus=true
Node node2 syncing blockchain from peer node1
Node node2 successfully synced blockchain
--- PASS: TestNodeRecovery (0.00s)
=== RUN   TestHandleFork_DoesNotReplaceChain
2026/06/03 16:15:50 consensus startup invariant: mode=hybrid http_seal=true dbft_consensus=true
2026/06/03 16:15:50 consensus startup invariant: mode=hybrid http_seal=true dbft_consensus=true
2026/06/03 16:15:50 [dBFT] HandleFork: peer n2 has a longer chain (3 > 1) — dBFT provides single-path finality; no fork resolution will be attempted. If this node is behind, use SyncBlockchain instead.
--- PASS: TestHandleFork_DoesNotReplaceChain (0.00s)
=== RUN   TestRecordSettlement_AccumulatesValue
--- PASS: TestRecordSettlement_AccumulatesValue (0.00s)
=== RUN   TestRecordSettlement_Idempotent
--- PASS: TestRecordSettlement_Idempotent (0.00s)
=== RUN   TestRecordSettlement_NilMap_InitialisesMap
--- PASS: TestRecordSettlement_NilMap_InitialisesMap (0.00s)
=== RUN   TestCheckProspectusValueThreshold_BelowLimit_OK
--- PASS: TestCheckProspectusValueThreshold_BelowLimit_OK (0.00s)
=== RUN   TestCheckProspectusValueThreshold_AtLimit_OK
--- PASS: TestCheckProspectusValueThreshold_AtLimit_OK (0.00s)
=== RUN   TestCheckProspectusValueThreshold_OverLimit_Error
--- PASS: TestCheckProspectusValueThreshold_OverLimit_Error (0.00s)
=== RUN   TestCheckProspectusValueThreshold_NilExemption_NoError
--- PASS: TestCheckProspectusValueThreshold_NilExemption_NoError (0.00s)
=== RUN   TestCheckProspectusValueThreshold_QIBOnly_NoError
--- PASS: TestCheckProspectusValueThreshold_QIBOnly_NoError (0.00s)
=== RUN   TestCheckProspectusLimits_NilExemption_NoError
--- PASS: TestCheckProspectusLimits_NilExemption_NoError (0.00s)
=== RUN   TestCheckProspectusLimits_NilCredential_Error
--- PASS: TestCheckProspectusLimits_NilCredential_Error (0.00s)
=== RUN   TestCheckProspectusLimits_ProfessionalInvestor_OK
--- PASS: TestCheckProspectusLimits_ProfessionalInvestor_OK (0.00s)
=== RUN   TestCheckProspectusLimits_RetailBelowCap_OK
--- PASS: TestCheckProspectusLimits_RetailBelowCap_OK (0.00s)
=== RUN   TestCheckProspectusLimits_RetailAtCap_Error
--- PASS: TestCheckProspectusLimits_RetailAtCap_Error (0.00s)
=== RUN   TestUpdateRetailCounts_BuildsCorrectMap
--- PASS: TestUpdateRetailCounts_BuildsCorrectMap (0.00s)
=== RUN   TestUpdateRetailCounts_ZeroBalanceExcluded
--- PASS: TestUpdateRetailCounts_ZeroBalanceExcluded (0.00s)
=== RUN   TestUpdateRetailCounts_UnknownCredential_Excluded
--- PASS: TestUpdateRetailCounts_UnknownCredential_Excluded (0.00s)
=== RUN   TestInsiderList_Add_Active
--- PASS: TestInsiderList_Add_Active (0.00s)
=== RUN   TestInsiderList_Remove_ExistingRecord
--- PASS: TestInsiderList_Remove_ExistingRecord (0.00s)
=== RUN   TestInsiderList_Remove_UnknownID_ReturnsFalse
--- PASS: TestInsiderList_Remove_UnknownID_ReturnsFalse (0.00s)
=== RUN   TestInsiderList_Remove_AlreadyRemoved_ReturnsFalse
--- PASS: TestInsiderList_Remove_AlreadyRemoved_ReturnsFalse (0.00s)
=== RUN   TestInsiderList_Active_ExcludesRemoved
--- PASS: TestInsiderList_Active_ExcludesRemoved (0.00s)
=== RUN   TestInsiderList_MultipleActiveThenRemoveAll
--- PASS: TestInsiderList_MultipleActiveThenRemoveAll (0.00s)
=== RUN   TestNewSTORDraft_FieldsSetCorrectly
--- PASS: TestNewSTORDraft_FieldsSetCorrectly (0.00s)
=== RUN   TestNewSTORDraft_UniqueIDs
--- PASS: TestNewSTORDraft_UniqueIDs (0.00s)
=== RUN   TestGenerateID_PrefixAndLength
--- PASS: TestGenerateID_PrefixAndLength (0.00s)
=== RUN   TestGenerateID_Uniqueness
--- PASS: TestGenerateID_Uniqueness (0.00s)
=== RUN   TestNewProspectusExemption_InitialState
--- PASS: TestNewProspectusExemption_InitialState (0.00s)
=== RUN   TestCheckSuitability_NonComplexAsset_OK
--- PASS: TestCheckSuitability_NonComplexAsset_OK (0.00s)
=== RUN   TestCheckSuitability_ComplexAsset_NoAssessment_Error
--- PASS: TestCheckSuitability_ComplexAsset_NoAssessment_Error (0.00s)
=== RUN   TestCheckSuitability_ComplexAsset_NegativeAssessment_Error
--- PASS: TestCheckSuitability_ComplexAsset_NegativeAssessment_Error (0.00s)
=== RUN   TestCheckSuitability_ComplexAsset_PositiveAssessment_OK
--- PASS: TestCheckSuitability_ComplexAsset_PositiveAssessment_OK (0.00s)
=== RUN   TestApplyJurisdictionRule_NilRule_NoError
--- PASS: TestApplyJurisdictionRule_NilRule_NoError (0.00s)
=== RUN   TestApplyJurisdictionRule_BlockedAssetType_Error
--- PASS: TestApplyJurisdictionRule_BlockedAssetType_Error (0.00s)
=== RUN   TestApplyJurisdictionRule_BelowMinTicket_Error
--- PASS: TestApplyJurisdictionRule_BelowMinTicket_Error (0.00s)
=== RUN   TestApplyJurisdictionRule_AboveMaxTicket_Error
--- PASS: TestApplyJurisdictionRule_AboveMaxTicket_Error (0.00s)
=== RUN   TestApplyJurisdictionRule_ValidTicketSize_NoError
--- PASS: TestApplyJurisdictionRule_ValidTicketSize_NoError (0.00s)
=== RUN   TestProspectusLimit_UnderCap
--- PASS: TestProspectusLimit_UnderCap (0.00s)
=== RUN   TestProspectusLimit_AtCap
--- PASS: TestProspectusLimit_AtCap (0.00s)
=== RUN   TestProspectusLimit_ProfessionalExcluded
--- PASS: TestProspectusLimit_ProfessionalExcluded (0.00s)
=== RUN   TestProspectusLimit_PerJurisdiction
--- PASS: TestProspectusLimit_PerJurisdiction (0.00s)
=== RUN   TestSuitability_Pass
--- PASS: TestSuitability_Pass (0.00s)
=== RUN   TestSuitability_Fail
--- PASS: TestSuitability_Fail (0.00s)
=== RUN   TestSuitability_Missing
--- PASS: TestSuitability_Missing (0.00s)
=== RUN   TestSuitability_NotRequired
--- PASS: TestSuitability_NotRequired (0.00s)
=== RUN   TestJurisdictionRule_MinTicket
--- PASS: TestJurisdictionRule_MinTicket (0.00s)
=== RUN   TestJurisdictionRule_BlockedAssetType
--- PASS: TestJurisdictionRule_BlockedAssetType (0.00s)
=== RUN   TestJurisdictionRule_Allowed
--- PASS: TestJurisdictionRule_Allowed (0.00s)
=== RUN   TestUpdateRetailCounts_Accurate
--- PASS: TestUpdateRetailCounts_Accurate (0.00s)
=== RUN   TestUpdateRetailCounts_ZeroBalance
--- PASS: TestUpdateRetailCounts_ZeroBalance (0.00s)
=== RUN   TestConfirmAndSettle_ConcurrentSameReference
2026/06/03 16:15:50 consensus startup invariant: mode=hybrid http_seal=true dbft_consensus=true
--- PASS: TestConfirmAndSettle_ConcurrentSameReference (0.00s)
=== RUN   TestConfirmAndSettle_ConcurrentManyGoroutines
2026/06/03 16:15:50 consensus startup invariant: mode=hybrid http_seal=true dbft_consensus=true
--- PASS: TestConfirmAndSettle_ConcurrentManyGoroutines (0.00s)
=== RUN   TestConfirmAndSettle_ConcurrentDifferentReferences
2026/06/03 16:15:50 consensus startup invariant: mode=hybrid http_seal=true dbft_consensus=true
--- PASS: TestConfirmAndSettle_ConcurrentDifferentReferences (0.00s)
=== RUN   TestConfirmAndSettle_DVP_AppliedExactlyOnce_Concurrent
2026/06/03 16:15:50 consensus startup invariant: mode=hybrid http_seal=true dbft_consensus=true
--- PASS: TestConfirmAndSettle_DVP_AppliedExactlyOnce_Concurrent (0.00s)
=== RUN   TestNewCorporateAction_EmptyAssetID_Error
--- PASS: TestNewCorporateAction_EmptyAssetID_Error (0.00s)
=== RUN   TestNewCorporateAction_ZeroDeadlineDays_Error
--- PASS: TestNewCorporateAction_ZeroDeadlineDays_Error (0.00s)
=== RUN   TestNewCorporateAction_InvalidThreshold_Error
--- PASS: TestNewCorporateAction_InvalidThreshold_Error (0.00s)
=== RUN   TestNewCorporateAction_DragAlong_Type
--- PASS: TestNewCorporateAction_DragAlong_Type (0.00s)
=== RUN   TestCorporateAction_IsLapsed_Future
--- PASS: TestCorporateAction_IsLapsed_Future (0.00s)
=== RUN   TestCorporateAction_IsLapsed_Past
--- PASS: TestCorporateAction_IsLapsed_Past (0.00s)
=== RUN   TestRecordResponse_Valid_Exercised
--- PASS: TestRecordResponse_Valid_Exercised (0.00s)
=== RUN   TestRecordResponse_Valid_Waived
--- PASS: TestRecordResponse_Valid_Waived (0.00s)
=== RUN   TestRecordResponse_WrongKey_Error
--- PASS: TestRecordResponse_WrongKey_Error (0.00s)
=== RUN   TestRecordResponse_Lapsed_Error
--- PASS: TestRecordResponse_Lapsed_Error (0.00s)
=== RUN   TestRecordResponse_NonPendingStatus_Error
--- PASS: TestRecordResponse_NonPendingStatus_Error (0.00s)
=== RUN   TestRecordResponse_TamperedSignature_Error
--- PASS: TestRecordResponse_TamperedSignature_Error (0.00s)
=== RUN   TestTallyROFR_AllExercised
--- PASS: TestTallyROFR_AllExercised (0.00s)
=== RUN   TestTallyROFR_HalfExercised
--- PASS: TestTallyROFR_HalfExercised (0.00s)
=== RUN   TestTallyROFR_EmptyHoldings_ReturnsZero
--- PASS: TestTallyROFR_EmptyHoldings_ReturnsZero (0.00s)
=== RUN   TestTallyROFR_OtherAsset_Excluded
--- PASS: TestTallyROFR_OtherAsset_Excluded (0.00s)
=== RUN   TestCheckROFR_NoRestriction_NotTriggered
--- PASS: TestCheckROFR_NoRestriction_NotTriggered (0.00s)
=== RUN   TestCheckROFR_WithRestriction_Triggered
--- PASS: TestCheckROFR_WithRestriction_Triggered (0.00s)
=== RUN   TestCheckROFR_DefaultROFRDays_30
--- PASS: TestCheckROFR_DefaultROFRDays_30 (0.00s)
=== RUN   TestExecuteDragAlong_GeneratesMinorityTxs
--- PASS: TestExecuteDragAlong_GeneratesMinorityTxs (0.00s)
=== RUN   TestExecuteDragAlong_WrongType_Error
--- PASS: TestExecuteDragAlong_WrongType_Error (0.00s)
=== RUN   TestExecuteDragAlong_ZeroBalance_Excluded
--- PASS: TestExecuteDragAlong_ZeroBalance_Excluded (0.00s)
=== RUN   TestNewCorporateActionResponse_SignatureIsValid
--- PASS: TestNewCorporateActionResponse_SignatureIsValid (0.00s)
=== RUN   TestNewCorporateActionResponse_Waived
--- PASS: TestNewCorporateActionResponse_Waived (0.00s)
=== RUN   TestNewCorporateAction_Valid
--- PASS: TestNewCorporateAction_Valid (0.00s)
=== RUN   TestRecordResponse_Exercise
--- PASS: TestRecordResponse_Exercise (0.00s)
=== RUN   TestRecordResponse_Waive
--- PASS: TestRecordResponse_Waive (0.00s)
=== RUN   TestRecordResponse_Expired
--- PASS: TestRecordResponse_Expired (0.00s)
=== RUN   TestTallyROFR_AllWaive
--- PASS: TestTallyROFR_AllWaive (0.00s)
=== RUN   TestTallyROFR_Partial
--- PASS: TestTallyROFR_Partial (0.00s)
=== RUN   TestCheckROFR_Triggered
--- PASS: TestCheckROFR_Triggered (0.00s)
=== RUN   TestCheckROFR_NotApplicable
--- PASS: TestCheckROFR_NotApplicable (0.00s)
=== RUN   TestExecuteDragAlong_ProducesTransactions
--- PASS: TestExecuteDragAlong_ProducesTransactions (0.00s)
=== RUN   TestCorporateAction_Lapsed
--- PASS: TestCorporateAction_Lapsed (0.00s)
=== RUN   TestTagAlong_MinorityJoins
--- PASS: TestTagAlong_MinorityJoins (0.00s)
=== RUN   TestVoteForDelegates
Locked 50.000000 currency from wallet eb08cba6ee29b25bb48c0759e675158923983e6d4f45fcfce9665af63082ace2. New wallet balance: 50.000000. Locked wallet balance: 50.000000
Locked 100.000000 currency from wallet 6dbca27eaf9da0dad8d7cbe4334337b11b3ec2e7da820e25ebcdc09e70210761. New wallet balance: 100.000000. Locked wallet balance: 100.000000
2026-06-03T16:15:50.222+0100	INFO	p2pnode	GreenHouse.web3/p2p.go:448	Libp2p host created with ID: 12D3KooWJSwcqdvArECoXtWc2YxNmDJntFtFALoLEtGtUVhNxUpa
2026/06/03 16:15:50 P2P: using Noise XX security transport (mutual auth)
2026-06-03T16:15:50.222+0100	INFO	p2pnode	GreenHouse.web3/p2p.go:453	Listening on: /ip4/127.0.0.1/tcp/61858/p2p/12D3KooWJSwcqdvArECoXtWc2YxNmDJntFtFALoLEtGtUVhNxUpa
2026-06-03T16:15:50.222+0100	INFO	p2pnode	GreenHouse.web3/p2p.go:453	Listening on: /ip4/127.0.0.1/udp/54866/webrtc-direct/certhash/uEiDjmQDWhj5CcnLMDjjufUetEhS_uQrYPZDPCGdyxajDwg/p2p/12D3KooWJSwcqdvArECoXtWc2YxNmDJntFtFALoLEtGtUVhNxUpa
2026-06-03T16:15:50.222+0100	INFO	p2pnode	GreenHouse.web3/p2p.go:453	Listening on: /ip4/127.0.0.1/udp/58881/quic-v1/webtransport/certhash/uEiDF19mnYMlxWt9NuPAvKWIZkX05R_M6b-XYcs0wut2dsw/certhash/uEiDtlVXeo-VQDVE1rT4rwrwIuMcaD8LKMOPeyOYlxhm12g/p2p/12D3KooWJSwcqdvArECoXtWc2YxNmDJntFtFALoLEtGtUVhNxUpa
2026-06-03T16:15:50.222+0100	INFO	p2pnode	GreenHouse.web3/p2p.go:453	Listening on: /ip4/127.0.0.1/udp/62904/quic-v1/p2p/12D3KooWJSwcqdvArECoXtWc2YxNmDJntFtFALoLEtGtUVhNxUpa
2026-06-03T16:15:50.222+0100	INFO	p2pnode	GreenHouse.web3/p2p.go:453	Listening on: /ip4/192.168.0.156/tcp/61858/p2p/12D3KooWJSwcqdvArECoXtWc2YxNmDJntFtFALoLEtGtUVhNxUpa
2026-06-03T16:15:50.222+0100	INFO	p2pnode	GreenHouse.web3/p2p.go:453	Listening on: /ip4/192.168.0.156/udp/54866/webrtc-direct/certhash/uEiDjmQDWhj5CcnLMDjjufUetEhS_uQrYPZDPCGdyxajDwg/p2p/12D3KooWJSwcqdvArECoXtWc2YxNmDJntFtFALoLEtGtUVhNxUpa
2026-06-03T16:15:50.222+0100	INFO	p2pnode	GreenHouse.web3/p2p.go:453	Listening on: /ip4/192.168.0.156/udp/58881/quic-v1/webtransport/certhash/uEiDF19mnYMlxWt9NuPAvKWIZkX05R_M6b-XYcs0wut2dsw/certhash/uEiDtlVXeo-VQDVE1rT4rwrwIuMcaD8LKMOPeyOYlxhm12g/p2p/12D3KooWJSwcqdvArECoXtWc2YxNmDJntFtFALoLEtGtUVhNxUpa
2026-06-03T16:15:50.222+0100	INFO	p2pnode	GreenHouse.web3/p2p.go:453	Listening on: /ip4/192.168.0.156/udp/62904/quic-v1/p2p/12D3KooWJSwcqdvArECoXtWc2YxNmDJntFtFALoLEtGtUVhNxUpa
2026-06-03T16:15:50.222+0100	INFO	p2pnode	GreenHouse.web3/p2p.go:453	Listening on: /ip6/::1/tcp/61859/p2p/12D3KooWJSwcqdvArECoXtWc2YxNmDJntFtFALoLEtGtUVhNxUpa
2026-06-03T16:15:50.222+0100	INFO	p2pnode	GreenHouse.web3/p2p.go:453	Listening on: /ip6/::1/udp/52918/quic-v1/webtransport/certhash/uEiDF19mnYMlxWt9NuPAvKWIZkX05R_M6b-XYcs0wut2dsw/certhash/uEiDtlVXeo-VQDVE1rT4rwrwIuMcaD8LKMOPeyOYlxhm12g/p2p/12D3KooWJSwcqdvArECoXtWc2YxNmDJntFtFALoLEtGtUVhNxUpa
2026-06-03T16:15:50.222+0100	INFO	p2pnode	GreenHouse.web3/p2p.go:453	Listening on: /ip6/::1/udp/55900/webrtc-direct/certhash/uEiDjmQDWhj5CcnLMDjjufUetEhS_uQrYPZDPCGdyxajDwg/p2p/12D3KooWJSwcqdvArECoXtWc2YxNmDJntFtFALoLEtGtUVhNxUpa
2026-06-03T16:15:50.222+0100	INFO	p2pnode	GreenHouse.web3/p2p.go:453	Listening on: /ip6/::1/udp/63637/quic-v1/p2p/12D3KooWJSwcqdvArECoXtWc2YxNmDJntFtFALoLEtGtUVhNxUpa
2026-06-03T16:15:50.222+0100	INFO	p2pnode	GreenHouse.web3/p2p.go:513	DHT discovery disabled (GONETWORK_DISABLE_P2P_DHT=1)
2026-06-03T16:15:50.222+0100	INFO	p2pnode	GreenHouse.web3/p2p.go:532	PubSub service initialized (D=4 Dlo=3 Dhi=5 heartbeat=500ms)
2026-06-03T16:15:50.222+0100	INFO	p2pnode	GreenHouse.web3/p2p.go:539	Joined topic: test-topic
2026-06-03T16:15:50.222+0100	INFO	p2pnode	GreenHouse.web3/p2p.go:546	Joined consensus topic: test-topic/consensus
2026-06-03T16:15:50.222+0100	INFO	p2pnode	GreenHouse.web3/p2p.go:563	Topic validator registered for test-topic
2026-06-03T16:15:50.222+0100	INFO	p2pnode	GreenHouse.web3/p2p.go:573	Topic validator registered for test-topic/consensus
2026-06-03T16:15:50.222+0100	INFO	p2pnode	GreenHouse.web3/p2p.go:580	Subscribed to topic
2026-06-03T16:15:50.222+0100	INFO	p2pnode	GreenHouse.web3/p2p.go:586	Subscribed to consensus topic
2026-06-03T16:15:50.223+0100	INFO	p2pnode	GreenHouse.web3/p2p.go:603	mDNS discovery disabled (GONETWORK_DISABLE_P2P_MDNS=1)
2026-06-03T16:15:50.223+0100	INFO	p2pnode	GreenHouse.web3/p2p.go:712	Stream handler set for direct messaging
Delegate node1 received 50 votes
Delegate node2 received 100 votes
Speaker for view 0 is node1
Invalid block: contains no transactions of any kind
Proposed block is invalid. Consensus cannot proceed.
2026/06/03 16:15:50 Shutting down P2PNode...
2026/06/03 16:15:50 Closing PubSub subscription...
2026/06/03 16:15:50 Closing consensus PubSub subscription...
2026/06/03 16:15:50 Closing PubSub topic...
2026/06/03 16:15:50 Closing consensus PubSub topic...
2026/06/03 16:15:50 Closing libp2p host...
2026/06/03 16:15:50 P2PNode shutdown complete.
--- PASS: TestVoteForDelegates (0.00s)
=== RUN   TestAchieveConsensus
Consensus achieved with 3 yes votes out of 3
--- PASS: TestAchieveConsensus (0.00s)
=== RUN   TestCreateBlock
2026/06/03 16:15:50 consensus startup invariant: mode=hybrid http_seal=true dbft_consensus=true
2026-06-03T16:15:50.226+0100	INFO	p2pnode	GreenHouse.web3/p2p.go:448	Libp2p host created with ID: 12D3KooWJxQyQLg7FSAtEuuj82G4HySDWvEtJ9dG4kSVG9f4of9n
2026/06/03 16:15:50 P2P: using Noise XX security transport (mutual auth)
2026-06-03T16:15:50.226+0100	INFO	p2pnode	GreenHouse.web3/p2p.go:453	Listening on: /ip4/127.0.0.1/tcp/61860/p2p/12D3KooWJxQyQLg7FSAtEuuj82G4HySDWvEtJ9dG4kSVG9f4of9n
2026-06-03T16:15:50.226+0100	INFO	p2pnode	GreenHouse.web3/p2p.go:453	Listening on: /ip4/127.0.0.1/udp/49786/webrtc-direct/certhash/uEiBqi4xBkYFHLIrM_AUHESQpdQBqc-TfihVm-tbH25FdcQ/p2p/12D3KooWJxQyQLg7FSAtEuuj82G4HySDWvEtJ9dG4kSVG9f4of9n
2026-06-03T16:15:50.226+0100	INFO	p2pnode	GreenHouse.web3/p2p.go:453	Listening on: /ip4/127.0.0.1/udp/50720/quic-v1/webtransport/certhash/uEiAx7vnDsrl8G7vl3ncLIl6bEZ7yc9ALIpwsOyUS8JAtvQ/certhash/uEiBpiSX6jzeLd5dsdlz6ud2mMcsxccFYJEhRTLfMFrWHjQ/p2p/12D3KooWJxQyQLg7FSAtEuuj82G4HySDWvEtJ9dG4kSVG9f4of9n
2026-06-03T16:15:50.226+0100	INFO	p2pnode	GreenHouse.web3/p2p.go:453	Listening on: /ip4/127.0.0.1/udp/56099/quic-v1/p2p/12D3KooWJxQyQLg7FSAtEuuj82G4HySDWvEtJ9dG4kSVG9f4of9n
2026-06-03T16:15:50.226+0100	INFO	p2pnode	GreenHouse.web3/p2p.go:453	Listening on: /ip4/192.168.0.156/tcp/61860/p2p/12D3KooWJxQyQLg7FSAtEuuj82G4HySDWvEtJ9dG4kSVG9f4of9n
2026-06-03T16:15:50.226+0100	INFO	p2pnode	GreenHouse.web3/p2p.go:453	Listening on: /ip4/192.168.0.156/udp/49786/webrtc-direct/certhash/uEiBqi4xBkYFHLIrM_AUHESQpdQBqc-TfihVm-tbH25FdcQ/p2p/12D3KooWJxQyQLg7FSAtEuuj82G4HySDWvEtJ9dG4kSVG9f4of9n
2026-06-03T16:15:50.226+0100	INFO	p2pnode	GreenHouse.web3/p2p.go:453	Listening on: /ip4/192.168.0.156/udp/50720/quic-v1/webtransport/certhash/uEiAx7vnDsrl8G7vl3ncLIl6bEZ7yc9ALIpwsOyUS8JAtvQ/certhash/uEiBpiSX6jzeLd5dsdlz6ud2mMcsxccFYJEhRTLfMFrWHjQ/p2p/12D3KooWJxQyQLg7FSAtEuuj82G4HySDWvEtJ9dG4kSVG9f4of9n
2026-06-03T16:15:50.226+0100	INFO	p2pnode	GreenHouse.web3/p2p.go:453	Listening on: /ip4/192.168.0.156/udp/56099/quic-v1/p2p/12D3KooWJxQyQLg7FSAtEuuj82G4HySDWvEtJ9dG4kSVG9f4of9n
2026-06-03T16:15:50.226+0100	INFO	p2pnode	GreenHouse.web3/p2p.go:453	Listening on: /ip6/::1/tcp/61861/p2p/12D3KooWJxQyQLg7FSAtEuuj82G4HySDWvEtJ9dG4kSVG9f4of9n
2026-06-03T16:15:50.226+0100	INFO	p2pnode	GreenHouse.web3/p2p.go:453	Listening on: /ip6/::1/udp/53022/quic-v1/p2p/12D3KooWJxQyQLg7FSAtEuuj82G4HySDWvEtJ9dG4kSVG9f4of9n
2026-06-03T16:15:50.226+0100	INFO	p2pnode	GreenHouse.web3/p2p.go:453	Listening on: /ip6/::1/udp/53625/quic-v1/webtransport/certhash/uEiAx7vnDsrl8G7vl3ncLIl6bEZ7yc9ALIpwsOyUS8JAtvQ/certhash/uEiBpiSX6jzeLd5dsdlz6ud2mMcsxccFYJEhRTLfMFrWHjQ/p2p/12D3KooWJxQyQLg7FSAtEuuj82G4HySDWvEtJ9dG4kSVG9f4of9n
2026-06-03T16:15:50.226+0100	INFO	p2pnode	GreenHouse.web3/p2p.go:453	Listening on: /ip6/::1/udp/62797/webrtc-direct/certhash/uEiBqi4xBkYFHLIrM_AUHESQpdQBqc-TfihVm-tbH25FdcQ/p2p/12D3KooWJxQyQLg7FSAtEuuj82G4HySDWvEtJ9dG4kSVG9f4of9n
2026-06-03T16:15:50.226+0100	INFO	p2pnode	GreenHouse.web3/p2p.go:513	DHT discovery disabled (GONETWORK_DISABLE_P2P_DHT=1)
2026-06-03T16:15:50.226+0100	INFO	p2pnode	GreenHouse.web3/p2p.go:532	PubSub service initialized (D=4 Dlo=3 Dhi=5 heartbeat=500ms)
2026-06-03T16:15:50.226+0100	INFO	p2pnode	GreenHouse.web3/p2p.go:539	Joined topic: test-topic
2026-06-03T16:15:50.226+0100	INFO	p2pnode	GreenHouse.web3/p2p.go:546	Joined consensus topic: test-topic/consensus
2026-06-03T16:15:50.226+0100	INFO	p2pnode	GreenHouse.web3/p2p.go:563	Topic validator registered for test-topic
2026-06-03T16:15:50.226+0100	INFO	p2pnode	GreenHouse.web3/p2p.go:573	Topic validator registered for test-topic/consensus
2026-06-03T16:15:50.226+0100	INFO	p2pnode	GreenHouse.web3/p2p.go:580	Subscribed to topic
2026-06-03T16:15:50.226+0100	INFO	p2pnode	GreenHouse.web3/p2p.go:586	Subscribed to consensus topic
2026-06-03T16:15:50.226+0100	INFO	p2pnode	GreenHouse.web3/p2p.go:603	mDNS discovery disabled (GONETWORK_DISABLE_P2P_MDNS=1)
2026-06-03T16:15:50.226+0100	INFO	p2pnode	GreenHouse.web3/p2p.go:712	Stream handler set for direct messaging
Initialized 3 shards
Attempting to add transaction: {Sender:LKwIjbJ6C5vMoKA5JYOe5ApnsIdR39WeVYRBluQhrp4= Receiver:wallet2 Amount:10 Signatures:[] RequiredSigs:0 Nonce:1780499750226479000}
Transaction assigned to shard 1: {Sender:LKwIjbJ6C5vMoKA5JYOe5ApnsIdR39WeVYRBluQhrp4= Receiver:wallet2 Amount:10 Signatures:[] RequiredSigs:0 Nonce:1780499750226479000}
Attempting to add transaction: {Sender:LKwIjbJ6C5vMoKA5JYOe5ApnsIdR39WeVYRBluQhrp4= Receiver:wallet2 Amount:20 Signatures:[] RequiredSigs:0 Nonce:1780499750226590000}
Transaction assigned to shard 1: {Sender:LKwIjbJ6C5vMoKA5JYOe5ApnsIdR39WeVYRBluQhrp4= Receiver:wallet2 Amount:20 Signatures:[] RequiredSigs:0 Nonce:1780499750226590000}
    dBFT_test.go:143: Initial blockchain state: &{Mu:{w:{_:{} mu:{state:0 sema:0}} writerSem:0 readerSem:0 readerCount:{_:{} v:0} readerWait:{_:{} v:0}} Blocks:[{Index:0 PayloadHash:8147d034fbde16902adeb2d364f7382fdeeeb467f0207778b8a94d85650e756e SealedAt:0 KeyVersion: Transactions:[] AssetTransactions:[] OrderTransactions:[] CredentialTransactions:[] PrevHash:0000000000000000000000000000000000000000000000000000000000000000 Nonce:0 Signatures:[]}] Nodes:[] LockedWallets:map[[109 188 162 126 175 157 160 218 216 215 203 228 51 67 55 177 27 62 194 231 218 130 14 37 235 205 192 158 112 33 7 97]:0x140010e2180 [235 8 203 166 238 41 178 91 180 140 7 89 230 117 21 137 35 152 62 109 79 69 252 252 233 102 90 246 48 130 172 226]:0x140010e2150] Delegates:[{ID:delegate1 P2PPeerID: IsDelegate:false Stake:0 Votes:0 PrivateKey:[] PublicKey:[] Inbox:<nil> droppedMessages:0 VotingStrategy:0x106322bc0 Blockchain:0x140012d6608 viewChangeRequests:map[]} {ID:delegate2 P2PPeerID: IsDelegate:false Stake:0 Votes:0 PrivateKey:[] PublicKey:[] Inbox:<nil> droppedMessages:0 VotingStrategy:0x106322bc0 Blockchain:0x140012d6608 viewChangeRequests:map[]}] PublicKeyToID:map[] UserIDToDelegateID:map[] currentView:{Number:0} currentSpeaker:0 Wallets:map[wallet1:0x1400158ae58 wallet2:0x1400158aea0] Nonce:0 TransactionPool:[] Shards:[0x140008b9740 0x140008b9880 0x140008b98c0] P2PNode:0x1400162c5b0 Assets:map[] Holdings:map[] OrderBooks:map[] Trades:[] Credentials:map[] PendingInstructions:map[] ConfirmedPayments:map[] PendingSettlements:map[] PendingAssetTransactions:[] PaymentProvider:0x14001350090 IdentityRegistry:0x140013500f0 OracleService:0x14001040460 SettlementRouter:map[] WindowManager:0x14001040200 WindowResults:[] SPVs:map[] PendingCorporateActions:map[] ProspectusExemptions:map[] SuitabilityAssessments:map[] JurisdictionRules:map[DE:0x14001299080 FR:0x14001299140 GB:0x14001299020 LU:0x140012990e0 NL:0x140012991a0] CostBasisTracker:0x140008200b8 ValuationOracle:0x14001040210 Deals:map[] LegalDocAmendments:map[] DividendHoldingSnapshots:map[] AMLScreener:0x140003b6340 PendingSARs:map[] RegulatoryReports:[] InsiderLists:map[] PendingSTORs:map[] RecentCounterpartyTrades:map[] RegistrationRegistry:<nil> Events:0x1400160a150 WalletSequences:map[LKwIjbJ6C5vMoKA5JYOe5ApnsIdR39WeVYRBluQhrp4=:1780499750226590000] ConsensusTimeout:30s ConfirmedPaymentRetention:2160h0m0s ConsensusMode:hybrid CommittedTxHashes:map[] consensusModeRejects:0 duplicateTxHashRejections:0 metricsMu:{w:{_:{} mu:{state:0 sema:0}} writerSem:0 readerSem:0 readerCount:{_:{} v:0} readerWait:{_:{} v:0}} consensusModeRejectByPath:map[] duplicateTxRejectByReason:map[] OperatorKeyProvider:<nil> BlockStore:<nil> ReportingService:0x106322bc0 NetworkRegistryKey:<nil>}
2/2 transactions are valid
Speaker for view 0 is delegate1
Consensus achieved with 2 yes votes out of 2
Block 1 created with 0 delegate signature(s)
Speaker for view 1 is delegate2
    dBFT_test.go:166: Final blockchain state: &{Mu:{w:{_:{} mu:{state:0 sema:0}} writerSem:0 readerSem:0 readerCount:{_:{} v:0} readerWait:{_:{} v:0}} Blocks:[{Index:0 PayloadHash:8147d034fbde16902adeb2d364f7382fdeeeb467f0207778b8a94d85650e756e SealedAt:0 KeyVersion: Transactions:[] AssetTransactions:[] OrderTransactions:[] CredentialTransactions:[] PrevHash:0000000000000000000000000000000000000000000000000000000000000000 Nonce:0 Signatures:[]} {Index:1 PayloadHash:8b24adf54e0f625f9c542f475e28f7491c21f1837d35cdb26b644513a9810fc7 SealedAt:1780499750226776 KeyVersion: Transactions:[{Sender:LKwIjbJ6C5vMoKA5JYOe5ApnsIdR39WeVYRBluQhrp4= Receiver:wallet2 Amount:10 Signatures:[] RequiredSigs:0 Nonce:1780499750226479000} {Sender:LKwIjbJ6C5vMoKA5JYOe5ApnsIdR39WeVYRBluQhrp4= Receiver:wallet2 Amount:20 Signatures:[] RequiredSigs:0 Nonce:1780499750226590000}] AssetTransactions:[] OrderTransactions:[] CredentialTransactions:[] PrevHash:1f080eb23cb90f9731a0af7e06742d67d7889f0c65a289c71a0b2e227c7e9451 Nonce:0 Signatures:[]}] Nodes:[] LockedWallets:map[[109 188 162 126 175 157 160 218 216 215 203 228 51 67 55 177 27 62 194 231 218 130 14 37 235 205 192 158 112 33 7 97]:0x140010e2180 [235 8 203 166 238 41 178 91 180 140 7 89 230 117 21 137 35 152 62 109 79 69 252 252 233 102 90 246 48 130 172 226]:0x140010e2150] Delegates:[{ID:delegate1 P2PPeerID: IsDelegate:false Stake:0 Votes:0 PrivateKey:[] PublicKey:[] Inbox:<nil> droppedMessages:0 VotingStrategy:0x106322bc0 Blockchain:0x140012d6608 viewChangeRequests:map[]} {ID:delegate2 P2PPeerID: IsDelegate:false Stake:0 Votes:0 PrivateKey:[] PublicKey:[] Inbox:<nil> droppedMessages:0 VotingStrategy:0x106322bc0 Blockchain:0x140012d6608 viewChangeRequests:map[]}] PublicKeyToID:map[] UserIDToDelegateID:map[] currentView:{Number:1} currentSpeaker:1 Wallets:map[wallet1:0x1400158ae58 wallet2:0x1400158aea0] Nonce:1 TransactionPool:[{Sender:LKwIjbJ6C5vMoKA5JYOe5ApnsIdR39WeVYRBluQhrp4= Receiver:wallet2 Amount:10 Signatures:[] RequiredSigs:0 Nonce:1780499750226479000} {Sender:LKwIjbJ6C5vMoKA5JYOe5ApnsIdR39WeVYRBluQhrp4= Receiver:wallet2 Amount:20 Signatures:[] RequiredSigs:0 Nonce:1780499750226590000}] Shards:[0x140008b9740 0x140008b9880 0x140008b98c0] P2PNode:0x1400162c5b0 Assets:map[] Holdings:map[] OrderBooks:map[] Trades:[] Credentials:map[] PendingInstructions:map[] ConfirmedPayments:map[] PendingSettlements:map[] PendingAssetTransactions:[] PaymentProvider:0x14001350090 IdentityRegistry:0x140013500f0 OracleService:0x14001040460 SettlementRouter:map[] WindowManager:0x14001040200 WindowResults:[] SPVs:map[] PendingCorporateActions:map[] ProspectusExemptions:map[] SuitabilityAssessments:map[] JurisdictionRules:map[DE:0x14001299080 FR:0x14001299140 GB:0x14001299020 LU:0x140012990e0 NL:0x140012991a0] CostBasisTracker:0x140008200b8 ValuationOracle:0x14001040210 Deals:map[] LegalDocAmendments:map[] DividendHoldingSnapshots:map[] AMLScreener:0x140003b6340 PendingSARs:map[] RegulatoryReports:[] InsiderLists:map[] PendingSTORs:map[] RecentCounterpartyTrades:map[] RegistrationRegistry:<nil> Events:0x1400160a150 WalletSequences:map[LKwIjbJ6C5vMoKA5JYOe5ApnsIdR39WeVYRBluQhrp4=:1780499750226590000] ConsensusTimeout:30s ConfirmedPaymentRetention:2160h0m0s ConsensusMode:hybrid CommittedTxHashes:map[base:37f66d68a074c56c14924fae73f06fc401a07e73f01a265833901651fa0e06cc:{} base:80d22e47c12be2e3ef1220c8c8eefb970ec384fd3f5eb7772899a34aae0075e6:{}] consensusModeRejects:0 duplicateTxHashRejections:0 metricsMu:{w:{_:{} mu:{state:0 sema:0}} writerSem:0 readerSem:0 readerCount:{_:{} v:0} readerWait:{_:{} v:0}} consensusModeRejectByPath:map[] duplicateTxRejectByReason:map[] OperatorKeyProvider:<nil> BlockStore:<nil> ReportingService:0x106322bc0 NetworkRegistryKey:<nil>}
2026/06/03 16:15:50 Shutting down P2PNode...
2026/06/03 16:15:50 Closing PubSub subscription...
2026/06/03 16:15:50 Closing consensus PubSub subscription...
2026/06/03 16:15:50 Closing PubSub topic...
2026/06/03 16:15:50 Closing consensus PubSub topic...
2026/06/03 16:15:50 Closing libp2p host...
2026/06/03 16:15:50 P2PNode shutdown complete.
--- PASS: TestCreateBlock (0.00s)
=== RUN   TestNetworkConsensus
2026-06-03T16:15:50.229+0100	INFO	p2pnode	GreenHouse.web3/p2p.go:448	Libp2p host created with ID: 12D3KooWEjen23BVMJHL2ktM4MwycuDMoJj4v9Z2q1nAT827ZUZb
2026/06/03 16:15:50 P2P: using Noise XX security transport (mutual auth)
2026-06-03T16:15:50.229+0100	INFO	p2pnode	GreenHouse.web3/p2p.go:453	Listening on: /ip4/127.0.0.1/tcp/61862/p2p/12D3KooWEjen23BVMJHL2ktM4MwycuDMoJj4v9Z2q1nAT827ZUZb
2026-06-03T16:15:50.229+0100	INFO	p2pnode	GreenHouse.web3/p2p.go:453	Listening on: /ip4/127.0.0.1/udp/52567/quic-v1/p2p/12D3KooWEjen23BVMJHL2ktM4MwycuDMoJj4v9Z2q1nAT827ZUZb
2026-06-03T16:15:50.229+0100	INFO	p2pnode	GreenHouse.web3/p2p.go:453	Listening on: /ip4/127.0.0.1/udp/53902/quic-v1/webtransport/certhash/uEiDzJ8OO1TAHv7yXQGAcUOXEZIHMr0jpBaWtZe3PdvSoag/certhash/uEiAGFSa4yMaDSI7gxBm9T54laLt9oGXCA0uFRRngHA-JBQ/p2p/12D3KooWEjen23BVMJHL2ktM4MwycuDMoJj4v9Z2q1nAT827ZUZb
2026-06-03T16:15:50.229+0100	INFO	p2pnode	GreenHouse.web3/p2p.go:453	Listening on: /ip4/127.0.0.1/udp/65477/webrtc-direct/certhash/uEiDVyzrLPQbnCCsvMn3rrJiFyQDMawpzHUEkxrfGGe4U5Q/p2p/12D3KooWEjen23BVMJHL2ktM4MwycuDMoJj4v9Z2q1nAT827ZUZb
2026-06-03T16:15:50.229+0100	INFO	p2pnode	GreenHouse.web3/p2p.go:453	Listening on: /ip4/192.168.0.156/tcp/61862/p2p/12D3KooWEjen23BVMJHL2ktM4MwycuDMoJj4v9Z2q1nAT827ZUZb
2026-06-03T16:15:50.229+0100	INFO	p2pnode	GreenHouse.web3/p2p.go:453	Listening on: /ip4/192.168.0.156/udp/52567/quic-v1/p2p/12D3KooWEjen23BVMJHL2ktM4MwycuDMoJj4v9Z2q1nAT827ZUZb
2026-06-03T16:15:50.229+0100	INFO	p2pnode	GreenHouse.web3/p2p.go:453	Listening on: /ip4/192.168.0.156/udp/53902/quic-v1/webtransport/certhash/uEiDzJ8OO1TAHv7yXQGAcUOXEZIHMr0jpBaWtZe3PdvSoag/certhash/uEiAGFSa4yMaDSI7gxBm9T54laLt9oGXCA0uFRRngHA-JBQ/p2p/12D3KooWEjen23BVMJHL2ktM4MwycuDMoJj4v9Z2q1nAT827ZUZb
2026-06-03T16:15:50.229+0100	INFO	p2pnode	GreenHouse.web3/p2p.go:453	Listening on: /ip4/192.168.0.156/udp/65477/webrtc-direct/certhash/uEiDVyzrLPQbnCCsvMn3rrJiFyQDMawpzHUEkxrfGGe4U5Q/p2p/12D3KooWEjen23BVMJHL2ktM4MwycuDMoJj4v9Z2q1nAT827ZUZb
2026-06-03T16:15:50.229+0100	INFO	p2pnode	GreenHouse.web3/p2p.go:453	Listening on: /ip6/::1/tcp/61863/p2p/12D3KooWEjen23BVMJHL2ktM4MwycuDMoJj4v9Z2q1nAT827ZUZb
2026-06-03T16:15:50.229+0100	INFO	p2pnode	GreenHouse.web3/p2p.go:453	Listening on: /ip6/::1/udp/50240/quic-v1/webtransport/certhash/uEiDzJ8OO1TAHv7yXQGAcUOXEZIHMr0jpBaWtZe3PdvSoag/certhash/uEiAGFSa4yMaDSI7gxBm9T54laLt9oGXCA0uFRRngHA-JBQ/p2p/12D3KooWEjen23BVMJHL2ktM4MwycuDMoJj4v9Z2q1nAT827ZUZb
2026-06-03T16:15:50.229+0100	INFO	p2pnode	GreenHouse.web3/p2p.go:453	Listening on: /ip6/::1/udp/55871/quic-v1/p2p/12D3KooWEjen23BVMJHL2ktM4MwycuDMoJj4v9Z2q1nAT827ZUZb
2026-06-03T16:15:50.229+0100	INFO	p2pnode	GreenHouse.web3/p2p.go:453	Listening on: /ip6/::1/udp/62736/webrtc-direct/certhash/uEiDVyzrLPQbnCCsvMn3rrJiFyQDMawpzHUEkxrfGGe4U5Q/p2p/12D3KooWEjen23BVMJHL2ktM4MwycuDMoJj4v9Z2q1nAT827ZUZb
2026-06-03T16:15:50.229+0100	INFO	p2pnode	GreenHouse.web3/p2p.go:513	DHT discovery disabled (GONETWORK_DISABLE_P2P_DHT=1)
2026-06-03T16:15:50.229+0100	INFO	p2pnode	GreenHouse.web3/p2p.go:532	PubSub service initialized (D=4 Dlo=3 Dhi=5 heartbeat=500ms)
2026-06-03T16:15:50.229+0100	INFO	p2pnode	GreenHouse.web3/p2p.go:539	Joined topic: test-topic
2026-06-03T16:15:50.229+0100	INFO	p2pnode	GreenHouse.web3/p2p.go:546	Joined consensus topic: test-topic/consensus
2026-06-03T16:15:50.229+0100	INFO	p2pnode	GreenHouse.web3/p2p.go:563	Topic validator registered for test-topic
2026-06-03T16:15:50.229+0100	INFO	p2pnode	GreenHouse.web3/p2p.go:573	Topic validator registered for test-topic/consensus
2026-06-03T16:15:50.229+0100	INFO	p2pnode	GreenHouse.web3/p2p.go:580	Subscribed to topic
2026-06-03T16:15:50.229+0100	INFO	p2pnode	GreenHouse.web3/p2p.go:586	Subscribed to consensus topic
2026-06-03T16:15:50.229+0100	INFO	p2pnode	GreenHouse.web3/p2p.go:603	mDNS discovery disabled (GONETWORK_DISABLE_P2P_MDNS=1)
2026-06-03T16:15:50.229+0100	INFO	p2pnode	GreenHouse.web3/p2p.go:712	Stream handler set for direct messaging
Speaker for view 0 is node1
Invalid block: contains no transactions of any kind
Proposed block is invalid. Consensus cannot proceed.
2026/06/03 16:15:50 Shutting down P2PNode...
2026/06/03 16:15:50 Closing PubSub subscription...
2026/06/03 16:15:50 Closing consensus PubSub subscription...
2026/06/03 16:15:50 Closing PubSub topic...
2026/06/03 16:15:50 Closing consensus PubSub topic...
2026/06/03 16:15:50 Closing libp2p host...
2026/06/03 16:15:50 P2PNode shutdown complete.
--- PASS: TestNetworkConsensus (0.00s)
=== RUN   TestVoteOnBlock
--- PASS: TestVoteOnBlock (0.00s)
=== RUN   TestAchieveConsensusWithMixedVotes
Consensus achieved with 2 yes votes out of 3
Consensus not achieved. Yes votes: 1, No votes: 2
--- PASS: TestAchieveConsensusWithMixedVotes (0.00s)
=== RUN   TestSelectSpeaker_NoDelegates_NoOp
2026/06/03 16:15:50 consensus startup invariant: mode=hybrid http_seal=true dbft_consensus=true
No delegates available to select a speaker.
--- PASS: TestSelectSpeaker_NoDelegates_NoOp (0.00s)
=== RUN   TestSelectSpeaker_SingleDelegate_SpeakerIsZero
2026/06/03 16:15:50 consensus startup invariant: mode=hybrid http_seal=true dbft_consensus=true
Speaker for view 0 is d1
--- PASS: TestSelectSpeaker_SingleDelegate_SpeakerIsZero (0.00s)
=== RUN   TestSelectSpeaker_RotatesWithViewNumber
2026/06/03 16:15:50 consensus startup invariant: mode=hybrid http_seal=true dbft_consensus=true
Speaker for view 0 is d0
Speaker for view 1 is d1
Speaker for view 2 is d2
Speaker for view 3 is d0
Speaker for view 4 is d1
Speaker for view 5 is d2
--- PASS: TestSelectSpeaker_RotatesWithViewNumber (0.00s)
=== RUN   TestProcessMessages_BlockProposal_NoOp
2026/06/03 16:15:50 consensus startup invariant: mode=hybrid http_seal=true dbft_consensus=true
Node n1 received block proposal: some block data
--- PASS: TestProcessMessages_BlockProposal_NoOp (0.05s)
=== RUN   TestProcessMessages_Vote_NoOp
2026/06/03 16:15:50 consensus startup invariant: mode=hybrid http_seal=true dbft_consensus=true
Node n1 received vote: true
--- PASS: TestProcessMessages_Vote_NoOp (0.05s)
=== RUN   TestProcessMessages_Consensus_NoOp
2026/06/03 16:15:50 consensus startup invariant: mode=hybrid http_seal=true dbft_consensus=true
Node n1 received consensus result: done
--- PASS: TestProcessMessages_Consensus_NoOp (0.05s)
=== RUN   TestReceiveMessage_PushesToInbox
2026/06/03 16:15:50 consensus startup invariant: mode=hybrid http_seal=true dbft_consensus=true
--- PASS: TestReceiveMessage_PushesToInbox (0.00s)
=== RUN   TestReceiveMessage_DropsWhenInboxFull_IncrementsCounter
2026/06/03 16:15:50 consensus startup invariant: mode=hybrid http_seal=true dbft_consensus=true
2026/06/03 16:15:50 Node n1 inbox full — dropping message type "Consensus" (dropped=1)
Node n1 inbox full — message dropped
--- PASS: TestReceiveMessage_DropsWhenInboxFull_IncrementsCounter (0.01s)
=== RUN   TestReceiveMessage_BurstWithinCapacity_NoDrops
2026/06/03 16:15:50 consensus startup invariant: mode=hybrid http_seal=true dbft_consensus=true
--- PASS: TestReceiveMessage_BurstWithinCapacity_NoDrops (0.01s)
=== RUN   TestPeriodicStateSaving_CreatesFileImmediately
2026/06/03 16:15:50 consensus startup invariant: mode=hybrid http_seal=true dbft_consensus=true
Node n1 successfully saved blockchain state
--- PASS: TestPeriodicStateSaving_CreatesFileImmediately (0.05s)
=== RUN   TestVoteForDelegates_NoLockedWallets_NoDelegatesElected
2026/06/03 16:15:50 consensus startup invariant: mode=hybrid http_seal=true dbft_consensus=true
No delegates elected. Consensus cannot start.
--- PASS: TestVoteForDelegates_NoLockedWallets_NoDelegatesElected (0.00s)
=== RUN   TestVoteForDelegates_WithLockedWallet_ElectsDelegate
2026/06/03 16:15:50 consensus startup invariant: mode=hybrid http_seal=true dbft_consensus=true
Created new wallet with PublicKey: 915e9ec5fbd238ea90d9cb929f83c98a0b24a0deca2338c068685ffa2234ee1a and initial Balance: 0.000000
Locked 500.000000 currency from wallet 915e9ec5fbd238ea90d9cb929f83c98a0b24a0deca2338c068685ffa2234ee1a. New wallet balance: 500.000000. Locked wallet balance: 500.000000
Delegate delegate-alice received 500 votes
Speaker for view 0 is delegate-alice
Invalid block: contains no transactions of any kind
Proposed block is invalid. Consensus cannot proceed.
--- PASS: TestVoteForDelegates_WithLockedWallet_ElectsDelegate (0.00s)
=== RUN   TestDefaultVotingStrategy_EmptyBlock_ReturnsFalse
--- PASS: TestDefaultVotingStrategy_EmptyBlock_ReturnsFalse (0.00s)
=== RUN   TestDefaultVotingStrategy_BlockWithAssetTx_ReturnsTrue
--- PASS: TestDefaultVotingStrategy_BlockWithAssetTx_ReturnsTrue (0.00s)
=== RUN   TestDefaultVotingStrategy_BlockWithOrderTx_ReturnsTrue
--- PASS: TestDefaultVotingStrategy_BlockWithOrderTx_ReturnsTrue (0.00s)
=== RUN   TestDefaultVotingStrategy_SignedBaseTx_ReturnsTrue
--- PASS: TestDefaultVotingStrategy_SignedBaseTx_ReturnsTrue (0.00s)
=== RUN   TestDefaultVotingStrategy_TxWithRequiredSigsZero_SkipsSigCheck
--- PASS: TestDefaultVotingStrategy_TxWithRequiredSigsZero_SkipsSigCheck (0.00s)
=== RUN   TestDefaultVotingStrategy_InvalidSenderKey_ReturnsFalse
--- PASS: TestDefaultVotingStrategy_InvalidSenderKey_ReturnsFalse (0.00s)
=== RUN   TestFuncVotingStrategy_InvokesFunc
--- PASS: TestFuncVotingStrategy_InvokesFunc (0.00s)
=== RUN   TestNode_VoteOnBlock_NilStrategy_DefaultsTrue
2026/06/03 16:15:50 consensus startup invariant: mode=hybrid http_seal=true dbft_consensus=true
--- PASS: TestNode_VoteOnBlock_NilStrategy_DefaultsTrue (0.00s)
=== RUN   TestNode_VoteOnBlock_WithStrategy
2026/06/03 16:15:50 consensus startup invariant: mode=hybrid http_seal=true dbft_consensus=true
--- PASS: TestNode_VoteOnBlock_WithStrategy (0.00s)
=== RUN   TestAchieveConsensus_NoDelegates_ReturnsFalse
2026/06/03 16:15:50 consensus startup invariant: mode=hybrid http_seal=true dbft_consensus=true
No delegates registered; consensus not applicable.
--- PASS: TestAchieveConsensus_NoDelegates_ReturnsFalse (0.00s)
=== RUN   TestAchieveConsensus_SupermajorityApproves_ReturnsTrue
2026/06/03 16:15:50 consensus startup invariant: mode=hybrid http_seal=true dbft_consensus=true
Consensus achieved with 3 yes votes out of 3
2026/06/03 16:15:50 finalizeBlock: PayloadHash changed during finalization — pre-collected delegate signatures discarded
--- PASS: TestAchieveConsensus_SupermajorityApproves_ReturnsTrue (0.00s)
=== RUN   TestAchieveConsensus_ByzantineOneThird_StillReachesConsensus
2026/06/03 16:15:50 consensus startup invariant: mode=hybrid http_seal=true dbft_consensus=true
Consensus achieved with 3 yes votes out of 4
2026/06/03 16:15:50 finalizeBlock: PayloadHash changed during finalization — pre-collected delegate signatures discarded
--- PASS: TestAchieveConsensus_ByzantineOneThird_StillReachesConsensus (0.00s)
=== RUN   TestAchieveConsensus_ByzantineOverOneThird_FailsConsensus
2026/06/03 16:15:50 consensus startup invariant: mode=hybrid http_seal=true dbft_consensus=true
Consensus not achieved. Yes votes: 1, No votes: 2
--- PASS: TestAchieveConsensus_ByzantineOverOneThird_FailsConsensus (0.00s)
=== RUN   TestAchieveConsensus_Timeout_ReturnsFalse
2026/06/03 16:15:50 consensus startup invariant: mode=hybrid http_seal=true dbft_consensus=true
Consensus timed out after 50ms — triggering view-change (M-2)
--- PASS: TestAchieveConsensus_Timeout_ReturnsFalse (0.05s)
=== RUN   TestAchieveConsensus_ZeroTimeout_NoDeadline
2026/06/03 16:15:50 consensus startup invariant: mode=hybrid http_seal=true dbft_consensus=true
Consensus achieved with 3 yes votes out of 3
2026/06/03 16:15:50 finalizeBlock: PayloadHash changed during finalization — pre-collected delegate signatures discarded
--- PASS: TestAchieveConsensus_ZeroTimeout_NoDeadline (0.00s)
=== RUN   TestNode_SyncBlockchain_CopiesPeerChain
2026/06/03 16:15:50 consensus startup invariant: mode=hybrid http_seal=true dbft_consensus=true
2026/06/03 16:15:50 consensus startup invariant: mode=hybrid http_seal=true dbft_consensus=true
Node n1 syncing blockchain from peer n2
Node n1 successfully synced blockchain
--- PASS: TestNode_SyncBlockchain_CopiesPeerChain (0.00s)
=== RUN   TestNode_HandleFork_LongerChain_LocalChainUnchanged
2026/06/03 16:15:50 consensus startup invariant: mode=hybrid http_seal=true dbft_consensus=true
2026/06/03 16:15:50 consensus startup invariant: mode=hybrid http_seal=true dbft_consensus=true
2026/06/03 16:15:50 [dBFT] HandleFork: peer n2 has a longer chain (3 > 1) — dBFT provides single-path finality; no fork resolution will be attempted. If this node is behind, use SyncBlockchain instead.
--- PASS: TestNode_HandleFork_LongerChain_LocalChainUnchanged (0.00s)
=== RUN   TestNode_HandleFork_ShorterChain_NoChange
2026/06/03 16:15:50 consensus startup invariant: mode=hybrid http_seal=true dbft_consensus=true
2026/06/03 16:15:50 consensus startup invariant: mode=hybrid http_seal=true dbft_consensus=true
--- PASS: TestNode_HandleFork_ShorterChain_NoChange (0.00s)
=== RUN   TestNode_ProcessMessages_TransactionMessage_AddsToPool
2026/06/03 16:15:50 consensus startup invariant: mode=hybrid http_seal=true dbft_consensus=true
Initialized 1 shards
Attempting to add transaction: {Sender:blbwlOnkL21bYoBU7mZ85swI+Id9EEnRRGiUHn7Raq8= Receiver:recv Amount:5 Signatures:[[112 111 146 115 40 249 243 220 165 0 229 36 212 204 124 3 20 108 179 55 253 238 231 245 129 166 82 73 25 189 120 14 250 60 182 214 59 36 254 227 105 73 34 86 23 246 2 113 215 242 135 8 163 170 216 255 95 125 40 33 254 228 54 8]] RequiredSigs:1 Nonce:1780499750517533000}
Transaction assigned to shard 0: {Sender:blbwlOnkL21bYoBU7mZ85swI+Id9EEnRRGiUHn7Raq8= Receiver:recv Amount:5 Signatures:[[112 111 146 115 40 249 243 220 165 0 229 36 212 204 124 3 20 108 179 55 253 238 231 245 129 166 82 73 25 189 120 14 250 60 182 214 59 36 254 227 105 73 34 86 23 246 2 113 215 242 135 8 163 170 216 255 95 125 40 33 254 228 54 8]] RequiredSigs:1 Nonce:1780499750517533000}
--- PASS: TestNode_ProcessMessages_TransactionMessage_AddsToPool (0.10s)
=== RUN   TestNewNode_FieldsInitialised
2026/06/03 16:15:50 consensus startup invariant: mode=hybrid http_seal=true dbft_consensus=true
--- PASS: TestNewNode_FieldsInitialised (0.00s)
=== RUN   TestHandleFork_PeerChainLonger_LocalBlocksUnchanged
2026/06/03 16:15:50 consensus startup invariant: mode=hybrid http_seal=true dbft_consensus=true
2026/06/03 16:15:50 consensus startup invariant: mode=hybrid http_seal=true dbft_consensus=true
2026/06/03 16:15:50 [dBFT] HandleFork: peer peer has a longer chain (3 > 1) — dBFT provides single-path finality; no fork resolution will be attempted. If this node is behind, use SyncBlockchain instead.
--- PASS: TestHandleFork_PeerChainLonger_LocalBlocksUnchanged (0.00s)
=== RUN   TestHandleFork_PeerChainEqual_LocalBlocksUnchanged
2026/06/03 16:15:50 consensus startup invariant: mode=hybrid http_seal=true dbft_consensus=true
2026/06/03 16:15:50 consensus startup invariant: mode=hybrid http_seal=true dbft_consensus=true
--- PASS: TestHandleFork_PeerChainEqual_LocalBlocksUnchanged (0.00s)
=== RUN   TestHandleFork_PeerChainShorter_LocalBlocksUnchanged
2026/06/03 16:15:50 consensus startup invariant: mode=hybrid http_seal=true dbft_consensus=true
2026/06/03 16:15:50 consensus startup invariant: mode=hybrid http_seal=true dbft_consensus=true
--- PASS: TestHandleFork_PeerChainShorter_LocalBlocksUnchanged (0.00s)
=== RUN   TestAddBlock_SequentialIndexing
2026/06/03 16:15:50 consensus startup invariant: mode=hybrid http_seal=true dbft_consensus=true
--- PASS: TestAddBlock_SequentialIndexing (0.00s)
=== RUN   TestSyncBlockchain_LaggingNodeCatchesUp
2026/06/03 16:15:50 consensus startup invariant: mode=hybrid http_seal=true dbft_consensus=true
2026/06/03 16:15:50 consensus startup invariant: mode=hybrid http_seal=true dbft_consensus=true
Node lag syncing blockchain from peer auth
Node lag successfully synced blockchain
--- PASS: TestSyncBlockchain_LaggingNodeCatchesUp (0.00s)
=== RUN   TestAchieveConsensus_WithKeyedDelegates_SignaturesVerifiable
2026/06/03 16:15:50 consensus startup invariant: mode=hybrid http_seal=true dbft_consensus=true
Consensus achieved with 3 yes votes out of 3
--- PASS: TestAchieveConsensus_WithKeyedDelegates_SignaturesVerifiable (0.00s)
=== RUN   TestAchieveConsensus_DelegatesWithoutKeys_NoSignatures
2026/06/03 16:15:50 consensus startup invariant: mode=hybrid http_seal=true dbft_consensus=true
Consensus achieved with 3 yes votes out of 3
2026/06/03 16:15:50 finalizeBlock: PayloadHash changed during finalization — pre-collected delegate signatures discarded
--- PASS: TestAchieveConsensus_DelegatesWithoutKeys_NoSignatures (0.00s)
=== RUN   TestCreateBlock_SignaturesMatchPayloadHash
2026/06/03 16:15:50 consensus startup invariant: mode=hybrid http_seal=true dbft_consensus=true
Initialized 1 shards
0/1 transactions are valid
Speaker for view 0 is d1
Consensus achieved with 3 yes votes out of 3
Block 1 created with 3 delegate signature(s)
Speaker for view 1 is d2
--- PASS: TestCreateBlock_SignaturesMatchPayloadHash (0.00s)
=== RUN   TestDefaultVotingStrategy_AssetTxInvalidSenderSig_ReturnsFalse
--- PASS: TestDefaultVotingStrategy_AssetTxInvalidSenderSig_ReturnsFalse (0.00s)
=== RUN   TestDefaultVotingStrategy_AssetTxValidSenderSig_ReturnsTrue
--- PASS: TestDefaultVotingStrategy_AssetTxValidSenderSig_ReturnsTrue (0.00s)
=== RUN   TestDefaultVotingStrategy_AssetTxRequiredSigsZero_Skipped
--- PASS: TestDefaultVotingStrategy_AssetTxRequiredSigsZero_Skipped (0.00s)
=== RUN   TestValidateBlock_TamperedDelegateSig_ReturnsFalse
2026/06/03 16:15:50 consensus startup invariant: mode=hybrid http_seal=true dbft_consensus=true
Validating transaction from 7VZ3a8iu+egZqoruGXDFTHWQ0eq6gvtrz95dZodyumE= to recv
Invalid block: 0/2 valid Ed25519 delegate signatures
--- PASS: TestValidateBlock_TamperedDelegateSig_ReturnsFalse (0.00s)
=== RUN   TestValidateBlock_ValidDelegateSigs_ReturnsTrue
2026/06/03 16:15:50 consensus startup invariant: mode=hybrid http_seal=true dbft_consensus=true
Validating transaction from EAwIJ8OUzLXnDZmidqYolW+N0WeACu2QvhCIv9WudBw= to recv
Block validated successfully
--- PASS: TestValidateBlock_ValidDelegateSigs_ReturnsTrue (0.00s)
=== RUN   TestValidateBlock_AssetTx_ValidSenderSig_ReturnsTrue
2026/06/03 16:15:50 consensus startup invariant: mode=hybrid http_seal=true dbft_consensus=true
Block validated successfully
--- PASS: TestValidateBlock_AssetTx_ValidSenderSig_ReturnsTrue (0.00s)
=== RUN   TestValidateBlock_AssetTx_InvalidSenderSig_ReturnsFalse
2026/06/03 16:15:50 consensus startup invariant: mode=hybrid http_seal=true dbft_consensus=true
Invalid block: AssetTransaction has invalid sender signature
--- PASS: TestValidateBlock_AssetTx_InvalidSenderSig_ReturnsFalse (0.00s)
=== RUN   TestValidateBlock_AssetTx_RequiredSigsZero_SkipsCheck
2026/06/03 16:15:50 consensus startup invariant: mode=hybrid http_seal=true dbft_consensus=true
Block validated successfully
--- PASS: TestValidateBlock_AssetTx_RequiredSigsZero_SkipsCheck (0.00s)
=== RUN   TestValidateBlock_OrderTx_ValidOrderSig_ReturnsTrue
2026/06/03 16:15:50 consensus startup invariant: mode=hybrid http_seal=true dbft_consensus=true
Block validated successfully
--- PASS: TestValidateBlock_OrderTx_ValidOrderSig_ReturnsTrue (0.00s)
=== RUN   TestValidateBlock_OrderTx_InvalidOrderSig_ReturnsFalse
2026/06/03 16:15:50 consensus startup invariant: mode=hybrid http_seal=true dbft_consensus=true
Invalid block: OrderTransaction has invalid order signature
--- PASS: TestValidateBlock_OrderTx_InvalidOrderSig_ReturnsFalse (0.00s)
=== RUN   TestValidateBlock_OrderTx_Cancellation_SkipsOrderSigCheck
2026/06/03 16:15:50 consensus startup invariant: mode=hybrid http_seal=true dbft_consensus=true
Block validated successfully
--- PASS: TestValidateBlock_OrderTx_Cancellation_SkipsOrderSigCheck (0.00s)
=== RUN   TestValidateBlock_CredentialTx_ValidRegistrySig_ReturnsTrue
2026/06/03 16:15:50 consensus startup invariant: mode=hybrid http_seal=true dbft_consensus=true
Block validated successfully
--- PASS: TestValidateBlock_CredentialTx_ValidRegistrySig_ReturnsTrue (0.00s)
=== RUN   TestValidateBlock_CredentialTx_InvalidRegistrySig_ReturnsFalse
2026/06/03 16:15:50 consensus startup invariant: mode=hybrid http_seal=true dbft_consensus=true
Invalid block: CredentialTransaction for wallet wallet-alice has invalid registry signature
--- PASS: TestValidateBlock_CredentialTx_InvalidRegistrySig_ReturnsFalse (0.00s)
=== RUN   TestValidateBlock_CredentialTx_NoRegistrySignature_ReturnsFalse
2026/06/03 16:15:50 consensus startup invariant: mode=hybrid http_seal=true dbft_consensus=true
Invalid block: CredentialTransaction for wallet wallet-alice has no registry signature
--- PASS: TestValidateBlock_CredentialTx_NoRegistrySignature_ReturnsFalse (0.00s)
=== RUN   TestValidateBlock_CredentialTx_NoRegistry_Skipped
2026/06/03 16:15:50 consensus startup invariant: mode=hybrid http_seal=true dbft_consensus=true
Block validated successfully
--- PASS: TestValidateBlock_CredentialTx_NoRegistry_Skipped (0.00s)
=== RUN   TestDefaultVotingStrategy_Vote_ValidOrderTx_ReturnsTrue
--- PASS: TestDefaultVotingStrategy_Vote_ValidOrderTx_ReturnsTrue (0.00s)
=== RUN   TestDefaultVotingStrategy_Vote_InvalidOrderSig_ReturnsFalse
--- PASS: TestDefaultVotingStrategy_Vote_InvalidOrderSig_ReturnsFalse (0.00s)
=== RUN   TestDefaultVotingStrategy_Vote_CancellationWithTamperedSig_ReturnsTrue
--- PASS: TestDefaultVotingStrategy_Vote_CancellationWithTamperedSig_ReturnsTrue (0.00s)
=== RUN   TestValidateBlock_AssetTx_WrongKey_ReturnsFalse
2026/06/03 16:15:50 consensus startup invariant: mode=hybrid http_seal=true dbft_consensus=true
Invalid block: AssetTransaction has invalid sender signature
--- PASS: TestValidateBlock_AssetTx_WrongKey_ReturnsFalse (0.00s)
=== RUN   TestViewChange_TypesExist
--- PASS: TestViewChange_TypesExist (0.00s)
=== RUN   TestViewChange_BroadcastsViewChangeReq
2026/06/03 16:15:50 consensus startup invariant: mode=hybrid http_seal=true dbft_consensus=true
Initialized 1 shards
0/1 transactions are valid
Speaker for view 0 is d1
Consensus not achieved. Yes votes: 0, No votes: 3
Speaker for view 1 is d2
Consensus not achieved. Yes votes: 0, No votes: 3
Speaker for view 2 is d3
Consensus not achieved. Yes votes: 0, No votes: 3
Failed to achieve consensus after all view attempts. Block not added.
Speaker for view 4 is d2
--- PASS: TestViewChange_BroadcastsViewChangeReq (0.02s)
=== RUN   TestViewChange_ViewAdvances_OnConsensusFailure
2026/06/03 16:15:50 consensus startup invariant: mode=hybrid http_seal=true dbft_consensus=true
Initialized 1 shards
0/1 transactions are valid
Speaker for view 0 is d1
Consensus not achieved. Yes votes: 0, No votes: 2
Speaker for view 1 is d2
Consensus not achieved. Yes votes: 0, No votes: 2
Failed to achieve consensus after all view attempts. Block not added.
Speaker for view 3 is d2
--- PASS: TestViewChange_ViewAdvances_OnConsensusFailure (0.00s)
=== RUN   TestViewChange_RetryLoop_TerminatesAfterMaxAttempts
2026/06/03 16:15:50 consensus startup invariant: mode=hybrid http_seal=true dbft_consensus=true
Initialized 1 shards
0/1 transactions are valid
Speaker for view 0 is d1
Consensus not achieved. Yes votes: 0, No votes: 4
Speaker for view 1 is d2
Consensus not achieved. Yes votes: 0, No votes: 4
Speaker for view 2 is d3
Consensus not achieved. Yes votes: 0, No votes: 4
Speaker for view 3 is d4
Consensus not achieved. Yes votes: 0, No votes: 4
Failed to achieve consensus after all view attempts. Block not added.
Speaker for view 5 is d2
--- PASS: TestViewChange_RetryLoop_TerminatesAfterMaxAttempts (0.00s)
=== RUN   TestViewChange_RetryLoop_SucceedsOnLaterView
2026/06/03 16:15:50 consensus startup invariant: mode=hybrid http_seal=true dbft_consensus=true
Initialized 1 shards
0/1 transactions are valid
Speaker for view 0 is d1
Consensus not achieved. Yes votes: 2, No votes: 2
Speaker for view 1 is d2
Consensus not achieved. Yes votes: 2, No votes: 2
Speaker for view 2 is d3
Consensus achieved with 4 yes votes out of 4
Block 1 created with 4 delegate signature(s)
Speaker for view 3 is d4
--- PASS: TestViewChange_RetryLoop_SucceedsOnLaterView (0.00s)
=== RUN   TestViewChange_TwoByzantine_SevenDelegates_ConsensusImmediate
2026/06/03 16:15:50 consensus startup invariant: mode=hybrid http_seal=true dbft_consensus=true
Initialized 1 shards
0/1 transactions are valid
Speaker for view 0 is d1
Consensus achieved with 5 yes votes out of 7
Block 1 created with 5 delegate signature(s)
Speaker for view 1 is d2
--- PASS: TestViewChange_TwoByzantine_SevenDelegates_ConsensusImmediate (0.00s)
=== RUN   TestViewChange_ProcessMessages_AdvancesView
2026/06/03 16:15:50 consensus startup invariant: mode=hybrid http_seal=true dbft_consensus=true
Speaker for view 1 is d2
Node observer: view-change to view 1 — new speaker index 1
--- PASS: TestViewChange_ProcessMessages_AdvancesView (0.00s)
=== RUN   TestViewChange_ProcessMessages_BelowThreshold_NoAdvance
2026/06/03 16:15:50 consensus startup invariant: mode=hybrid http_seal=true dbft_consensus=true
--- PASS: TestViewChange_ProcessMessages_BelowThreshold_NoAdvance (0.00s)
=== RUN   TestViewChange_StartConsensus_NeverBlocksIndefinitely
2026/06/03 16:15:50 consensus startup invariant: mode=hybrid http_seal=true dbft_consensus=true
Initialized 1 shards
0/1 transactions are valid
Speaker for view 0 is d1
Consensus timed out after 10ms — triggering view-change (M-2)
Speaker for view 1 is d2
Consensus timed out after 10ms — triggering view-change (M-2)
Speaker for view 2 is d3
Consensus timed out after 10ms — triggering view-change (M-2)
Failed to achieve consensus after all view attempts. Block not added.
Speaker for view 4 is d2
--- PASS: TestViewChange_StartConsensus_NeverBlocksIndefinitely (0.03s)
=== RUN   TestNewDeal_Valid
--- PASS: TestNewDeal_Valid (0.00s)
=== RUN   TestNewDeal_InvalidFraction
--- PASS: TestNewDeal_InvalidFraction (0.00s)
=== RUN   TestAttachAnchor_Valid
--- PASS: TestAttachAnchor_Valid (0.00s)
=== RUN   TestAttachAnchor_BelowMinimum
--- PASS: TestAttachAnchor_BelowMinimum (0.00s)
=== RUN   TestAttachAnchor_RetailInvestor
--- PASS: TestAttachAnchor_RetailInvestor (0.00s)
=== RUN   TestAttachAnchor_ExpiredCredential
--- PASS: TestAttachAnchor_ExpiredCredential (0.00s)
=== RUN   TestAddCoInvestor_Valid
--- PASS: TestAddCoInvestor_Valid (0.00s)
=== RUN   TestAddCoInvestor_DealNotAnchored
--- PASS: TestAddCoInvestor_DealNotAnchored (0.00s)
=== RUN   TestTotalCommitted_SumCorrect
--- PASS: TestTotalCommitted_SumCorrect (0.00s)
=== RUN   TestIsOversubscribed_True
--- PASS: TestIsOversubscribed_True (0.00s)
=== RUN   TestCheckAnchorDeadline_Fails
--- PASS: TestCheckAnchorDeadline_Fails (0.00s)
=== RUN   TestCheckAnchorDeadline_NotYet
--- PASS: TestCheckAnchorDeadline_NotYet (0.00s)
=== RUN   TestNewEURCPaymentProvider_Valid
--- PASS: TestNewEURCPaymentProvider_Valid (0.00s)
=== RUN   TestNewEURCPaymentProvider_MissingAPIKey_Error
--- PASS: TestNewEURCPaymentProvider_MissingAPIKey_Error (0.00s)
=== RUN   TestNewEURCPaymentProvider_MissingBaseURL_Error
--- PASS: TestNewEURCPaymentProvider_MissingBaseURL_Error (0.00s)
=== RUN   TestNewEURCPaymentProvider_NoWebhookSecret_OK
--- PASS: TestNewEURCPaymentProvider_NoWebhookSecret_OK (0.00s)
=== RUN   TestNewEURCPaymentProviderFromEnv_MissingAPIKey_Error
--- PASS: TestNewEURCPaymentProviderFromEnv_MissingAPIKey_Error (0.00s)
=== RUN   TestNewEURCPaymentProviderFromEnv_MissingWalletSetID_Error
--- PASS: TestNewEURCPaymentProviderFromEnv_MissingWalletSetID_Error (0.00s)
=== RUN   TestNewEURCPaymentProviderFromEnv_DefaultBaseURL
--- PASS: TestNewEURCPaymentProviderFromEnv_DefaultBaseURL (0.00s)
=== RUN   TestNewEURCPaymentProviderFromEnv_CustomBaseURL
--- PASS: TestNewEURCPaymentProviderFromEnv_CustomBaseURL (0.00s)
=== RUN   TestGetPaymentStatus_UnknownRef_ReturnsPending
--- PASS: TestGetPaymentStatus_UnknownRef_ReturnsPending (0.00s)
=== RUN   TestGetPaymentStatus_AfterConfirm_ReturnsConfirmed
--- PASS: TestGetPaymentStatus_AfterConfirm_ReturnsConfirmed (0.00s)
=== RUN   TestConfirmPayment_EUR_OK
--- PASS: TestConfirmPayment_EUR_OK (0.00s)
=== RUN   TestConfirmPayment_EURC_OK
--- PASS: TestConfirmPayment_EURC_OK (0.00s)
=== RUN   TestConfirmPayment_WrongCurrency_Error
--- PASS: TestConfirmPayment_WrongCurrency_Error (0.00s)
=== RUN   TestConfirmPayment_WrongCurrency_GBP_Error
--- PASS: TestConfirmPayment_WrongCurrency_GBP_Error (0.00s)
=== RUN   TestConfirmPayment_Idempotent
--- PASS: TestConfirmPayment_Idempotent (0.00s)
=== RUN   TestVerifyWebhookSignature_Valid
--- PASS: TestVerifyWebhookSignature_Valid (0.00s)
=== RUN   TestVerifyWebhookSignature_TamperedPayload_False
--- PASS: TestVerifyWebhookSignature_TamperedPayload_False (0.00s)
=== RUN   TestVerifyWebhookSignature_WrongSecret_False
--- PASS: TestVerifyWebhookSignature_WrongSecret_False (0.00s)
=== RUN   TestVerifyWebhookSignature_EmptySecret_False
--- PASS: TestVerifyWebhookSignature_EmptySecret_False (0.00s)
=== RUN   TestVerifyWebhookSignature_EmptyPayload_ValidHMAC
--- PASS: TestVerifyWebhookSignature_EmptyPayload_ValidHMAC (0.00s)
=== RUN   TestCreateVirtualAccount_Idempotent_NoHTTP
--- PASS: TestCreateVirtualAccount_Idempotent_NoHTTP (0.00s)
=== RUN   TestCreateVirtualAccount_DifferentWallets_DifferentAddresses
--- PASS: TestCreateVirtualAccount_DifferentWallets_DifferentAddresses (0.00s)
=== RUN   TestCreateVirtualAccount_ConcurrentSameWallet_UsesSingleHTTPRequest
--- PASS: TestCreateVirtualAccount_ConcurrentSameWallet_UsesSingleHTTPRequest (0.05s)
=== RUN   TestCreateVirtualAccount_HTTPFailure_DoesNotCacheFailedResult
--- PASS: TestCreateVirtualAccount_HTTPFailure_DoesNotCacheFailedResult (0.50s)
=== RUN   TestDecryptPrivateKeyLegacy_Valid
--- PASS: TestDecryptPrivateKeyLegacy_Valid (0.00s)
=== RUN   TestDecryptPrivateKeyLegacy_InvalidHex
--- PASS: TestDecryptPrivateKeyLegacy_InvalidHex (0.00s)
=== RUN   TestDecryptPrivateKeyLegacy_TooShort
--- PASS: TestDecryptPrivateKeyLegacy_TooShort (0.00s)
=== RUN   TestDecryptPrivateKeyLegacy_BadPassphraseLen
--- PASS: TestDecryptPrivateKeyLegacy_BadPassphraseLen (0.00s)
=== RUN   TestOperatorRegistry_RegistryPublicKey_ReturnsNonNil
--- PASS: TestOperatorRegistry_RegistryPublicKey_ReturnsNonNil (0.00s)
=== RUN   TestEURCCreateVirtualAccount_HTTPSuccess
--- PASS: TestEURCCreateVirtualAccount_HTTPSuccess (0.00s)
=== RUN   TestEURCCreateVirtualAccount_Idempotent_SecondCallCached
--- PASS: TestEURCCreateVirtualAccount_Idempotent_SecondCallCached (0.00s)
=== RUN   TestEURCCreateVirtualAccount_ServerError
--- PASS: TestEURCCreateVirtualAccount_ServerError (0.51s)
=== RUN   TestEURCCreateVirtualAccount_EmptyAddressInResponse
--- PASS: TestEURCCreateVirtualAccount_EmptyAddressInResponse (0.00s)
=== RUN   TestEURCCreateVirtualAccount_LongWalletID_TruncatesIdempotencyKey
--- PASS: TestEURCCreateVirtualAccount_LongWalletID_TruncatesIdempotencyKey (0.00s)
=== RUN   TestPontesGetPaymentStatus_PendingRef_APIReturnsSettled
--- PASS: TestPontesGetPaymentStatus_PendingRef_APIReturnsSettled (0.00s)
=== RUN   TestPontesGetPaymentStatus_PendingRef_APIReturnsPending
--- PASS: TestPontesGetPaymentStatus_PendingRef_APIReturnsPending (0.00s)
=== RUN   TestPontesGetPaymentStatus_PendingRef_APIFails_ReturnsUnknown
--- PASS: TestPontesGetPaymentStatus_PendingRef_APIFails_ReturnsUnknown (0.53s)
=== RUN   TestPontesGetPaymentStatus_PendingRef_BadJSONResponse_ReturnsUnknown
--- PASS: TestPontesGetPaymentStatus_PendingRef_BadJSONResponse_ReturnsUnknown (0.00s)
=== RUN   TestWallet_CreateTransaction_ZeroAmount
Created new wallet with PublicKey: 29ca89934d26045c59432eca4cd9d72e8f605cb0e1063e751df886902abfe630 and initial Balance: 0.000000
--- PASS: TestWallet_CreateTransaction_ZeroAmount (0.00s)
=== RUN   TestWallet_CreateTransaction_NegativeAmount
Created new wallet with PublicKey: 442f50b6bf14e6294f32bb43f35cb31b7c6c5d4c6cc61696312eb37cdbb7c5be and initial Balance: 0.000000
--- PASS: TestWallet_CreateTransaction_NegativeAmount (0.00s)
=== RUN   TestWallet_CreateTransaction_NilPrivateKey
--- PASS: TestWallet_CreateTransaction_NilPrivateKey (0.00s)
=== RUN   TestWallet_LockCurrency_ZeroAmount_Error
Created new wallet with PublicKey: ca13f7f9411e4711f2b0ed194f8b2df228599fc25de0ecdfe13dd34b6098fb28 and initial Balance: 0.000000
--- PASS: TestWallet_LockCurrency_ZeroAmount_Error (0.00s)
=== RUN   TestWallet_LockCurrency_InsufficientBalance_Error
Created new wallet with PublicKey: 0a042a838f94655d72078b8ebee6cb372035b8be6dd17b790e3cd2ca4f9a67bf and initial Balance: 0.000000
--- PASS: TestWallet_LockCurrency_InsufficientBalance_Error (0.00s)
=== RUN   TestWallet_LockCurrency_CreatesNewLockedEntry
Created new wallet with PublicKey: c2307eff7eb29ce8ef5a1681654f9c4d19bb56854d71434625f506fef3f2330b and initial Balance: 0.000000
Locked 50.000000 currency from wallet c2307eff7eb29ce8ef5a1681654f9c4d19bb56854d71434625f506fef3f2330b. New wallet balance: 150.000000. Locked wallet balance: 50.000000
--- PASS: TestWallet_LockCurrency_CreatesNewLockedEntry (0.00s)
=== RUN   TestWallet_UnlockCurrency_ZeroAmount_Error
Created new wallet with PublicKey: 0b9774976df744e268d497a0caabe06ccd5e5c265ad8fef6858414e950cbbfee and initial Balance: 0.000000
--- PASS: TestWallet_UnlockCurrency_ZeroAmount_Error (0.00s)
=== RUN   TestWallet_UnlockCurrency_NoLockedEntry_Error
Created new wallet with PublicKey: 0606a4d49a85a4c2c97f44f0f5846decb1d9e40a394f347696fd1e30cf875ad3 and initial Balance: 0.000000
--- PASS: TestWallet_UnlockCurrency_NoLockedEntry_Error (0.00s)
=== RUN   TestWallet_LockThenUnlock_FullCycle
Created new wallet with PublicKey: d64afb03ba8bdcfb2e93881ecb204563d381eb6ab35213ed2a9a0c80ec48f44b and initial Balance: 0.000000
Locked 60.000000 currency from wallet d64afb03ba8bdcfb2e93881ecb204563d381eb6ab35213ed2a9a0c80ec48f44b. New wallet balance: 40.000000. Locked wallet balance: 60.000000
Unlocked 60.000000 currency to wallet d64afb03ba8bdcfb2e93881ecb204563d381eb6ab35213ed2a9a0c80ec48f44b. New wallet balance: 100.000000. Locked wallet balance: 0.000000
--- PASS: TestWallet_LockThenUnlock_FullCycle (0.00s)
=== RUN   TestNewDeal_NilKey_Error
--- PASS: TestNewDeal_NilKey_Error (0.00s)
=== RUN   TestNewDeal_ZeroTargetAmount_Error
--- PASS: TestNewDeal_ZeroTargetAmount_Error (0.00s)
=== RUN   TestNewDeal_ZeroDeadlineDays_Error
--- PASS: TestNewDeal_ZeroDeadlineDays_Error (0.00s)
=== RUN   TestNewDealAnchor_NilKey_Error
--- PASS: TestNewDealAnchor_NilKey_Error (0.00s)
=== RUN   TestNewDealAnchor_ZeroAmount_Error
--- PASS: TestNewDealAnchor_ZeroAmount_Error (0.00s)
=== RUN   TestNewDealCommitment_NilKey_Error
--- PASS: TestNewDealCommitment_NilKey_Error (0.00s)
=== RUN   TestNewDealCommitment_ZeroAmount_Error
--- PASS: TestNewDealCommitment_ZeroAmount_Error (0.00s)
=== RUN   TestAttachAnchor_NilAnchor_Error
--- PASS: TestAttachAnchor_NilAnchor_Error (0.00s)
=== RUN   TestAttachAnchor_WrongStatus_Closed_Error
--- PASS: TestAttachAnchor_WrongStatus_Closed_Error (0.00s)
=== RUN   TestAttachAnchor_InvalidSignature_Error
--- PASS: TestAttachAnchor_InvalidSignature_Error (0.00s)
=== RUN   TestAddCoInvestor_NilCommitment_Error
--- PASS: TestAddCoInvestor_NilCommitment_Error (0.00s)
=== RUN   TestAddCoInvestor_DealIDMismatch_Error
--- PASS: TestAddCoInvestor_DealIDMismatch_Error (0.00s)
=== RUN   TestAddCoInvestor_InvalidSignature_Error
--- PASS: TestAddCoInvestor_InvalidSignature_Error (0.00s)
=== RUN   TestCheckAnchorDeadline_HasAnchor_ReturnsFalse
--- PASS: TestCheckAnchorDeadline_HasAnchor_ReturnsFalse (0.00s)
=== RUN   TestTopicValidator_OpenMode_AcceptsAll
--- PASS: TestTopicValidator_OpenMode_AcceptsAll (0.00s)
=== RUN   TestTopicValidator_PermissionedMode_AcceptsAllowlisted
--- PASS: TestTopicValidator_PermissionedMode_AcceptsAllowlisted (0.00s)
=== RUN   TestTopicValidator_PermissionedMode_RejectsUnlisted
--- PASS: TestTopicValidator_PermissionedMode_RejectsUnlisted (0.00s)
=== RUN   TestTopicValidator_RevokedPeer_IsRejected
--- PASS: TestTopicValidator_RevokedPeer_IsRejected (0.00s)
=== RUN   TestNewP2PNode_TopicValidator_RegistersCleanly
2026/06/03 16:15:52 consensus startup invariant: mode=hybrid http_seal=true dbft_consensus=true
2026-06-03T16:15:52.325+0100	INFO	p2pnode	GreenHouse.web3/p2p.go:448	Libp2p host created with ID: 12D3KooWMXgnZSjYVjDmckpwUPgKfW4d2B2wigr8eYH55vZAGzMH
2026/06/03 16:15:52 P2P: using Noise XX security transport (mutual auth)
2026-06-03T16:15:52.325+0100	INFO	p2pnode	GreenHouse.web3/p2p.go:453	Listening on: /ip4/127.0.0.1/tcp/61892/p2p/12D3KooWMXgnZSjYVjDmckpwUPgKfW4d2B2wigr8eYH55vZAGzMH
2026-06-03T16:15:52.325+0100	INFO	p2pnode	GreenHouse.web3/p2p.go:453	Listening on: /ip4/127.0.0.1/udp/58051/quic-v1/webtransport/certhash/uEiCasMddo038IX3ZwivOMerVb8y2SJvBZ_FGo_jtzAbP1Q/certhash/uEiCWHbZ8TCtcRcBUVFM033KJbJoK4bTtNXMEm_nceQg_QA/p2p/12D3KooWMXgnZSjYVjDmckpwUPgKfW4d2B2wigr8eYH55vZAGzMH
2026-06-03T16:15:52.325+0100	INFO	p2pnode	GreenHouse.web3/p2p.go:453	Listening on: /ip4/127.0.0.1/udp/58361/quic-v1/p2p/12D3KooWMXgnZSjYVjDmckpwUPgKfW4d2B2wigr8eYH55vZAGzMH
2026-06-03T16:15:52.325+0100	INFO	p2pnode	GreenHouse.web3/p2p.go:453	Listening on: /ip4/127.0.0.1/udp/60369/webrtc-direct/certhash/uEiB6mfJMGmTdWLwIE7JQIybzW9PcYMidH7FTk0l43i-SLw/p2p/12D3KooWMXgnZSjYVjDmckpwUPgKfW4d2B2wigr8eYH55vZAGzMH
2026-06-03T16:15:52.325+0100	INFO	p2pnode	GreenHouse.web3/p2p.go:453	Listening on: /ip4/192.168.0.156/tcp/61892/p2p/12D3KooWMXgnZSjYVjDmckpwUPgKfW4d2B2wigr8eYH55vZAGzMH
2026-06-03T16:15:52.325+0100	INFO	p2pnode	GreenHouse.web3/p2p.go:453	Listening on: /ip4/192.168.0.156/udp/58051/quic-v1/webtransport/certhash/uEiCasMddo038IX3ZwivOMerVb8y2SJvBZ_FGo_jtzAbP1Q/certhash/uEiCWHbZ8TCtcRcBUVFM033KJbJoK4bTtNXMEm_nceQg_QA/p2p/12D3KooWMXgnZSjYVjDmckpwUPgKfW4d2B2wigr8eYH55vZAGzMH
2026-06-03T16:15:52.325+0100	INFO	p2pnode	GreenHouse.web3/p2p.go:453	Listening on: /ip4/192.168.0.156/udp/58361/quic-v1/p2p/12D3KooWMXgnZSjYVjDmckpwUPgKfW4d2B2wigr8eYH55vZAGzMH
2026-06-03T16:15:52.325+0100	INFO	p2pnode	GreenHouse.web3/p2p.go:453	Listening on: /ip4/192.168.0.156/udp/60369/webrtc-direct/certhash/uEiB6mfJMGmTdWLwIE7JQIybzW9PcYMidH7FTk0l43i-SLw/p2p/12D3KooWMXgnZSjYVjDmckpwUPgKfW4d2B2wigr8eYH55vZAGzMH
2026-06-03T16:15:52.325+0100	INFO	p2pnode	GreenHouse.web3/p2p.go:453	Listening on: /ip6/::1/tcp/61893/p2p/12D3KooWMXgnZSjYVjDmckpwUPgKfW4d2B2wigr8eYH55vZAGzMH
2026-06-03T16:15:52.325+0100	INFO	p2pnode	GreenHouse.web3/p2p.go:453	Listening on: /ip6/::1/udp/51361/webrtc-direct/certhash/uEiB6mfJMGmTdWLwIE7JQIybzW9PcYMidH7FTk0l43i-SLw/p2p/12D3KooWMXgnZSjYVjDmckpwUPgKfW4d2B2wigr8eYH55vZAGzMH
2026-06-03T16:15:52.325+0100	INFO	p2pnode	GreenHouse.web3/p2p.go:453	Listening on: /ip6/::1/udp/57367/quic-v1/webtransport/certhash/uEiCasMddo038IX3ZwivOMerVb8y2SJvBZ_FGo_jtzAbP1Q/certhash/uEiCWHbZ8TCtcRcBUVFM033KJbJoK4bTtNXMEm_nceQg_QA/p2p/12D3KooWMXgnZSjYVjDmckpwUPgKfW4d2B2wigr8eYH55vZAGzMH
2026-06-03T16:15:52.325+0100	INFO	p2pnode	GreenHouse.web3/p2p.go:453	Listening on: /ip6/::1/udp/61834/quic-v1/p2p/12D3KooWMXgnZSjYVjDmckpwUPgKfW4d2B2wigr8eYH55vZAGzMH
2026-06-03T16:15:52.325+0100	INFO	p2pnode	GreenHouse.web3/p2p.go:513	DHT discovery disabled (GONETWORK_DISABLE_P2P_DHT=1)
2026-06-03T16:15:52.325+0100	INFO	p2pnode	GreenHouse.web3/p2p.go:532	PubSub service initialized (D=4 Dlo=3 Dhi=5 heartbeat=500ms)
2026-06-03T16:15:52.325+0100	INFO	p2pnode	GreenHouse.web3/p2p.go:539	Joined topic: test-gossipsub-validator
2026-06-03T16:15:52.325+0100	INFO	p2pnode	GreenHouse.web3/p2p.go:546	Joined consensus topic: test-gossipsub-validator/consensus
2026-06-03T16:15:52.325+0100	INFO	p2pnode	GreenHouse.web3/p2p.go:563	Topic validator registered for test-gossipsub-validator
2026-06-03T16:15:52.325+0100	INFO	p2pnode	GreenHouse.web3/p2p.go:573	Topic validator registered for test-gossipsub-validator/consensus
2026-06-03T16:15:52.325+0100	INFO	p2pnode	GreenHouse.web3/p2p.go:580	Subscribed to topic
2026-06-03T16:15:52.325+0100	INFO	p2pnode	GreenHouse.web3/p2p.go:586	Subscribed to consensus topic
2026-06-03T16:15:52.325+0100	INFO	p2pnode	GreenHouse.web3/p2p.go:603	mDNS discovery disabled (GONETWORK_DISABLE_P2P_MDNS=1)
2026-06-03T16:15:52.325+0100	INFO	p2pnode	GreenHouse.web3/p2p.go:712	Stream handler set for direct messaging
2026/06/03 16:15:52 consensus startup invariant: mode=hybrid http_seal=true dbft_consensus=true
2026-06-03T16:15:52.331+0100	INFO	p2pnode	GreenHouse.web3/p2p.go:448	Libp2p host created with ID: 12D3KooWN342gwkR3yFvXgVcisU4suwhNcNzYwjH9YaFwqpTyhFC
2026/06/03 16:15:52 P2P: using Noise XX security transport (mutual auth)
2026-06-03T16:15:52.331+0100	INFO	p2pnode	GreenHouse.web3/p2p.go:453	Listening on: /ip4/127.0.0.1/tcp/61894/p2p/12D3KooWN342gwkR3yFvXgVcisU4suwhNcNzYwjH9YaFwqpTyhFC
2026-06-03T16:15:52.331+0100	INFO	p2pnode	GreenHouse.web3/p2p.go:453	Listening on: /ip4/127.0.0.1/udp/59313/webrtc-direct/certhash/uEiDs1-HUI88Ev7qI-yO47wioLtX7CiLrhFJTIPMwQYnVag/p2p/12D3KooWN342gwkR3yFvXgVcisU4suwhNcNzYwjH9YaFwqpTyhFC
2026-06-03T16:15:52.331+0100	INFO	p2pnode	GreenHouse.web3/p2p.go:453	Listening on: /ip4/127.0.0.1/udp/59748/quic-v1/p2p/12D3KooWN342gwkR3yFvXgVcisU4suwhNcNzYwjH9YaFwqpTyhFC
2026-06-03T16:15:52.331+0100	INFO	p2pnode	GreenHouse.web3/p2p.go:453	Listening on: /ip4/127.0.0.1/udp/63983/quic-v1/webtransport/certhash/uEiBJ4ALXo9YB_s8qT-u7hBMWTPREloZLzmhYgsphdOHirg/certhash/uEiAhV1vFU_JdSYkVi8bQpVE-T3Z_DgCVEwo2uwsNsmy_Yg/p2p/12D3KooWN342gwkR3yFvXgVcisU4suwhNcNzYwjH9YaFwqpTyhFC
2026-06-03T16:15:52.331+0100	INFO	p2pnode	GreenHouse.web3/p2p.go:453	Listening on: /ip4/192.168.0.156/tcp/61894/p2p/12D3KooWN342gwkR3yFvXgVcisU4suwhNcNzYwjH9YaFwqpTyhFC
2026-06-03T16:15:52.331+0100	INFO	p2pnode	GreenHouse.web3/p2p.go:453	Listening on: /ip4/192.168.0.156/udp/59313/webrtc-direct/certhash/uEiDs1-HUI88Ev7qI-yO47wioLtX7CiLrhFJTIPMwQYnVag/p2p/12D3KooWN342gwkR3yFvXgVcisU4suwhNcNzYwjH9YaFwqpTyhFC
2026-06-03T16:15:52.331+0100	INFO	p2pnode	GreenHouse.web3/p2p.go:453	Listening on: /ip4/192.168.0.156/udp/59748/quic-v1/p2p/12D3KooWN342gwkR3yFvXgVcisU4suwhNcNzYwjH9YaFwqpTyhFC
2026-06-03T16:15:52.331+0100	INFO	p2pnode	GreenHouse.web3/p2p.go:453	Listening on: /ip4/192.168.0.156/udp/63983/quic-v1/webtransport/certhash/uEiBJ4ALXo9YB_s8qT-u7hBMWTPREloZLzmhYgsphdOHirg/certhash/uEiAhV1vFU_JdSYkVi8bQpVE-T3Z_DgCVEwo2uwsNsmy_Yg/p2p/12D3KooWN342gwkR3yFvXgVcisU4suwhNcNzYwjH9YaFwqpTyhFC
2026-06-03T16:15:52.331+0100	INFO	p2pnode	GreenHouse.web3/p2p.go:453	Listening on: /ip6/::1/tcp/61895/p2p/12D3KooWN342gwkR3yFvXgVcisU4suwhNcNzYwjH9YaFwqpTyhFC
2026-06-03T16:15:52.331+0100	INFO	p2pnode	GreenHouse.web3/p2p.go:453	Listening on: /ip6/::1/udp/50296/webrtc-direct/certhash/uEiDs1-HUI88Ev7qI-yO47wioLtX7CiLrhFJTIPMwQYnVag/p2p/12D3KooWN342gwkR3yFvXgVcisU4suwhNcNzYwjH9YaFwqpTyhFC
2026-06-03T16:15:52.331+0100	INFO	p2pnode	GreenHouse.web3/p2p.go:453	Listening on: /ip6/::1/udp/65012/quic-v1/p2p/12D3KooWN342gwkR3yFvXgVcisU4suwhNcNzYwjH9YaFwqpTyhFC
2026-06-03T16:15:52.331+0100	INFO	p2pnode	GreenHouse.web3/p2p.go:453	Listening on: /ip6/::1/udp/65141/quic-v1/webtransport/certhash/uEiBJ4ALXo9YB_s8qT-u7hBMWTPREloZLzmhYgsphdOHirg/certhash/uEiAhV1vFU_JdSYkVi8bQpVE-T3Z_DgCVEwo2uwsNsmy_Yg/p2p/12D3KooWN342gwkR3yFvXgVcisU4suwhNcNzYwjH9YaFwqpTyhFC
2026-06-03T16:15:52.331+0100	INFO	p2pnode	GreenHouse.web3/p2p.go:513	DHT discovery disabled (GONETWORK_DISABLE_P2P_DHT=1)
2026-06-03T16:15:52.331+0100	INFO	p2pnode	GreenHouse.web3/p2p.go:532	PubSub service initialized (D=4 Dlo=3 Dhi=5 heartbeat=500ms)
2026-06-03T16:15:52.331+0100	INFO	p2pnode	GreenHouse.web3/p2p.go:539	Joined topic: test-gossipsub-validator-perm
2026-06-03T16:15:52.331+0100	INFO	p2pnode	GreenHouse.web3/p2p.go:546	Joined consensus topic: test-gossipsub-validator-perm/consensus
2026-06-03T16:15:52.331+0100	INFO	p2pnode	GreenHouse.web3/p2p.go:563	Topic validator registered for test-gossipsub-validator-perm
2026-06-03T16:15:52.331+0100	INFO	p2pnode	GreenHouse.web3/p2p.go:573	Topic validator registered for test-gossipsub-validator-perm/consensus
2026-06-03T16:15:52.331+0100	INFO	p2pnode	GreenHouse.web3/p2p.go:580	Subscribed to topic
2026-06-03T16:15:52.331+0100	INFO	p2pnode	GreenHouse.web3/p2p.go:586	Subscribed to consensus topic
2026-06-03T16:15:52.331+0100	INFO	p2pnode	GreenHouse.web3/p2p.go:603	mDNS discovery disabled (GONETWORK_DISABLE_P2P_MDNS=1)
2026-06-03T16:15:52.331+0100	INFO	p2pnode	GreenHouse.web3/p2p.go:712	Stream handler set for direct messaging
2026/06/03 16:15:52 Shutting down P2PNode...
2026/06/03 16:15:52 Closing PubSub subscription...
2026/06/03 16:15:52 Closing consensus PubSub subscription...
2026/06/03 16:15:52 Closing PubSub topic...
2026/06/03 16:15:52 Closing consensus PubSub topic...
2026/06/03 16:15:52 Closing libp2p host...
2026/06/03 16:15:52 P2PNode shutdown complete.
2026/06/03 16:15:52 Shutting down P2PNode...
2026/06/03 16:15:52 Closing PubSub subscription...
2026/06/03 16:15:52 Closing consensus PubSub subscription...
2026/06/03 16:15:52 Closing PubSub topic...
2026/06/03 16:15:52 Closing consensus PubSub topic...
2026/06/03 16:15:52 Closing libp2p host...
2026/06/03 16:15:52 P2PNode shutdown complete.
--- PASS: TestNewP2PNode_TopicValidator_RegistersCleanly (0.01s)
=== RUN   TestNewP2PNode_GaterIsPermissionedAfterManifest
2026/06/03 16:15:52 consensus startup invariant: mode=hybrid http_seal=true dbft_consensus=true
2026-06-03T16:15:52.338+0100	INFO	p2pnode	GreenHouse.web3/p2p.go:448	Libp2p host created with ID: 12D3KooWPbEUst111jR1KjBWVvvWmAN5ad7xebHEJdwm5va4cwjs
2026/06/03 16:15:52 P2P: using Noise XX security transport (mutual auth)
2026-06-03T16:15:52.338+0100	INFO	p2pnode	GreenHouse.web3/p2p.go:453	Listening on: /ip4/127.0.0.1/tcp/61896/p2p/12D3KooWPbEUst111jR1KjBWVvvWmAN5ad7xebHEJdwm5va4cwjs
2026-06-03T16:15:52.338+0100	INFO	p2pnode	GreenHouse.web3/p2p.go:453	Listening on: /ip4/127.0.0.1/udp/55498/webrtc-direct/certhash/uEiCg_zlrQoVWjGCZziqfdi1r1suTj_vk49NjA88I3OaC2w/p2p/12D3KooWPbEUst111jR1KjBWVvvWmAN5ad7xebHEJdwm5va4cwjs
2026-06-03T16:15:52.338+0100	INFO	p2pnode	GreenHouse.web3/p2p.go:453	Listening on: /ip4/127.0.0.1/udp/58999/quic-v1/webtransport/certhash/uEiC6uzg3QiH_cbCCNre5idTSGL0ZwCmz8UbiDfYTkzaZ5Q/certhash/uEiDTqJels5nWEavoCl-p4vsoYO6MW_PrN1ss9ROZ-Z63QA/p2p/12D3KooWPbEUst111jR1KjBWVvvWmAN5ad7xebHEJdwm5va4cwjs
2026-06-03T16:15:52.338+0100	INFO	p2pnode	GreenHouse.web3/p2p.go:453	Listening on: /ip4/127.0.0.1/udp/64863/quic-v1/p2p/12D3KooWPbEUst111jR1KjBWVvvWmAN5ad7xebHEJdwm5va4cwjs
2026-06-03T16:15:52.338+0100	INFO	p2pnode	GreenHouse.web3/p2p.go:453	Listening on: /ip4/192.168.0.156/tcp/61896/p2p/12D3KooWPbEUst111jR1KjBWVvvWmAN5ad7xebHEJdwm5va4cwjs
2026-06-03T16:15:52.338+0100	INFO	p2pnode	GreenHouse.web3/p2p.go:453	Listening on: /ip4/192.168.0.156/udp/55498/webrtc-direct/certhash/uEiCg_zlrQoVWjGCZziqfdi1r1suTj_vk49NjA88I3OaC2w/p2p/12D3KooWPbEUst111jR1KjBWVvvWmAN5ad7xebHEJdwm5va4cwjs
2026-06-03T16:15:52.338+0100	INFO	p2pnode	GreenHouse.web3/p2p.go:453	Listening on: /ip4/192.168.0.156/udp/58999/quic-v1/webtransport/certhash/uEiC6uzg3QiH_cbCCNre5idTSGL0ZwCmz8UbiDfYTkzaZ5Q/certhash/uEiDTqJels5nWEavoCl-p4vsoYO6MW_PrN1ss9ROZ-Z63QA/p2p/12D3KooWPbEUst111jR1KjBWVvvWmAN5ad7xebHEJdwm5va4cwjs
2026-06-03T16:15:52.338+0100	INFO	p2pnode	GreenHouse.web3/p2p.go:453	Listening on: /ip4/192.168.0.156/udp/64863/quic-v1/p2p/12D3KooWPbEUst111jR1KjBWVvvWmAN5ad7xebHEJdwm5va4cwjs
2026-06-03T16:15:52.338+0100	INFO	p2pnode	GreenHouse.web3/p2p.go:453	Listening on: /ip6/::1/tcp/61897/p2p/12D3KooWPbEUst111jR1KjBWVvvWmAN5ad7xebHEJdwm5va4cwjs
2026-06-03T16:15:52.338+0100	INFO	p2pnode	GreenHouse.web3/p2p.go:453	Listening on: /ip6/::1/udp/52636/quic-v1/p2p/12D3KooWPbEUst111jR1KjBWVvvWmAN5ad7xebHEJdwm5va4cwjs
2026-06-03T16:15:52.338+0100	INFO	p2pnode	GreenHouse.web3/p2p.go:453	Listening on: /ip6/::1/udp/63461/quic-v1/webtransport/certhash/uEiC6uzg3QiH_cbCCNre5idTSGL0ZwCmz8UbiDfYTkzaZ5Q/certhash/uEiDTqJels5nWEavoCl-p4vsoYO6MW_PrN1ss9ROZ-Z63QA/p2p/12D3KooWPbEUst111jR1KjBWVvvWmAN5ad7xebHEJdwm5va4cwjs
2026-06-03T16:15:52.338+0100	INFO	p2pnode	GreenHouse.web3/p2p.go:453	Listening on: /ip6/::1/udp/64650/webrtc-direct/certhash/uEiCg_zlrQoVWjGCZziqfdi1r1suTj_vk49NjA88I3OaC2w/p2p/12D3KooWPbEUst111jR1KjBWVvvWmAN5ad7xebHEJdwm5va4cwjs
2026-06-03T16:15:52.338+0100	INFO	p2pnode	GreenHouse.web3/p2p.go:513	DHT discovery disabled (GONETWORK_DISABLE_P2P_DHT=1)
2026-06-03T16:15:52.338+0100	INFO	p2pnode	GreenHouse.web3/p2p.go:532	PubSub service initialized (D=4 Dlo=3 Dhi=5 heartbeat=500ms)
2026-06-03T16:15:52.338+0100	INFO	p2pnode	GreenHouse.web3/p2p.go:539	Joined topic: test-gossipsub-gater
2026-06-03T16:15:52.338+0100	INFO	p2pnode	GreenHouse.web3/p2p.go:546	Joined consensus topic: test-gossipsub-gater/consensus
2026-06-03T16:15:52.338+0100	INFO	p2pnode	GreenHouse.web3/p2p.go:563	Topic validator registered for test-gossipsub-gater
2026-06-03T16:15:52.338+0100	INFO	p2pnode	GreenHouse.web3/p2p.go:573	Topic validator registered for test-gossipsub-gater/consensus
2026-06-03T16:15:52.338+0100	INFO	p2pnode	GreenHouse.web3/p2p.go:580	Subscribed to topic
2026-06-03T16:15:52.338+0100	INFO	p2pnode	GreenHouse.web3/p2p.go:586	Subscribed to consensus topic
2026-06-03T16:15:52.338+0100	INFO	p2pnode	GreenHouse.web3/p2p.go:603	mDNS discovery disabled (GONETWORK_DISABLE_P2P_MDNS=1)
2026-06-03T16:15:52.338+0100	INFO	p2pnode	GreenHouse.web3/p2p.go:712	Stream handler set for direct messaging
2026/06/03 16:15:52 Shutting down P2PNode...
2026/06/03 16:15:52 Closing PubSub subscription...
2026/06/03 16:15:52 Closing consensus PubSub subscription...
2026/06/03 16:15:52 Closing PubSub topic...
2026/06/03 16:15:52 Closing consensus PubSub topic...
2026/06/03 16:15:52 Closing libp2p host...
2026/06/03 16:15:52 P2PNode shutdown complete.
--- PASS: TestNewP2PNode_GaterIsPermissionedAfterManifest (0.01s)
=== RUN   TestHandleMessages_GaterDropsRevokedSender
2026/06/03 16:15:52 consensus startup invariant: mode=hybrid http_seal=true dbft_consensus=true
2026-06-03T16:15:52.343+0100	INFO	p2pnode	GreenHouse.web3/p2p.go:448	Libp2p host created with ID: 12D3KooWFxtmLpU8uMvtBRvypgNPYjVkRrmvJFyFzayKaa1sJPUY
2026/06/03 16:15:52 P2P: using Noise XX security transport (mutual auth)
2026-06-03T16:15:52.343+0100	INFO	p2pnode	GreenHouse.web3/p2p.go:453	Listening on: /ip4/127.0.0.1/tcp/61898/p2p/12D3KooWFxtmLpU8uMvtBRvypgNPYjVkRrmvJFyFzayKaa1sJPUY
2026-06-03T16:15:52.343+0100	INFO	p2pnode	GreenHouse.web3/p2p.go:453	Listening on: /ip4/127.0.0.1/udp/50323/quic-v1/p2p/12D3KooWFxtmLpU8uMvtBRvypgNPYjVkRrmvJFyFzayKaa1sJPUY
2026-06-03T16:15:52.343+0100	INFO	p2pnode	GreenHouse.web3/p2p.go:453	Listening on: /ip4/127.0.0.1/udp/57183/quic-v1/webtransport/certhash/uEiCkf1wALavqumVgCQ56ZXQxk_cqpp8YeMV5EF4ZBIiyWg/certhash/uEiA10j27czEAzJo9wnj2io0o3vhhP9U1WpyA_0cQOxE9_w/p2p/12D3KooWFxtmLpU8uMvtBRvypgNPYjVkRrmvJFyFzayKaa1sJPUY
2026-06-03T16:15:52.343+0100	INFO	p2pnode	GreenHouse.web3/p2p.go:453	Listening on: /ip4/127.0.0.1/udp/59199/webrtc-direct/certhash/uEiC9c3O_KwHntFoYu51OZvDriDox8EHEZBG-6ppddbEzMA/p2p/12D3KooWFxtmLpU8uMvtBRvypgNPYjVkRrmvJFyFzayKaa1sJPUY
2026-06-03T16:15:52.343+0100	INFO	p2pnode	GreenHouse.web3/p2p.go:453	Listening on: /ip4/192.168.0.156/tcp/61898/p2p/12D3KooWFxtmLpU8uMvtBRvypgNPYjVkRrmvJFyFzayKaa1sJPUY
2026-06-03T16:15:52.343+0100	INFO	p2pnode	GreenHouse.web3/p2p.go:453	Listening on: /ip4/192.168.0.156/udp/50323/quic-v1/p2p/12D3KooWFxtmLpU8uMvtBRvypgNPYjVkRrmvJFyFzayKaa1sJPUY
2026-06-03T16:15:52.343+0100	INFO	p2pnode	GreenHouse.web3/p2p.go:453	Listening on: /ip4/192.168.0.156/udp/57183/quic-v1/webtransport/certhash/uEiCkf1wALavqumVgCQ56ZXQxk_cqpp8YeMV5EF4ZBIiyWg/certhash/uEiA10j27czEAzJo9wnj2io0o3vhhP9U1WpyA_0cQOxE9_w/p2p/12D3KooWFxtmLpU8uMvtBRvypgNPYjVkRrmvJFyFzayKaa1sJPUY
2026-06-03T16:15:52.343+0100	INFO	p2pnode	GreenHouse.web3/p2p.go:453	Listening on: /ip4/192.168.0.156/udp/59199/webrtc-direct/certhash/uEiC9c3O_KwHntFoYu51OZvDriDox8EHEZBG-6ppddbEzMA/p2p/12D3KooWFxtmLpU8uMvtBRvypgNPYjVkRrmvJFyFzayKaa1sJPUY
2026-06-03T16:15:52.343+0100	INFO	p2pnode	GreenHouse.web3/p2p.go:453	Listening on: /ip6/::1/tcp/61899/p2p/12D3KooWFxtmLpU8uMvtBRvypgNPYjVkRrmvJFyFzayKaa1sJPUY
2026-06-03T16:15:52.343+0100	INFO	p2pnode	GreenHouse.web3/p2p.go:453	Listening on: /ip6/::1/udp/49725/webrtc-direct/certhash/uEiC9c3O_KwHntFoYu51OZvDriDox8EHEZBG-6ppddbEzMA/p2p/12D3KooWFxtmLpU8uMvtBRvypgNPYjVkRrmvJFyFzayKaa1sJPUY
2026-06-03T16:15:52.343+0100	INFO	p2pnode	GreenHouse.web3/p2p.go:453	Listening on: /ip6/::1/udp/54516/quic-v1/p2p/12D3KooWFxtmLpU8uMvtBRvypgNPYjVkRrmvJFyFzayKaa1sJPUY
2026-06-03T16:15:52.343+0100	INFO	p2pnode	GreenHouse.web3/p2p.go:453	Listening on: /ip6/::1/udp/57985/quic-v1/webtransport/certhash/uEiCkf1wALavqumVgCQ56ZXQxk_cqpp8YeMV5EF4ZBIiyWg/certhash/uEiA10j27czEAzJo9wnj2io0o3vhhP9U1WpyA_0cQOxE9_w/p2p/12D3KooWFxtmLpU8uMvtBRvypgNPYjVkRrmvJFyFzayKaa1sJPUY
2026-06-03T16:15:52.343+0100	INFO	p2pnode	GreenHouse.web3/p2p.go:513	DHT discovery disabled (GONETWORK_DISABLE_P2P_DHT=1)
2026-06-03T16:15:52.343+0100	INFO	p2pnode	GreenHouse.web3/p2p.go:532	PubSub service initialized (D=4 Dlo=3 Dhi=5 heartbeat=500ms)
2026-06-03T16:15:52.343+0100	INFO	p2pnode	GreenHouse.web3/p2p.go:539	Joined topic: test-hm-gater
2026-06-03T16:15:52.343+0100	INFO	p2pnode	GreenHouse.web3/p2p.go:546	Joined consensus topic: test-hm-gater/consensus
2026-06-03T16:15:52.343+0100	INFO	p2pnode	GreenHouse.web3/p2p.go:563	Topic validator registered for test-hm-gater
2026-06-03T16:15:52.343+0100	INFO	p2pnode	GreenHouse.web3/p2p.go:573	Topic validator registered for test-hm-gater/consensus
2026-06-03T16:15:52.343+0100	INFO	p2pnode	GreenHouse.web3/p2p.go:580	Subscribed to topic
2026-06-03T16:15:52.343+0100	INFO	p2pnode	GreenHouse.web3/p2p.go:586	Subscribed to consensus topic
2026-06-03T16:15:52.343+0100	INFO	p2pnode	GreenHouse.web3/p2p.go:603	mDNS discovery disabled (GONETWORK_DISABLE_P2P_MDNS=1)
2026-06-03T16:15:52.343+0100	INFO	p2pnode	GreenHouse.web3/p2p.go:712	Stream handler set for direct messaging
2026/06/03 16:15:52 Stopping message handling (context done).
2026/06/03 16:15:52 Shutting down P2PNode...
2026/06/03 16:15:52 Closing PubSub subscription...
2026/06/03 16:15:52 Closing consensus PubSub subscription...
2026/06/03 16:15:52 Closing PubSub topic...
2026/06/03 16:15:52 Error closing PubSub topic: context canceled
2026/06/03 16:15:52 Closing consensus PubSub topic...
2026/06/03 16:15:52 Error closing consensus PubSub topic: context canceled
2026/06/03 16:15:52 Closing libp2p host...
2026/06/03 16:15:52 P2PNode shutdown complete.
--- PASS: TestHandleMessages_GaterDropsRevokedSender (0.01s)
=== RUN   TestNewCredential_Valid
--- PASS: TestNewCredential_Valid (0.00s)
=== RUN   TestNewCredential_InvalidJurisdiction
--- PASS: TestNewCredential_InvalidJurisdiction (0.00s)
=== RUN   TestNewCredential_EmptyWalletKey
--- PASS: TestNewCredential_EmptyWalletKey (0.00s)
=== RUN   TestNewCredential_NilRegistryKey
--- PASS: TestNewCredential_NilRegistryKey (0.00s)
=== RUN   TestNewCredential_InvalidDays
--- PASS: TestNewCredential_InvalidDays (0.00s)
=== RUN   TestCredentialExpiry
--- PASS: TestCredentialExpiry (0.00s)
=== RUN   TestCredentialToAttestation
--- PASS: TestCredentialToAttestation (0.00s)
=== RUN   TestCredentialSignatureTampering
--- PASS: TestCredentialSignatureTampering (0.00s)
=== RUN   TestCredentialVerifySignature_WrongKey
--- PASS: TestCredentialVerifySignature_WrongKey (0.00s)
=== RUN   TestAttestationIsValid
--- PASS: TestAttestationIsValid (0.00s)
=== RUN   TestAttestationIsAccredited
--- PASS: TestAttestationIsAccredited (0.00s)
=== RUN   TestMockRegistry_IssueAndVerify
--- PASS: TestMockRegistry_IssueAndVerify (0.00s)
=== RUN   TestMockRegistry_VerifyUnknownWallet
--- PASS: TestMockRegistry_VerifyUnknownWallet (0.00s)
=== RUN   TestMockRegistry_RegistryPublicKey
--- PASS: TestMockRegistry_RegistryPublicKey (0.00s)
=== RUN   TestCheckTransferEligibility_NoRestrictions
--- PASS: TestCheckTransferEligibility_NoRestrictions (0.00s)
=== RUN   TestCheckTransferEligibility_Accredited
--- PASS: TestCheckTransferEligibility_Accredited (0.00s)
=== RUN   TestCheckTransferEligibility_RetailBlocked
--- PASS: TestCheckTransferEligibility_RetailBlocked (0.00s)
=== RUN   TestCheckTransferEligibility_JurisdictionBlocked
--- PASS: TestCheckTransferEligibility_JurisdictionBlocked (0.00s)
=== RUN   TestCheckTransferEligibility_NoCredentialForAccreditedAsset
--- PASS: TestCheckTransferEligibility_NoCredentialForAccreditedAsset (0.00s)
=== RUN   TestAssetValidationWithCredentials
--- PASS: TestAssetValidationWithCredentials (0.00s)
=== RUN   TestProcessConvertibleConversion_Success
--- PASS: TestProcessConvertibleConversion_Success (0.00s)
=== RUN   TestProcessConvertibleConversion_ExistingEquityHolding_Incremented
--- PASS: TestProcessConvertibleConversion_ExistingEquityHolding_Incremented (0.00s)
=== RUN   TestProcessConvertibleConversion_ZeroUnits_Error
--- PASS: TestProcessConvertibleConversion_ZeroUnits_Error (0.00s)
=== RUN   TestProcessConvertibleConversion_ZeroRatio_Error
--- PASS: TestProcessConvertibleConversion_ZeroRatio_Error (0.00s)
=== RUN   TestProcessConvertibleConversion_EmptyHolderKey_Error
--- PASS: TestProcessConvertibleConversion_EmptyHolderKey_Error (0.00s)
=== RUN   TestProcessConvertibleConversion_MissingConvertibleAsset_Error
--- PASS: TestProcessConvertibleConversion_MissingConvertibleAsset_Error (0.00s)
=== RUN   TestProcessConvertibleConversion_WrongAssetType_Error
--- PASS: TestProcessConvertibleConversion_WrongAssetType_Error (0.00s)
=== RUN   TestProcessConvertibleConversion_InsufficientBalance_Error
--- PASS: TestProcessConvertibleConversion_InsufficientBalance_Error (0.00s)
=== RUN   TestProcessConvertibleConversion_NoHolding_Error
--- PASS: TestProcessConvertibleConversion_NoHolding_Error (0.00s)
=== RUN   TestProcessConvertibleConversion_MissingEquityAsset_Error
--- PASS: TestProcessConvertibleConversion_MissingEquityAsset_Error (0.00s)
=== RUN   TestValidateBlock_EmptyBlock_ReturnsFalse
2026/06/03 16:15:52 consensus startup invariant: mode=hybrid http_seal=true dbft_consensus=true
2026-06-03T16:15:52.352+0100	INFO	p2pnode	GreenHouse.web3/p2p.go:448	Libp2p host created with ID: 12D3KooWDpKZxRKvwNpGpbcW3ey9m2XRKpahZNhmcM2NtCD5B7UC
2026/06/03 16:15:52 P2P: using Noise XX security transport (mutual auth)
2026-06-03T16:15:52.352+0100	INFO	p2pnode	GreenHouse.web3/p2p.go:453	Listening on: /ip4/127.0.0.1/tcp/61900/p2p/12D3KooWDpKZxRKvwNpGpbcW3ey9m2XRKpahZNhmcM2NtCD5B7UC
2026-06-03T16:15:52.352+0100	INFO	p2pnode	GreenHouse.web3/p2p.go:453	Listening on: /ip4/127.0.0.1/udp/52954/quic-v1/webtransport/certhash/uEiCVx8N2grch5twUAHiaSQBbVMnEJoY7NB00tKWepQRXRA/certhash/uEiCh5NvIUs3fqiQ0t2kJpOyxsVKcmlC78SD4vn90qXQ6Cw/p2p/12D3KooWDpKZxRKvwNpGpbcW3ey9m2XRKpahZNhmcM2NtCD5B7UC
2026-06-03T16:15:52.352+0100	INFO	p2pnode	GreenHouse.web3/p2p.go:453	Listening on: /ip4/127.0.0.1/udp/58326/webrtc-direct/certhash/uEiBXMofjfdK6S9fDncYCim9piI5_PQBtIPJUify92C52xA/p2p/12D3KooWDpKZxRKvwNpGpbcW3ey9m2XRKpahZNhmcM2NtCD5B7UC
2026-06-03T16:15:52.352+0100	INFO	p2pnode	GreenHouse.web3/p2p.go:453	Listening on: /ip4/127.0.0.1/udp/61076/quic-v1/p2p/12D3KooWDpKZxRKvwNpGpbcW3ey9m2XRKpahZNhmcM2NtCD5B7UC
2026-06-03T16:15:52.352+0100	INFO	p2pnode	GreenHouse.web3/p2p.go:453	Listening on: /ip4/192.168.0.156/tcp/61900/p2p/12D3KooWDpKZxRKvwNpGpbcW3ey9m2XRKpahZNhmcM2NtCD5B7UC
2026-06-03T16:15:52.352+0100	INFO	p2pnode	GreenHouse.web3/p2p.go:453	Listening on: /ip4/192.168.0.156/udp/52954/quic-v1/webtransport/certhash/uEiCVx8N2grch5twUAHiaSQBbVMnEJoY7NB00tKWepQRXRA/certhash/uEiCh5NvIUs3fqiQ0t2kJpOyxsVKcmlC78SD4vn90qXQ6Cw/p2p/12D3KooWDpKZxRKvwNpGpbcW3ey9m2XRKpahZNhmcM2NtCD5B7UC
2026-06-03T16:15:52.352+0100	INFO	p2pnode	GreenHouse.web3/p2p.go:453	Listening on: /ip4/192.168.0.156/udp/58326/webrtc-direct/certhash/uEiBXMofjfdK6S9fDncYCim9piI5_PQBtIPJUify92C52xA/p2p/12D3KooWDpKZxRKvwNpGpbcW3ey9m2XRKpahZNhmcM2NtCD5B7UC
2026-06-03T16:15:52.352+0100	INFO	p2pnode	GreenHouse.web3/p2p.go:453	Listening on: /ip4/192.168.0.156/udp/61076/quic-v1/p2p/12D3KooWDpKZxRKvwNpGpbcW3ey9m2XRKpahZNhmcM2NtCD5B7UC
2026-06-03T16:15:52.352+0100	INFO	p2pnode	GreenHouse.web3/p2p.go:453	Listening on: /ip6/::1/tcp/61901/p2p/12D3KooWDpKZxRKvwNpGpbcW3ey9m2XRKpahZNhmcM2NtCD5B7UC
2026-06-03T16:15:52.352+0100	INFO	p2pnode	GreenHouse.web3/p2p.go:453	Listening on: /ip6/::1/udp/51980/quic-v1/webtransport/certhash/uEiCVx8N2grch5twUAHiaSQBbVMnEJoY7NB00tKWepQRXRA/certhash/uEiCh5NvIUs3fqiQ0t2kJpOyxsVKcmlC78SD4vn90qXQ6Cw/p2p/12D3KooWDpKZxRKvwNpGpbcW3ey9m2XRKpahZNhmcM2NtCD5B7UC
2026-06-03T16:15:52.352+0100	INFO	p2pnode	GreenHouse.web3/p2p.go:453	Listening on: /ip6/::1/udp/54642/webrtc-direct/certhash/uEiBXMofjfdK6S9fDncYCim9piI5_PQBtIPJUify92C52xA/p2p/12D3KooWDpKZxRKvwNpGpbcW3ey9m2XRKpahZNhmcM2NtCD5B7UC
2026-06-03T16:15:52.352+0100	INFO	p2pnode	GreenHouse.web3/p2p.go:453	Listening on: /ip6/::1/udp/58781/quic-v1/p2p/12D3KooWDpKZxRKvwNpGpbcW3ey9m2XRKpahZNhmcM2NtCD5B7UC
2026-06-03T16:15:52.352+0100	INFO	p2pnode	GreenHouse.web3/p2p.go:513	DHT discovery disabled (GONETWORK_DISABLE_P2P_DHT=1)
2026-06-03T16:15:52.352+0100	INFO	p2pnode	GreenHouse.web3/p2p.go:532	PubSub service initialized (D=4 Dlo=3 Dhi=5 heartbeat=500ms)
2026-06-03T16:15:52.352+0100	INFO	p2pnode	GreenHouse.web3/p2p.go:539	Joined topic: validate-empty
2026-06-03T16:15:52.352+0100	INFO	p2pnode	GreenHouse.web3/p2p.go:546	Joined consensus topic: validate-empty/consensus
2026-06-03T16:15:52.352+0100	INFO	p2pnode	GreenHouse.web3/p2p.go:563	Topic validator registered for validate-empty
2026-06-03T16:15:52.352+0100	INFO	p2pnode	GreenHouse.web3/p2p.go:573	Topic validator registered for validate-empty/consensus
2026-06-03T16:15:52.352+0100	INFO	p2pnode	GreenHouse.web3/p2p.go:580	Subscribed to topic
2026-06-03T16:15:52.352+0100	INFO	p2pnode	GreenHouse.web3/p2p.go:586	Subscribed to consensus topic
2026-06-03T16:15:52.352+0100	INFO	p2pnode	GreenHouse.web3/p2p.go:603	mDNS discovery disabled (GONETWORK_DISABLE_P2P_MDNS=1)
2026-06-03T16:15:52.352+0100	INFO	p2pnode	GreenHouse.web3/p2p.go:712	Stream handler set for direct messaging
Invalid block: previous hash does not match (expected: 1f080eb23cb90f9731a0af7e06742d67d7889f0c65a289c71a0b2e227c7e9451, got: )
--- PASS: TestValidateBlock_EmptyBlock_ReturnsFalse (0.00s)
=== RUN   TestValidateBlock_BlockWithAssetTx_ReturnsTrue
2026/06/03 16:15:52 consensus startup invariant: mode=hybrid http_seal=true dbft_consensus=true
2026-06-03T16:15:52.356+0100	INFO	p2pnode	GreenHouse.web3/p2p.go:448	Libp2p host created with ID: 12D3KooWSgbmorzkjRcEGNzVXGVzCHGjkAH5fF43XMhpJKETaBbH
2026/06/03 16:15:52 P2P: using Noise XX security transport (mutual auth)
2026-06-03T16:15:52.356+0100	INFO	p2pnode	GreenHouse.web3/p2p.go:453	Listening on: /ip4/127.0.0.1/tcp/61902/p2p/12D3KooWSgbmorzkjRcEGNzVXGVzCHGjkAH5fF43XMhpJKETaBbH
2026-06-03T16:15:52.356+0100	INFO	p2pnode	GreenHouse.web3/p2p.go:453	Listening on: /ip4/127.0.0.1/udp/49177/quic-v1/p2p/12D3KooWSgbmorzkjRcEGNzVXGVzCHGjkAH5fF43XMhpJKETaBbH
2026-06-03T16:15:52.357+0100	INFO	p2pnode	GreenHouse.web3/p2p.go:453	Listening on: /ip4/127.0.0.1/udp/50428/quic-v1/webtransport/certhash/uEiCRUUzuaATgqCeJtugSRlhoXyCUpIlM4dR9A0p3XbJ4Jw/certhash/uEiDlKyGpKByxgn5ZA1JsMvZQvKQsqF4_uDdI9n8hz9QhYw/p2p/12D3KooWSgbmorzkjRcEGNzVXGVzCHGjkAH5fF43XMhpJKETaBbH
2026-06-03T16:15:52.357+0100	INFO	p2pnode	GreenHouse.web3/p2p.go:453	Listening on: /ip4/127.0.0.1/udp/53959/webrtc-direct/certhash/uEiAcXXF8Xnjgsl4wc_Z61wtVKjeMefPlZEG3GYgoCkHXeA/p2p/12D3KooWSgbmorzkjRcEGNzVXGVzCHGjkAH5fF43XMhpJKETaBbH
2026-06-03T16:15:52.357+0100	INFO	p2pnode	GreenHouse.web3/p2p.go:453	Listening on: /ip4/192.168.0.156/tcp/61902/p2p/12D3KooWSgbmorzkjRcEGNzVXGVzCHGjkAH5fF43XMhpJKETaBbH
2026-06-03T16:15:52.357+0100	INFO	p2pnode	GreenHouse.web3/p2p.go:453	Listening on: /ip4/192.168.0.156/udp/49177/quic-v1/p2p/12D3KooWSgbmorzkjRcEGNzVXGVzCHGjkAH5fF43XMhpJKETaBbH
2026-06-03T16:15:52.357+0100	INFO	p2pnode	GreenHouse.web3/p2p.go:453	Listening on: /ip4/192.168.0.156/udp/50428/quic-v1/webtransport/certhash/uEiCRUUzuaATgqCeJtugSRlhoXyCUpIlM4dR9A0p3XbJ4Jw/certhash/uEiDlKyGpKByxgn5ZA1JsMvZQvKQsqF4_uDdI9n8hz9QhYw/p2p/12D3KooWSgbmorzkjRcEGNzVXGVzCHGjkAH5fF43XMhpJKETaBbH
2026-06-03T16:15:52.357+0100	INFO	p2pnode	GreenHouse.web3/p2p.go:453	Listening on: /ip4/192.168.0.156/udp/53959/webrtc-direct/certhash/uEiAcXXF8Xnjgsl4wc_Z61wtVKjeMefPlZEG3GYgoCkHXeA/p2p/12D3KooWSgbmorzkjRcEGNzVXGVzCHGjkAH5fF43XMhpJKETaBbH
2026-06-03T16:15:52.357+0100	INFO	p2pnode	GreenHouse.web3/p2p.go:453	Listening on: /ip6/::1/tcp/61903/p2p/12D3KooWSgbmorzkjRcEGNzVXGVzCHGjkAH5fF43XMhpJKETaBbH
2026-06-03T16:15:52.357+0100	INFO	p2pnode	GreenHouse.web3/p2p.go:453	Listening on: /ip6/::1/udp/52521/quic-v1/p2p/12D3KooWSgbmorzkjRcEGNzVXGVzCHGjkAH5fF43XMhpJKETaBbH
2026-06-03T16:15:52.357+0100	INFO	p2pnode	GreenHouse.web3/p2p.go:453	Listening on: /ip6/::1/udp/54922/webrtc-direct/certhash/uEiAcXXF8Xnjgsl4wc_Z61wtVKjeMefPlZEG3GYgoCkHXeA/p2p/12D3KooWSgbmorzkjRcEGNzVXGVzCHGjkAH5fF43XMhpJKETaBbH
2026-06-03T16:15:52.357+0100	INFO	p2pnode	GreenHouse.web3/p2p.go:453	Listening on: /ip6/::1/udp/64684/quic-v1/webtransport/certhash/uEiCRUUzuaATgqCeJtugSRlhoXyCUpIlM4dR9A0p3XbJ4Jw/certhash/uEiDlKyGpKByxgn5ZA1JsMvZQvKQsqF4_uDdI9n8hz9QhYw/p2p/12D3KooWSgbmorzkjRcEGNzVXGVzCHGjkAH5fF43XMhpJKETaBbH
2026-06-03T16:15:52.357+0100	INFO	p2pnode	GreenHouse.web3/p2p.go:513	DHT discovery disabled (GONETWORK_DISABLE_P2P_DHT=1)
2026-06-03T16:15:52.357+0100	INFO	p2pnode	GreenHouse.web3/p2p.go:532	PubSub service initialized (D=4 Dlo=3 Dhi=5 heartbeat=500ms)
2026-06-03T16:15:52.357+0100	INFO	p2pnode	GreenHouse.web3/p2p.go:539	Joined topic: validate-asset
2026-06-03T16:15:52.357+0100	INFO	p2pnode	GreenHouse.web3/p2p.go:546	Joined consensus topic: validate-asset/consensus
2026-06-03T16:15:52.357+0100	INFO	p2pnode	GreenHouse.web3/p2p.go:563	Topic validator registered for validate-asset
2026-06-03T16:15:52.357+0100	INFO	p2pnode	GreenHouse.web3/p2p.go:573	Topic validator registered for validate-asset/consensus
2026-06-03T16:15:52.357+0100	INFO	p2pnode	GreenHouse.web3/p2p.go:580	Subscribed to topic
2026-06-03T16:15:52.357+0100	INFO	p2pnode	GreenHouse.web3/p2p.go:586	Subscribed to consensus topic
2026-06-03T16:15:52.357+0100	INFO	p2pnode	GreenHouse.web3/p2p.go:603	mDNS discovery disabled (GONETWORK_DISABLE_P2P_MDNS=1)
2026-06-03T16:15:52.357+0100	INFO	p2pnode	GreenHouse.web3/p2p.go:712	Stream handler set for direct messaging
Block validated successfully
--- PASS: TestValidateBlock_BlockWithAssetTx_ReturnsTrue (0.00s)
=== RUN   TestValidateBlock_BlockWithOrderTx_ReturnsTrue
2026/06/03 16:15:52 consensus startup invariant: mode=hybrid http_seal=true dbft_consensus=true
2026-06-03T16:15:52.361+0100	INFO	p2pnode	GreenHouse.web3/p2p.go:448	Libp2p host created with ID: 12D3KooWAgz7y8epLv6VySTuVHzqsowic77ePjW462BjM9jqNiDy
2026/06/03 16:15:52 P2P: using Noise XX security transport (mutual auth)
2026-06-03T16:15:52.361+0100	INFO	p2pnode	GreenHouse.web3/p2p.go:453	Listening on: /ip4/127.0.0.1/tcp/61904/p2p/12D3KooWAgz7y8epLv6VySTuVHzqsowic77ePjW462BjM9jqNiDy
2026-06-03T16:15:52.361+0100	INFO	p2pnode	GreenHouse.web3/p2p.go:453	Listening on: /ip4/127.0.0.1/udp/54258/webrtc-direct/certhash/uEiB-Sr4cuuSxHvo_H6W7WaspM_SBbL-MVWIUpZ7SMslCyQ/p2p/12D3KooWAgz7y8epLv6VySTuVHzqsowic77ePjW462BjM9jqNiDy
2026-06-03T16:15:52.361+0100	INFO	p2pnode	GreenHouse.web3/p2p.go:453	Listening on: /ip4/127.0.0.1/udp/56071/quic-v1/webtransport/certhash/uEiAnVOzuJtnzbi5DmOZxM1FY-DLqihD40G0wh7XUzzch-Q/certhash/uEiCjTbSXOe30vQpvP8h0q5-j3D71JZup3lXhuMmRvXuPkQ/p2p/12D3KooWAgz7y8epLv6VySTuVHzqsowic77ePjW462BjM9jqNiDy
2026-06-03T16:15:52.361+0100	INFO	p2pnode	GreenHouse.web3/p2p.go:453	Listening on: /ip4/127.0.0.1/udp/61896/quic-v1/p2p/12D3KooWAgz7y8epLv6VySTuVHzqsowic77ePjW462BjM9jqNiDy
2026-06-03T16:15:52.361+0100	INFO	p2pnode	GreenHouse.web3/p2p.go:453	Listening on: /ip4/192.168.0.156/tcp/61904/p2p/12D3KooWAgz7y8epLv6VySTuVHzqsowic77ePjW462BjM9jqNiDy
2026-06-03T16:15:52.361+0100	INFO	p2pnode	GreenHouse.web3/p2p.go:453	Listening on: /ip4/192.168.0.156/udp/54258/webrtc-direct/certhash/uEiB-Sr4cuuSxHvo_H6W7WaspM_SBbL-MVWIUpZ7SMslCyQ/p2p/12D3KooWAgz7y8epLv6VySTuVHzqsowic77ePjW462BjM9jqNiDy
2026-06-03T16:15:52.361+0100	INFO	p2pnode	GreenHouse.web3/p2p.go:453	Listening on: /ip4/192.168.0.156/udp/56071/quic-v1/webtransport/certhash/uEiAnVOzuJtnzbi5DmOZxM1FY-DLqihD40G0wh7XUzzch-Q/certhash/uEiCjTbSXOe30vQpvP8h0q5-j3D71JZup3lXhuMmRvXuPkQ/p2p/12D3KooWAgz7y8epLv6VySTuVHzqsowic77ePjW462BjM9jqNiDy
2026-06-03T16:15:52.361+0100	INFO	p2pnode	GreenHouse.web3/p2p.go:453	Listening on: /ip4/192.168.0.156/udp/61896/quic-v1/p2p/12D3KooWAgz7y8epLv6VySTuVHzqsowic77ePjW462BjM9jqNiDy
2026-06-03T16:15:52.361+0100	INFO	p2pnode	GreenHouse.web3/p2p.go:453	Listening on: /ip6/::1/tcp/61905/p2p/12D3KooWAgz7y8epLv6VySTuVHzqsowic77ePjW462BjM9jqNiDy
2026-06-03T16:15:52.361+0100	INFO	p2pnode	GreenHouse.web3/p2p.go:453	Listening on: /ip6/::1/udp/49636/webrtc-direct/certhash/uEiB-Sr4cuuSxHvo_H6W7WaspM_SBbL-MVWIUpZ7SMslCyQ/p2p/12D3KooWAgz7y8epLv6VySTuVHzqsowic77ePjW462BjM9jqNiDy
2026-06-03T16:15:52.361+0100	INFO	p2pnode	GreenHouse.web3/p2p.go:453	Listening on: /ip6/::1/udp/55635/quic-v1/p2p/12D3KooWAgz7y8epLv6VySTuVHzqsowic77ePjW462BjM9jqNiDy
2026-06-03T16:15:52.361+0100	INFO	p2pnode	GreenHouse.web3/p2p.go:453	Listening on: /ip6/::1/udp/55730/quic-v1/webtransport/certhash/uEiAnVOzuJtnzbi5DmOZxM1FY-DLqihD40G0wh7XUzzch-Q/certhash/uEiCjTbSXOe30vQpvP8h0q5-j3D71JZup3lXhuMmRvXuPkQ/p2p/12D3KooWAgz7y8epLv6VySTuVHzqsowic77ePjW462BjM9jqNiDy
2026-06-03T16:15:52.361+0100	INFO	p2pnode	GreenHouse.web3/p2p.go:513	DHT discovery disabled (GONETWORK_DISABLE_P2P_DHT=1)
2026-06-03T16:15:52.361+0100	INFO	p2pnode	GreenHouse.web3/p2p.go:532	PubSub service initialized (D=4 Dlo=3 Dhi=5 heartbeat=500ms)
2026-06-03T16:15:52.361+0100	INFO	p2pnode	GreenHouse.web3/p2p.go:539	Joined topic: validate-order
2026-06-03T16:15:52.361+0100	INFO	p2pnode	GreenHouse.web3/p2p.go:546	Joined consensus topic: validate-order/consensus
2026-06-03T16:15:52.361+0100	INFO	p2pnode	GreenHouse.web3/p2p.go:563	Topic validator registered for validate-order
2026-06-03T16:15:52.361+0100	INFO	p2pnode	GreenHouse.web3/p2p.go:573	Topic validator registered for validate-order/consensus
2026-06-03T16:15:52.361+0100	INFO	p2pnode	GreenHouse.web3/p2p.go:580	Subscribed to topic
2026-06-03T16:15:52.361+0100	INFO	p2pnode	GreenHouse.web3/p2p.go:586	Subscribed to consensus topic
2026-06-03T16:15:52.361+0100	INFO	p2pnode	GreenHouse.web3/p2p.go:603	mDNS discovery disabled (GONETWORK_DISABLE_P2P_MDNS=1)
2026-06-03T16:15:52.361+0100	INFO	p2pnode	GreenHouse.web3/p2p.go:712	Stream handler set for direct messaging
Block validated successfully
--- PASS: TestValidateBlock_BlockWithOrderTx_ReturnsTrue (0.00s)
=== RUN   TestValidateBlock_WrongPrevHash_ReturnsFalse
2026/06/03 16:15:52 consensus startup invariant: mode=hybrid http_seal=true dbft_consensus=true
2026-06-03T16:15:52.367+0100	INFO	p2pnode	GreenHouse.web3/p2p.go:448	Libp2p host created with ID: 12D3KooWFjfRttGFKmxq467nPnMLzoyXtt5TaKtpN74wSaiLBXnc
2026/06/03 16:15:52 P2P: using Noise XX security transport (mutual auth)
2026-06-03T16:15:52.367+0100	INFO	p2pnode	GreenHouse.web3/p2p.go:453	Listening on: /ip4/127.0.0.1/tcp/61906/p2p/12D3KooWFjfRttGFKmxq467nPnMLzoyXtt5TaKtpN74wSaiLBXnc
2026-06-03T16:15:52.367+0100	INFO	p2pnode	GreenHouse.web3/p2p.go:453	Listening on: /ip4/127.0.0.1/udp/50443/webrtc-direct/certhash/uEiCmooOAg9hIGlE9PK0OKQU_3OmLL6T6LSk-KB_lj6IfKA/p2p/12D3KooWFjfRttGFKmxq467nPnMLzoyXtt5TaKtpN74wSaiLBXnc
2026-06-03T16:15:52.367+0100	INFO	p2pnode	GreenHouse.web3/p2p.go:453	Listening on: /ip4/127.0.0.1/udp/52195/quic-v1/p2p/12D3KooWFjfRttGFKmxq467nPnMLzoyXtt5TaKtpN74wSaiLBXnc
2026-06-03T16:15:52.367+0100	INFO	p2pnode	GreenHouse.web3/p2p.go:453	Listening on: /ip4/127.0.0.1/udp/54380/quic-v1/webtransport/certhash/uEiBu2CejpuSkzgv0SmqQlcliEtgJiu8_y8DoDXKz3jc3ig/certhash/uEiBYM9OhmFD0wvR7KUVYslRKvf9X7NnkLWyvC6OuDvzhrw/p2p/12D3KooWFjfRttGFKmxq467nPnMLzoyXtt5TaKtpN74wSaiLBXnc
2026-06-03T16:15:52.367+0100	INFO	p2pnode	GreenHouse.web3/p2p.go:453	Listening on: /ip4/192.168.0.156/tcp/61906/p2p/12D3KooWFjfRttGFKmxq467nPnMLzoyXtt5TaKtpN74wSaiLBXnc
2026-06-03T16:15:52.367+0100	INFO	p2pnode	GreenHouse.web3/p2p.go:453	Listening on: /ip4/192.168.0.156/udp/50443/webrtc-direct/certhash/uEiCmooOAg9hIGlE9PK0OKQU_3OmLL6T6LSk-KB_lj6IfKA/p2p/12D3KooWFjfRttGFKmxq467nPnMLzoyXtt5TaKtpN74wSaiLBXnc
2026-06-03T16:15:52.367+0100	INFO	p2pnode	GreenHouse.web3/p2p.go:453	Listening on: /ip4/192.168.0.156/udp/52195/quic-v1/p2p/12D3KooWFjfRttGFKmxq467nPnMLzoyXtt5TaKtpN74wSaiLBXnc
2026-06-03T16:15:52.367+0100	INFO	p2pnode	GreenHouse.web3/p2p.go:453	Listening on: /ip4/192.168.0.156/udp/54380/quic-v1/webtransport/certhash/uEiBu2CejpuSkzgv0SmqQlcliEtgJiu8_y8DoDXKz3jc3ig/certhash/uEiBYM9OhmFD0wvR7KUVYslRKvf9X7NnkLWyvC6OuDvzhrw/p2p/12D3KooWFjfRttGFKmxq467nPnMLzoyXtt5TaKtpN74wSaiLBXnc
2026-06-03T16:15:52.367+0100	INFO	p2pnode	GreenHouse.web3/p2p.go:453	Listening on: /ip6/::1/tcp/61907/p2p/12D3KooWFjfRttGFKmxq467nPnMLzoyXtt5TaKtpN74wSaiLBXnc
2026-06-03T16:15:52.367+0100	INFO	p2pnode	GreenHouse.web3/p2p.go:453	Listening on: /ip6/::1/udp/49527/quic-v1/p2p/12D3KooWFjfRttGFKmxq467nPnMLzoyXtt5TaKtpN74wSaiLBXnc
2026-06-03T16:15:52.367+0100	INFO	p2pnode	GreenHouse.web3/p2p.go:453	Listening on: /ip6/::1/udp/61952/quic-v1/webtransport/certhash/uEiBu2CejpuSkzgv0SmqQlcliEtgJiu8_y8DoDXKz3jc3ig/certhash/uEiBYM9OhmFD0wvR7KUVYslRKvf9X7NnkLWyvC6OuDvzhrw/p2p/12D3KooWFjfRttGFKmxq467nPnMLzoyXtt5TaKtpN74wSaiLBXnc
2026-06-03T16:15:52.367+0100	INFO	p2pnode	GreenHouse.web3/p2p.go:453	Listening on: /ip6/::1/udp/62335/webrtc-direct/certhash/uEiCmooOAg9hIGlE9PK0OKQU_3OmLL6T6LSk-KB_lj6IfKA/p2p/12D3KooWFjfRttGFKmxq467nPnMLzoyXtt5TaKtpN74wSaiLBXnc
2026-06-03T16:15:52.367+0100	INFO	p2pnode	GreenHouse.web3/p2p.go:513	DHT discovery disabled (GONETWORK_DISABLE_P2P_DHT=1)
2026-06-03T16:15:52.367+0100	INFO	p2pnode	GreenHouse.web3/p2p.go:532	PubSub service initialized (D=4 Dlo=3 Dhi=5 heartbeat=500ms)
2026-06-03T16:15:52.367+0100	INFO	p2pnode	GreenHouse.web3/p2p.go:539	Joined topic: validate-prev
2026-06-03T16:15:52.367+0100	INFO	p2pnode	GreenHouse.web3/p2p.go:546	Joined consensus topic: validate-prev/consensus
2026-06-03T16:15:52.367+0100	INFO	p2pnode	GreenHouse.web3/p2p.go:563	Topic validator registered for validate-prev
2026-06-03T16:15:52.367+0100	INFO	p2pnode	GreenHouse.web3/p2p.go:573	Topic validator registered for validate-prev/consensus
2026-06-03T16:15:52.367+0100	INFO	p2pnode	GreenHouse.web3/p2p.go:580	Subscribed to topic
2026-06-03T16:15:52.367+0100	INFO	p2pnode	GreenHouse.web3/p2p.go:586	Subscribed to consensus topic
2026-06-03T16:15:52.367+0100	INFO	p2pnode	GreenHouse.web3/p2p.go:603	mDNS discovery disabled (GONETWORK_DISABLE_P2P_MDNS=1)
2026-06-03T16:15:52.367+0100	INFO	p2pnode	GreenHouse.web3/p2p.go:712	Stream handler set for direct messaging
Invalid block: previous hash does not match (expected: 1f080eb23cb90f9731a0af7e06742d67d7889f0c65a289c71a0b2e227c7e9451, got: wrong-hash)
--- PASS: TestValidateBlock_WrongPrevHash_ReturnsFalse (0.01s)
=== RUN   TestValidateBlock_SignedTxValid_ReturnsTrue
2026/06/03 16:15:52 consensus startup invariant: mode=hybrid http_seal=true dbft_consensus=true
2026-06-03T16:15:52.371+0100	INFO	p2pnode	GreenHouse.web3/p2p.go:448	Libp2p host created with ID: 12D3KooWExF9uDnnHYSNpuiWVhGQgfdmqeiH3Sqbbsuxrz5P4aiD
2026/06/03 16:15:52 P2P: using Noise XX security transport (mutual auth)
2026-06-03T16:15:52.371+0100	INFO	p2pnode	GreenHouse.web3/p2p.go:453	Listening on: /ip4/127.0.0.1/tcp/61908/p2p/12D3KooWExF9uDnnHYSNpuiWVhGQgfdmqeiH3Sqbbsuxrz5P4aiD
2026-06-03T16:15:52.371+0100	INFO	p2pnode	GreenHouse.web3/p2p.go:453	Listening on: /ip4/127.0.0.1/udp/53110/quic-v1/p2p/12D3KooWExF9uDnnHYSNpuiWVhGQgfdmqeiH3Sqbbsuxrz5P4aiD
2026-06-03T16:15:52.371+0100	INFO	p2pnode	GreenHouse.web3/p2p.go:453	Listening on: /ip4/127.0.0.1/udp/54619/webrtc-direct/certhash/uEiCIH2k34qz5IxhkHcRP-O-tGvNUtCS9jOR64nv4w7NAGw/p2p/12D3KooWExF9uDnnHYSNpuiWVhGQgfdmqeiH3Sqbbsuxrz5P4aiD
2026-06-03T16:15:52.371+0100	INFO	p2pnode	GreenHouse.web3/p2p.go:453	Listening on: /ip4/127.0.0.1/udp/59625/quic-v1/webtransport/certhash/uEiAJc_ITlx8POsdbKRuFsoKQnWF076_RUsn2wAI0EDaBIg/certhash/uEiDM-3OBTEaabnHoSTYWFs6b-b5T3Q5X7C5lmCk53qWfqQ/p2p/12D3KooWExF9uDnnHYSNpuiWVhGQgfdmqeiH3Sqbbsuxrz5P4aiD
2026-06-03T16:15:52.371+0100	INFO	p2pnode	GreenHouse.web3/p2p.go:453	Listening on: /ip4/192.168.0.156/tcp/61908/p2p/12D3KooWExF9uDnnHYSNpuiWVhGQgfdmqeiH3Sqbbsuxrz5P4aiD
2026-06-03T16:15:52.371+0100	INFO	p2pnode	GreenHouse.web3/p2p.go:453	Listening on: /ip4/192.168.0.156/udp/53110/quic-v1/p2p/12D3KooWExF9uDnnHYSNpuiWVhGQgfdmqeiH3Sqbbsuxrz5P4aiD
2026-06-03T16:15:52.371+0100	INFO	p2pnode	GreenHouse.web3/p2p.go:453	Listening on: /ip4/192.168.0.156/udp/54619/webrtc-direct/certhash/uEiCIH2k34qz5IxhkHcRP-O-tGvNUtCS9jOR64nv4w7NAGw/p2p/12D3KooWExF9uDnnHYSNpuiWVhGQgfdmqeiH3Sqbbsuxrz5P4aiD
2026-06-03T16:15:52.371+0100	INFO	p2pnode	GreenHouse.web3/p2p.go:453	Listening on: /ip4/192.168.0.156/udp/59625/quic-v1/webtransport/certhash/uEiAJc_ITlx8POsdbKRuFsoKQnWF076_RUsn2wAI0EDaBIg/certhash/uEiDM-3OBTEaabnHoSTYWFs6b-b5T3Q5X7C5lmCk53qWfqQ/p2p/12D3KooWExF9uDnnHYSNpuiWVhGQgfdmqeiH3Sqbbsuxrz5P4aiD
2026-06-03T16:15:52.371+0100	INFO	p2pnode	GreenHouse.web3/p2p.go:453	Listening on: /ip6/::1/tcp/61909/p2p/12D3KooWExF9uDnnHYSNpuiWVhGQgfdmqeiH3Sqbbsuxrz5P4aiD
2026-06-03T16:15:52.371+0100	INFO	p2pnode	GreenHouse.web3/p2p.go:453	Listening on: /ip6/::1/udp/53322/quic-v1/p2p/12D3KooWExF9uDnnHYSNpuiWVhGQgfdmqeiH3Sqbbsuxrz5P4aiD
2026-06-03T16:15:52.371+0100	INFO	p2pnode	GreenHouse.web3/p2p.go:453	Listening on: /ip6/::1/udp/55808/webrtc-direct/certhash/uEiCIH2k34qz5IxhkHcRP-O-tGvNUtCS9jOR64nv4w7NAGw/p2p/12D3KooWExF9uDnnHYSNpuiWVhGQgfdmqeiH3Sqbbsuxrz5P4aiD
2026-06-03T16:15:52.371+0100	INFO	p2pnode	GreenHouse.web3/p2p.go:453	Listening on: /ip6/::1/udp/58291/quic-v1/webtransport/certhash/uEiAJc_ITlx8POsdbKRuFsoKQnWF076_RUsn2wAI0EDaBIg/certhash/uEiDM-3OBTEaabnHoSTYWFs6b-b5T3Q5X7C5lmCk53qWfqQ/p2p/12D3KooWExF9uDnnHYSNpuiWVhGQgfdmqeiH3Sqbbsuxrz5P4aiD
2026-06-03T16:15:52.371+0100	INFO	p2pnode	GreenHouse.web3/p2p.go:513	DHT discovery disabled (GONETWORK_DISABLE_P2P_DHT=1)
2026-06-03T16:15:52.371+0100	INFO	p2pnode	GreenHouse.web3/p2p.go:532	PubSub service initialized (D=4 Dlo=3 Dhi=5 heartbeat=500ms)
2026-06-03T16:15:52.371+0100	INFO	p2pnode	GreenHouse.web3/p2p.go:539	Joined topic: validate-signed
2026-06-03T16:15:52.371+0100	INFO	p2pnode	GreenHouse.web3/p2p.go:546	Joined consensus topic: validate-signed/consensus
2026-06-03T16:15:52.371+0100	INFO	p2pnode	GreenHouse.web3/p2p.go:563	Topic validator registered for validate-signed
2026-06-03T16:15:52.371+0100	INFO	p2pnode	GreenHouse.web3/p2p.go:573	Topic validator registered for validate-signed/consensus
2026-06-03T16:15:52.371+0100	INFO	p2pnode	GreenHouse.web3/p2p.go:580	Subscribed to topic
2026-06-03T16:15:52.371+0100	INFO	p2pnode	GreenHouse.web3/p2p.go:586	Subscribed to consensus topic
2026-06-03T16:15:52.371+0100	INFO	p2pnode	GreenHouse.web3/p2p.go:603	mDNS discovery disabled (GONETWORK_DISABLE_P2P_MDNS=1)
2026-06-03T16:15:52.371+0100	INFO	p2pnode	GreenHouse.web3/p2p.go:712	Stream handler set for direct messaging
Validating transaction from w6d75TDXehLcvlG8wZVif6c7+kd+KyX/tlZEzLsapbk= to recv
Block validated successfully
--- PASS: TestValidateBlock_SignedTxValid_ReturnsTrue (0.00s)
=== RUN   TestValidateBlock_InvalidSenderKey_ReturnsFalse
2026/06/03 16:15:52 consensus startup invariant: mode=hybrid http_seal=true dbft_consensus=true
2026-06-03T16:15:52.374+0100	INFO	p2pnode	GreenHouse.web3/p2p.go:448	Libp2p host created with ID: 12D3KooWGg3qahRG6eqG71euDeqhBd7tSyK1rBitDMTaz8pwZqWJ
2026/06/03 16:15:52 P2P: using Noise XX security transport (mutual auth)
2026-06-03T16:15:52.374+0100	INFO	p2pnode	GreenHouse.web3/p2p.go:453	Listening on: /ip4/127.0.0.1/tcp/61910/p2p/12D3KooWGg3qahRG6eqG71euDeqhBd7tSyK1rBitDMTaz8pwZqWJ
2026-06-03T16:15:52.374+0100	INFO	p2pnode	GreenHouse.web3/p2p.go:453	Listening on: /ip4/127.0.0.1/udp/54369/webrtc-direct/certhash/uEiBmsHw2Evx_2x4wLJZradtp1xS9cHqNwpTqA58r-q0-dQ/p2p/12D3KooWGg3qahRG6eqG71euDeqhBd7tSyK1rBitDMTaz8pwZqWJ
2026-06-03T16:15:52.374+0100	INFO	p2pnode	GreenHouse.web3/p2p.go:453	Listening on: /ip4/127.0.0.1/udp/60551/quic-v1/webtransport/certhash/uEiCE4OcBt2eOx5199Tf9zMTcOymRKOZCCqmKrZcJf-rg4Q/certhash/uEiAMavDkBM4splNs7otXZH7pjNP6-epzb6vbEyJr9bAJkA/p2p/12D3KooWGg3qahRG6eqG71euDeqhBd7tSyK1rBitDMTaz8pwZqWJ
2026-06-03T16:15:52.374+0100	INFO	p2pnode	GreenHouse.web3/p2p.go:453	Listening on: /ip4/127.0.0.1/udp/64941/quic-v1/p2p/12D3KooWGg3qahRG6eqG71euDeqhBd7tSyK1rBitDMTaz8pwZqWJ
2026-06-03T16:15:52.374+0100	INFO	p2pnode	GreenHouse.web3/p2p.go:453	Listening on: /ip4/192.168.0.156/tcp/61910/p2p/12D3KooWGg3qahRG6eqG71euDeqhBd7tSyK1rBitDMTaz8pwZqWJ
2026-06-03T16:15:52.374+0100	INFO	p2pnode	GreenHouse.web3/p2p.go:453	Listening on: /ip4/192.168.0.156/udp/54369/webrtc-direct/certhash/uEiBmsHw2Evx_2x4wLJZradtp1xS9cHqNwpTqA58r-q0-dQ/p2p/12D3KooWGg3qahRG6eqG71euDeqhBd7tSyK1rBitDMTaz8pwZqWJ
2026-06-03T16:15:52.374+0100	INFO	p2pnode	GreenHouse.web3/p2p.go:453	Listening on: /ip4/192.168.0.156/udp/60551/quic-v1/webtransport/certhash/uEiCE4OcBt2eOx5199Tf9zMTcOymRKOZCCqmKrZcJf-rg4Q/certhash/uEiAMavDkBM4splNs7otXZH7pjNP6-epzb6vbEyJr9bAJkA/p2p/12D3KooWGg3qahRG6eqG71euDeqhBd7tSyK1rBitDMTaz8pwZqWJ
2026-06-03T16:15:52.374+0100	INFO	p2pnode	GreenHouse.web3/p2p.go:453	Listening on: /ip4/192.168.0.156/udp/64941/quic-v1/p2p/12D3KooWGg3qahRG6eqG71euDeqhBd7tSyK1rBitDMTaz8pwZqWJ
2026-06-03T16:15:52.374+0100	INFO	p2pnode	GreenHouse.web3/p2p.go:453	Listening on: /ip6/::1/tcp/61911/p2p/12D3KooWGg3qahRG6eqG71euDeqhBd7tSyK1rBitDMTaz8pwZqWJ
2026-06-03T16:15:52.374+0100	INFO	p2pnode	GreenHouse.web3/p2p.go:453	Listening on: /ip6/::1/udp/56121/webrtc-direct/certhash/uEiBmsHw2Evx_2x4wLJZradtp1xS9cHqNwpTqA58r-q0-dQ/p2p/12D3KooWGg3qahRG6eqG71euDeqhBd7tSyK1rBitDMTaz8pwZqWJ
2026-06-03T16:15:52.374+0100	INFO	p2pnode	GreenHouse.web3/p2p.go:453	Listening on: /ip6/::1/udp/57777/quic-v1/webtransport/certhash/uEiCE4OcBt2eOx5199Tf9zMTcOymRKOZCCqmKrZcJf-rg4Q/certhash/uEiAMavDkBM4splNs7otXZH7pjNP6-epzb6vbEyJr9bAJkA/p2p/12D3KooWGg3qahRG6eqG71euDeqhBd7tSyK1rBitDMTaz8pwZqWJ
2026-06-03T16:15:52.374+0100	INFO	p2pnode	GreenHouse.web3/p2p.go:453	Listening on: /ip6/::1/udp/62717/quic-v1/p2p/12D3KooWGg3qahRG6eqG71euDeqhBd7tSyK1rBitDMTaz8pwZqWJ
2026-06-03T16:15:52.374+0100	INFO	p2pnode	GreenHouse.web3/p2p.go:513	DHT discovery disabled (GONETWORK_DISABLE_P2P_DHT=1)
2026-06-03T16:15:52.374+0100	INFO	p2pnode	GreenHouse.web3/p2p.go:532	PubSub service initialized (D=4 Dlo=3 Dhi=5 heartbeat=500ms)
2026-06-03T16:15:52.374+0100	INFO	p2pnode	GreenHouse.web3/p2p.go:539	Joined topic: validate-bad-key
2026-06-03T16:15:52.374+0100	INFO	p2pnode	GreenHouse.web3/p2p.go:546	Joined consensus topic: validate-bad-key/consensus
2026-06-03T16:15:52.374+0100	INFO	p2pnode	GreenHouse.web3/p2p.go:563	Topic validator registered for validate-bad-key
2026-06-03T16:15:52.374+0100	INFO	p2pnode	GreenHouse.web3/p2p.go:573	Topic validator registered for validate-bad-key/consensus
2026-06-03T16:15:52.374+0100	INFO	p2pnode	GreenHouse.web3/p2p.go:580	Subscribed to topic
2026-06-03T16:15:52.374+0100	INFO	p2pnode	GreenHouse.web3/p2p.go:586	Subscribed to consensus topic
2026-06-03T16:15:52.374+0100	INFO	p2pnode	GreenHouse.web3/p2p.go:603	mDNS discovery disabled (GONETWORK_DISABLE_P2P_MDNS=1)
2026-06-03T16:15:52.374+0100	INFO	p2pnode	GreenHouse.web3/p2p.go:712	Stream handler set for direct messaging
Validating transaction from not-a-valid-pub-key to recv
Invalid block: error decoding sender's public key (invalid public key length: expected 32 bytes, got 14 bytes)
--- PASS: TestValidateBlock_InvalidSenderKey_ReturnsFalse (0.00s)
=== RUN   TestValidateBlock_ZeroAmount_ReturnsFalse
2026/06/03 16:15:52 consensus startup invariant: mode=hybrid http_seal=true dbft_consensus=true
2026-06-03T16:15:52.377+0100	INFO	p2pnode	GreenHouse.web3/p2p.go:448	Libp2p host created with ID: 12D3KooWC6k3TNtxreVsZz1mbQ5cRJi3xVb5uKRRJYsU4u5vjTub
2026/06/03 16:15:52 P2P: using Noise XX security transport (mutual auth)
2026-06-03T16:15:52.377+0100	INFO	p2pnode	GreenHouse.web3/p2p.go:453	Listening on: /ip4/127.0.0.1/tcp/61912/p2p/12D3KooWC6k3TNtxreVsZz1mbQ5cRJi3xVb5uKRRJYsU4u5vjTub
2026-06-03T16:15:52.377+0100	INFO	p2pnode	GreenHouse.web3/p2p.go:453	Listening on: /ip4/127.0.0.1/udp/49492/webrtc-direct/certhash/uEiBeYN8TooWxradwGbVc5_qsiHNSrT24ZItreCentqiWZA/p2p/12D3KooWC6k3TNtxreVsZz1mbQ5cRJi3xVb5uKRRJYsU4u5vjTub
2026-06-03T16:15:52.378+0100	INFO	p2pnode	GreenHouse.web3/p2p.go:453	Listening on: /ip4/127.0.0.1/udp/57482/quic-v1/p2p/12D3KooWC6k3TNtxreVsZz1mbQ5cRJi3xVb5uKRRJYsU4u5vjTub
2026-06-03T16:15:52.378+0100	INFO	p2pnode	GreenHouse.web3/p2p.go:453	Listening on: /ip4/127.0.0.1/udp/63289/quic-v1/webtransport/certhash/uEiD5DIFqUb7QSJcNDUDg7m8Vn85RXm1oAF_JcDmo_vJXjQ/certhash/uEiCCx--CZr1wAWv9lTCPy7ImkW2IpM_zzVxsokz6F2MqDg/p2p/12D3KooWC6k3TNtxreVsZz1mbQ5cRJi3xVb5uKRRJYsU4u5vjTub
2026-06-03T16:15:52.378+0100	INFO	p2pnode	GreenHouse.web3/p2p.go:453	Listening on: /ip4/192.168.0.156/tcp/61912/p2p/12D3KooWC6k3TNtxreVsZz1mbQ5cRJi3xVb5uKRRJYsU4u5vjTub
2026-06-03T16:15:52.378+0100	INFO	p2pnode	GreenHouse.web3/p2p.go:453	Listening on: /ip4/192.168.0.156/udp/49492/webrtc-direct/certhash/uEiBeYN8TooWxradwGbVc5_qsiHNSrT24ZItreCentqiWZA/p2p/12D3KooWC6k3TNtxreVsZz1mbQ5cRJi3xVb5uKRRJYsU4u5vjTub
2026-06-03T16:15:52.378+0100	INFO	p2pnode	GreenHouse.web3/p2p.go:453	Listening on: /ip4/192.168.0.156/udp/57482/quic-v1/p2p/12D3KooWC6k3TNtxreVsZz1mbQ5cRJi3xVb5uKRRJYsU4u5vjTub
2026-06-03T16:15:52.378+0100	INFO	p2pnode	GreenHouse.web3/p2p.go:453	Listening on: /ip4/192.168.0.156/udp/63289/quic-v1/webtransport/certhash/uEiD5DIFqUb7QSJcNDUDg7m8Vn85RXm1oAF_JcDmo_vJXjQ/certhash/uEiCCx--CZr1wAWv9lTCPy7ImkW2IpM_zzVxsokz6F2MqDg/p2p/12D3KooWC6k3TNtxreVsZz1mbQ5cRJi3xVb5uKRRJYsU4u5vjTub
2026-06-03T16:15:52.378+0100	INFO	p2pnode	GreenHouse.web3/p2p.go:453	Listening on: /ip6/::1/tcp/61913/p2p/12D3KooWC6k3TNtxreVsZz1mbQ5cRJi3xVb5uKRRJYsU4u5vjTub
2026-06-03T16:15:52.378+0100	INFO	p2pnode	GreenHouse.web3/p2p.go:453	Listening on: /ip6/::1/udp/49891/quic-v1/p2p/12D3KooWC6k3TNtxreVsZz1mbQ5cRJi3xVb5uKRRJYsU4u5vjTub
2026-06-03T16:15:52.378+0100	INFO	p2pnode	GreenHouse.web3/p2p.go:453	Listening on: /ip6/::1/udp/50461/webrtc-direct/certhash/uEiBeYN8TooWxradwGbVc5_qsiHNSrT24ZItreCentqiWZA/p2p/12D3KooWC6k3TNtxreVsZz1mbQ5cRJi3xVb5uKRRJYsU4u5vjTub
2026-06-03T16:15:52.378+0100	INFO	p2pnode	GreenHouse.web3/p2p.go:453	Listening on: /ip6/::1/udp/60140/quic-v1/webtransport/certhash/uEiD5DIFqUb7QSJcNDUDg7m8Vn85RXm1oAF_JcDmo_vJXjQ/certhash/uEiCCx--CZr1wAWv9lTCPy7ImkW2IpM_zzVxsokz6F2MqDg/p2p/12D3KooWC6k3TNtxreVsZz1mbQ5cRJi3xVb5uKRRJYsU4u5vjTub
2026-06-03T16:15:52.378+0100	INFO	p2pnode	GreenHouse.web3/p2p.go:513	DHT discovery disabled (GONETWORK_DISABLE_P2P_DHT=1)
2026-06-03T16:15:52.378+0100	INFO	p2pnode	GreenHouse.web3/p2p.go:532	PubSub service initialized (D=4 Dlo=3 Dhi=5 heartbeat=500ms)
2026-06-03T16:15:52.378+0100	INFO	p2pnode	GreenHouse.web3/p2p.go:539	Joined topic: validate-zero-amount
2026-06-03T16:15:52.378+0100	INFO	p2pnode	GreenHouse.web3/p2p.go:546	Joined consensus topic: validate-zero-amount/consensus
2026-06-03T16:15:52.378+0100	INFO	p2pnode	GreenHouse.web3/p2p.go:563	Topic validator registered for validate-zero-amount
2026-06-03T16:15:52.378+0100	INFO	p2pnode	GreenHouse.web3/p2p.go:573	Topic validator registered for validate-zero-amount/consensus
2026-06-03T16:15:52.378+0100	INFO	p2pnode	GreenHouse.web3/p2p.go:580	Subscribed to topic
2026-06-03T16:15:52.378+0100	INFO	p2pnode	GreenHouse.web3/p2p.go:586	Subscribed to consensus topic
2026-06-03T16:15:52.378+0100	INFO	p2pnode	GreenHouse.web3/p2p.go:603	mDNS discovery disabled (GONETWORK_DISABLE_P2P_MDNS=1)
2026-06-03T16:15:52.378+0100	INFO	p2pnode	GreenHouse.web3/p2p.go:712	Stream handler set for direct messaging
Validating transaction from DqNvXtcjZGaHwIrn9DSuk+v7XQthY92dqslgocEVENg= to recv
Invalid block: transaction amount must be greater than zero
--- PASS: TestValidateBlock_ZeroAmount_ReturnsFalse (0.00s)
=== RUN   TestValidateBlock_EmptyChain_NoPrevHashCheck
Block validated successfully
--- PASS: TestValidateBlock_EmptyChain_NoPrevHashCheck (0.00s)
=== RUN   TestIntegration_CredentialTransaction_AppearsInCredentials
2026/06/03 16:15:52 consensus startup invariant: mode=hybrid http_seal=true dbft_consensus=true
--- PASS: TestIntegration_CredentialTransaction_AppearsInCredentials (0.00s)
=== RUN   TestIntegration_AssetIssue_CreatesHolding
2026/06/03 16:15:52 consensus startup invariant: mode=hybrid http_seal=true dbft_consensus=true
--- PASS: TestIntegration_AssetIssue_CreatesHolding (0.00s)
=== RUN   TestIntegration_AssetTransfer_MovesHolding
2026/06/03 16:15:52 consensus startup invariant: mode=hybrid http_seal=true dbft_consensus=true
--- PASS: TestIntegration_AssetTransfer_MovesHolding (0.00s)
=== RUN   TestIntegration_CombinedBlock_CredentialAndAsset
2026/06/03 16:15:52 consensus startup invariant: mode=hybrid http_seal=true dbft_consensus=true
--- PASS: TestIntegration_CombinedBlock_CredentialAndAsset (0.00s)
=== RUN   TestIntegration_CredentialBlock_EmitsEvent
2026/06/03 16:15:52 consensus startup invariant: mode=hybrid http_seal=true dbft_consensus=true
--- PASS: TestIntegration_CredentialBlock_EmitsEvent (0.00s)
=== RUN   TestIntegration_AMLBlockedTransfer_IsSkipped
2026/06/03 16:15:52 consensus startup invariant: mode=hybrid http_seal=true dbft_consensus=true
Skipping invalid asset tx: transaction blocked by AML screening: sender matched sanctions list: OFAC-SDN (list: OFAC-SDN)
--- PASS: TestIntegration_AMLBlockedTransfer_IsSkipped (0.00s)
=== RUN   TestResolveConsensusMode_RequiresExplicitModeOutsideTests
--- PASS: TestResolveConsensusMode_RequiresExplicitModeOutsideTests (0.00s)
=== RUN   TestResolveConsensusMode_TestOverride_AllowsHybrid
--- PASS: TestResolveConsensusMode_TestOverride_AllowsHybrid (0.00s)
=== RUN   TestResolveConsensusMode_ProductionRequiresExplicitMode
--- PASS: TestResolveConsensusMode_ProductionRequiresExplicitMode (0.00s)
=== RUN   TestResolveConsensusMode_HybridRejectedWithoutTestOverride
--- PASS: TestResolveConsensusMode_HybridRejectedWithoutTestOverride (0.00s)
=== RUN   TestResolveConsensusMode_RejectsInvalidMode
--- PASS: TestResolveConsensusMode_RejectsInvalidMode (0.00s)
=== RUN   TestSealBlock_DBFTMode_DoesNotAppendBlock
2026/06/03 16:15:52 consensus startup invariant: mode=hybrid http_seal=true dbft_consensus=true
2026/06/03 16:15:52 consensus mode reject: path=SealBlock mode=dbft expected=http count=1
2026/06/03 16:15:52 SealBlock: disabled in "dbft" consensus mode
--- PASS: TestSealBlock_DBFTMode_DoesNotAppendBlock (0.00s)
=== RUN   TestStartConsensus_HTTPMode_ReturnsEarly
2026/06/03 16:15:52 consensus startup invariant: mode=hybrid http_seal=true dbft_consensus=true
2026/06/03 16:15:52 consensus mode reject: path=startConsensus mode=http expected=dbft count=1
2026/06/03 16:15:52 startConsensus: disabled in "http" consensus mode
--- PASS: TestStartConsensus_HTTPMode_ReturnsEarly (0.00s)
=== RUN   TestCreateBlock_HTTPMode_ReturnsEarlyAndCountsReject
2026/06/03 16:15:52 consensus startup invariant: mode=hybrid http_seal=true dbft_consensus=true
2026/06/03 16:15:52 consensus mode reject: path=createBlock mode=http expected=dbft count=1
2026/06/03 16:15:52 createBlock: disabled in "http" consensus mode
--- PASS: TestCreateBlock_HTTPMode_ReturnsEarlyAndCountsReject (0.00s)
=== RUN   TestFinalizeBlock_AppendsOperatorSignature
2026/06/03 16:15:52 consensus startup invariant: mode=hybrid http_seal=true dbft_consensus=true
Consensus achieved with 3 yes votes out of 3
--- PASS: TestFinalizeBlock_AppendsOperatorSignature (0.00s)
=== RUN   TestValidateBlock_RejectsAlreadyCommittedTransactionHash
2026/06/03 16:15:52 consensus startup invariant: mode=hybrid http_seal=true dbft_consensus=true
2026/06/03 16:15:52 duplicate tx hash rejected: reason=already_committed hash=base:da7b741c1f430c4dac78b16d93f2a8e27e19995359b7170ffeebb3ad704df043 count=1
Invalid block: transaction hash already committed (base:da7b741c1f430c4dac78b16d93f2a8e27e19995359b7170ffeebb3ad704df043)
--- PASS: TestValidateBlock_RejectsAlreadyCommittedTransactionHash (0.00s)
=== RUN   TestRebuildCommittedTxHashes_RehydratesFromBlocks
2026/06/03 16:15:52 consensus startup invariant: mode=hybrid http_seal=true dbft_consensus=true
--- PASS: TestRebuildCommittedTxHashes_RehydratesFromBlocks (0.00s)
=== RUN   TestStartupInvariant_RejectsConflictingServiceFlags
2026/06/03 16:15:52 consensus startup invariant: mode=hybrid http_seal=true dbft_consensus=true
--- PASS: TestStartupInvariant_RejectsConflictingServiceFlags (0.00s)
=== RUN   TestStartupInvariant_EmitsModeEventOnSuccess
2026/06/03 16:15:52 consensus startup invariant: mode=hybrid http_seal=true dbft_consensus=true
2026/06/03 16:15:52 consensus startup invariant: mode=dbft http_seal=false dbft_consensus=true
--- PASS: TestStartupInvariant_EmitsModeEventOnSuccess (0.00s)
=== RUN   TestLocalKeyProvider_SignVerify
--- PASS: TestLocalKeyProvider_SignVerify (0.00s)
=== RUN   TestLocalKeyProvider_CrossVerify
--- PASS: TestLocalKeyProvider_CrossVerify (0.00s)
=== RUN   TestKMSKeyProvider_SignRecordsCall
--- PASS: TestKMSKeyProvider_SignRecordsCall (0.00s)
=== RUN   TestKMSKeyProvider_VerifyRecordsCall
--- PASS: TestKMSKeyProvider_VerifyRecordsCall (0.00s)
=== RUN   TestKeyProvider_Interface
--- PASS: TestKeyProvider_Interface (0.00s)
=== RUN   TestVaultKeyProvider_New_InvalidParams
--- PASS: TestVaultKeyProvider_New_InvalidParams (0.00s)
=== RUN   TestVaultKeyProvider_NewFromEnv_MissingCreds
--- PASS: TestVaultKeyProvider_NewFromEnv_MissingCreds (0.00s)
=== RUN   TestVaultKeyProvider_NewFromEnv_Valid
--- PASS: TestVaultKeyProvider_NewFromEnv_Valid (0.00s)
=== RUN   TestVaultKeyProvider_Sign
--- PASS: TestVaultKeyProvider_Sign (0.00s)
=== RUN   TestVaultKeyProvider_Sign_HTTPError
--- PASS: TestVaultKeyProvider_Sign_HTTPError (0.00s)
=== RUN   TestVaultKeyProvider_Sign_BadSignatureFormat
--- PASS: TestVaultKeyProvider_Sign_BadSignatureFormat (0.00s)
=== RUN   TestVaultKeyProvider_Verify_Valid
--- PASS: TestVaultKeyProvider_Verify_Valid (0.00s)
=== RUN   TestVaultKeyProvider_Verify_Invalid
--- PASS: TestVaultKeyProvider_Verify_Invalid (0.00s)
=== RUN   TestVaultKeyProvider_Verify_HTTPError
--- PASS: TestVaultKeyProvider_Verify_HTTPError (0.00s)
=== RUN   TestVaultKeyProvider_PublicKeyString
--- PASS: TestVaultKeyProvider_PublicKeyString (0.00s)
=== RUN   TestVaultKeyProvider_PublicKeyString_HTTPError
--- PASS: TestVaultKeyProvider_PublicKeyString_HTTPError (0.00s)
=== RUN   TestVaultKeyProvider_ImplementsKeyProvider
--- PASS: TestVaultKeyProvider_ImplementsKeyProvider (0.00s)
=== RUN   TestNewLocalKeyProviderFromEncryptedFile_Roundtrip
--- PASS: TestNewLocalKeyProviderFromEncryptedFile_Roundtrip (0.09s)
=== RUN   TestNewLocalKeyProviderFromEncryptedFile_WrongPassphrase
--- PASS: TestNewLocalKeyProviderFromEncryptedFile_WrongPassphrase (0.15s)
=== RUN   TestNewLocalKeyProviderFromEncryptedFile_MissingFile
--- PASS: TestNewLocalKeyProviderFromEncryptedFile_MissingFile (0.00s)
=== RUN   TestNewLocalKeyProviderFromEncryptedFile_FileWithTrailingNewline
--- PASS: TestNewLocalKeyProviderFromEncryptedFile_FileWithTrailingNewline (0.09s)
=== RUN   TestBlock_KeyVersionInPayloadHash
2026/06/03 16:15:52 consensus startup invariant: mode=hybrid http_seal=true dbft_consensus=true
2026-06-03T16:15:52.724+0100	INFO	p2pnode	GreenHouse.web3/p2p.go:448	Libp2p host created with ID: 12D3KooWQ1MbXfr8XUzptWGeaae9bsX7qBBmdcP2RRT3yhbB2Dki
2026/06/03 16:15:52 P2P: using Noise XX security transport (mutual auth)
2026-06-03T16:15:52.724+0100	INFO	p2pnode	GreenHouse.web3/p2p.go:453	Listening on: /ip4/127.0.0.1/tcp/61932/p2p/12D3KooWQ1MbXfr8XUzptWGeaae9bsX7qBBmdcP2RRT3yhbB2Dki
2026-06-03T16:15:52.724+0100	INFO	p2pnode	GreenHouse.web3/p2p.go:453	Listening on: /ip4/127.0.0.1/udp/50810/quic-v1/webtransport/certhash/uEiC-bzUvkKX1_vz7w6cFqWZldezdKlELSgBGzY0wsl_uRg/certhash/uEiC7eXSHtO6Ba0OBF-xvPJPegMihkz9NSnokx6P6_3qEJQ/p2p/12D3KooWQ1MbXfr8XUzptWGeaae9bsX7qBBmdcP2RRT3yhbB2Dki
2026-06-03T16:15:52.724+0100	INFO	p2pnode	GreenHouse.web3/p2p.go:453	Listening on: /ip4/127.0.0.1/udp/61977/webrtc-direct/certhash/uEiCbRY4JCLGJUooMsV19YgAZYhdGqLO9mMTwltq0K3BOpA/p2p/12D3KooWQ1MbXfr8XUzptWGeaae9bsX7qBBmdcP2RRT3yhbB2Dki
2026-06-03T16:15:52.724+0100	INFO	p2pnode	GreenHouse.web3/p2p.go:453	Listening on: /ip4/127.0.0.1/udp/63434/quic-v1/p2p/12D3KooWQ1MbXfr8XUzptWGeaae9bsX7qBBmdcP2RRT3yhbB2Dki
2026-06-03T16:15:52.724+0100	INFO	p2pnode	GreenHouse.web3/p2p.go:453	Listening on: /ip4/192.168.0.156/tcp/61932/p2p/12D3KooWQ1MbXfr8XUzptWGeaae9bsX7qBBmdcP2RRT3yhbB2Dki
2026-06-03T16:15:52.724+0100	INFO	p2pnode	GreenHouse.web3/p2p.go:453	Listening on: /ip4/192.168.0.156/udp/50810/quic-v1/webtransport/certhash/uEiC-bzUvkKX1_vz7w6cFqWZldezdKlELSgBGzY0wsl_uRg/certhash/uEiC7eXSHtO6Ba0OBF-xvPJPegMihkz9NSnokx6P6_3qEJQ/p2p/12D3KooWQ1MbXfr8XUzptWGeaae9bsX7qBBmdcP2RRT3yhbB2Dki
2026-06-03T16:15:52.724+0100	INFO	p2pnode	GreenHouse.web3/p2p.go:453	Listening on: /ip4/192.168.0.156/udp/61977/webrtc-direct/certhash/uEiCbRY4JCLGJUooMsV19YgAZYhdGqLO9mMTwltq0K3BOpA/p2p/12D3KooWQ1MbXfr8XUzptWGeaae9bsX7qBBmdcP2RRT3yhbB2Dki
2026-06-03T16:15:52.724+0100	INFO	p2pnode	GreenHouse.web3/p2p.go:453	Listening on: /ip4/192.168.0.156/udp/63434/quic-v1/p2p/12D3KooWQ1MbXfr8XUzptWGeaae9bsX7qBBmdcP2RRT3yhbB2Dki
2026-06-03T16:15:52.724+0100	INFO	p2pnode	GreenHouse.web3/p2p.go:453	Listening on: /ip6/::1/tcp/61933/p2p/12D3KooWQ1MbXfr8XUzptWGeaae9bsX7qBBmdcP2RRT3yhbB2Dki
2026-06-03T16:15:52.724+0100	INFO	p2pnode	GreenHouse.web3/p2p.go:453	Listening on: /ip6/::1/udp/55791/quic-v1/p2p/12D3KooWQ1MbXfr8XUzptWGeaae9bsX7qBBmdcP2RRT3yhbB2Dki
2026-06-03T16:15:52.724+0100	INFO	p2pnode	GreenHouse.web3/p2p.go:453	Listening on: /ip6/::1/udp/59253/quic-v1/webtransport/certhash/uEiC-bzUvkKX1_vz7w6cFqWZldezdKlELSgBGzY0wsl_uRg/certhash/uEiC7eXSHtO6Ba0OBF-xvPJPegMihkz9NSnokx6P6_3qEJQ/p2p/12D3KooWQ1MbXfr8XUzptWGeaae9bsX7qBBmdcP2RRT3yhbB2Dki
2026-06-03T16:15:52.724+0100	INFO	p2pnode	GreenHouse.web3/p2p.go:453	Listening on: /ip6/::1/udp/61464/webrtc-direct/certhash/uEiCbRY4JCLGJUooMsV19YgAZYhdGqLO9mMTwltq0K3BOpA/p2p/12D3KooWQ1MbXfr8XUzptWGeaae9bsX7qBBmdcP2RRT3yhbB2Dki
2026-06-03T16:15:52.724+0100	INFO	p2pnode	GreenHouse.web3/p2p.go:513	DHT discovery disabled (GONETWORK_DISABLE_P2P_DHT=1)
2026-06-03T16:15:52.724+0100	INFO	p2pnode	GreenHouse.web3/p2p.go:532	PubSub service initialized (D=4 Dlo=3 Dhi=5 heartbeat=500ms)
2026-06-03T16:15:52.724+0100	INFO	p2pnode	GreenHouse.web3/p2p.go:539	Joined topic: test
2026-06-03T16:15:52.724+0100	INFO	p2pnode	GreenHouse.web3/p2p.go:546	Joined consensus topic: test/consensus
2026-06-03T16:15:52.724+0100	INFO	p2pnode	GreenHouse.web3/p2p.go:563	Topic validator registered for test
2026-06-03T16:15:52.724+0100	INFO	p2pnode	GreenHouse.web3/p2p.go:573	Topic validator registered for test/consensus
2026-06-03T16:15:52.724+0100	INFO	p2pnode	GreenHouse.web3/p2p.go:580	Subscribed to topic
2026-06-03T16:15:52.724+0100	INFO	p2pnode	GreenHouse.web3/p2p.go:586	Subscribed to consensus topic
2026-06-03T16:15:52.724+0100	INFO	p2pnode	GreenHouse.web3/p2p.go:603	mDNS discovery disabled (GONETWORK_DISABLE_P2P_MDNS=1)
2026-06-03T16:15:52.724+0100	INFO	p2pnode	GreenHouse.web3/p2p.go:712	Stream handler set for direct messaging
2026/06/03 16:15:52 consensus startup invariant: mode=hybrid http_seal=true dbft_consensus=true
2026-06-03T16:15:52.726+0100	INFO	p2pnode	GreenHouse.web3/p2p.go:448	Libp2p host created with ID: 12D3KooWMap8Pgr9j9WGQSCqtf52xgJst3P4XJk1pw7iN1RxHgXc
2026/06/03 16:15:52 P2P: using Noise XX security transport (mutual auth)
2026-06-03T16:15:52.726+0100	INFO	p2pnode	GreenHouse.web3/p2p.go:453	Listening on: /ip4/127.0.0.1/tcp/61934/p2p/12D3KooWMap8Pgr9j9WGQSCqtf52xgJst3P4XJk1pw7iN1RxHgXc
2026-06-03T16:15:52.726+0100	INFO	p2pnode	GreenHouse.web3/p2p.go:453	Listening on: /ip4/127.0.0.1/udp/54602/webrtc-direct/certhash/uEiDURX-x0fVMhGup_h9wYYR8K2RLRvqg-KEaDGuKTkaqNQ/p2p/12D3KooWMap8Pgr9j9WGQSCqtf52xgJst3P4XJk1pw7iN1RxHgXc
2026-06-03T16:15:52.726+0100	INFO	p2pnode	GreenHouse.web3/p2p.go:453	Listening on: /ip4/127.0.0.1/udp/58455/quic-v1/webtransport/certhash/uEiA4uvkLDDzXkZHvCIq_FOf58hK-kFeiMBPG76btIeyE8w/certhash/uEiDPs4oJ3yAc__dGQSVMAr8rRro4jj0t-n9yj7WYwCaKew/p2p/12D3KooWMap8Pgr9j9WGQSCqtf52xgJst3P4XJk1pw7iN1RxHgXc
2026-06-03T16:15:52.726+0100	INFO	p2pnode	GreenHouse.web3/p2p.go:453	Listening on: /ip4/127.0.0.1/udp/61238/quic-v1/p2p/12D3KooWMap8Pgr9j9WGQSCqtf52xgJst3P4XJk1pw7iN1RxHgXc
2026-06-03T16:15:52.726+0100	INFO	p2pnode	GreenHouse.web3/p2p.go:453	Listening on: /ip4/192.168.0.156/tcp/61934/p2p/12D3KooWMap8Pgr9j9WGQSCqtf52xgJst3P4XJk1pw7iN1RxHgXc
2026-06-03T16:15:52.726+0100	INFO	p2pnode	GreenHouse.web3/p2p.go:453	Listening on: /ip4/192.168.0.156/udp/54602/webrtc-direct/certhash/uEiDURX-x0fVMhGup_h9wYYR8K2RLRvqg-KEaDGuKTkaqNQ/p2p/12D3KooWMap8Pgr9j9WGQSCqtf52xgJst3P4XJk1pw7iN1RxHgXc
2026-06-03T16:15:52.726+0100	INFO	p2pnode	GreenHouse.web3/p2p.go:453	Listening on: /ip4/192.168.0.156/udp/58455/quic-v1/webtransport/certhash/uEiA4uvkLDDzXkZHvCIq_FOf58hK-kFeiMBPG76btIeyE8w/certhash/uEiDPs4oJ3yAc__dGQSVMAr8rRro4jj0t-n9yj7WYwCaKew/p2p/12D3KooWMap8Pgr9j9WGQSCqtf52xgJst3P4XJk1pw7iN1RxHgXc
2026-06-03T16:15:52.726+0100	INFO	p2pnode	GreenHouse.web3/p2p.go:453	Listening on: /ip4/192.168.0.156/udp/61238/quic-v1/p2p/12D3KooWMap8Pgr9j9WGQSCqtf52xgJst3P4XJk1pw7iN1RxHgXc
2026-06-03T16:15:52.726+0100	INFO	p2pnode	GreenHouse.web3/p2p.go:453	Listening on: /ip6/::1/tcp/61935/p2p/12D3KooWMap8Pgr9j9WGQSCqtf52xgJst3P4XJk1pw7iN1RxHgXc
2026-06-03T16:15:52.727+0100	INFO	p2pnode	GreenHouse.web3/p2p.go:453	Listening on: /ip6/::1/udp/54887/quic-v1/p2p/12D3KooWMap8Pgr9j9WGQSCqtf52xgJst3P4XJk1pw7iN1RxHgXc
2026-06-03T16:15:52.727+0100	INFO	p2pnode	GreenHouse.web3/p2p.go:453	Listening on: /ip6/::1/udp/61510/webrtc-direct/certhash/uEiDURX-x0fVMhGup_h9wYYR8K2RLRvqg-KEaDGuKTkaqNQ/p2p/12D3KooWMap8Pgr9j9WGQSCqtf52xgJst3P4XJk1pw7iN1RxHgXc
2026-06-03T16:15:52.727+0100	INFO	p2pnode	GreenHouse.web3/p2p.go:453	Listening on: /ip6/::1/udp/64195/quic-v1/webtransport/certhash/uEiA4uvkLDDzXkZHvCIq_FOf58hK-kFeiMBPG76btIeyE8w/certhash/uEiDPs4oJ3yAc__dGQSVMAr8rRro4jj0t-n9yj7WYwCaKew/p2p/12D3KooWMap8Pgr9j9WGQSCqtf52xgJst3P4XJk1pw7iN1RxHgXc
2026-06-03T16:15:52.727+0100	INFO	p2pnode	GreenHouse.web3/p2p.go:513	DHT discovery disabled (GONETWORK_DISABLE_P2P_DHT=1)
2026-06-03T16:15:52.727+0100	INFO	p2pnode	GreenHouse.web3/p2p.go:532	PubSub service initialized (D=4 Dlo=3 Dhi=5 heartbeat=500ms)
2026-06-03T16:15:52.727+0100	INFO	p2pnode	GreenHouse.web3/p2p.go:539	Joined topic: test2
2026-06-03T16:15:52.727+0100	INFO	p2pnode	GreenHouse.web3/p2p.go:546	Joined consensus topic: test2/consensus
2026-06-03T16:15:52.727+0100	INFO	p2pnode	GreenHouse.web3/p2p.go:563	Topic validator registered for test2
2026-06-03T16:15:52.727+0100	INFO	p2pnode	GreenHouse.web3/p2p.go:573	Topic validator registered for test2/consensus
2026-06-03T16:15:52.727+0100	INFO	p2pnode	GreenHouse.web3/p2p.go:580	Subscribed to topic
2026-06-03T16:15:52.727+0100	INFO	p2pnode	GreenHouse.web3/p2p.go:586	Subscribed to consensus topic
2026-06-03T16:15:52.727+0100	INFO	p2pnode	GreenHouse.web3/p2p.go:603	mDNS discovery disabled (GONETWORK_DISABLE_P2P_MDNS=1)
2026-06-03T16:15:52.727+0100	INFO	p2pnode	GreenHouse.web3/p2p.go:712	Stream handler set for direct messaging
--- PASS: TestBlock_KeyVersionInPayloadHash (0.01s)
=== RUN   TestGeneratePrivateKey
--- PASS: TestGeneratePrivateKey (0.00s)
=== RUN   TestPrivateKeySign
--- PASS: TestPrivateKeySign (0.00s)
=== RUN   TestPublicKeyFromString
--- PASS: TestPublicKeyFromString (0.00s)
=== RUN   TestNewKMSOracleService_MissingKeyARN_Error
--- PASS: TestNewKMSOracleService_MissingKeyARN_Error (0.00s)
=== RUN   TestNewKMSOracleService_MissingOracleKeyB64_Error
--- PASS: TestNewKMSOracleService_MissingOracleKeyB64_Error (0.00s)
=== RUN   TestNewKMSOracleService_InvalidBase64_Error
--- PASS: TestNewKMSOracleService_InvalidBase64_Error (0.00s)
=== RUN   TestKMSOraclePublicKey_ReturnsCorrectKey
--- PASS: TestKMSOraclePublicKey_ReturnsCorrectKey (0.00s)
=== RUN   TestKMSOracleSignInstruction_Valid
--- PASS: TestKMSOracleSignInstruction_Valid (0.00s)
=== RUN   TestKMSOracleSignInstruction_NilInput_Error
--- PASS: TestKMSOracleSignInstruction_NilInput_Error (0.00s)
=== RUN   TestKMSOracleVerifyInstruction_Valid
--- PASS: TestKMSOracleVerifyInstruction_Valid (0.00s)
=== RUN   TestKMSOracleVerifyInstruction_Nil_False
--- PASS: TestKMSOracleVerifyInstruction_Nil_False (0.00s)
=== RUN   TestKMSOracleVerifyInstruction_NoSignature_False
--- PASS: TestKMSOracleVerifyInstruction_NoSignature_False (0.00s)
=== RUN   TestKMSOracleVerifyInstruction_TamperedAmount_False
--- PASS: TestKMSOracleVerifyInstruction_TamperedAmount_False (0.00s)
=== RUN   TestKMSOracleVerifyInstruction_WrongKey_False
--- PASS: TestKMSOracleVerifyInstruction_WrongKey_False (0.00s)
=== RUN   TestKMSOracleSignConfirmation_Valid
--- PASS: TestKMSOracleSignConfirmation_Valid (0.00s)
=== RUN   TestKMSOracleSignConfirmation_NilInput_Error
--- PASS: TestKMSOracleSignConfirmation_NilInput_Error (0.00s)
=== RUN   TestKMSOracleVerifyConfirmation_Valid
--- PASS: TestKMSOracleVerifyConfirmation_Valid (0.00s)
=== RUN   TestKMSOracleVerifyConfirmation_Nil_False
--- PASS: TestKMSOracleVerifyConfirmation_Nil_False (0.00s)
=== RUN   TestKMSOracleVerifyConfirmation_NoSignature_False
--- PASS: TestKMSOracleVerifyConfirmation_NoSignature_False (0.00s)
=== RUN   TestKMSOracleVerifyConfirmation_TamperedCurrency_False
--- PASS: TestKMSOracleVerifyConfirmation_TamperedCurrency_False (0.00s)
=== RUN   TestKMSOracleVerifyConfirmation_WrongKey_False
--- PASS: TestKMSOracleVerifyConfirmation_WrongKey_False (0.00s)
=== RUN   TestKMSOracleSignInstruction_Idempotent_OverwritesSig
--- PASS: TestKMSOracleSignInstruction_Idempotent_OverwritesSig (0.00s)
=== RUN   TestKMSKeyProvider_PublicKeyString_Empty
--- PASS: TestKMSKeyProvider_PublicKeyString_Empty (0.00s)
=== RUN   TestKMSKeyProvider_PublicKeyString_Set
--- PASS: TestKMSKeyProvider_PublicKeyString_Set (0.00s)
=== RUN   TestKMSKeyProvider_Sign_ReturnsError
--- PASS: TestKMSKeyProvider_Sign_ReturnsError (0.00s)
=== RUN   TestKMSKeyProvider_Verify_ReturnsFalse
--- PASS: TestKMSKeyProvider_Verify_ReturnsFalse (0.00s)
=== RUN   TestNewLegalDocAmendment_Valid
--- PASS: TestNewLegalDocAmendment_Valid (0.00s)
=== RUN   TestNewLegalDocAmendment_EmptyAssetID_Error
--- PASS: TestNewLegalDocAmendment_EmptyAssetID_Error (0.00s)
=== RUN   TestNewLegalDocAmendment_EmptyPrevHash_Error
--- PASS: TestNewLegalDocAmendment_EmptyPrevHash_Error (0.00s)
=== RUN   TestNewLegalDocAmendment_EmptyNewHash_Error
--- PASS: TestNewLegalDocAmendment_EmptyNewHash_Error (0.00s)
=== RUN   TestNewLegalDocAmendment_SameHash_Error
--- PASS: TestNewLegalDocAmendment_SameHash_Error (0.00s)
=== RUN   TestNewLegalDocAmendment_NilKey_Error
--- PASS: TestNewLegalDocAmendment_NilKey_Error (0.00s)
=== RUN   TestSetAdminSignature_Valid
--- PASS: TestSetAdminSignature_Valid (0.00s)
=== RUN   TestSetAdminSignature_NilKey_Error
--- PASS: TestSetAdminSignature_NilKey_Error (0.00s)
=== RUN   TestVerifyIssuerSignature_Valid
--- PASS: TestVerifyIssuerSignature_Valid (0.00s)
=== RUN   TestVerifyIssuerSignature_NoSignature_False
--- PASS: TestVerifyIssuerSignature_NoSignature_False (0.00s)
=== RUN   TestVerifyIssuerSignature_TamperedData_False
--- PASS: TestVerifyIssuerSignature_TamperedData_False (0.00s)
=== RUN   TestVerifyAdminSignature_Valid
--- PASS: TestVerifyAdminSignature_Valid (0.00s)
=== RUN   TestVerifyAdminSignature_NoSig_False
--- PASS: TestVerifyAdminSignature_NoSig_False (0.00s)
=== RUN   TestVerifyAdminSignature_TamperedData_False
--- PASS: TestVerifyAdminSignature_TamperedData_False (0.00s)
=== RUN   TestCurrentLegalDocHash_NoAmendments_ReturnsMetadataHash
--- PASS: TestCurrentLegalDocHash_NoAmendments_ReturnsMetadataHash (0.00s)
=== RUN   TestCurrentLegalDocHash_AfterAmendments_ReturnsLatest
--- PASS: TestCurrentLegalDocHash_AfterAmendments_ReturnsLatest (0.00s)
=== RUN   TestApplyAmendment_Success
--- PASS: TestApplyAmendment_Success (0.00s)
=== RUN   TestApplyAmendment_ChainMultipleAmendments
--- PASS: TestApplyAmendment_ChainMultipleAmendments (0.00s)
=== RUN   TestApplyAmendment_UnknownAsset_Error
--- PASS: TestApplyAmendment_UnknownAsset_Error (0.00s)
=== RUN   TestApplyAmendment_BrokenChain_Error
--- PASS: TestApplyAmendment_BrokenChain_Error (0.00s)
=== RUN   TestApplyAmendment_WrongIssuerKey_Error
--- PASS: TestApplyAmendment_WrongIssuerKey_Error (0.00s)
=== RUN   TestApplyAmendment_InvalidIssuerSig_Error
--- PASS: TestApplyAmendment_InvalidIssuerSig_Error (0.00s)
=== RUN   TestApplyAmendment_ParticipationNote_RequiresAdminSig
--- PASS: TestApplyAmendment_ParticipationNote_RequiresAdminSig (0.00s)
=== RUN   TestApplyAmendment_ParticipationNote_WithAdminSig_Succeeds
--- PASS: TestApplyAmendment_ParticipationNote_WithAdminSig_Succeeds (0.00s)
=== RUN   TestNewLiquidityWindow_Valid
--- PASS: TestNewLiquidityWindow_Valid (0.00s)
=== RUN   TestNewLiquidityWindow_InvalidDates
--- PASS: TestNewLiquidityWindow_InvalidDates (0.00s)
=== RUN   TestNewLiquidityWindow_PastOpen
--- PASS: TestNewLiquidityWindow_PastOpen (0.00s)
=== RUN   TestWindowManager_ScheduleWindow
--- PASS: TestWindowManager_ScheduleWindow (0.00s)
=== RUN   TestWindowManager_NoOverlap
--- PASS: TestWindowManager_NoOverlap (0.00s)
=== RUN   TestWindowManager_Tick_Opens
--- PASS: TestWindowManager_Tick_Opens (0.00s)
=== RUN   TestWindowManager_Tick_Closes
--- PASS: TestWindowManager_Tick_Closes (0.00s)
=== RUN   TestMatchingSuppressedOutsideWindow
--- PASS: TestMatchingSuppressedOutsideWindow (0.00s)
=== RUN   TestMatchingRunsOnWindowClose
--- PASS: TestMatchingRunsOnWindowClose (0.00s)
=== RUN   TestWindowResult_VWAP
--- PASS: TestWindowResult_VWAP (0.00s)
=== RUN   TestMultipleAssets_IndependentWindows
--- PASS: TestMultipleAssets_IndependentWindows (0.00s)
=== RUN   TestNewModulrPaymentProvider_Valid
--- PASS: TestNewModulrPaymentProvider_Valid (0.00s)
=== RUN   TestNewModulrPaymentProvider_DefaultBaseURL
--- PASS: TestNewModulrPaymentProvider_DefaultBaseURL (0.00s)
=== RUN   TestNewModulrPaymentProvider_MissingAPIKey_Error
--- PASS: TestNewModulrPaymentProvider_MissingAPIKey_Error (0.00s)
=== RUN   TestNewModulrPaymentProvider_MissingAPISecret_Error
--- PASS: TestNewModulrPaymentProvider_MissingAPISecret_Error (0.00s)
=== RUN   TestNewModulrPaymentProviderFromEnv_MissingCreds_Error
--- PASS: TestNewModulrPaymentProviderFromEnv_MissingCreds_Error (0.00s)
=== RUN   TestNewModulrPaymentProviderFromEnv_Valid
--- PASS: TestNewModulrPaymentProviderFromEnv_Valid (0.00s)
=== RUN   TestNewModulrPaymentProviderFromEnv_DefaultBaseURL
--- PASS: TestNewModulrPaymentProviderFromEnv_DefaultBaseURL (0.00s)
=== RUN   TestModulrAddAuthHeaders_SetsRequiredHeaders
--- PASS: TestModulrAddAuthHeaders_SetsRequiredHeaders (0.00s)
=== RUN   TestModulrCreateVirtualAccount_NoCustomerID_Error
--- PASS: TestModulrCreateVirtualAccount_NoCustomerID_Error (0.00s)
=== RUN   TestModulrCreateVirtualAccount_NoProductCode_Error
--- PASS: TestModulrCreateVirtualAccount_NoProductCode_Error (0.00s)
=== RUN   TestModulrCreateVirtualAccount_IBAN_Success
--- PASS: TestModulrCreateVirtualAccount_IBAN_Success (0.00s)
=== RUN   TestModulrCreateVirtualAccount_SortCode_Success
--- PASS: TestModulrCreateVirtualAccount_SortCode_Success (0.00s)
=== RUN   TestModulrCreateVirtualAccount_Non201_Error
--- PASS: TestModulrCreateVirtualAccount_Non201_Error (0.00s)
=== RUN   TestModulrCreateVirtualAccount_NoIdentifiers_Error
--- PASS: TestModulrCreateVirtualAccount_NoIdentifiers_Error (0.00s)
=== RUN   TestModulrCreateVirtualAccount_Retries503ThreeTimes
--- PASS: TestModulrCreateVirtualAccount_Retries503ThreeTimes (0.50s)
=== RUN   TestModulrCreateVirtualAccount_DoesNotRetry400
--- PASS: TestModulrCreateVirtualAccount_DoesNotRetry400 (0.00s)
=== RUN   TestModulrCreateEURVirtualAccount_NoCustomerID_Error
--- PASS: TestModulrCreateEURVirtualAccount_NoCustomerID_Error (0.00s)
=== RUN   TestModulrCreateEURVirtualAccount_NoProductCode_Error
--- PASS: TestModulrCreateEURVirtualAccount_NoProductCode_Error (0.00s)
=== RUN   TestModulrCreateEURVirtualAccount_IBAN_Success
--- PASS: TestModulrCreateEURVirtualAccount_IBAN_Success (0.00s)
=== RUN   TestModulrCreateEURVirtualAccount_NoIBAN_Error
--- PASS: TestModulrCreateEURVirtualAccount_NoIBAN_Error (0.00s)
=== RUN   TestModulrCreateEURVirtualAccount_Non201_Error
--- PASS: TestModulrCreateEURVirtualAccount_Non201_Error (0.00s)
=== RUN   TestModulrGetPaymentStatus_Processed_Confirmed
--- PASS: TestModulrGetPaymentStatus_Processed_Confirmed (0.00s)
=== RUN   TestModulrGetPaymentStatus_Settled_Confirmed
--- PASS: TestModulrGetPaymentStatus_Settled_Confirmed (0.00s)
=== RUN   TestModulrGetPaymentStatus_NotFound_Pending
--- PASS: TestModulrGetPaymentStatus_NotFound_Pending (0.00s)
=== RUN   TestModulrGetPaymentStatus_Failed
--- PASS: TestModulrGetPaymentStatus_Failed (0.00s)
=== RUN   TestModulrGetPaymentStatus_Rejected_Failed
--- PASS: TestModulrGetPaymentStatus_Rejected_Failed (0.00s)
=== RUN   TestModulrGetPaymentStatus_Expired
--- PASS: TestModulrGetPaymentStatus_Expired (0.00s)
=== RUN   TestModulrGetPaymentStatus_Non200_Error
--- PASS: TestModulrGetPaymentStatus_Non200_Error (0.53s)
=== RUN   TestModulrConfirmPayment_AlwaysError
--- PASS: TestModulrConfirmPayment_AlwaysError (0.00s)
=== RUN   TestModulrVerifyWebhookSignature_Valid
--- PASS: TestModulrVerifyWebhookSignature_Valid (0.00s)
=== RUN   TestModulrVerifyWebhookSignature_TamperedPayload_False
--- PASS: TestModulrVerifyWebhookSignature_TamperedPayload_False (0.00s)
=== RUN   TestModulrVerifyWebhookSignature_WrongSecret_False
--- PASS: TestModulrVerifyWebhookSignature_WrongSecret_False (0.00s)
=== RUN   TestModulrVerifyWebhookSignature_EmptySignature_False
--- PASS: TestModulrVerifyWebhookSignature_EmptySignature_False (0.00s)
=== RUN   TestModulrStatusToPaymentStatus_AllCases
=== RUN   TestModulrStatusToPaymentStatus_AllCases/status_PROCESSED
=== RUN   TestModulrStatusToPaymentStatus_AllCases/status_SETTLED
=== RUN   TestModulrStatusToPaymentStatus_AllCases/status_FAILED
=== RUN   TestModulrStatusToPaymentStatus_AllCases/status_REJECTED
=== RUN   TestModulrStatusToPaymentStatus_AllCases/status_EXPIRED
=== RUN   TestModulrStatusToPaymentStatus_AllCases/status_PENDING
=== RUN   TestModulrStatusToPaymentStatus_AllCases/status_SUBMITTED
=== RUN   TestModulrStatusToPaymentStatus_AllCases/status_UNKNOWN
=== RUN   TestModulrStatusToPaymentStatus_AllCases/status_
--- PASS: TestModulrStatusToPaymentStatus_AllCases (0.00s)
    --- PASS: TestModulrStatusToPaymentStatus_AllCases/status_PROCESSED (0.00s)
    --- PASS: TestModulrStatusToPaymentStatus_AllCases/status_SETTLED (0.00s)
    --- PASS: TestModulrStatusToPaymentStatus_AllCases/status_FAILED (0.00s)
    --- PASS: TestModulrStatusToPaymentStatus_AllCases/status_REJECTED (0.00s)
    --- PASS: TestModulrStatusToPaymentStatus_AllCases/status_EXPIRED (0.00s)
    --- PASS: TestModulrStatusToPaymentStatus_AllCases/status_PENDING (0.00s)
    --- PASS: TestModulrStatusToPaymentStatus_AllCases/status_SUBMITTED (0.00s)
    --- PASS: TestModulrStatusToPaymentStatus_AllCases/status_UNKNOWN (0.00s)
    --- PASS: TestModulrStatusToPaymentStatus_AllCases/status_ (0.00s)
=== RUN   TestRetryHTTP_ContextCancellation_AbortsImmediately
    modulr_payment_unit_test.go:528: 
        	Error Trace:	/Users/amosnewton/code/GreenHouse/App/GreenHouse.web3/modulr_payment_unit_test.go:528
        	Error:      	Error message not equal:
        	            	expected: "temporary failure"
        	            	actual  : "context canceled"
        	Test:       	TestRetryHTTP_ContextCancellation_AbortsImmediately
--- FAIL: TestRetryHTTP_ContextCancellation_AbortsImmediately (0.05s)
=== RUN   TestRetryHTTP_PreCancelled_NoExecution
--- PASS: TestRetryHTTP_PreCancelled_NoExecution (0.00s)
=== RUN   TestSleepWithContext_CancelledDuringBackoff
--- PASS: TestSleepWithContext_CancelledDuringBackoff (0.05s)
=== RUN   TestModulr_GetPaymentStatus_CancelledContext_NoHTTPCall
--- PASS: TestModulr_GetPaymentStatus_CancelledContext_NoHTTPCall (0.00s)
=== RUN   TestRetryHTTP_CancelsDuringBackoff_NoFurtherAttempts
--- PASS: TestRetryHTTP_CancelsDuringBackoff_NoFurtherAttempts (0.05s)
=== RUN   TestPaymentShutdown_CancelsInFlightRequests
--- PASS: TestPaymentShutdown_CancelsInFlightRequests (0.20s)
=== RUN   TestNewNCAReportingService_CreatesService
--- PASS: TestNewNCAReportingService_CreatesService (0.00s)
=== RUN   TestNewNCAReportingService_SetsEndpointFromEnv
--- PASS: TestNewNCAReportingService_SetsEndpointFromEnv (0.00s)
=== RUN   TestNCAGenerateReport_StubMode_MiFIR
--- PASS: TestNCAGenerateReport_StubMode_MiFIR (0.00s)
=== RUN   TestNCAGenerateReport_StubMode_AIFMD
--- PASS: TestNCAGenerateReport_StubMode_AIFMD (0.00s)
=== RUN   TestNCAGenerateReport_WithEndpoint_SubmitsReport
--- PASS: TestNCAGenerateReport_WithEndpoint_SubmitsReport (0.00s)
=== RUN   TestNCAGenerateReport_EndpointServerError_NonFatal
NCAReportingService: submission warning for report mifir-TRD-33f4022356a31978-1780499754128275000: NCA endpoint returned 503
--- PASS: TestNCAGenerateReport_EndpointServerError_NonFatal (0.00s)
=== RUN   TestNCAGenerateReport_NoAPIKey_OmitsAuthHeader
--- PASS: TestNCAGenerateReport_NoAPIKey_OmitsAuthHeader (0.00s)
=== RUN   TestNCAGenerateReport_UnreachableEndpoint_NonFatal
NCAReportingService: submission warning for report mifir-TRD-d8fb4a6e0bdcdcf5-1780499754129271000: http post: Post "http://127.0.0.1:0/reports": dial tcp 127.0.0.1:0: connect: can't assign requested address
--- PASS: TestNCAGenerateReport_UnreachableEndpoint_NonFatal (0.00s)
=== RUN   TestDefaultReportingService_GenerateReport_MiFIR
--- PASS: TestDefaultReportingService_GenerateReport_MiFIR (0.00s)
=== RUN   TestDefaultReportingService_GenerateReport_AIFMD
--- PASS: TestDefaultReportingService_GenerateReport_AIFMD (0.00s)
=== RUN   TestItem14_DevMode_UsesDefaultReportingService
2026/06/03 16:15:54 consensus startup invariant: mode=hybrid http_seal=true dbft_consensus=true
--- PASS: TestItem14_DevMode_UsesDefaultReportingService (0.00s)
=== RUN   TestItem14_InjectedNCAService_ReplacesDefault
2026/06/03 16:15:54 consensus startup invariant: mode=hybrid http_seal=true dbft_consensus=true
--- PASS: TestItem14_InjectedNCAService_ReplacesDefault (0.00s)
=== RUN   TestItem14_GenerateMiFIRReport_RoutedThroughNCAService
2026/06/03 16:15:54 consensus startup invariant: mode=hybrid http_seal=true dbft_consensus=true
--- PASS: TestItem14_GenerateMiFIRReport_RoutedThroughNCAService (0.00s)
=== RUN   TestItem14_GenerateAIFMDReport_RoutedThroughNCAService
2026/06/03 16:15:54 consensus startup invariant: mode=hybrid http_seal=true dbft_consensus=true
--- PASS: TestItem14_GenerateAIFMDReport_RoutedThroughNCAService (0.00s)
=== RUN   TestItem14_FailedSubmission_WritesToOutbox
2026/06/03 16:15:54 consensus startup invariant: mode=hybrid http_seal=true dbft_consensus=true
--- PASS: TestItem14_FailedSubmission_WritesToOutbox (0.04s)
=== RUN   TestItem14_RetryGoroutine_ClearsOutboxOnSuccess
2026/06/03 16:15:54 consensus startup invariant: mode=hybrid http_seal=true dbft_consensus=true
--- PASS: TestItem14_RetryGoroutine_ClearsOutboxOnSuccess (0.13s)
=== RUN   TestItem14_BlockStore_SaveLoadDeleteOutbox
--- PASS: TestItem14_BlockStore_SaveLoadDeleteOutbox (0.03s)
=== RUN   TestItem14_BlockStore_LoadOutbox_EmptyOnNewDB
--- PASS: TestItem14_BlockStore_LoadOutbox_EmptyOnNewDB (0.02s)
=== RUN   TestItem14_NCAReportingService_SubmitReport_StubMode
--- PASS: TestItem14_NCAReportingService_SubmitReport_StubMode (0.00s)
=== RUN   TestItem14_NCAReportingService_SubmitReport_LiveEndpoint
--- PASS: TestItem14_NCAReportingService_SubmitReport_LiveEndpoint (0.00s)
=== RUN   TestItem14_NilReportingService_FallsBackToDefault
2026/06/03 16:15:54 consensus startup invariant: mode=hybrid http_seal=true dbft_consensus=true
--- PASS: TestItem14_NilReportingService_FallsBackToDefault (0.00s)
=== RUN   TestItem14_NewNCAReportingService_ReadsEnvVars
--- PASS: TestItem14_NewNCAReportingService_ReadsEnvVars (0.00s)
=== RUN   TestOnfidoRegistry_Constructor_MissingToken_Error
--- PASS: TestOnfidoRegistry_Constructor_MissingToken_Error (0.00s)
=== RUN   TestOnfidoRegistry_Constructor_NilKey_Error
--- PASS: TestOnfidoRegistry_Constructor_NilKey_Error (0.00s)
=== RUN   TestOnfidoRegistry_IssueCredential_StoresAndReturnsAttestation
--- PASS: TestOnfidoRegistry_IssueCredential_StoresAndReturnsAttestation (0.00s)
=== RUN   TestOnfidoRegistry_VerifyCredential_Found
--- PASS: TestOnfidoRegistry_VerifyCredential_Found (0.00s)
=== RUN   TestOnfidoRegistry_VerifyCredential_NotFound_ReturnsError
--- PASS: TestOnfidoRegistry_VerifyCredential_NotFound_ReturnsError (0.00s)
=== RUN   TestOnfidoRegistry_RegistryPublicKey_ReturnsNonNil
--- PASS: TestOnfidoRegistry_RegistryPublicKey_ReturnsNonNil (0.00s)
=== RUN   TestOnfidoRegistry_InitiateKYC_Success
--- PASS: TestOnfidoRegistry_InitiateKYC_Success (0.00s)
=== RUN   TestOnfidoRegistry_InitiateKYC_EmptyWalletKey_ReturnsError
--- PASS: TestOnfidoRegistry_InitiateKYC_EmptyWalletKey_ReturnsError (0.00s)
=== RUN   TestOnfidoRegistry_InitiateKYC_ApplicantCreationFails_ReturnsError
--- PASS: TestOnfidoRegistry_InitiateKYC_ApplicantCreationFails_ReturnsError (0.00s)
=== RUN   TestOnfidoRegistry_InitiateKYC_CheckCreationFails_ReturnsError
--- PASS: TestOnfidoRegistry_InitiateKYC_CheckCreationFails_ReturnsError (0.00s)
=== RUN   TestOnfidoRegistry_HandleWebhook_ClearResult_IssuesCredential
--- PASS: TestOnfidoRegistry_HandleWebhook_ClearResult_IssuesCredential (0.00s)
=== RUN   TestOnfidoRegistry_HandleWebhook_ConsiderResult_ReturnsNilNoCredential
--- PASS: TestOnfidoRegistry_HandleWebhook_ConsiderResult_ReturnsNilNoCredential (0.00s)
=== RUN   TestOnfidoRegistry_HandleWebhook_WrongAction_ReturnsNil
--- PASS: TestOnfidoRegistry_HandleWebhook_WrongAction_ReturnsNil (0.00s)
=== RUN   TestOnfidoRegistry_HandleWebhook_InvalidHMAC_ReturnsError
--- PASS: TestOnfidoRegistry_HandleWebhook_InvalidHMAC_ReturnsError (0.00s)
=== RUN   TestOnfidoRegistry_HandleWebhook_ValidHMAC_IssuesCredential
--- PASS: TestOnfidoRegistry_HandleWebhook_ValidHMAC_IssuesCredential (0.00s)
=== RUN   TestOnfidoRegistry_HandleWebhook_NoWalletTag_ReturnsError
--- PASS: TestOnfidoRegistry_HandleWebhook_NoWalletTag_ReturnsError (0.00s)
=== RUN   TestOperatorRegistry_ImplementsInterface
--- PASS: TestOperatorRegistry_ImplementsInterface (0.00s)
=== RUN   TestOperatorRegistry_NilRegistryKey
--- PASS: TestOperatorRegistry_NilRegistryKey (0.00s)
=== RUN   TestOperatorRegistry_RequestKYC
--- PASS: TestOperatorRegistry_RequestKYC (0.00s)
=== RUN   TestOperatorRegistry_ApproveKYC
--- PASS: TestOperatorRegistry_ApproveKYC (0.00s)
=== RUN   TestOperatorRegistry_ApproveKYC_NoPending
--- PASS: TestOperatorRegistry_ApproveKYC_NoPending (0.00s)
=== RUN   TestOperatorRegistry_IssueCredential_DirectIssuance
--- PASS: TestOperatorRegistry_IssueCredential_DirectIssuance (0.00s)
=== RUN   TestOperatorRegistry_VerifyCredential
--- PASS: TestOperatorRegistry_VerifyCredential (0.00s)
=== RUN   TestOperatorRegistry_VerifyCredential_Unknown
--- PASS: TestOperatorRegistry_VerifyCredential_Unknown (0.00s)
=== RUN   TestOperatorRegistry_ListPendingRequests
--- PASS: TestOperatorRegistry_ListPendingRequests (0.00s)
=== RUN   TestOperatorRegistry_DuplicateRequest_Overwrites
--- PASS: TestOperatorRegistry_DuplicateRequest_Overwrites (0.00s)
=== RUN   TestOperatorRegistry_RequestKYC_InvalidInputs
--- PASS: TestOperatorRegistry_RequestKYC_InvalidInputs (0.00s)
=== RUN   TestNewOrder_Valid
--- PASS: TestNewOrder_Valid (0.00s)
=== RUN   TestNewOrder_InvalidPrice
--- PASS: TestNewOrder_InvalidPrice (0.00s)
=== RUN   TestNewOrder_NegativePrice
--- PASS: TestNewOrder_NegativePrice (0.00s)
=== RUN   TestNewOrder_InvalidQuantity
--- PASS: TestNewOrder_InvalidQuantity (0.00s)
=== RUN   TestNewOrder_NilKey
--- PASS: TestNewOrder_NilKey (0.00s)
=== RUN   TestOrder_Remaining
--- PASS: TestOrder_Remaining (0.00s)
=== RUN   TestOrder_IsExpired_GTC
--- PASS: TestOrder_IsExpired_GTC (0.00s)
=== RUN   TestOrder_IsExpired_Future
--- PASS: TestOrder_IsExpired_Future (0.00s)
=== RUN   TestOrder_IsExpired_Past
--- PASS: TestOrder_IsExpired_Past (0.00s)
=== RUN   TestOrder_VerifySignature_Tampered
--- PASS: TestOrder_VerifySignature_Tampered (0.00s)
=== RUN   TestOrderBookAddBid
--- PASS: TestOrderBookAddBid (0.00s)
=== RUN   TestOrderBookAddAsk
--- PASS: TestOrderBookAddAsk (0.00s)
=== RUN   TestOrderBookTimePriority
--- PASS: TestOrderBookTimePriority (0.00s)
=== RUN   TestAddOrder_InvalidSignature
--- PASS: TestAddOrder_InvalidSignature (0.00s)
=== RUN   TestAddOrder_Expired
--- PASS: TestAddOrder_Expired (0.00s)
=== RUN   TestCancelOrder
--- PASS: TestCancelOrder (0.00s)
=== RUN   TestCancelOrder_WrongCanceller
--- PASS: TestCancelOrder_WrongCanceller (0.00s)
=== RUN   TestCancelOrder_NotFound
--- PASS: TestCancelOrder_NotFound (0.00s)
=== RUN   TestCancelAsk
--- PASS: TestCancelAsk (0.00s)
=== RUN   TestMatchOrders_FullFill
--- PASS: TestMatchOrders_FullFill (0.00s)
=== RUN   TestMatchOrders_NoMatch
--- PASS: TestMatchOrders_NoMatch (0.00s)
=== RUN   TestMatchOrders_ExecuteAtAskPrice
--- PASS: TestMatchOrders_ExecuteAtAskPrice (0.00s)
=== RUN   TestMatchOrders_PartialFill
--- PASS: TestMatchOrders_PartialFill (0.00s)
=== RUN   TestMatchOrders_MultipleMatches
--- PASS: TestMatchOrders_MultipleMatches (0.00s)
=== RUN   TestMatchOrders_ProducesAssetTransactions
--- PASS: TestMatchOrders_ProducesAssetTransactions (0.00s)
=== RUN   TestOrderBookEmptyAfterFill
--- PASS: TestOrderBookEmptyAfterFill (0.00s)
=== RUN   TestOrderExpiry
--- PASS: TestOrderExpiry (0.00s)
=== RUN   TestMatchOrders_TradeIDs_Unique
--- PASS: TestMatchOrders_TradeIDs_Unique (0.00s)
=== RUN   TestNewOrderBook
--- PASS: TestNewOrderBook (0.00s)
=== RUN   TestNewMockP2PNode_HasTopicAndID
2026/06/03 16:15:54 consensus startup invariant: mode=hybrid http_seal=true dbft_consensus=true
2026-06-03T16:15:54.382+0100	INFO	p2pnode	GreenHouse.web3/p2p.go:448	Libp2p host created with ID: 12D3KooWGDYfQw68dWXyJVuZ3HPCk9hDkNVL92ZEXYg9CDVCCk9A
2026/06/03 16:15:54 P2P: using Noise XX security transport (mutual auth)
2026-06-03T16:15:54.382+0100	INFO	p2pnode	GreenHouse.web3/p2p.go:453	Listening on: /ip4/127.0.0.1/tcp/61997/p2p/12D3KooWGDYfQw68dWXyJVuZ3HPCk9hDkNVL92ZEXYg9CDVCCk9A
2026-06-03T16:15:54.382+0100	INFO	p2pnode	GreenHouse.web3/p2p.go:453	Listening on: /ip4/127.0.0.1/udp/53511/quic-v1/webtransport/certhash/uEiB-XG8v3sDrXlPqY9DlNVvk5druKrX0jEX0K1i-qnlPqw/certhash/uEiBchylLYNQtq5cQXPnF2Yl32R-ei1RtiLo_EJ7o82P5ow/p2p/12D3KooWGDYfQw68dWXyJVuZ3HPCk9hDkNVL92ZEXYg9CDVCCk9A
2026-06-03T16:15:54.382+0100	INFO	p2pnode	GreenHouse.web3/p2p.go:453	Listening on: /ip4/127.0.0.1/udp/59768/webrtc-direct/certhash/uEiAUw4-LR9Bc7KFfH-UKUAzzFvk5n9orP1eL-3CTALf70Q/p2p/12D3KooWGDYfQw68dWXyJVuZ3HPCk9hDkNVL92ZEXYg9CDVCCk9A
2026-06-03T16:15:54.382+0100	INFO	p2pnode	GreenHouse.web3/p2p.go:453	Listening on: /ip4/127.0.0.1/udp/63877/quic-v1/p2p/12D3KooWGDYfQw68dWXyJVuZ3HPCk9hDkNVL92ZEXYg9CDVCCk9A
2026-06-03T16:15:54.382+0100	INFO	p2pnode	GreenHouse.web3/p2p.go:453	Listening on: /ip4/192.168.0.156/tcp/61997/p2p/12D3KooWGDYfQw68dWXyJVuZ3HPCk9hDkNVL92ZEXYg9CDVCCk9A
2026-06-03T16:15:54.382+0100	INFO	p2pnode	GreenHouse.web3/p2p.go:453	Listening on: /ip4/192.168.0.156/udp/53511/quic-v1/webtransport/certhash/uEiB-XG8v3sDrXlPqY9DlNVvk5druKrX0jEX0K1i-qnlPqw/certhash/uEiBchylLYNQtq5cQXPnF2Yl32R-ei1RtiLo_EJ7o82P5ow/p2p/12D3KooWGDYfQw68dWXyJVuZ3HPCk9hDkNVL92ZEXYg9CDVCCk9A
2026-06-03T16:15:54.382+0100	INFO	p2pnode	GreenHouse.web3/p2p.go:453	Listening on: /ip4/192.168.0.156/udp/59768/webrtc-direct/certhash/uEiAUw4-LR9Bc7KFfH-UKUAzzFvk5n9orP1eL-3CTALf70Q/p2p/12D3KooWGDYfQw68dWXyJVuZ3HPCk9hDkNVL92ZEXYg9CDVCCk9A
2026-06-03T16:15:54.382+0100	INFO	p2pnode	GreenHouse.web3/p2p.go:453	Listening on: /ip4/192.168.0.156/udp/63877/quic-v1/p2p/12D3KooWGDYfQw68dWXyJVuZ3HPCk9hDkNVL92ZEXYg9CDVCCk9A
2026-06-03T16:15:54.382+0100	INFO	p2pnode	GreenHouse.web3/p2p.go:453	Listening on: /ip6/::1/tcp/61998/p2p/12D3KooWGDYfQw68dWXyJVuZ3HPCk9hDkNVL92ZEXYg9CDVCCk9A
2026-06-03T16:15:54.382+0100	INFO	p2pnode	GreenHouse.web3/p2p.go:453	Listening on: /ip6/::1/udp/50222/webrtc-direct/certhash/uEiAUw4-LR9Bc7KFfH-UKUAzzFvk5n9orP1eL-3CTALf70Q/p2p/12D3KooWGDYfQw68dWXyJVuZ3HPCk9hDkNVL92ZEXYg9CDVCCk9A
2026-06-03T16:15:54.382+0100	INFO	p2pnode	GreenHouse.web3/p2p.go:453	Listening on: /ip6/::1/udp/53611/quic-v1/webtransport/certhash/uEiB-XG8v3sDrXlPqY9DlNVvk5druKrX0jEX0K1i-qnlPqw/certhash/uEiBchylLYNQtq5cQXPnF2Yl32R-ei1RtiLo_EJ7o82P5ow/p2p/12D3KooWGDYfQw68dWXyJVuZ3HPCk9hDkNVL92ZEXYg9CDVCCk9A
2026-06-03T16:15:54.382+0100	INFO	p2pnode	GreenHouse.web3/p2p.go:453	Listening on: /ip6/::1/udp/58903/quic-v1/p2p/12D3KooWGDYfQw68dWXyJVuZ3HPCk9hDkNVL92ZEXYg9CDVCCk9A
2026-06-03T16:15:54.382+0100	INFO	p2pnode	GreenHouse.web3/p2p.go:513	DHT discovery disabled (GONETWORK_DISABLE_P2P_DHT=1)
2026-06-03T16:15:54.382+0100	INFO	p2pnode	GreenHouse.web3/p2p.go:532	PubSub service initialized (D=4 Dlo=3 Dhi=5 heartbeat=500ms)
2026-06-03T16:15:54.382+0100	INFO	p2pnode	GreenHouse.web3/p2p.go:539	Joined topic: p2p-test
2026-06-03T16:15:54.382+0100	INFO	p2pnode	GreenHouse.web3/p2p.go:546	Joined consensus topic: p2p-test/consensus
2026-06-03T16:15:54.382+0100	INFO	p2pnode	GreenHouse.web3/p2p.go:563	Topic validator registered for p2p-test
2026-06-03T16:15:54.382+0100	INFO	p2pnode	GreenHouse.web3/p2p.go:573	Topic validator registered for p2p-test/consensus
2026-06-03T16:15:54.382+0100	INFO	p2pnode	GreenHouse.web3/p2p.go:580	Subscribed to topic
2026-06-03T16:15:54.383+0100	INFO	p2pnode	GreenHouse.web3/p2p.go:586	Subscribed to consensus topic
2026-06-03T16:15:54.383+0100	INFO	p2pnode	GreenHouse.web3/p2p.go:603	mDNS discovery disabled (GONETWORK_DISABLE_P2P_MDNS=1)
2026-06-03T16:15:54.383+0100	INFO	p2pnode	GreenHouse.web3/p2p.go:712	Stream handler set for direct messaging
MockP2PNode: Initialized
--- PASS: TestNewMockP2PNode_HasTopicAndID (0.01s)
=== RUN   TestMockP2PNode_GetPeers_EmptyInitially
2026/06/03 16:15:54 consensus startup invariant: mode=hybrid http_seal=true dbft_consensus=true
2026-06-03T16:15:54.388+0100	INFO	p2pnode	GreenHouse.web3/p2p.go:448	Libp2p host created with ID: 12D3KooWNndUFxVJVJWh4zuchXExZCDSbua7kGXd17bUuNUkqkiz
2026/06/03 16:15:54 P2P: using Noise XX security transport (mutual auth)
2026-06-03T16:15:54.388+0100	INFO	p2pnode	GreenHouse.web3/p2p.go:453	Listening on: /ip4/127.0.0.1/tcp/61999/p2p/12D3KooWNndUFxVJVJWh4zuchXExZCDSbua7kGXd17bUuNUkqkiz
2026-06-03T16:15:54.388+0100	INFO	p2pnode	GreenHouse.web3/p2p.go:453	Listening on: /ip4/127.0.0.1/udp/55675/quic-v1/p2p/12D3KooWNndUFxVJVJWh4zuchXExZCDSbua7kGXd17bUuNUkqkiz
2026-06-03T16:15:54.388+0100	INFO	p2pnode	GreenHouse.web3/p2p.go:453	Listening on: /ip4/127.0.0.1/udp/56370/webrtc-direct/certhash/uEiCbJX8XUVd4Nh8JdRH7m2h3zAk3jZyVRWCSsAagpxlu1g/p2p/12D3KooWNndUFxVJVJWh4zuchXExZCDSbua7kGXd17bUuNUkqkiz
2026-06-03T16:15:54.388+0100	INFO	p2pnode	GreenHouse.web3/p2p.go:453	Listening on: /ip4/127.0.0.1/udp/58077/quic-v1/webtransport/certhash/uEiAtTwlMK_J3MZCXI6a3wYwfjyikAOdcn0X3HYIs-s2H1A/certhash/uEiDevJ7yS4KpBXadkqsTclA_GlpYmf6g1bU9zMPL8Fy1jg/p2p/12D3KooWNndUFxVJVJWh4zuchXExZCDSbua7kGXd17bUuNUkqkiz
2026-06-03T16:15:54.388+0100	INFO	p2pnode	GreenHouse.web3/p2p.go:453	Listening on: /ip4/192.168.0.156/tcp/61999/p2p/12D3KooWNndUFxVJVJWh4zuchXExZCDSbua7kGXd17bUuNUkqkiz
2026-06-03T16:15:54.388+0100	INFO	p2pnode	GreenHouse.web3/p2p.go:453	Listening on: /ip4/192.168.0.156/udp/55675/quic-v1/p2p/12D3KooWNndUFxVJVJWh4zuchXExZCDSbua7kGXd17bUuNUkqkiz
2026-06-03T16:15:54.388+0100	INFO	p2pnode	GreenHouse.web3/p2p.go:453	Listening on: /ip4/192.168.0.156/udp/56370/webrtc-direct/certhash/uEiCbJX8XUVd4Nh8JdRH7m2h3zAk3jZyVRWCSsAagpxlu1g/p2p/12D3KooWNndUFxVJVJWh4zuchXExZCDSbua7kGXd17bUuNUkqkiz
2026-06-03T16:15:54.388+0100	INFO	p2pnode	GreenHouse.web3/p2p.go:453	Listening on: /ip4/192.168.0.156/udp/58077/quic-v1/webtransport/certhash/uEiAtTwlMK_J3MZCXI6a3wYwfjyikAOdcn0X3HYIs-s2H1A/certhash/uEiDevJ7yS4KpBXadkqsTclA_GlpYmf6g1bU9zMPL8Fy1jg/p2p/12D3KooWNndUFxVJVJWh4zuchXExZCDSbua7kGXd17bUuNUkqkiz
2026-06-03T16:15:54.388+0100	INFO	p2pnode	GreenHouse.web3/p2p.go:453	Listening on: /ip6/::1/tcp/62000/p2p/12D3KooWNndUFxVJVJWh4zuchXExZCDSbua7kGXd17bUuNUkqkiz
2026-06-03T16:15:54.388+0100	INFO	p2pnode	GreenHouse.web3/p2p.go:453	Listening on: /ip6/::1/udp/49932/quic-v1/webtransport/certhash/uEiAtTwlMK_J3MZCXI6a3wYwfjyikAOdcn0X3HYIs-s2H1A/certhash/uEiDevJ7yS4KpBXadkqsTclA_GlpYmf6g1bU9zMPL8Fy1jg/p2p/12D3KooWNndUFxVJVJWh4zuchXExZCDSbua7kGXd17bUuNUkqkiz
2026-06-03T16:15:54.388+0100	INFO	p2pnode	GreenHouse.web3/p2p.go:453	Listening on: /ip6/::1/udp/54361/quic-v1/p2p/12D3KooWNndUFxVJVJWh4zuchXExZCDSbua7kGXd17bUuNUkqkiz
2026-06-03T16:15:54.388+0100	INFO	p2pnode	GreenHouse.web3/p2p.go:453	Listening on: /ip6/::1/udp/63212/webrtc-direct/certhash/uEiCbJX8XUVd4Nh8JdRH7m2h3zAk3jZyVRWCSsAagpxlu1g/p2p/12D3KooWNndUFxVJVJWh4zuchXExZCDSbua7kGXd17bUuNUkqkiz
2026-06-03T16:15:54.388+0100	INFO	p2pnode	GreenHouse.web3/p2p.go:513	DHT discovery disabled (GONETWORK_DISABLE_P2P_DHT=1)
2026-06-03T16:15:54.388+0100	INFO	p2pnode	GreenHouse.web3/p2p.go:532	PubSub service initialized (D=4 Dlo=3 Dhi=5 heartbeat=500ms)
2026-06-03T16:15:54.388+0100	INFO	p2pnode	GreenHouse.web3/p2p.go:539	Joined topic: p2p-test
2026-06-03T16:15:54.389+0100	INFO	p2pnode	GreenHouse.web3/p2p.go:546	Joined consensus topic: p2p-test/consensus
2026-06-03T16:15:54.389+0100	INFO	p2pnode	GreenHouse.web3/p2p.go:563	Topic validator registered for p2p-test
2026-06-03T16:15:54.389+0100	INFO	p2pnode	GreenHouse.web3/p2p.go:573	Topic validator registered for p2p-test/consensus
2026-06-03T16:15:54.389+0100	INFO	p2pnode	GreenHouse.web3/p2p.go:580	Subscribed to topic
2026-06-03T16:15:54.389+0100	INFO	p2pnode	GreenHouse.web3/p2p.go:586	Subscribed to consensus topic
2026-06-03T16:15:54.389+0100	INFO	p2pnode	GreenHouse.web3/p2p.go:603	mDNS discovery disabled (GONETWORK_DISABLE_P2P_MDNS=1)
2026-06-03T16:15:54.389+0100	INFO	p2pnode	GreenHouse.web3/p2p.go:712	Stream handler set for direct messaging
MockP2PNode: Initialized
--- PASS: TestMockP2PNode_GetPeers_EmptyInitially (0.01s)
=== RUN   TestMockP2PNode_AddPeer_AppendsPeerID
2026/06/03 16:15:54 consensus startup invariant: mode=hybrid http_seal=true dbft_consensus=true
2026-06-03T16:15:54.393+0100	INFO	p2pnode	GreenHouse.web3/p2p.go:448	Libp2p host created with ID: 12D3KooWPyn9CZ44eXacvXXuvzKCMSH6cRnLVXLJ47tKvZJt15Kd
2026/06/03 16:15:54 P2P: using Noise XX security transport (mutual auth)
2026-06-03T16:15:54.393+0100	INFO	p2pnode	GreenHouse.web3/p2p.go:453	Listening on: /ip4/127.0.0.1/tcp/62001/p2p/12D3KooWPyn9CZ44eXacvXXuvzKCMSH6cRnLVXLJ47tKvZJt15Kd
2026-06-03T16:15:54.393+0100	INFO	p2pnode	GreenHouse.web3/p2p.go:453	Listening on: /ip4/127.0.0.1/udp/51698/webrtc-direct/certhash/uEiAIZpWLr1JrxuiBcPGvXp9iHfMkPb1Be7XaLr9mRCyKXQ/p2p/12D3KooWPyn9CZ44eXacvXXuvzKCMSH6cRnLVXLJ47tKvZJt15Kd
2026-06-03T16:15:54.394+0100	INFO	p2pnode	GreenHouse.web3/p2p.go:453	Listening on: /ip4/127.0.0.1/udp/58096/quic-v1/p2p/12D3KooWPyn9CZ44eXacvXXuvzKCMSH6cRnLVXLJ47tKvZJt15Kd
2026-06-03T16:15:54.394+0100	INFO	p2pnode	GreenHouse.web3/p2p.go:453	Listening on: /ip4/127.0.0.1/udp/64565/quic-v1/webtransport/certhash/uEiDy7SV6n8sqH1FVPvihT8wEllUohzjUqJbQuJuf49_BuA/certhash/uEiBAbsPiFx9dQISIs7nChiXowCMvqyzvhP1hNugMoAAGxQ/p2p/12D3KooWPyn9CZ44eXacvXXuvzKCMSH6cRnLVXLJ47tKvZJt15Kd
2026-06-03T16:15:54.394+0100	INFO	p2pnode	GreenHouse.web3/p2p.go:453	Listening on: /ip4/192.168.0.156/tcp/62001/p2p/12D3KooWPyn9CZ44eXacvXXuvzKCMSH6cRnLVXLJ47tKvZJt15Kd
2026-06-03T16:15:54.394+0100	INFO	p2pnode	GreenHouse.web3/p2p.go:453	Listening on: /ip4/192.168.0.156/udp/51698/webrtc-direct/certhash/uEiAIZpWLr1JrxuiBcPGvXp9iHfMkPb1Be7XaLr9mRCyKXQ/p2p/12D3KooWPyn9CZ44eXacvXXuvzKCMSH6cRnLVXLJ47tKvZJt15Kd
2026-06-03T16:15:54.394+0100	INFO	p2pnode	GreenHouse.web3/p2p.go:453	Listening on: /ip4/192.168.0.156/udp/58096/quic-v1/p2p/12D3KooWPyn9CZ44eXacvXXuvzKCMSH6cRnLVXLJ47tKvZJt15Kd
2026-06-03T16:15:54.394+0100	INFO	p2pnode	GreenHouse.web3/p2p.go:453	Listening on: /ip4/192.168.0.156/udp/64565/quic-v1/webtransport/certhash/uEiDy7SV6n8sqH1FVPvihT8wEllUohzjUqJbQuJuf49_BuA/certhash/uEiBAbsPiFx9dQISIs7nChiXowCMvqyzvhP1hNugMoAAGxQ/p2p/12D3KooWPyn9CZ44eXacvXXuvzKCMSH6cRnLVXLJ47tKvZJt15Kd
2026-06-03T16:15:54.394+0100	INFO	p2pnode	GreenHouse.web3/p2p.go:453	Listening on: /ip6/::1/tcp/62002/p2p/12D3KooWPyn9CZ44eXacvXXuvzKCMSH6cRnLVXLJ47tKvZJt15Kd
2026-06-03T16:15:54.394+0100	INFO	p2pnode	GreenHouse.web3/p2p.go:453	Listening on: /ip6/::1/udp/51145/quic-v1/webtransport/certhash/uEiDy7SV6n8sqH1FVPvihT8wEllUohzjUqJbQuJuf49_BuA/certhash/uEiBAbsPiFx9dQISIs7nChiXowCMvqyzvhP1hNugMoAAGxQ/p2p/12D3KooWPyn9CZ44eXacvXXuvzKCMSH6cRnLVXLJ47tKvZJt15Kd
2026-06-03T16:15:54.394+0100	INFO	p2pnode	GreenHouse.web3/p2p.go:453	Listening on: /ip6/::1/udp/58636/quic-v1/p2p/12D3KooWPyn9CZ44eXacvXXuvzKCMSH6cRnLVXLJ47tKvZJt15Kd
2026-06-03T16:15:54.394+0100	INFO	p2pnode	GreenHouse.web3/p2p.go:453	Listening on: /ip6/::1/udp/61941/webrtc-direct/certhash/uEiAIZpWLr1JrxuiBcPGvXp9iHfMkPb1Be7XaLr9mRCyKXQ/p2p/12D3KooWPyn9CZ44eXacvXXuvzKCMSH6cRnLVXLJ47tKvZJt15Kd
2026-06-03T16:15:54.394+0100	INFO	p2pnode	GreenHouse.web3/p2p.go:513	DHT discovery disabled (GONETWORK_DISABLE_P2P_DHT=1)
2026-06-03T16:15:54.394+0100	INFO	p2pnode	GreenHouse.web3/p2p.go:532	PubSub service initialized (D=4 Dlo=3 Dhi=5 heartbeat=500ms)
2026-06-03T16:15:54.394+0100	INFO	p2pnode	GreenHouse.web3/p2p.go:539	Joined topic: p2p-test
2026-06-03T16:15:54.394+0100	INFO	p2pnode	GreenHouse.web3/p2p.go:546	Joined consensus topic: p2p-test/consensus
2026-06-03T16:15:54.394+0100	INFO	p2pnode	GreenHouse.web3/p2p.go:563	Topic validator registered for p2p-test
2026-06-03T16:15:54.394+0100	INFO	p2pnode	GreenHouse.web3/p2p.go:573	Topic validator registered for p2p-test/consensus
2026-06-03T16:15:54.394+0100	INFO	p2pnode	GreenHouse.web3/p2p.go:580	Subscribed to topic
2026-06-03T16:15:54.394+0100	INFO	p2pnode	GreenHouse.web3/p2p.go:586	Subscribed to consensus topic
2026-06-03T16:15:54.394+0100	INFO	p2pnode	GreenHouse.web3/p2p.go:603	mDNS discovery disabled (GONETWORK_DISABLE_P2P_MDNS=1)
2026-06-03T16:15:54.394+0100	INFO	p2pnode	GreenHouse.web3/p2p.go:712	Stream handler set for direct messaging
MockP2PNode: Initialized
2026/06/03 16:15:54 consensus startup invariant: mode=hybrid http_seal=true dbft_consensus=true
2026-06-03T16:15:54.398+0100	INFO	p2pnode	GreenHouse.web3/p2p.go:448	Libp2p host created with ID: 12D3KooWNvyK4CNF3mVYKtGXaBNHGVyetDvMsDBMwQ5b98s8tNZd
2026/06/03 16:15:54 P2P: using Noise XX security transport (mutual auth)
2026-06-03T16:15:54.398+0100	INFO	p2pnode	GreenHouse.web3/p2p.go:453	Listening on: /ip4/127.0.0.1/tcp/62003/p2p/12D3KooWNvyK4CNF3mVYKtGXaBNHGVyetDvMsDBMwQ5b98s8tNZd
2026-06-03T16:15:54.398+0100	INFO	p2pnode	GreenHouse.web3/p2p.go:453	Listening on: /ip4/127.0.0.1/udp/50416/webrtc-direct/certhash/uEiBCOZTgHprxToCH-Vc0z9vqBy5Hgabq81MILSSHVhxZsQ/p2p/12D3KooWNvyK4CNF3mVYKtGXaBNHGVyetDvMsDBMwQ5b98s8tNZd
2026-06-03T16:15:54.398+0100	INFO	p2pnode	GreenHouse.web3/p2p.go:453	Listening on: /ip4/127.0.0.1/udp/50470/quic-v1/p2p/12D3KooWNvyK4CNF3mVYKtGXaBNHGVyetDvMsDBMwQ5b98s8tNZd
2026-06-03T16:15:54.398+0100	INFO	p2pnode	GreenHouse.web3/p2p.go:453	Listening on: /ip4/127.0.0.1/udp/51316/quic-v1/webtransport/certhash/uEiBz0-uAdDQvit64cdYTE1Dn88ev_ft7GlUJBJtwRFCQVw/certhash/uEiAr4LLYYq465gpGej9MgdgN6lyevi802EFl-6S-N8PqbA/p2p/12D3KooWNvyK4CNF3mVYKtGXaBNHGVyetDvMsDBMwQ5b98s8tNZd
2026-06-03T16:15:54.398+0100	INFO	p2pnode	GreenHouse.web3/p2p.go:453	Listening on: /ip4/192.168.0.156/tcp/62003/p2p/12D3KooWNvyK4CNF3mVYKtGXaBNHGVyetDvMsDBMwQ5b98s8tNZd
2026-06-03T16:15:54.398+0100	INFO	p2pnode	GreenHouse.web3/p2p.go:453	Listening on: /ip4/192.168.0.156/udp/50416/webrtc-direct/certhash/uEiBCOZTgHprxToCH-Vc0z9vqBy5Hgabq81MILSSHVhxZsQ/p2p/12D3KooWNvyK4CNF3mVYKtGXaBNHGVyetDvMsDBMwQ5b98s8tNZd
2026-06-03T16:15:54.398+0100	INFO	p2pnode	GreenHouse.web3/p2p.go:453	Listening on: /ip4/192.168.0.156/udp/50470/quic-v1/p2p/12D3KooWNvyK4CNF3mVYKtGXaBNHGVyetDvMsDBMwQ5b98s8tNZd
2026-06-03T16:15:54.398+0100	INFO	p2pnode	GreenHouse.web3/p2p.go:453	Listening on: /ip4/192.168.0.156/udp/51316/quic-v1/webtransport/certhash/uEiBz0-uAdDQvit64cdYTE1Dn88ev_ft7GlUJBJtwRFCQVw/certhash/uEiAr4LLYYq465gpGej9MgdgN6lyevi802EFl-6S-N8PqbA/p2p/12D3KooWNvyK4CNF3mVYKtGXaBNHGVyetDvMsDBMwQ5b98s8tNZd
2026-06-03T16:15:54.398+0100	INFO	p2pnode	GreenHouse.web3/p2p.go:453	Listening on: /ip6/::1/tcp/62004/p2p/12D3KooWNvyK4CNF3mVYKtGXaBNHGVyetDvMsDBMwQ5b98s8tNZd
2026-06-03T16:15:54.398+0100	INFO	p2pnode	GreenHouse.web3/p2p.go:453	Listening on: /ip6/::1/udp/49767/quic-v1/p2p/12D3KooWNvyK4CNF3mVYKtGXaBNHGVyetDvMsDBMwQ5b98s8tNZd
2026-06-03T16:15:54.398+0100	INFO	p2pnode	GreenHouse.web3/p2p.go:453	Listening on: /ip6/::1/udp/58453/webrtc-direct/certhash/uEiBCOZTgHprxToCH-Vc0z9vqBy5Hgabq81MILSSHVhxZsQ/p2p/12D3KooWNvyK4CNF3mVYKtGXaBNHGVyetDvMsDBMwQ5b98s8tNZd
2026-06-03T16:15:54.398+0100	INFO	p2pnode	GreenHouse.web3/p2p.go:453	Listening on: /ip6/::1/udp/63569/quic-v1/webtransport/certhash/uEiBz0-uAdDQvit64cdYTE1Dn88ev_ft7GlUJBJtwRFCQVw/certhash/uEiAr4LLYYq465gpGej9MgdgN6lyevi802EFl-6S-N8PqbA/p2p/12D3KooWNvyK4CNF3mVYKtGXaBNHGVyetDvMsDBMwQ5b98s8tNZd
2026-06-03T16:15:54.398+0100	INFO	p2pnode	GreenHouse.web3/p2p.go:513	DHT discovery disabled (GONETWORK_DISABLE_P2P_DHT=1)
2026-06-03T16:15:54.398+0100	INFO	p2pnode	GreenHouse.web3/p2p.go:532	PubSub service initialized (D=4 Dlo=3 Dhi=5 heartbeat=500ms)
2026-06-03T16:15:54.398+0100	INFO	p2pnode	GreenHouse.web3/p2p.go:539	Joined topic: p2p-test
2026-06-03T16:15:54.398+0100	INFO	p2pnode	GreenHouse.web3/p2p.go:546	Joined consensus topic: p2p-test/consensus
2026-06-03T16:15:54.398+0100	INFO	p2pnode	GreenHouse.web3/p2p.go:563	Topic validator registered for p2p-test
2026-06-03T16:15:54.398+0100	INFO	p2pnode	GreenHouse.web3/p2p.go:573	Topic validator registered for p2p-test/consensus
2026-06-03T16:15:54.398+0100	INFO	p2pnode	GreenHouse.web3/p2p.go:580	Subscribed to topic
2026-06-03T16:15:54.398+0100	INFO	p2pnode	GreenHouse.web3/p2p.go:586	Subscribed to consensus topic
2026-06-03T16:15:54.398+0100	INFO	p2pnode	GreenHouse.web3/p2p.go:603	mDNS discovery disabled (GONETWORK_DISABLE_P2P_MDNS=1)
2026-06-03T16:15:54.398+0100	INFO	p2pnode	GreenHouse.web3/p2p.go:712	Stream handler set for direct messaging
MockP2PNode: Initialized
--- PASS: TestMockP2PNode_AddPeer_AppendsPeerID (0.01s)
=== RUN   TestMockP2PNode_AddPeer_MultiplepeersAccumulate
2026/06/03 16:15:54 consensus startup invariant: mode=hybrid http_seal=true dbft_consensus=true
2026-06-03T16:15:54.403+0100	INFO	p2pnode	GreenHouse.web3/p2p.go:448	Libp2p host created with ID: 12D3KooWQxzsaRWUp93Yqnh6DJVAHEaeEbh6Mzp6swVqTQrkNRvC
2026/06/03 16:15:54 P2P: using Noise XX security transport (mutual auth)
2026-06-03T16:15:54.403+0100	INFO	p2pnode	GreenHouse.web3/p2p.go:453	Listening on: /ip4/127.0.0.1/tcp/62005/p2p/12D3KooWQxzsaRWUp93Yqnh6DJVAHEaeEbh6Mzp6swVqTQrkNRvC
2026-06-03T16:15:54.403+0100	INFO	p2pnode	GreenHouse.web3/p2p.go:453	Listening on: /ip4/127.0.0.1/udp/63194/quic-v1/p2p/12D3KooWQxzsaRWUp93Yqnh6DJVAHEaeEbh6Mzp6swVqTQrkNRvC
2026-06-03T16:15:54.403+0100	INFO	p2pnode	GreenHouse.web3/p2p.go:453	Listening on: /ip4/127.0.0.1/udp/63439/quic-v1/webtransport/certhash/uEiC1uW4EuiZretUTm2RqUfS9FHK30WD7ZzmOVoRwffqCdg/certhash/uEiCn-gzDHAvMEM4xvUsKOKeOYE1jNDL7EkRUIszcZqRdvg/p2p/12D3KooWQxzsaRWUp93Yqnh6DJVAHEaeEbh6Mzp6swVqTQrkNRvC
2026-06-03T16:15:54.403+0100	INFO	p2pnode	GreenHouse.web3/p2p.go:453	Listening on: /ip4/127.0.0.1/udp/64615/webrtc-direct/certhash/uEiD5hqzjpZ2a9e693nq7vQMigIAvQNzGgS3rsVNDJwhYNw/p2p/12D3KooWQxzsaRWUp93Yqnh6DJVAHEaeEbh6Mzp6swVqTQrkNRvC
2026-06-03T16:15:54.403+0100	INFO	p2pnode	GreenHouse.web3/p2p.go:453	Listening on: /ip4/192.168.0.156/tcp/62005/p2p/12D3KooWQxzsaRWUp93Yqnh6DJVAHEaeEbh6Mzp6swVqTQrkNRvC
2026-06-03T16:15:54.403+0100	INFO	p2pnode	GreenHouse.web3/p2p.go:453	Listening on: /ip4/192.168.0.156/udp/63194/quic-v1/p2p/12D3KooWQxzsaRWUp93Yqnh6DJVAHEaeEbh6Mzp6swVqTQrkNRvC
2026-06-03T16:15:54.403+0100	INFO	p2pnode	GreenHouse.web3/p2p.go:453	Listening on: /ip4/192.168.0.156/udp/63439/quic-v1/webtransport/certhash/uEiC1uW4EuiZretUTm2RqUfS9FHK30WD7ZzmOVoRwffqCdg/certhash/uEiCn-gzDHAvMEM4xvUsKOKeOYE1jNDL7EkRUIszcZqRdvg/p2p/12D3KooWQxzsaRWUp93Yqnh6DJVAHEaeEbh6Mzp6swVqTQrkNRvC
2026-06-03T16:15:54.403+0100	INFO	p2pnode	GreenHouse.web3/p2p.go:453	Listening on: /ip4/192.168.0.156/udp/64615/webrtc-direct/certhash/uEiD5hqzjpZ2a9e693nq7vQMigIAvQNzGgS3rsVNDJwhYNw/p2p/12D3KooWQxzsaRWUp93Yqnh6DJVAHEaeEbh6Mzp6swVqTQrkNRvC
2026-06-03T16:15:54.403+0100	INFO	p2pnode	GreenHouse.web3/p2p.go:453	Listening on: /ip6/::1/tcp/62006/p2p/12D3KooWQxzsaRWUp93Yqnh6DJVAHEaeEbh6Mzp6swVqTQrkNRvC
2026-06-03T16:15:54.403+0100	INFO	p2pnode	GreenHouse.web3/p2p.go:453	Listening on: /ip6/::1/udp/51925/webrtc-direct/certhash/uEiD5hqzjpZ2a9e693nq7vQMigIAvQNzGgS3rsVNDJwhYNw/p2p/12D3KooWQxzsaRWUp93Yqnh6DJVAHEaeEbh6Mzp6swVqTQrkNRvC
2026-06-03T16:15:54.403+0100	INFO	p2pnode	GreenHouse.web3/p2p.go:453	Listening on: /ip6/::1/udp/57827/quic-v1/p2p/12D3KooWQxzsaRWUp93Yqnh6DJVAHEaeEbh6Mzp6swVqTQrkNRvC
2026-06-03T16:15:54.403+0100	INFO	p2pnode	GreenHouse.web3/p2p.go:453	Listening on: /ip6/::1/udp/63122/quic-v1/webtransport/certhash/uEiC1uW4EuiZretUTm2RqUfS9FHK30WD7ZzmOVoRwffqCdg/certhash/uEiCn-gzDHAvMEM4xvUsKOKeOYE1jNDL7EkRUIszcZqRdvg/p2p/12D3KooWQxzsaRWUp93Yqnh6DJVAHEaeEbh6Mzp6swVqTQrkNRvC
2026-06-03T16:15:54.403+0100	INFO	p2pnode	GreenHouse.web3/p2p.go:513	DHT discovery disabled (GONETWORK_DISABLE_P2P_DHT=1)
2026-06-03T16:15:54.403+0100	INFO	p2pnode	GreenHouse.web3/p2p.go:532	PubSub service initialized (D=4 Dlo=3 Dhi=5 heartbeat=500ms)
2026-06-03T16:15:54.403+0100	INFO	p2pnode	GreenHouse.web3/p2p.go:539	Joined topic: p2p-test
2026-06-03T16:15:54.403+0100	INFO	p2pnode	GreenHouse.web3/p2p.go:546	Joined consensus topic: p2p-test/consensus
2026-06-03T16:15:54.403+0100	INFO	p2pnode	GreenHouse.web3/p2p.go:563	Topic validator registered for p2p-test
2026-06-03T16:15:54.403+0100	INFO	p2pnode	GreenHouse.web3/p2p.go:573	Topic validator registered for p2p-test/consensus
2026-06-03T16:15:54.403+0100	INFO	p2pnode	GreenHouse.web3/p2p.go:580	Subscribed to topic
2026-06-03T16:15:54.403+0100	INFO	p2pnode	GreenHouse.web3/p2p.go:586	Subscribed to consensus topic
2026-06-03T16:15:54.403+0100	INFO	p2pnode	GreenHouse.web3/p2p.go:603	mDNS discovery disabled (GONETWORK_DISABLE_P2P_MDNS=1)
2026-06-03T16:15:54.403+0100	INFO	p2pnode	GreenHouse.web3/p2p.go:712	Stream handler set for direct messaging
MockP2PNode: Initialized
2026/06/03 16:15:54 consensus startup invariant: mode=hybrid http_seal=true dbft_consensus=true
2026-06-03T16:15:54.408+0100	INFO	p2pnode	GreenHouse.web3/p2p.go:448	Libp2p host created with ID: 12D3KooWJaEG5Lq8ygsKNMAXr3eLQQcfJTG9e3EZmjVoT5qQcFJP
2026/06/03 16:15:54 P2P: using Noise XX security transport (mutual auth)
2026-06-03T16:15:54.408+0100	INFO	p2pnode	GreenHouse.web3/p2p.go:453	Listening on: /ip4/127.0.0.1/tcp/62007/p2p/12D3KooWJaEG5Lq8ygsKNMAXr3eLQQcfJTG9e3EZmjVoT5qQcFJP
2026-06-03T16:15:54.408+0100	INFO	p2pnode	GreenHouse.web3/p2p.go:453	Listening on: /ip4/127.0.0.1/udp/62312/webrtc-direct/certhash/uEiDq6NFF-M8N7CDCR2Tv8V6UfApeB92o8_--JsIXp-mGYQ/p2p/12D3KooWJaEG5Lq8ygsKNMAXr3eLQQcfJTG9e3EZmjVoT5qQcFJP
2026-06-03T16:15:54.408+0100	INFO	p2pnode	GreenHouse.web3/p2p.go:453	Listening on: /ip4/127.0.0.1/udp/63462/quic-v1/webtransport/certhash/uEiD_VzK7I3lf3jTA6Z1b2GIt5F5LCENzWoW_0P3c-Yb_kQ/certhash/uEiAS1W2rhdQb9_2gpv349YKHu7QWLrnxK-btvA6sVby_Gw/p2p/12D3KooWJaEG5Lq8ygsKNMAXr3eLQQcfJTG9e3EZmjVoT5qQcFJP
2026-06-03T16:15:54.408+0100	INFO	p2pnode	GreenHouse.web3/p2p.go:453	Listening on: /ip4/127.0.0.1/udp/65021/quic-v1/p2p/12D3KooWJaEG5Lq8ygsKNMAXr3eLQQcfJTG9e3EZmjVoT5qQcFJP
2026-06-03T16:15:54.408+0100	INFO	p2pnode	GreenHouse.web3/p2p.go:453	Listening on: /ip4/192.168.0.156/tcp/62007/p2p/12D3KooWJaEG5Lq8ygsKNMAXr3eLQQcfJTG9e3EZmjVoT5qQcFJP
2026-06-03T16:15:54.408+0100	INFO	p2pnode	GreenHouse.web3/p2p.go:453	Listening on: /ip4/192.168.0.156/udp/62312/webrtc-direct/certhash/uEiDq6NFF-M8N7CDCR2Tv8V6UfApeB92o8_--JsIXp-mGYQ/p2p/12D3KooWJaEG5Lq8ygsKNMAXr3eLQQcfJTG9e3EZmjVoT5qQcFJP
2026-06-03T16:15:54.408+0100	INFO	p2pnode	GreenHouse.web3/p2p.go:453	Listening on: /ip4/192.168.0.156/udp/63462/quic-v1/webtransport/certhash/uEiD_VzK7I3lf3jTA6Z1b2GIt5F5LCENzWoW_0P3c-Yb_kQ/certhash/uEiAS1W2rhdQb9_2gpv349YKHu7QWLrnxK-btvA6sVby_Gw/p2p/12D3KooWJaEG5Lq8ygsKNMAXr3eLQQcfJTG9e3EZmjVoT5qQcFJP
2026-06-03T16:15:54.408+0100	INFO	p2pnode	GreenHouse.web3/p2p.go:453	Listening on: /ip4/192.168.0.156/udp/65021/quic-v1/p2p/12D3KooWJaEG5Lq8ygsKNMAXr3eLQQcfJTG9e3EZmjVoT5qQcFJP
2026-06-03T16:15:54.408+0100	INFO	p2pnode	GreenHouse.web3/p2p.go:453	Listening on: /ip6/::1/tcp/62008/p2p/12D3KooWJaEG5Lq8ygsKNMAXr3eLQQcfJTG9e3EZmjVoT5qQcFJP
2026-06-03T16:15:54.408+0100	INFO	p2pnode	GreenHouse.web3/p2p.go:453	Listening on: /ip6/::1/udp/53062/quic-v1/webtransport/certhash/uEiD_VzK7I3lf3jTA6Z1b2GIt5F5LCENzWoW_0P3c-Yb_kQ/certhash/uEiAS1W2rhdQb9_2gpv349YKHu7QWLrnxK-btvA6sVby_Gw/p2p/12D3KooWJaEG5Lq8ygsKNMAXr3eLQQcfJTG9e3EZmjVoT5qQcFJP
2026-06-03T16:15:54.408+0100	INFO	p2pnode	GreenHouse.web3/p2p.go:453	Listening on: /ip6/::1/udp/60708/quic-v1/p2p/12D3KooWJaEG5Lq8ygsKNMAXr3eLQQcfJTG9e3EZmjVoT5qQcFJP
2026-06-03T16:15:54.408+0100	INFO	p2pnode	GreenHouse.web3/p2p.go:453	Listening on: /ip6/::1/udp/61425/webrtc-direct/certhash/uEiDq6NFF-M8N7CDCR2Tv8V6UfApeB92o8_--JsIXp-mGYQ/p2p/12D3KooWJaEG5Lq8ygsKNMAXr3eLQQcfJTG9e3EZmjVoT5qQcFJP
2026-06-03T16:15:54.408+0100	INFO	p2pnode	GreenHouse.web3/p2p.go:513	DHT discovery disabled (GONETWORK_DISABLE_P2P_DHT=1)
2026-06-03T16:15:54.408+0100	INFO	p2pnode	GreenHouse.web3/p2p.go:532	PubSub service initialized (D=4 Dlo=3 Dhi=5 heartbeat=500ms)
2026-06-03T16:15:54.408+0100	INFO	p2pnode	GreenHouse.web3/p2p.go:539	Joined topic: p2p-test
2026-06-03T16:15:54.408+0100	INFO	p2pnode	GreenHouse.web3/p2p.go:546	Joined consensus topic: p2p-test/consensus
2026-06-03T16:15:54.408+0100	INFO	p2pnode	GreenHouse.web3/p2p.go:563	Topic validator registered for p2p-test
2026-06-03T16:15:54.408+0100	INFO	p2pnode	GreenHouse.web3/p2p.go:573	Topic validator registered for p2p-test/consensus
2026-06-03T16:15:54.408+0100	INFO	p2pnode	GreenHouse.web3/p2p.go:580	Subscribed to topic
2026-06-03T16:15:54.408+0100	INFO	p2pnode	GreenHouse.web3/p2p.go:586	Subscribed to consensus topic
2026-06-03T16:15:54.408+0100	INFO	p2pnode	GreenHouse.web3/p2p.go:603	mDNS discovery disabled (GONETWORK_DISABLE_P2P_MDNS=1)
2026-06-03T16:15:54.408+0100	INFO	p2pnode	GreenHouse.web3/p2p.go:712	Stream handler set for direct messaging
MockP2PNode: Initialized
2026/06/03 16:15:54 consensus startup invariant: mode=hybrid http_seal=true dbft_consensus=true
2026-06-03T16:15:54.413+0100	INFO	p2pnode	GreenHouse.web3/p2p.go:448	Libp2p host created with ID: 12D3KooWPXxvYxmasag321DGZuaFw6uSfBYVTDVYmrA2xUQ8WU6W
2026/06/03 16:15:54 P2P: using Noise XX security transport (mutual auth)
2026-06-03T16:15:54.413+0100	INFO	p2pnode	GreenHouse.web3/p2p.go:453	Listening on: /ip4/127.0.0.1/tcp/62009/p2p/12D3KooWPXxvYxmasag321DGZuaFw6uSfBYVTDVYmrA2xUQ8WU6W
2026-06-03T16:15:54.413+0100	INFO	p2pnode	GreenHouse.web3/p2p.go:453	Listening on: /ip4/127.0.0.1/udp/53214/webrtc-direct/certhash/uEiAfPTWjbwWcRFe3lMxruApIQa6Yv0AH6wvp3DiPFTJmQQ/p2p/12D3KooWPXxvYxmasag321DGZuaFw6uSfBYVTDVYmrA2xUQ8WU6W
2026-06-03T16:15:54.413+0100	INFO	p2pnode	GreenHouse.web3/p2p.go:453	Listening on: /ip4/127.0.0.1/udp/58380/quic-v1/p2p/12D3KooWPXxvYxmasag321DGZuaFw6uSfBYVTDVYmrA2xUQ8WU6W
2026-06-03T16:15:54.413+0100	INFO	p2pnode	GreenHouse.web3/p2p.go:453	Listening on: /ip4/127.0.0.1/udp/58940/quic-v1/webtransport/certhash/uEiD_2i_SwVpnszh5nbe78zomWVEsje_nrZztifuO16JNxA/certhash/uEiDndAkwt8ffpsJ1t-pyl70LaqDpb8wxjGoX5-1kjcHq0w/p2p/12D3KooWPXxvYxmasag321DGZuaFw6uSfBYVTDVYmrA2xUQ8WU6W
2026-06-03T16:15:54.413+0100	INFO	p2pnode	GreenHouse.web3/p2p.go:453	Listening on: /ip4/192.168.0.156/tcp/62009/p2p/12D3KooWPXxvYxmasag321DGZuaFw6uSfBYVTDVYmrA2xUQ8WU6W
2026-06-03T16:15:54.413+0100	INFO	p2pnode	GreenHouse.web3/p2p.go:453	Listening on: /ip4/192.168.0.156/udp/53214/webrtc-direct/certhash/uEiAfPTWjbwWcRFe3lMxruApIQa6Yv0AH6wvp3DiPFTJmQQ/p2p/12D3KooWPXxvYxmasag321DGZuaFw6uSfBYVTDVYmrA2xUQ8WU6W
2026-06-03T16:15:54.413+0100	INFO	p2pnode	GreenHouse.web3/p2p.go:453	Listening on: /ip4/192.168.0.156/udp/58380/quic-v1/p2p/12D3KooWPXxvYxmasag321DGZuaFw6uSfBYVTDVYmrA2xUQ8WU6W
2026-06-03T16:15:54.413+0100	INFO	p2pnode	GreenHouse.web3/p2p.go:453	Listening on: /ip4/192.168.0.156/udp/58940/quic-v1/webtransport/certhash/uEiD_2i_SwVpnszh5nbe78zomWVEsje_nrZztifuO16JNxA/certhash/uEiDndAkwt8ffpsJ1t-pyl70LaqDpb8wxjGoX5-1kjcHq0w/p2p/12D3KooWPXxvYxmasag321DGZuaFw6uSfBYVTDVYmrA2xUQ8WU6W
2026-06-03T16:15:54.413+0100	INFO	p2pnode	GreenHouse.web3/p2p.go:453	Listening on: /ip6/::1/tcp/62010/p2p/12D3KooWPXxvYxmasag321DGZuaFw6uSfBYVTDVYmrA2xUQ8WU6W
2026-06-03T16:15:54.413+0100	INFO	p2pnode	GreenHouse.web3/p2p.go:453	Listening on: /ip6/::1/udp/49762/quic-v1/p2p/12D3KooWPXxvYxmasag321DGZuaFw6uSfBYVTDVYmrA2xUQ8WU6W
2026-06-03T16:15:54.413+0100	INFO	p2pnode	GreenHouse.web3/p2p.go:453	Listening on: /ip6/::1/udp/61659/quic-v1/webtransport/certhash/uEiD_2i_SwVpnszh5nbe78zomWVEsje_nrZztifuO16JNxA/certhash/uEiDndAkwt8ffpsJ1t-pyl70LaqDpb8wxjGoX5-1kjcHq0w/p2p/12D3KooWPXxvYxmasag321DGZuaFw6uSfBYVTDVYmrA2xUQ8WU6W
2026-06-03T16:15:54.413+0100	INFO	p2pnode	GreenHouse.web3/p2p.go:453	Listening on: /ip6/::1/udp/64267/webrtc-direct/certhash/uEiAfPTWjbwWcRFe3lMxruApIQa6Yv0AH6wvp3DiPFTJmQQ/p2p/12D3KooWPXxvYxmasag321DGZuaFw6uSfBYVTDVYmrA2xUQ8WU6W
2026-06-03T16:15:54.413+0100	INFO	p2pnode	GreenHouse.web3/p2p.go:513	DHT discovery disabled (GONETWORK_DISABLE_P2P_DHT=1)
2026-06-03T16:15:54.413+0100	INFO	p2pnode	GreenHouse.web3/p2p.go:532	PubSub service initialized (D=4 Dlo=3 Dhi=5 heartbeat=500ms)
2026-06-03T16:15:54.413+0100	INFO	p2pnode	GreenHouse.web3/p2p.go:539	Joined topic: p2p-test
2026-06-03T16:15:54.413+0100	INFO	p2pnode	GreenHouse.web3/p2p.go:546	Joined consensus topic: p2p-test/consensus
2026-06-03T16:15:54.413+0100	INFO	p2pnode	GreenHouse.web3/p2p.go:563	Topic validator registered for p2p-test
2026-06-03T16:15:54.413+0100	INFO	p2pnode	GreenHouse.web3/p2p.go:573	Topic validator registered for p2p-test/consensus
2026-06-03T16:15:54.413+0100	INFO	p2pnode	GreenHouse.web3/p2p.go:580	Subscribed to topic
2026-06-03T16:15:54.413+0100	INFO	p2pnode	GreenHouse.web3/p2p.go:586	Subscribed to consensus topic
2026-06-03T16:15:54.413+0100	INFO	p2pnode	GreenHouse.web3/p2p.go:603	mDNS discovery disabled (GONETWORK_DISABLE_P2P_MDNS=1)
2026-06-03T16:15:54.413+0100	INFO	p2pnode	GreenHouse.web3/p2p.go:712	Stream handler set for direct messaging
MockP2PNode: Initialized
--- PASS: TestMockP2PNode_AddPeer_MultiplepeersAccumulate (0.01s)
=== RUN   TestMockP2PNode_BroadcastTransaction_NoError
2026/06/03 16:15:54 consensus startup invariant: mode=hybrid http_seal=true dbft_consensus=true
2026-06-03T16:15:54.417+0100	INFO	p2pnode	GreenHouse.web3/p2p.go:448	Libp2p host created with ID: 12D3KooWR7BQSYaqdyvexG9dXfAnkR6Kmh9vTb89pJbkfYm9cEQ5
2026/06/03 16:15:54 P2P: using Noise XX security transport (mutual auth)
2026-06-03T16:15:54.417+0100	INFO	p2pnode	GreenHouse.web3/p2p.go:453	Listening on: /ip4/127.0.0.1/tcp/62011/p2p/12D3KooWR7BQSYaqdyvexG9dXfAnkR6Kmh9vTb89pJbkfYm9cEQ5
2026-06-03T16:15:54.417+0100	INFO	p2pnode	GreenHouse.web3/p2p.go:453	Listening on: /ip4/127.0.0.1/udp/53076/quic-v1/p2p/12D3KooWR7BQSYaqdyvexG9dXfAnkR6Kmh9vTb89pJbkfYm9cEQ5
2026-06-03T16:15:54.417+0100	INFO	p2pnode	GreenHouse.web3/p2p.go:453	Listening on: /ip4/127.0.0.1/udp/60869/quic-v1/webtransport/certhash/uEiANt0sMpI0monUOxrHnQzG6WA9_xFsOONDHgL0oSE5Ebg/certhash/uEiDwZtLAshKxXPLc0dN7kDQPQxfkoKgFj8HsZhN9nm8spA/p2p/12D3KooWR7BQSYaqdyvexG9dXfAnkR6Kmh9vTb89pJbkfYm9cEQ5
2026-06-03T16:15:54.417+0100	INFO	p2pnode	GreenHouse.web3/p2p.go:453	Listening on: /ip4/127.0.0.1/udp/61657/webrtc-direct/certhash/uEiBQzzmrwigAQXy2rRzYWM-Yc9K0BAGpaAzbUoZzUg59bQ/p2p/12D3KooWR7BQSYaqdyvexG9dXfAnkR6Kmh9vTb89pJbkfYm9cEQ5
2026-06-03T16:15:54.417+0100	INFO	p2pnode	GreenHouse.web3/p2p.go:453	Listening on: /ip4/192.168.0.156/tcp/62011/p2p/12D3KooWR7BQSYaqdyvexG9dXfAnkR6Kmh9vTb89pJbkfYm9cEQ5
2026-06-03T16:15:54.417+0100	INFO	p2pnode	GreenHouse.web3/p2p.go:453	Listening on: /ip4/192.168.0.156/udp/53076/quic-v1/p2p/12D3KooWR7BQSYaqdyvexG9dXfAnkR6Kmh9vTb89pJbkfYm9cEQ5
2026-06-03T16:15:54.417+0100	INFO	p2pnode	GreenHouse.web3/p2p.go:453	Listening on: /ip4/192.168.0.156/udp/60869/quic-v1/webtransport/certhash/uEiANt0sMpI0monUOxrHnQzG6WA9_xFsOONDHgL0oSE5Ebg/certhash/uEiDwZtLAshKxXPLc0dN7kDQPQxfkoKgFj8HsZhN9nm8spA/p2p/12D3KooWR7BQSYaqdyvexG9dXfAnkR6Kmh9vTb89pJbkfYm9cEQ5
2026-06-03T16:15:54.417+0100	INFO	p2pnode	GreenHouse.web3/p2p.go:453	Listening on: /ip4/192.168.0.156/udp/61657/webrtc-direct/certhash/uEiBQzzmrwigAQXy2rRzYWM-Yc9K0BAGpaAzbUoZzUg59bQ/p2p/12D3KooWR7BQSYaqdyvexG9dXfAnkR6Kmh9vTb89pJbkfYm9cEQ5
2026-06-03T16:15:54.417+0100	INFO	p2pnode	GreenHouse.web3/p2p.go:453	Listening on: /ip6/::1/tcp/62012/p2p/12D3KooWR7BQSYaqdyvexG9dXfAnkR6Kmh9vTb89pJbkfYm9cEQ5
2026-06-03T16:15:54.417+0100	INFO	p2pnode	GreenHouse.web3/p2p.go:453	Listening on: /ip6/::1/udp/51857/quic-v1/webtransport/certhash/uEiANt0sMpI0monUOxrHnQzG6WA9_xFsOONDHgL0oSE5Ebg/certhash/uEiDwZtLAshKxXPLc0dN7kDQPQxfkoKgFj8HsZhN9nm8spA/p2p/12D3KooWR7BQSYaqdyvexG9dXfAnkR6Kmh9vTb89pJbkfYm9cEQ5
2026-06-03T16:15:54.417+0100	INFO	p2pnode	GreenHouse.web3/p2p.go:453	Listening on: /ip6/::1/udp/60582/quic-v1/p2p/12D3KooWR7BQSYaqdyvexG9dXfAnkR6Kmh9vTb89pJbkfYm9cEQ5
2026-06-03T16:15:54.417+0100	INFO	p2pnode	GreenHouse.web3/p2p.go:453	Listening on: /ip6/::1/udp/63325/webrtc-direct/certhash/uEiBQzzmrwigAQXy2rRzYWM-Yc9K0BAGpaAzbUoZzUg59bQ/p2p/12D3KooWR7BQSYaqdyvexG9dXfAnkR6Kmh9vTb89pJbkfYm9cEQ5
2026-06-03T16:15:54.417+0100	INFO	p2pnode	GreenHouse.web3/p2p.go:513	DHT discovery disabled (GONETWORK_DISABLE_P2P_DHT=1)
2026-06-03T16:15:54.417+0100	INFO	p2pnode	GreenHouse.web3/p2p.go:532	PubSub service initialized (D=4 Dlo=3 Dhi=5 heartbeat=500ms)
2026-06-03T16:15:54.417+0100	INFO	p2pnode	GreenHouse.web3/p2p.go:539	Joined topic: p2p-test
2026-06-03T16:15:54.417+0100	INFO	p2pnode	GreenHouse.web3/p2p.go:546	Joined consensus topic: p2p-test/consensus
2026-06-03T16:15:54.417+0100	INFO	p2pnode	GreenHouse.web3/p2p.go:563	Topic validator registered for p2p-test
2026-06-03T16:15:54.417+0100	INFO	p2pnode	GreenHouse.web3/p2p.go:573	Topic validator registered for p2p-test/consensus
2026-06-03T16:15:54.417+0100	INFO	p2pnode	GreenHouse.web3/p2p.go:580	Subscribed to topic
2026-06-03T16:15:54.417+0100	INFO	p2pnode	GreenHouse.web3/p2p.go:586	Subscribed to consensus topic
2026-06-03T16:15:54.417+0100	INFO	p2pnode	GreenHouse.web3/p2p.go:603	mDNS discovery disabled (GONETWORK_DISABLE_P2P_MDNS=1)
2026-06-03T16:15:54.417+0100	INFO	p2pnode	GreenHouse.web3/p2p.go:712	Stream handler set for direct messaging
MockP2PNode: Initialized
MockP2PNode: BroadcastTransaction called
MockTopic: Publish called
--- PASS: TestMockP2PNode_BroadcastTransaction_NoError (0.00s)
=== RUN   TestMockP2PNode_BroadcastBlock_NoError
2026/06/03 16:15:54 consensus startup invariant: mode=hybrid http_seal=true dbft_consensus=true
2026-06-03T16:15:54.421+0100	INFO	p2pnode	GreenHouse.web3/p2p.go:448	Libp2p host created with ID: 12D3KooWSg2XiyZvj9pW1xGX8GVdYRGfZHvv7Mg7EhL3YPQ5Edze
2026/06/03 16:15:54 P2P: using Noise XX security transport (mutual auth)
2026-06-03T16:15:54.421+0100	INFO	p2pnode	GreenHouse.web3/p2p.go:453	Listening on: /ip4/127.0.0.1/tcp/62013/p2p/12D3KooWSg2XiyZvj9pW1xGX8GVdYRGfZHvv7Mg7EhL3YPQ5Edze
2026-06-03T16:15:54.421+0100	INFO	p2pnode	GreenHouse.web3/p2p.go:453	Listening on: /ip4/127.0.0.1/udp/54223/quic-v1/webtransport/certhash/uEiAKIxBLLYLm8cRIZ0BlO4YZNzF81ls3xIWMLP1QNp6qbg/certhash/uEiCSFTN9uhGfQBx1K-FcxlupFxmNpGlMahkSqHMJdUK9Qw/p2p/12D3KooWSg2XiyZvj9pW1xGX8GVdYRGfZHvv7Mg7EhL3YPQ5Edze
2026-06-03T16:15:54.421+0100	INFO	p2pnode	GreenHouse.web3/p2p.go:453	Listening on: /ip4/127.0.0.1/udp/54228/quic-v1/p2p/12D3KooWSg2XiyZvj9pW1xGX8GVdYRGfZHvv7Mg7EhL3YPQ5Edze
2026-06-03T16:15:54.421+0100	INFO	p2pnode	GreenHouse.web3/p2p.go:453	Listening on: /ip4/127.0.0.1/udp/58151/webrtc-direct/certhash/uEiAtLDTrFgSfEaJ0MqDSP15SHCEly48iemIt7YIJyvC_TQ/p2p/12D3KooWSg2XiyZvj9pW1xGX8GVdYRGfZHvv7Mg7EhL3YPQ5Edze
2026-06-03T16:15:54.421+0100	INFO	p2pnode	GreenHouse.web3/p2p.go:453	Listening on: /ip4/192.168.0.156/tcp/62013/p2p/12D3KooWSg2XiyZvj9pW1xGX8GVdYRGfZHvv7Mg7EhL3YPQ5Edze
2026-06-03T16:15:54.421+0100	INFO	p2pnode	GreenHouse.web3/p2p.go:453	Listening on: /ip4/192.168.0.156/udp/54223/quic-v1/webtransport/certhash/uEiAKIxBLLYLm8cRIZ0BlO4YZNzF81ls3xIWMLP1QNp6qbg/certhash/uEiCSFTN9uhGfQBx1K-FcxlupFxmNpGlMahkSqHMJdUK9Qw/p2p/12D3KooWSg2XiyZvj9pW1xGX8GVdYRGfZHvv7Mg7EhL3YPQ5Edze
2026-06-03T16:15:54.421+0100	INFO	p2pnode	GreenHouse.web3/p2p.go:453	Listening on: /ip4/192.168.0.156/udp/54228/quic-v1/p2p/12D3KooWSg2XiyZvj9pW1xGX8GVdYRGfZHvv7Mg7EhL3YPQ5Edze
2026-06-03T16:15:54.421+0100	INFO	p2pnode	GreenHouse.web3/p2p.go:453	Listening on: /ip4/192.168.0.156/udp/58151/webrtc-direct/certhash/uEiAtLDTrFgSfEaJ0MqDSP15SHCEly48iemIt7YIJyvC_TQ/p2p/12D3KooWSg2XiyZvj9pW1xGX8GVdYRGfZHvv7Mg7EhL3YPQ5Edze
2026-06-03T16:15:54.421+0100	INFO	p2pnode	GreenHouse.web3/p2p.go:453	Listening on: /ip6/::1/tcp/62014/p2p/12D3KooWSg2XiyZvj9pW1xGX8GVdYRGfZHvv7Mg7EhL3YPQ5Edze
2026-06-03T16:15:54.421+0100	INFO	p2pnode	GreenHouse.web3/p2p.go:453	Listening on: /ip6/::1/udp/59122/webrtc-direct/certhash/uEiAtLDTrFgSfEaJ0MqDSP15SHCEly48iemIt7YIJyvC_TQ/p2p/12D3KooWSg2XiyZvj9pW1xGX8GVdYRGfZHvv7Mg7EhL3YPQ5Edze
2026-06-03T16:15:54.421+0100	INFO	p2pnode	GreenHouse.web3/p2p.go:453	Listening on: /ip6/::1/udp/62797/quic-v1/webtransport/certhash/uEiAKIxBLLYLm8cRIZ0BlO4YZNzF81ls3xIWMLP1QNp6qbg/certhash/uEiCSFTN9uhGfQBx1K-FcxlupFxmNpGlMahkSqHMJdUK9Qw/p2p/12D3KooWSg2XiyZvj9pW1xGX8GVdYRGfZHvv7Mg7EhL3YPQ5Edze
2026-06-03T16:15:54.421+0100	INFO	p2pnode	GreenHouse.web3/p2p.go:453	Listening on: /ip6/::1/udp/63257/quic-v1/p2p/12D3KooWSg2XiyZvj9pW1xGX8GVdYRGfZHvv7Mg7EhL3YPQ5Edze
2026-06-03T16:15:54.421+0100	INFO	p2pnode	GreenHouse.web3/p2p.go:513	DHT discovery disabled (GONETWORK_DISABLE_P2P_DHT=1)
2026-06-03T16:15:54.421+0100	INFO	p2pnode	GreenHouse.web3/p2p.go:532	PubSub service initialized (D=4 Dlo=3 Dhi=5 heartbeat=500ms)
2026-06-03T16:15:54.421+0100	INFO	p2pnode	GreenHouse.web3/p2p.go:539	Joined topic: p2p-test
2026-06-03T16:15:54.421+0100	INFO	p2pnode	GreenHouse.web3/p2p.go:546	Joined consensus topic: p2p-test/consensus
2026-06-03T16:15:54.421+0100	INFO	p2pnode	GreenHouse.web3/p2p.go:563	Topic validator registered for p2p-test
2026-06-03T16:15:54.421+0100	INFO	p2pnode	GreenHouse.web3/p2p.go:573	Topic validator registered for p2p-test/consensus
2026-06-03T16:15:54.421+0100	INFO	p2pnode	GreenHouse.web3/p2p.go:580	Subscribed to topic
2026-06-03T16:15:54.421+0100	INFO	p2pnode	GreenHouse.web3/p2p.go:586	Subscribed to consensus topic
2026-06-03T16:15:54.421+0100	INFO	p2pnode	GreenHouse.web3/p2p.go:603	mDNS discovery disabled (GONETWORK_DISABLE_P2P_MDNS=1)
2026-06-03T16:15:54.421+0100	INFO	p2pnode	GreenHouse.web3/p2p.go:712	Stream handler set for direct messaging
MockP2PNode: Initialized
MockP2PNode: BroadcastBlock called
MockTopic: Publish called
--- PASS: TestMockP2PNode_BroadcastBlock_NoError (0.00s)
=== RUN   TestMockP2PNode_SendMessage_NoError
2026/06/03 16:15:54 consensus startup invariant: mode=hybrid http_seal=true dbft_consensus=true
2026-06-03T16:15:54.424+0100	INFO	p2pnode	GreenHouse.web3/p2p.go:448	Libp2p host created with ID: 12D3KooWMHBhCPCPC2V6yg6HY8nLx3ZuvQ2q5mLnAma15DkhuXfm
2026/06/03 16:15:54 P2P: using Noise XX security transport (mutual auth)
2026-06-03T16:15:54.424+0100	INFO	p2pnode	GreenHouse.web3/p2p.go:453	Listening on: /ip4/127.0.0.1/tcp/62015/p2p/12D3KooWMHBhCPCPC2V6yg6HY8nLx3ZuvQ2q5mLnAma15DkhuXfm
2026-06-03T16:15:54.424+0100	INFO	p2pnode	GreenHouse.web3/p2p.go:453	Listening on: /ip4/127.0.0.1/udp/52481/webrtc-direct/certhash/uEiD5T6eioAFPpz5Ha40BdWWvpGDvK0-sfIKNk1rIG5_QAQ/p2p/12D3KooWMHBhCPCPC2V6yg6HY8nLx3ZuvQ2q5mLnAma15DkhuXfm
2026-06-03T16:15:54.424+0100	INFO	p2pnode	GreenHouse.web3/p2p.go:453	Listening on: /ip4/127.0.0.1/udp/57037/quic-v1/webtransport/certhash/uEiCelwzmy24A66HGAAx9VsqpJJKAkgQ7SXVGo28TtNDSVA/certhash/uEiDBaifp3W1yWoN43uwyGVR67XCJcIpjxUcvDbE_Z3EK1w/p2p/12D3KooWMHBhCPCPC2V6yg6HY8nLx3ZuvQ2q5mLnAma15DkhuXfm
2026-06-03T16:15:54.424+0100	INFO	p2pnode	GreenHouse.web3/p2p.go:453	Listening on: /ip4/127.0.0.1/udp/60981/quic-v1/p2p/12D3KooWMHBhCPCPC2V6yg6HY8nLx3ZuvQ2q5mLnAma15DkhuXfm
2026-06-03T16:15:54.424+0100	INFO	p2pnode	GreenHouse.web3/p2p.go:453	Listening on: /ip4/192.168.0.156/tcp/62015/p2p/12D3KooWMHBhCPCPC2V6yg6HY8nLx3ZuvQ2q5mLnAma15DkhuXfm
2026-06-03T16:15:54.424+0100	INFO	p2pnode	GreenHouse.web3/p2p.go:453	Listening on: /ip4/192.168.0.156/udp/52481/webrtc-direct/certhash/uEiD5T6eioAFPpz5Ha40BdWWvpGDvK0-sfIKNk1rIG5_QAQ/p2p/12D3KooWMHBhCPCPC2V6yg6HY8nLx3ZuvQ2q5mLnAma15DkhuXfm
2026-06-03T16:15:54.424+0100	INFO	p2pnode	GreenHouse.web3/p2p.go:453	Listening on: /ip4/192.168.0.156/udp/57037/quic-v1/webtransport/certhash/uEiCelwzmy24A66HGAAx9VsqpJJKAkgQ7SXVGo28TtNDSVA/certhash/uEiDBaifp3W1yWoN43uwyGVR67XCJcIpjxUcvDbE_Z3EK1w/p2p/12D3KooWMHBhCPCPC2V6yg6HY8nLx3ZuvQ2q5mLnAma15DkhuXfm
2026-06-03T16:15:54.424+0100	INFO	p2pnode	GreenHouse.web3/p2p.go:453	Listening on: /ip4/192.168.0.156/udp/60981/quic-v1/p2p/12D3KooWMHBhCPCPC2V6yg6HY8nLx3ZuvQ2q5mLnAma15DkhuXfm
2026-06-03T16:15:54.424+0100	INFO	p2pnode	GreenHouse.web3/p2p.go:453	Listening on: /ip6/::1/tcp/62016/p2p/12D3KooWMHBhCPCPC2V6yg6HY8nLx3ZuvQ2q5mLnAma15DkhuXfm
2026-06-03T16:15:54.424+0100	INFO	p2pnode	GreenHouse.web3/p2p.go:453	Listening on: /ip6/::1/udp/50092/quic-v1/webtransport/certhash/uEiCelwzmy24A66HGAAx9VsqpJJKAkgQ7SXVGo28TtNDSVA/certhash/uEiDBaifp3W1yWoN43uwyGVR67XCJcIpjxUcvDbE_Z3EK1w/p2p/12D3KooWMHBhCPCPC2V6yg6HY8nLx3ZuvQ2q5mLnAma15DkhuXfm
2026-06-03T16:15:54.424+0100	INFO	p2pnode	GreenHouse.web3/p2p.go:453	Listening on: /ip6/::1/udp/63636/webrtc-direct/certhash/uEiD5T6eioAFPpz5Ha40BdWWvpGDvK0-sfIKNk1rIG5_QAQ/p2p/12D3KooWMHBhCPCPC2V6yg6HY8nLx3ZuvQ2q5mLnAma15DkhuXfm
2026-06-03T16:15:54.424+0100	INFO	p2pnode	GreenHouse.web3/p2p.go:453	Listening on: /ip6/::1/udp/64331/quic-v1/p2p/12D3KooWMHBhCPCPC2V6yg6HY8nLx3ZuvQ2q5mLnAma15DkhuXfm
2026-06-03T16:15:54.424+0100	INFO	p2pnode	GreenHouse.web3/p2p.go:513	DHT discovery disabled (GONETWORK_DISABLE_P2P_DHT=1)
2026-06-03T16:15:54.424+0100	INFO	p2pnode	GreenHouse.web3/p2p.go:532	PubSub service initialized (D=4 Dlo=3 Dhi=5 heartbeat=500ms)
2026-06-03T16:15:54.424+0100	INFO	p2pnode	GreenHouse.web3/p2p.go:539	Joined topic: p2p-test
2026-06-03T16:15:54.424+0100	INFO	p2pnode	GreenHouse.web3/p2p.go:546	Joined consensus topic: p2p-test/consensus
2026-06-03T16:15:54.424+0100	INFO	p2pnode	GreenHouse.web3/p2p.go:563	Topic validator registered for p2p-test
2026-06-03T16:15:54.424+0100	INFO	p2pnode	GreenHouse.web3/p2p.go:573	Topic validator registered for p2p-test/consensus
2026-06-03T16:15:54.424+0100	INFO	p2pnode	GreenHouse.web3/p2p.go:580	Subscribed to topic
2026-06-03T16:15:54.424+0100	INFO	p2pnode	GreenHouse.web3/p2p.go:586	Subscribed to consensus topic
2026-06-03T16:15:54.424+0100	INFO	p2pnode	GreenHouse.web3/p2p.go:603	mDNS discovery disabled (GONETWORK_DISABLE_P2P_MDNS=1)
2026-06-03T16:15:54.424+0100	INFO	p2pnode	GreenHouse.web3/p2p.go:712	Stream handler set for direct messaging
MockP2PNode: Initialized
MockP2PNode: SendMessage called to peer peer-1 with message: hello
--- PASS: TestMockP2PNode_SendMessage_NoError (0.00s)
=== RUN   TestMockP2PNode_SendPing_NoError
2026/06/03 16:15:54 consensus startup invariant: mode=hybrid http_seal=true dbft_consensus=true
2026-06-03T16:15:54.427+0100	INFO	p2pnode	GreenHouse.web3/p2p.go:448	Libp2p host created with ID: 12D3KooWPorgYdMtEW9qVYPjvViDsXXpjueX1m7sYu2sHYtG3LQe
2026/06/03 16:15:54 P2P: using Noise XX security transport (mutual auth)
2026-06-03T16:15:54.427+0100	INFO	p2pnode	GreenHouse.web3/p2p.go:453	Listening on: /ip4/127.0.0.1/tcp/62017/p2p/12D3KooWPorgYdMtEW9qVYPjvViDsXXpjueX1m7sYu2sHYtG3LQe
2026-06-03T16:15:54.427+0100	INFO	p2pnode	GreenHouse.web3/p2p.go:453	Listening on: /ip4/127.0.0.1/udp/53135/quic-v1/p2p/12D3KooWPorgYdMtEW9qVYPjvViDsXXpjueX1m7sYu2sHYtG3LQe
2026-06-03T16:15:54.427+0100	INFO	p2pnode	GreenHouse.web3/p2p.go:453	Listening on: /ip4/127.0.0.1/udp/58655/webrtc-direct/certhash/uEiAfLYNcSeFJ76IyAfiMaPv3YrK-xPVj8EfyaqPSg7n0Qw/p2p/12D3KooWPorgYdMtEW9qVYPjvViDsXXpjueX1m7sYu2sHYtG3LQe
2026-06-03T16:15:54.427+0100	INFO	p2pnode	GreenHouse.web3/p2p.go:453	Listening on: /ip4/127.0.0.1/udp/63067/quic-v1/webtransport/certhash/uEiDjuzt-bTCTSuHE1z1yN9T6a4CddlT4dHrZ7R-3I9EwGg/certhash/uEiD1PHia1f3kHEygp-PdkWJu7Ul3IZhdt7NsIas6zNgRMw/p2p/12D3KooWPorgYdMtEW9qVYPjvViDsXXpjueX1m7sYu2sHYtG3LQe
2026-06-03T16:15:54.427+0100	INFO	p2pnode	GreenHouse.web3/p2p.go:453	Listening on: /ip4/192.168.0.156/tcp/62017/p2p/12D3KooWPorgYdMtEW9qVYPjvViDsXXpjueX1m7sYu2sHYtG3LQe
2026-06-03T16:15:54.427+0100	INFO	p2pnode	GreenHouse.web3/p2p.go:453	Listening on: /ip4/192.168.0.156/udp/53135/quic-v1/p2p/12D3KooWPorgYdMtEW9qVYPjvViDsXXpjueX1m7sYu2sHYtG3LQe
2026-06-03T16:15:54.427+0100	INFO	p2pnode	GreenHouse.web3/p2p.go:453	Listening on: /ip4/192.168.0.156/udp/58655/webrtc-direct/certhash/uEiAfLYNcSeFJ76IyAfiMaPv3YrK-xPVj8EfyaqPSg7n0Qw/p2p/12D3KooWPorgYdMtEW9qVYPjvViDsXXpjueX1m7sYu2sHYtG3LQe
2026-06-03T16:15:54.427+0100	INFO	p2pnode	GreenHouse.web3/p2p.go:453	Listening on: /ip4/192.168.0.156/udp/63067/quic-v1/webtransport/certhash/uEiDjuzt-bTCTSuHE1z1yN9T6a4CddlT4dHrZ7R-3I9EwGg/certhash/uEiD1PHia1f3kHEygp-PdkWJu7Ul3IZhdt7NsIas6zNgRMw/p2p/12D3KooWPorgYdMtEW9qVYPjvViDsXXpjueX1m7sYu2sHYtG3LQe
2026-06-03T16:15:54.427+0100	INFO	p2pnode	GreenHouse.web3/p2p.go:453	Listening on: /ip6/::1/tcp/62018/p2p/12D3KooWPorgYdMtEW9qVYPjvViDsXXpjueX1m7sYu2sHYtG3LQe
2026-06-03T16:15:54.427+0100	INFO	p2pnode	GreenHouse.web3/p2p.go:453	Listening on: /ip6/::1/udp/58285/quic-v1/webtransport/certhash/uEiDjuzt-bTCTSuHE1z1yN9T6a4CddlT4dHrZ7R-3I9EwGg/certhash/uEiD1PHia1f3kHEygp-PdkWJu7Ul3IZhdt7NsIas6zNgRMw/p2p/12D3KooWPorgYdMtEW9qVYPjvViDsXXpjueX1m7sYu2sHYtG3LQe
2026-06-03T16:15:54.427+0100	INFO	p2pnode	GreenHouse.web3/p2p.go:453	Listening on: /ip6/::1/udp/62731/webrtc-direct/certhash/uEiAfLYNcSeFJ76IyAfiMaPv3YrK-xPVj8EfyaqPSg7n0Qw/p2p/12D3KooWPorgYdMtEW9qVYPjvViDsXXpjueX1m7sYu2sHYtG3LQe
2026-06-03T16:15:54.427+0100	INFO	p2pnode	GreenHouse.web3/p2p.go:453	Listening on: /ip6/::1/udp/63350/quic-v1/p2p/12D3KooWPorgYdMtEW9qVYPjvViDsXXpjueX1m7sYu2sHYtG3LQe
2026-06-03T16:15:54.427+0100	INFO	p2pnode	GreenHouse.web3/p2p.go:513	DHT discovery disabled (GONETWORK_DISABLE_P2P_DHT=1)
2026-06-03T16:15:54.427+0100	INFO	p2pnode	GreenHouse.web3/p2p.go:532	PubSub service initialized (D=4 Dlo=3 Dhi=5 heartbeat=500ms)
2026-06-03T16:15:54.427+0100	INFO	p2pnode	GreenHouse.web3/p2p.go:539	Joined topic: p2p-test
2026-06-03T16:15:54.427+0100	INFO	p2pnode	GreenHouse.web3/p2p.go:546	Joined consensus topic: p2p-test/consensus
2026-06-03T16:15:54.427+0100	INFO	p2pnode	GreenHouse.web3/p2p.go:563	Topic validator registered for p2p-test
2026-06-03T16:15:54.427+0100	INFO	p2pnode	GreenHouse.web3/p2p.go:573	Topic validator registered for p2p-test/consensus
2026-06-03T16:15:54.427+0100	INFO	p2pnode	GreenHouse.web3/p2p.go:580	Subscribed to topic
2026-06-03T16:15:54.427+0100	INFO	p2pnode	GreenHouse.web3/p2p.go:586	Subscribed to consensus topic
2026-06-03T16:15:54.427+0100	INFO	p2pnode	GreenHouse.web3/p2p.go:603	mDNS discovery disabled (GONETWORK_DISABLE_P2P_MDNS=1)
2026-06-03T16:15:54.427+0100	INFO	p2pnode	GreenHouse.web3/p2p.go:712	Stream handler set for direct messaging
MockP2PNode: Initialized
MockP2PNode: SendPing called to peer peer-1
--- PASS: TestMockP2PNode_SendPing_NoError (0.00s)
=== RUN   TestMockP2PNode_ID_ReturnsNodeID
2026/06/03 16:15:54 consensus startup invariant: mode=hybrid http_seal=true dbft_consensus=true
2026-06-03T16:15:54.430+0100	INFO	p2pnode	GreenHouse.web3/p2p.go:448	Libp2p host created with ID: 12D3KooWCPo59d9zvZTMER3riLWdUD7oLzWq1w82NfR28BabN4SM
2026/06/03 16:15:54 P2P: using Noise XX security transport (mutual auth)
2026-06-03T16:15:54.430+0100	INFO	p2pnode	GreenHouse.web3/p2p.go:453	Listening on: /ip4/127.0.0.1/tcp/62019/p2p/12D3KooWCPo59d9zvZTMER3riLWdUD7oLzWq1w82NfR28BabN4SM
2026-06-03T16:15:54.430+0100	INFO	p2pnode	GreenHouse.web3/p2p.go:453	Listening on: /ip4/127.0.0.1/udp/53131/webrtc-direct/certhash/uEiCVYOSVgYr_a_7uRfXwkz3Z3BGN_ixKQf1y-71x3sO9_g/p2p/12D3KooWCPo59d9zvZTMER3riLWdUD7oLzWq1w82NfR28BabN4SM
2026-06-03T16:15:54.430+0100	INFO	p2pnode	GreenHouse.web3/p2p.go:453	Listening on: /ip4/127.0.0.1/udp/61523/quic-v1/webtransport/certhash/uEiAkof5HzNfXxAABz2a8UDz7OojZGXBvnhLQI2aPkD7eyw/certhash/uEiD0rwGH90c4IpIyteumwISNQH3bmehS9udvrFHgA1pGMQ/p2p/12D3KooWCPo59d9zvZTMER3riLWdUD7oLzWq1w82NfR28BabN4SM
2026-06-03T16:15:54.430+0100	INFO	p2pnode	GreenHouse.web3/p2p.go:453	Listening on: /ip4/127.0.0.1/udp/63109/quic-v1/p2p/12D3KooWCPo59d9zvZTMER3riLWdUD7oLzWq1w82NfR28BabN4SM
2026-06-03T16:15:54.430+0100	INFO	p2pnode	GreenHouse.web3/p2p.go:453	Listening on: /ip4/192.168.0.156/tcp/62019/p2p/12D3KooWCPo59d9zvZTMER3riLWdUD7oLzWq1w82NfR28BabN4SM
2026-06-03T16:15:54.430+0100	INFO	p2pnode	GreenHouse.web3/p2p.go:453	Listening on: /ip4/192.168.0.156/udp/53131/webrtc-direct/certhash/uEiCVYOSVgYr_a_7uRfXwkz3Z3BGN_ixKQf1y-71x3sO9_g/p2p/12D3KooWCPo59d9zvZTMER3riLWdUD7oLzWq1w82NfR28BabN4SM
2026-06-03T16:15:54.430+0100	INFO	p2pnode	GreenHouse.web3/p2p.go:453	Listening on: /ip4/192.168.0.156/udp/61523/quic-v1/webtransport/certhash/uEiAkof5HzNfXxAABz2a8UDz7OojZGXBvnhLQI2aPkD7eyw/certhash/uEiD0rwGH90c4IpIyteumwISNQH3bmehS9udvrFHgA1pGMQ/p2p/12D3KooWCPo59d9zvZTMER3riLWdUD7oLzWq1w82NfR28BabN4SM
2026-06-03T16:15:54.430+0100	INFO	p2pnode	GreenHouse.web3/p2p.go:453	Listening on: /ip4/192.168.0.156/udp/63109/quic-v1/p2p/12D3KooWCPo59d9zvZTMER3riLWdUD7oLzWq1w82NfR28BabN4SM
2026-06-03T16:15:54.430+0100	INFO	p2pnode	GreenHouse.web3/p2p.go:453	Listening on: /ip6/::1/tcp/62020/p2p/12D3KooWCPo59d9zvZTMER3riLWdUD7oLzWq1w82NfR28BabN4SM
2026-06-03T16:15:54.430+0100	INFO	p2pnode	GreenHouse.web3/p2p.go:453	Listening on: /ip6/::1/udp/50683/quic-v1/webtransport/certhash/uEiAkof5HzNfXxAABz2a8UDz7OojZGXBvnhLQI2aPkD7eyw/certhash/uEiD0rwGH90c4IpIyteumwISNQH3bmehS9udvrFHgA1pGMQ/p2p/12D3KooWCPo59d9zvZTMER3riLWdUD7oLzWq1w82NfR28BabN4SM
2026-06-03T16:15:54.430+0100	INFO	p2pnode	GreenHouse.web3/p2p.go:453	Listening on: /ip6/::1/udp/52778/webrtc-direct/certhash/uEiCVYOSVgYr_a_7uRfXwkz3Z3BGN_ixKQf1y-71x3sO9_g/p2p/12D3KooWCPo59d9zvZTMER3riLWdUD7oLzWq1w82NfR28BabN4SM
2026-06-03T16:15:54.430+0100	INFO	p2pnode	GreenHouse.web3/p2p.go:453	Listening on: /ip6/::1/udp/54364/quic-v1/p2p/12D3KooWCPo59d9zvZTMER3riLWdUD7oLzWq1w82NfR28BabN4SM
2026-06-03T16:15:54.430+0100	INFO	p2pnode	GreenHouse.web3/p2p.go:513	DHT discovery disabled (GONETWORK_DISABLE_P2P_DHT=1)
2026-06-03T16:15:54.430+0100	INFO	p2pnode	GreenHouse.web3/p2p.go:532	PubSub service initialized (D=4 Dlo=3 Dhi=5 heartbeat=500ms)
2026-06-03T16:15:54.430+0100	INFO	p2pnode	GreenHouse.web3/p2p.go:539	Joined topic: p2p-test
2026-06-03T16:15:54.430+0100	INFO	p2pnode	GreenHouse.web3/p2p.go:546	Joined consensus topic: p2p-test/consensus
2026-06-03T16:15:54.430+0100	INFO	p2pnode	GreenHouse.web3/p2p.go:563	Topic validator registered for p2p-test
2026-06-03T16:15:54.430+0100	INFO	p2pnode	GreenHouse.web3/p2p.go:573	Topic validator registered for p2p-test/consensus
2026-06-03T16:15:54.430+0100	INFO	p2pnode	GreenHouse.web3/p2p.go:580	Subscribed to topic
2026-06-03T16:15:54.430+0100	INFO	p2pnode	GreenHouse.web3/p2p.go:586	Subscribed to consensus topic
2026-06-03T16:15:54.430+0100	INFO	p2pnode	GreenHouse.web3/p2p.go:603	mDNS discovery disabled (GONETWORK_DISABLE_P2P_MDNS=1)
2026-06-03T16:15:54.430+0100	INFO	p2pnode	GreenHouse.web3/p2p.go:712	Stream handler set for direct messaging
MockP2PNode: Initialized
--- PASS: TestMockP2PNode_ID_ReturnsNodeID (0.00s)
=== RUN   TestMockP2PNode_HandleMessages_NoOp
2026/06/03 16:15:54 consensus startup invariant: mode=hybrid http_seal=true dbft_consensus=true
2026-06-03T16:15:54.433+0100	INFO	p2pnode	GreenHouse.web3/p2p.go:448	Libp2p host created with ID: 12D3KooWRHYTuYtcEyxRzVB1tSPLncLjYFR4YCXZrC4zpxaREb86
2026/06/03 16:15:54 P2P: using Noise XX security transport (mutual auth)
2026-06-03T16:15:54.433+0100	INFO	p2pnode	GreenHouse.web3/p2p.go:453	Listening on: /ip4/127.0.0.1/tcp/62021/p2p/12D3KooWRHYTuYtcEyxRzVB1tSPLncLjYFR4YCXZrC4zpxaREb86
2026-06-03T16:15:54.433+0100	INFO	p2pnode	GreenHouse.web3/p2p.go:453	Listening on: /ip4/127.0.0.1/udp/49764/webrtc-direct/certhash/uEiBhWSHCdAI702e2hNcJ83tHDgBcRUXqRhF8VdUxRaZHMg/p2p/12D3KooWRHYTuYtcEyxRzVB1tSPLncLjYFR4YCXZrC4zpxaREb86
2026-06-03T16:15:54.433+0100	INFO	p2pnode	GreenHouse.web3/p2p.go:453	Listening on: /ip4/127.0.0.1/udp/50238/quic-v1/p2p/12D3KooWRHYTuYtcEyxRzVB1tSPLncLjYFR4YCXZrC4zpxaREb86
2026-06-03T16:15:54.433+0100	INFO	p2pnode	GreenHouse.web3/p2p.go:453	Listening on: /ip4/127.0.0.1/udp/54733/quic-v1/webtransport/certhash/uEiCZZAzDjeuwN1pvv2jQynBNQvdlf1qWFxtsZqeehpgIZA/certhash/uEiAkC0QWQpzXl4MxTwNBHNNclK0QvAByoKm85vCzEGlRjQ/p2p/12D3KooWRHYTuYtcEyxRzVB1tSPLncLjYFR4YCXZrC4zpxaREb86
2026-06-03T16:15:54.433+0100	INFO	p2pnode	GreenHouse.web3/p2p.go:453	Listening on: /ip4/192.168.0.156/tcp/62021/p2p/12D3KooWRHYTuYtcEyxRzVB1tSPLncLjYFR4YCXZrC4zpxaREb86
2026-06-03T16:15:54.433+0100	INFO	p2pnode	GreenHouse.web3/p2p.go:453	Listening on: /ip4/192.168.0.156/udp/49764/webrtc-direct/certhash/uEiBhWSHCdAI702e2hNcJ83tHDgBcRUXqRhF8VdUxRaZHMg/p2p/12D3KooWRHYTuYtcEyxRzVB1tSPLncLjYFR4YCXZrC4zpxaREb86
2026-06-03T16:15:54.433+0100	INFO	p2pnode	GreenHouse.web3/p2p.go:453	Listening on: /ip4/192.168.0.156/udp/50238/quic-v1/p2p/12D3KooWRHYTuYtcEyxRzVB1tSPLncLjYFR4YCXZrC4zpxaREb86
2026-06-03T16:15:54.433+0100	INFO	p2pnode	GreenHouse.web3/p2p.go:453	Listening on: /ip4/192.168.0.156/udp/54733/quic-v1/webtransport/certhash/uEiCZZAzDjeuwN1pvv2jQynBNQvdlf1qWFxtsZqeehpgIZA/certhash/uEiAkC0QWQpzXl4MxTwNBHNNclK0QvAByoKm85vCzEGlRjQ/p2p/12D3KooWRHYTuYtcEyxRzVB1tSPLncLjYFR4YCXZrC4zpxaREb86
2026-06-03T16:15:54.433+0100	INFO	p2pnode	GreenHouse.web3/p2p.go:453	Listening on: /ip6/::1/tcp/62022/p2p/12D3KooWRHYTuYtcEyxRzVB1tSPLncLjYFR4YCXZrC4zpxaREb86
2026-06-03T16:15:54.433+0100	INFO	p2pnode	GreenHouse.web3/p2p.go:453	Listening on: /ip6/::1/udp/49521/webrtc-direct/certhash/uEiBhWSHCdAI702e2hNcJ83tHDgBcRUXqRhF8VdUxRaZHMg/p2p/12D3KooWRHYTuYtcEyxRzVB1tSPLncLjYFR4YCXZrC4zpxaREb86
2026-06-03T16:15:54.433+0100	INFO	p2pnode	GreenHouse.web3/p2p.go:453	Listening on: /ip6/::1/udp/57570/quic-v1/p2p/12D3KooWRHYTuYtcEyxRzVB1tSPLncLjYFR4YCXZrC4zpxaREb86
2026-06-03T16:15:54.433+0100	INFO	p2pnode	GreenHouse.web3/p2p.go:453	Listening on: /ip6/::1/udp/58825/quic-v1/webtransport/certhash/uEiCZZAzDjeuwN1pvv2jQynBNQvdlf1qWFxtsZqeehpgIZA/certhash/uEiAkC0QWQpzXl4MxTwNBHNNclK0QvAByoKm85vCzEGlRjQ/p2p/12D3KooWRHYTuYtcEyxRzVB1tSPLncLjYFR4YCXZrC4zpxaREb86
2026-06-03T16:15:54.433+0100	INFO	p2pnode	GreenHouse.web3/p2p.go:513	DHT discovery disabled (GONETWORK_DISABLE_P2P_DHT=1)
2026-06-03T16:15:54.433+0100	INFO	p2pnode	GreenHouse.web3/p2p.go:532	PubSub service initialized (D=4 Dlo=3 Dhi=5 heartbeat=500ms)
2026-06-03T16:15:54.433+0100	INFO	p2pnode	GreenHouse.web3/p2p.go:539	Joined topic: p2p-test
2026-06-03T16:15:54.433+0100	INFO	p2pnode	GreenHouse.web3/p2p.go:546	Joined consensus topic: p2p-test/consensus
2026-06-03T16:15:54.433+0100	INFO	p2pnode	GreenHouse.web3/p2p.go:563	Topic validator registered for p2p-test
2026-06-03T16:15:54.433+0100	INFO	p2pnode	GreenHouse.web3/p2p.go:573	Topic validator registered for p2p-test/consensus
2026-06-03T16:15:54.433+0100	INFO	p2pnode	GreenHouse.web3/p2p.go:580	Subscribed to topic
2026-06-03T16:15:54.433+0100	INFO	p2pnode	GreenHouse.web3/p2p.go:586	Subscribed to consensus topic
2026-06-03T16:15:54.433+0100	INFO	p2pnode	GreenHouse.web3/p2p.go:603	mDNS discovery disabled (GONETWORK_DISABLE_P2P_MDNS=1)
2026-06-03T16:15:54.433+0100	INFO	p2pnode	GreenHouse.web3/p2p.go:712	Stream handler set for direct messaging
MockP2PNode: Initialized
MockP2PNode: HandleMessages called
--- PASS: TestMockP2PNode_HandleMessages_NoOp (0.00s)
=== RUN   TestMockP2PNode_Shutdown_ClearsPeers
2026/06/03 16:15:54 consensus startup invariant: mode=hybrid http_seal=true dbft_consensus=true
2026-06-03T16:15:54.436+0100	INFO	p2pnode	GreenHouse.web3/p2p.go:448	Libp2p host created with ID: 12D3KooWFQKdo69auftRDtAhKHYzifVsDrmtGdor4GS9QqNQg3UB
2026/06/03 16:15:54 P2P: using Noise XX security transport (mutual auth)
2026-06-03T16:15:54.436+0100	INFO	p2pnode	GreenHouse.web3/p2p.go:453	Listening on: /ip4/127.0.0.1/tcp/62023/p2p/12D3KooWFQKdo69auftRDtAhKHYzifVsDrmtGdor4GS9QqNQg3UB
2026-06-03T16:15:54.436+0100	INFO	p2pnode	GreenHouse.web3/p2p.go:453	Listening on: /ip4/127.0.0.1/udp/60064/webrtc-direct/certhash/uEiATHbw3hVdsdgxJMw4mxWCUOFhcclWr0gEFJ2tAh-ocuQ/p2p/12D3KooWFQKdo69auftRDtAhKHYzifVsDrmtGdor4GS9QqNQg3UB
2026-06-03T16:15:54.436+0100	INFO	p2pnode	GreenHouse.web3/p2p.go:453	Listening on: /ip4/127.0.0.1/udp/60477/quic-v1/webtransport/certhash/uEiAUENxGfqOiDKSaCkn0xhE0pIVMjK0d0IyxXXY_1mPykg/certhash/uEiA0MHGMDc7gYhPeW0jlFoV1eqip427pMIwE6JnbKjVJlA/p2p/12D3KooWFQKdo69auftRDtAhKHYzifVsDrmtGdor4GS9QqNQg3UB
2026-06-03T16:15:54.436+0100	INFO	p2pnode	GreenHouse.web3/p2p.go:453	Listening on: /ip4/127.0.0.1/udp/64991/quic-v1/p2p/12D3KooWFQKdo69auftRDtAhKHYzifVsDrmtGdor4GS9QqNQg3UB
2026-06-03T16:15:54.436+0100	INFO	p2pnode	GreenHouse.web3/p2p.go:453	Listening on: /ip4/192.168.0.156/tcp/62023/p2p/12D3KooWFQKdo69auftRDtAhKHYzifVsDrmtGdor4GS9QqNQg3UB
2026-06-03T16:15:54.436+0100	INFO	p2pnode	GreenHouse.web3/p2p.go:453	Listening on: /ip4/192.168.0.156/udp/60064/webrtc-direct/certhash/uEiATHbw3hVdsdgxJMw4mxWCUOFhcclWr0gEFJ2tAh-ocuQ/p2p/12D3KooWFQKdo69auftRDtAhKHYzifVsDrmtGdor4GS9QqNQg3UB
2026-06-03T16:15:54.436+0100	INFO	p2pnode	GreenHouse.web3/p2p.go:453	Listening on: /ip4/192.168.0.156/udp/60477/quic-v1/webtransport/certhash/uEiAUENxGfqOiDKSaCkn0xhE0pIVMjK0d0IyxXXY_1mPykg/certhash/uEiA0MHGMDc7gYhPeW0jlFoV1eqip427pMIwE6JnbKjVJlA/p2p/12D3KooWFQKdo69auftRDtAhKHYzifVsDrmtGdor4GS9QqNQg3UB
2026-06-03T16:15:54.436+0100	INFO	p2pnode	GreenHouse.web3/p2p.go:453	Listening on: /ip4/192.168.0.156/udp/64991/quic-v1/p2p/12D3KooWFQKdo69auftRDtAhKHYzifVsDrmtGdor4GS9QqNQg3UB
2026-06-03T16:15:54.436+0100	INFO	p2pnode	GreenHouse.web3/p2p.go:453	Listening on: /ip6/::1/tcp/62024/p2p/12D3KooWFQKdo69auftRDtAhKHYzifVsDrmtGdor4GS9QqNQg3UB
2026-06-03T16:15:54.436+0100	INFO	p2pnode	GreenHouse.web3/p2p.go:453	Listening on: /ip6/::1/udp/50995/quic-v1/p2p/12D3KooWFQKdo69auftRDtAhKHYzifVsDrmtGdor4GS9QqNQg3UB
2026-06-03T16:15:54.436+0100	INFO	p2pnode	GreenHouse.web3/p2p.go:453	Listening on: /ip6/::1/udp/51272/quic-v1/webtransport/certhash/uEiAUENxGfqOiDKSaCkn0xhE0pIVMjK0d0IyxXXY_1mPykg/certhash/uEiA0MHGMDc7gYhPeW0jlFoV1eqip427pMIwE6JnbKjVJlA/p2p/12D3KooWFQKdo69auftRDtAhKHYzifVsDrmtGdor4GS9QqNQg3UB
2026-06-03T16:15:54.436+0100	INFO	p2pnode	GreenHouse.web3/p2p.go:453	Listening on: /ip6/::1/udp/62872/webrtc-direct/certhash/uEiATHbw3hVdsdgxJMw4mxWCUOFhcclWr0gEFJ2tAh-ocuQ/p2p/12D3KooWFQKdo69auftRDtAhKHYzifVsDrmtGdor4GS9QqNQg3UB
2026-06-03T16:15:54.436+0100	INFO	p2pnode	GreenHouse.web3/p2p.go:513	DHT discovery disabled (GONETWORK_DISABLE_P2P_DHT=1)
2026-06-03T16:15:54.436+0100	INFO	p2pnode	GreenHouse.web3/p2p.go:532	PubSub service initialized (D=4 Dlo=3 Dhi=5 heartbeat=500ms)
2026-06-03T16:15:54.436+0100	INFO	p2pnode	GreenHouse.web3/p2p.go:539	Joined topic: p2p-test
2026-06-03T16:15:54.436+0100	INFO	p2pnode	GreenHouse.web3/p2p.go:546	Joined consensus topic: p2p-test/consensus
2026-06-03T16:15:54.436+0100	INFO	p2pnode	GreenHouse.web3/p2p.go:563	Topic validator registered for p2p-test
2026-06-03T16:15:54.436+0100	INFO	p2pnode	GreenHouse.web3/p2p.go:573	Topic validator registered for p2p-test/consensus
2026-06-03T16:15:54.436+0100	INFO	p2pnode	GreenHouse.web3/p2p.go:580	Subscribed to topic
2026-06-03T16:15:54.436+0100	INFO	p2pnode	GreenHouse.web3/p2p.go:586	Subscribed to consensus topic
2026-06-03T16:15:54.436+0100	INFO	p2pnode	GreenHouse.web3/p2p.go:603	mDNS discovery disabled (GONETWORK_DISABLE_P2P_MDNS=1)
2026-06-03T16:15:54.436+0100	INFO	p2pnode	GreenHouse.web3/p2p.go:712	Stream handler set for direct messaging
MockP2PNode: Initialized
2026/06/03 16:15:54 consensus startup invariant: mode=hybrid http_seal=true dbft_consensus=true
2026-06-03T16:15:54.439+0100	INFO	p2pnode	GreenHouse.web3/p2p.go:448	Libp2p host created with ID: 12D3KooWMfrLzfs5eLtgJ5vLQ2WQJRnUGGEMKYasfrXxha7HD9Dw
2026/06/03 16:15:54 P2P: using Noise XX security transport (mutual auth)
2026-06-03T16:15:54.439+0100	INFO	p2pnode	GreenHouse.web3/p2p.go:453	Listening on: /ip4/127.0.0.1/tcp/62025/p2p/12D3KooWMfrLzfs5eLtgJ5vLQ2WQJRnUGGEMKYasfrXxha7HD9Dw
2026-06-03T16:15:54.439+0100	INFO	p2pnode	GreenHouse.web3/p2p.go:453	Listening on: /ip4/127.0.0.1/udp/53275/webrtc-direct/certhash/uEiDkLl25g2kD9JShnaxJXD-geaQdAuQofsLB3i_BWvTPqw/p2p/12D3KooWMfrLzfs5eLtgJ5vLQ2WQJRnUGGEMKYasfrXxha7HD9Dw
2026-06-03T16:15:54.439+0100	INFO	p2pnode	GreenHouse.web3/p2p.go:453	Listening on: /ip4/127.0.0.1/udp/56044/quic-v1/p2p/12D3KooWMfrLzfs5eLtgJ5vLQ2WQJRnUGGEMKYasfrXxha7HD9Dw
2026-06-03T16:15:54.439+0100	INFO	p2pnode	GreenHouse.web3/p2p.go:453	Listening on: /ip4/127.0.0.1/udp/63244/quic-v1/webtransport/certhash/uEiAoFCAIgsk5dL1SgE_LKAylcTIL3xDIdqOqkqncG9jjSg/certhash/uEiCi8hQ97KGe-VBtXJiUEx-aNXy3skQ2TA23XM3rJQO4Aw/p2p/12D3KooWMfrLzfs5eLtgJ5vLQ2WQJRnUGGEMKYasfrXxha7HD9Dw
2026-06-03T16:15:54.439+0100	INFO	p2pnode	GreenHouse.web3/p2p.go:453	Listening on: /ip4/192.168.0.156/tcp/62025/p2p/12D3KooWMfrLzfs5eLtgJ5vLQ2WQJRnUGGEMKYasfrXxha7HD9Dw
2026-06-03T16:15:54.439+0100	INFO	p2pnode	GreenHouse.web3/p2p.go:453	Listening on: /ip4/192.168.0.156/udp/53275/webrtc-direct/certhash/uEiDkLl25g2kD9JShnaxJXD-geaQdAuQofsLB3i_BWvTPqw/p2p/12D3KooWMfrLzfs5eLtgJ5vLQ2WQJRnUGGEMKYasfrXxha7HD9Dw
2026-06-03T16:15:54.439+0100	INFO	p2pnode	GreenHouse.web3/p2p.go:453	Listening on: /ip4/192.168.0.156/udp/56044/quic-v1/p2p/12D3KooWMfrLzfs5eLtgJ5vLQ2WQJRnUGGEMKYasfrXxha7HD9Dw
2026-06-03T16:15:54.439+0100	INFO	p2pnode	GreenHouse.web3/p2p.go:453	Listening on: /ip4/192.168.0.156/udp/63244/quic-v1/webtransport/certhash/uEiAoFCAIgsk5dL1SgE_LKAylcTIL3xDIdqOqkqncG9jjSg/certhash/uEiCi8hQ97KGe-VBtXJiUEx-aNXy3skQ2TA23XM3rJQO4Aw/p2p/12D3KooWMfrLzfs5eLtgJ5vLQ2WQJRnUGGEMKYasfrXxha7HD9Dw
2026-06-03T16:15:54.439+0100	INFO	p2pnode	GreenHouse.web3/p2p.go:453	Listening on: /ip6/::1/tcp/62026/p2p/12D3KooWMfrLzfs5eLtgJ5vLQ2WQJRnUGGEMKYasfrXxha7HD9Dw
2026-06-03T16:15:54.439+0100	INFO	p2pnode	GreenHouse.web3/p2p.go:453	Listening on: /ip6/::1/udp/51817/webrtc-direct/certhash/uEiDkLl25g2kD9JShnaxJXD-geaQdAuQofsLB3i_BWvTPqw/p2p/12D3KooWMfrLzfs5eLtgJ5vLQ2WQJRnUGGEMKYasfrXxha7HD9Dw
2026-06-03T16:15:54.439+0100	INFO	p2pnode	GreenHouse.web3/p2p.go:453	Listening on: /ip6/::1/udp/51960/quic-v1/p2p/12D3KooWMfrLzfs5eLtgJ5vLQ2WQJRnUGGEMKYasfrXxha7HD9Dw
2026-06-03T16:15:54.439+0100	INFO	p2pnode	GreenHouse.web3/p2p.go:453	Listening on: /ip6/::1/udp/63224/quic-v1/webtransport/certhash/uEiAoFCAIgsk5dL1SgE_LKAylcTIL3xDIdqOqkqncG9jjSg/certhash/uEiCi8hQ97KGe-VBtXJiUEx-aNXy3skQ2TA23XM3rJQO4Aw/p2p/12D3KooWMfrLzfs5eLtgJ5vLQ2WQJRnUGGEMKYasfrXxha7HD9Dw
2026-06-03T16:15:54.439+0100	INFO	p2pnode	GreenHouse.web3/p2p.go:513	DHT discovery disabled (GONETWORK_DISABLE_P2P_DHT=1)
2026-06-03T16:15:54.439+0100	INFO	p2pnode	GreenHouse.web3/p2p.go:532	PubSub service initialized (D=4 Dlo=3 Dhi=5 heartbeat=500ms)
2026-06-03T16:15:54.439+0100	INFO	p2pnode	GreenHouse.web3/p2p.go:539	Joined topic: p2p-test
2026-06-03T16:15:54.439+0100	INFO	p2pnode	GreenHouse.web3/p2p.go:546	Joined consensus topic: p2p-test/consensus
2026-06-03T16:15:54.439+0100	INFO	p2pnode	GreenHouse.web3/p2p.go:563	Topic validator registered for p2p-test
2026-06-03T16:15:54.439+0100	INFO	p2pnode	GreenHouse.web3/p2p.go:573	Topic validator registered for p2p-test/consensus
2026-06-03T16:15:54.439+0100	INFO	p2pnode	GreenHouse.web3/p2p.go:580	Subscribed to topic
2026-06-03T16:15:54.439+0100	INFO	p2pnode	GreenHouse.web3/p2p.go:586	Subscribed to consensus topic
2026-06-03T16:15:54.439+0100	INFO	p2pnode	GreenHouse.web3/p2p.go:603	mDNS discovery disabled (GONETWORK_DISABLE_P2P_MDNS=1)
2026-06-03T16:15:54.439+0100	INFO	p2pnode	GreenHouse.web3/p2p.go:712	Stream handler set for direct messaging
MockP2PNode: Initialized
MockP2PNode: Shutdown called
--- PASS: TestMockP2PNode_Shutdown_ClearsPeers (0.01s)
=== RUN   TestNewP2PNode_Production_NoManifest_ReturnsError
2026-06-03T16:15:54.441+0100	INFO	p2pnode	GreenHouse.web3/p2p.go:448	Libp2p host created with ID: 12D3KooWQ4jggxu2finKCu2CAKJPhehJUFybjdaKpBBczKYxn4D3
2026/06/03 16:15:54 P2P: using Noise XX security transport (mutual auth)
2026-06-03T16:15:54.441+0100	INFO	p2pnode	GreenHouse.web3/p2p.go:453	Listening on: /ip4/127.0.0.1/tcp/62027/p2p/12D3KooWQ4jggxu2finKCu2CAKJPhehJUFybjdaKpBBczKYxn4D3
2026-06-03T16:15:54.441+0100	INFO	p2pnode	GreenHouse.web3/p2p.go:453	Listening on: /ip4/127.0.0.1/udp/59762/quic-v1/webtransport/certhash/uEiCdIamEGDv0Zt9-rBZx3kwenVd8qA64GpR1oUqKgouayA/certhash/uEiDYXbm_qdXoOW1qm22RN74qpWfgCMhRRcj6_WTEYAsjcA/p2p/12D3KooWQ4jggxu2finKCu2CAKJPhehJUFybjdaKpBBczKYxn4D3
2026-06-03T16:15:54.441+0100	INFO	p2pnode	GreenHouse.web3/p2p.go:453	Listening on: /ip4/127.0.0.1/udp/65104/webrtc-direct/certhash/uEiAutm6HYHzGc6RiMSgTp8UmK4ze1Beu5cLNK0U4FLK0Yg/p2p/12D3KooWQ4jggxu2finKCu2CAKJPhehJUFybjdaKpBBczKYxn4D3
2026-06-03T16:15:54.441+0100	INFO	p2pnode	GreenHouse.web3/p2p.go:453	Listening on: /ip4/127.0.0.1/udp/65157/quic-v1/p2p/12D3KooWQ4jggxu2finKCu2CAKJPhehJUFybjdaKpBBczKYxn4D3
2026-06-03T16:15:54.441+0100	INFO	p2pnode	GreenHouse.web3/p2p.go:453	Listening on: /ip4/192.168.0.156/tcp/62027/p2p/12D3KooWQ4jggxu2finKCu2CAKJPhehJUFybjdaKpBBczKYxn4D3
2026-06-03T16:15:54.441+0100	INFO	p2pnode	GreenHouse.web3/p2p.go:453	Listening on: /ip4/192.168.0.156/udp/59762/quic-v1/webtransport/certhash/uEiCdIamEGDv0Zt9-rBZx3kwenVd8qA64GpR1oUqKgouayA/certhash/uEiDYXbm_qdXoOW1qm22RN74qpWfgCMhRRcj6_WTEYAsjcA/p2p/12D3KooWQ4jggxu2finKCu2CAKJPhehJUFybjdaKpBBczKYxn4D3
2026-06-03T16:15:54.441+0100	INFO	p2pnode	GreenHouse.web3/p2p.go:453	Listening on: /ip4/192.168.0.156/udp/65104/webrtc-direct/certhash/uEiAutm6HYHzGc6RiMSgTp8UmK4ze1Beu5cLNK0U4FLK0Yg/p2p/12D3KooWQ4jggxu2finKCu2CAKJPhehJUFybjdaKpBBczKYxn4D3
2026-06-03T16:15:54.441+0100	INFO	p2pnode	GreenHouse.web3/p2p.go:453	Listening on: /ip4/192.168.0.156/udp/65157/quic-v1/p2p/12D3KooWQ4jggxu2finKCu2CAKJPhehJUFybjdaKpBBczKYxn4D3
2026-06-03T16:15:54.441+0100	INFO	p2pnode	GreenHouse.web3/p2p.go:453	Listening on: /ip6/::1/tcp/62028/p2p/12D3KooWQ4jggxu2finKCu2CAKJPhehJUFybjdaKpBBczKYxn4D3
2026-06-03T16:15:54.441+0100	INFO	p2pnode	GreenHouse.web3/p2p.go:453	Listening on: /ip6/::1/udp/52899/quic-v1/webtransport/certhash/uEiCdIamEGDv0Zt9-rBZx3kwenVd8qA64GpR1oUqKgouayA/certhash/uEiDYXbm_qdXoOW1qm22RN74qpWfgCMhRRcj6_WTEYAsjcA/p2p/12D3KooWQ4jggxu2finKCu2CAKJPhehJUFybjdaKpBBczKYxn4D3
2026-06-03T16:15:54.441+0100	INFO	p2pnode	GreenHouse.web3/p2p.go:453	Listening on: /ip6/::1/udp/58262/webrtc-direct/certhash/uEiAutm6HYHzGc6RiMSgTp8UmK4ze1Beu5cLNK0U4FLK0Yg/p2p/12D3KooWQ4jggxu2finKCu2CAKJPhehJUFybjdaKpBBczKYxn4D3
2026-06-03T16:15:54.441+0100	INFO	p2pnode	GreenHouse.web3/p2p.go:453	Listening on: /ip6/::1/udp/64763/quic-v1/p2p/12D3KooWQ4jggxu2finKCu2CAKJPhehJUFybjdaKpBBczKYxn4D3
--- PASS: TestNewP2PNode_Production_NoManifest_ReturnsError (0.00s)
=== RUN   TestNewP2PNode_Production_WithManifest_Succeeds
2026-06-03T16:15:54.442+0100	INFO	p2pnode	GreenHouse.web3/p2p.go:429	Loaded peer manifest from /var/folders/cg/x6vc8zkd477721zyhv3cm9mh0000gn/T/TestNewP2PNode_Production_WithManifest_Succeeds76800113/001/manifest2048563796.json
2026-06-03T16:15:54.444+0100	INFO	p2pnode	GreenHouse.web3/p2p.go:448	Libp2p host created with ID: 12D3KooWLkgjSkGt4x7cnEwYU4tCSbaBKGU7aFYGJZLDfAJkJ8Hh
2026/06/03 16:15:54 P2P: using Noise XX security transport (mutual auth)
2026-06-03T16:15:54.444+0100	INFO	p2pnode	GreenHouse.web3/p2p.go:453	Listening on: /ip4/127.0.0.1/tcp/62029/p2p/12D3KooWLkgjSkGt4x7cnEwYU4tCSbaBKGU7aFYGJZLDfAJkJ8Hh
2026-06-03T16:15:54.445+0100	INFO	p2pnode	GreenHouse.web3/p2p.go:453	Listening on: /ip4/127.0.0.1/udp/49482/quic-v1/webtransport/certhash/uEiBiAtGXQrpC5A_S9M0P5oyBQHvxT5bwlRkfFy-hNjH4ug/certhash/uEiCLYD4tlwdTHc9oKVW3VKEkkMBfHtxM6-F-T7ZwJhI3TQ/p2p/12D3KooWLkgjSkGt4x7cnEwYU4tCSbaBKGU7aFYGJZLDfAJkJ8Hh
2026-06-03T16:15:54.445+0100	INFO	p2pnode	GreenHouse.web3/p2p.go:453	Listening on: /ip4/127.0.0.1/udp/50148/webrtc-direct/certhash/uEiAivmPYLMHAkyVXiq0E-LnIZPAtvpRPAcqlEdTHRYxCkg/p2p/12D3KooWLkgjSkGt4x7cnEwYU4tCSbaBKGU7aFYGJZLDfAJkJ8Hh
2026-06-03T16:15:54.445+0100	INFO	p2pnode	GreenHouse.web3/p2p.go:453	Listening on: /ip4/127.0.0.1/udp/64183/quic-v1/p2p/12D3KooWLkgjSkGt4x7cnEwYU4tCSbaBKGU7aFYGJZLDfAJkJ8Hh
2026-06-03T16:15:54.445+0100	INFO	p2pnode	GreenHouse.web3/p2p.go:453	Listening on: /ip4/192.168.0.156/tcp/62029/p2p/12D3KooWLkgjSkGt4x7cnEwYU4tCSbaBKGU7aFYGJZLDfAJkJ8Hh
2026-06-03T16:15:54.445+0100	INFO	p2pnode	GreenHouse.web3/p2p.go:453	Listening on: /ip4/192.168.0.156/udp/49482/quic-v1/webtransport/certhash/uEiBiAtGXQrpC5A_S9M0P5oyBQHvxT5bwlRkfFy-hNjH4ug/certhash/uEiCLYD4tlwdTHc9oKVW3VKEkkMBfHtxM6-F-T7ZwJhI3TQ/p2p/12D3KooWLkgjSkGt4x7cnEwYU4tCSbaBKGU7aFYGJZLDfAJkJ8Hh
2026-06-03T16:15:54.445+0100	INFO	p2pnode	GreenHouse.web3/p2p.go:453	Listening on: /ip4/192.168.0.156/udp/50148/webrtc-direct/certhash/uEiAivmPYLMHAkyVXiq0E-LnIZPAtvpRPAcqlEdTHRYxCkg/p2p/12D3KooWLkgjSkGt4x7cnEwYU4tCSbaBKGU7aFYGJZLDfAJkJ8Hh
2026-06-03T16:15:54.445+0100	INFO	p2pnode	GreenHouse.web3/p2p.go:453	Listening on: /ip4/192.168.0.156/udp/64183/quic-v1/p2p/12D3KooWLkgjSkGt4x7cnEwYU4tCSbaBKGU7aFYGJZLDfAJkJ8Hh
2026-06-03T16:15:54.445+0100	INFO	p2pnode	GreenHouse.web3/p2p.go:453	Listening on: /ip6/::1/tcp/62030/p2p/12D3KooWLkgjSkGt4x7cnEwYU4tCSbaBKGU7aFYGJZLDfAJkJ8Hh
2026-06-03T16:15:54.445+0100	INFO	p2pnode	GreenHouse.web3/p2p.go:453	Listening on: /ip6/::1/udp/58855/quic-v1/webtransport/certhash/uEiBiAtGXQrpC5A_S9M0P5oyBQHvxT5bwlRkfFy-hNjH4ug/certhash/uEiCLYD4tlwdTHc9oKVW3VKEkkMBfHtxM6-F-T7ZwJhI3TQ/p2p/12D3KooWLkgjSkGt4x7cnEwYU4tCSbaBKGU7aFYGJZLDfAJkJ8Hh
2026-06-03T16:15:54.445+0100	INFO	p2pnode	GreenHouse.web3/p2p.go:453	Listening on: /ip6/::1/udp/58958/quic-v1/p2p/12D3KooWLkgjSkGt4x7cnEwYU4tCSbaBKGU7aFYGJZLDfAJkJ8Hh
2026-06-03T16:15:54.445+0100	INFO	p2pnode	GreenHouse.web3/p2p.go:453	Listening on: /ip6/::1/udp/62582/webrtc-direct/certhash/uEiAivmPYLMHAkyVXiq0E-LnIZPAtvpRPAcqlEdTHRYxCkg/p2p/12D3KooWLkgjSkGt4x7cnEwYU4tCSbaBKGU7aFYGJZLDfAJkJ8Hh
2026-06-03T16:15:54.445+0100	INFO	p2pnode	GreenHouse.web3/p2p.go:511	DHT discovery disabled in production (GH_ENV=production)
2026-06-03T16:15:54.445+0100	INFO	p2pnode	GreenHouse.web3/p2p.go:532	PubSub service initialized (D=4 Dlo=3 Dhi=5 heartbeat=500ms)
2026-06-03T16:15:54.445+0100	INFO	p2pnode	GreenHouse.web3/p2p.go:539	Joined topic: test-topic
2026-06-03T16:15:54.445+0100	INFO	p2pnode	GreenHouse.web3/p2p.go:546	Joined consensus topic: test-topic/consensus
2026-06-03T16:15:54.445+0100	INFO	p2pnode	GreenHouse.web3/p2p.go:563	Topic validator registered for test-topic
2026-06-03T16:15:54.445+0100	INFO	p2pnode	GreenHouse.web3/p2p.go:573	Topic validator registered for test-topic/consensus
2026-06-03T16:15:54.445+0100	INFO	p2pnode	GreenHouse.web3/p2p.go:580	Subscribed to topic
2026-06-03T16:15:54.445+0100	INFO	p2pnode	GreenHouse.web3/p2p.go:586	Subscribed to consensus topic
2026-06-03T16:15:54.445+0100	INFO	p2pnode	GreenHouse.web3/p2p.go:601	mDNS discovery disabled in production (GH_ENV=production)
2026-06-03T16:15:54.445+0100	INFO	p2pnode	GreenHouse.web3/p2p.go:712	Stream handler set for direct messaging
2026/06/03 16:15:54 Shutting down P2PNode...
2026/06/03 16:15:54 Closing PubSub subscription...
2026/06/03 16:15:54 Closing consensus PubSub subscription...
2026/06/03 16:15:54 Closing PubSub topic...
2026/06/03 16:15:54 Closing consensus PubSub topic...
2026/06/03 16:15:54 Closing libp2p host...
2026/06/03 16:15:54 P2PNode shutdown complete.
--- PASS: TestNewP2PNode_Production_WithManifest_Succeeds (0.00s)
=== RUN   TestNewP2PNode_Production_WithManifest_MdnsDisabled
2026-06-03T16:15:54.446+0100	INFO	p2pnode	GreenHouse.web3/p2p.go:429	Loaded peer manifest from /var/folders/cg/x6vc8zkd477721zyhv3cm9mh0000gn/T/TestNewP2PNode_Production_WithManifest_MdnsDisabled2749036078/001/manifest451298438.json
2026-06-03T16:15:54.448+0100	INFO	p2pnode	GreenHouse.web3/p2p.go:448	Libp2p host created with ID: 12D3KooWDuj6rzpzcDcczYDkAT71vk8RioVufNknCZ4gkGY1Conp
2026/06/03 16:15:54 P2P: using Noise XX security transport (mutual auth)
2026-06-03T16:15:54.448+0100	INFO	p2pnode	GreenHouse.web3/p2p.go:453	Listening on: /ip4/127.0.0.1/tcp/62031/p2p/12D3KooWDuj6rzpzcDcczYDkAT71vk8RioVufNknCZ4gkGY1Conp
2026-06-03T16:15:54.448+0100	INFO	p2pnode	GreenHouse.web3/p2p.go:453	Listening on: /ip4/127.0.0.1/udp/59718/webrtc-direct/certhash/uEiBVOXuFLu3fMm7LVmZgpsxCXbyHFyt5PMA7sPSVEOIumA/p2p/12D3KooWDuj6rzpzcDcczYDkAT71vk8RioVufNknCZ4gkGY1Conp
2026-06-03T16:15:54.448+0100	INFO	p2pnode	GreenHouse.web3/p2p.go:453	Listening on: /ip4/127.0.0.1/udp/60392/quic-v1/webtransport/certhash/uEiBRVg5X7uCwOkkdoMCD11thwnlW45dRlzXDsoBeIHzwyg/certhash/uEiAybjPVte_L7JCsOJL3yE1le_TbIIc67ugNRZJ-93no5Q/p2p/12D3KooWDuj6rzpzcDcczYDkAT71vk8RioVufNknCZ4gkGY1Conp
2026-06-03T16:15:54.448+0100	INFO	p2pnode	GreenHouse.web3/p2p.go:453	Listening on: /ip4/127.0.0.1/udp/63860/quic-v1/p2p/12D3KooWDuj6rzpzcDcczYDkAT71vk8RioVufNknCZ4gkGY1Conp
2026-06-03T16:15:54.448+0100	INFO	p2pnode	GreenHouse.web3/p2p.go:453	Listening on: /ip4/192.168.0.156/tcp/62031/p2p/12D3KooWDuj6rzpzcDcczYDkAT71vk8RioVufNknCZ4gkGY1Conp
2026-06-03T16:15:54.448+0100	INFO	p2pnode	GreenHouse.web3/p2p.go:453	Listening on: /ip4/192.168.0.156/udp/59718/webrtc-direct/certhash/uEiBVOXuFLu3fMm7LVmZgpsxCXbyHFyt5PMA7sPSVEOIumA/p2p/12D3KooWDuj6rzpzcDcczYDkAT71vk8RioVufNknCZ4gkGY1Conp
2026-06-03T16:15:54.448+0100	INFO	p2pnode	GreenHouse.web3/p2p.go:453	Listening on: /ip4/192.168.0.156/udp/60392/quic-v1/webtransport/certhash/uEiBRVg5X7uCwOkkdoMCD11thwnlW45dRlzXDsoBeIHzwyg/certhash/uEiAybjPVte_L7JCsOJL3yE1le_TbIIc67ugNRZJ-93no5Q/p2p/12D3KooWDuj6rzpzcDcczYDkAT71vk8RioVufNknCZ4gkGY1Conp
2026-06-03T16:15:54.448+0100	INFO	p2pnode	GreenHouse.web3/p2p.go:453	Listening on: /ip4/192.168.0.156/udp/63860/quic-v1/p2p/12D3KooWDuj6rzpzcDcczYDkAT71vk8RioVufNknCZ4gkGY1Conp
2026-06-03T16:15:54.448+0100	INFO	p2pnode	GreenHouse.web3/p2p.go:453	Listening on: /ip6/::1/tcp/62032/p2p/12D3KooWDuj6rzpzcDcczYDkAT71vk8RioVufNknCZ4gkGY1Conp
2026-06-03T16:15:54.448+0100	INFO	p2pnode	GreenHouse.web3/p2p.go:453	Listening on: /ip6/::1/udp/49227/quic-v1/p2p/12D3KooWDuj6rzpzcDcczYDkAT71vk8RioVufNknCZ4gkGY1Conp
2026-06-03T16:15:54.448+0100	INFO	p2pnode	GreenHouse.web3/p2p.go:453	Listening on: /ip6/::1/udp/51642/quic-v1/webtransport/certhash/uEiBRVg5X7uCwOkkdoMCD11thwnlW45dRlzXDsoBeIHzwyg/certhash/uEiAybjPVte_L7JCsOJL3yE1le_TbIIc67ugNRZJ-93no5Q/p2p/12D3KooWDuj6rzpzcDcczYDkAT71vk8RioVufNknCZ4gkGY1Conp
2026-06-03T16:15:54.448+0100	INFO	p2pnode	GreenHouse.web3/p2p.go:453	Listening on: /ip6/::1/udp/56886/webrtc-direct/certhash/uEiBVOXuFLu3fMm7LVmZgpsxCXbyHFyt5PMA7sPSVEOIumA/p2p/12D3KooWDuj6rzpzcDcczYDkAT71vk8RioVufNknCZ4gkGY1Conp
2026-06-03T16:15:54.448+0100	INFO	p2pnode	GreenHouse.web3/p2p.go:511	DHT discovery disabled in production (GH_ENV=production)
2026-06-03T16:15:54.448+0100	INFO	p2pnode	GreenHouse.web3/p2p.go:532	PubSub service initialized (D=4 Dlo=3 Dhi=5 heartbeat=500ms)
2026-06-03T16:15:54.448+0100	INFO	p2pnode	GreenHouse.web3/p2p.go:539	Joined topic: test-topic
2026-06-03T16:15:54.448+0100	INFO	p2pnode	GreenHouse.web3/p2p.go:546	Joined consensus topic: test-topic/consensus
2026-06-03T16:15:54.448+0100	INFO	p2pnode	GreenHouse.web3/p2p.go:563	Topic validator registered for test-topic
2026-06-03T16:15:54.448+0100	INFO	p2pnode	GreenHouse.web3/p2p.go:573	Topic validator registered for test-topic/consensus
2026-06-03T16:15:54.448+0100	INFO	p2pnode	GreenHouse.web3/p2p.go:580	Subscribed to topic
2026-06-03T16:15:54.448+0100	INFO	p2pnode	GreenHouse.web3/p2p.go:586	Subscribed to consensus topic
2026-06-03T16:15:54.448+0100	INFO	p2pnode	GreenHouse.web3/p2p.go:601	mDNS discovery disabled in production (GH_ENV=production)
2026-06-03T16:15:54.448+0100	INFO	p2pnode	GreenHouse.web3/p2p.go:712	Stream handler set for direct messaging
2026/06/03 16:15:54 Shutting down P2PNode...
2026/06/03 16:15:54 Closing PubSub subscription...
2026/06/03 16:15:54 Closing consensus PubSub subscription...
2026/06/03 16:15:54 Closing PubSub topic...
2026/06/03 16:15:54 Closing consensus PubSub topic...
2026/06/03 16:15:54 Closing libp2p host...
2026/06/03 16:15:54 P2PNode shutdown complete.
--- PASS: TestNewP2PNode_Production_WithManifest_MdnsDisabled (0.00s)
=== RUN   TestNewP2PNode_DevMode_StartsSuccessfully
2026-06-03T16:15:54.451+0100	INFO	p2pnode	GreenHouse.web3/p2p.go:448	Libp2p host created with ID: 12D3KooWKV14Q8cEKgPw7ByQYTmy7eKEs4JAtCus1SHY4FuBB4UR
2026/06/03 16:15:54 P2P: using Noise XX security transport (mutual auth)
2026-06-03T16:15:54.451+0100	INFO	p2pnode	GreenHouse.web3/p2p.go:453	Listening on: /ip4/127.0.0.1/tcp/62033/p2p/12D3KooWKV14Q8cEKgPw7ByQYTmy7eKEs4JAtCus1SHY4FuBB4UR
2026-06-03T16:15:54.451+0100	INFO	p2pnode	GreenHouse.web3/p2p.go:453	Listening on: /ip4/127.0.0.1/udp/52841/webrtc-direct/certhash/uEiDN-GxIFLWeBHtQUJDuRxaw2wWEw-uDbEjgYYVJTdcUJw/p2p/12D3KooWKV14Q8cEKgPw7ByQYTmy7eKEs4JAtCus1SHY4FuBB4UR
2026-06-03T16:15:54.451+0100	INFO	p2pnode	GreenHouse.web3/p2p.go:453	Listening on: /ip4/127.0.0.1/udp/58913/quic-v1/webtransport/certhash/uEiCI2yEWr3KCCTUqNaemgRTkc3OwpjIgTD6WqsCchlAJHw/certhash/uEiDjyAvwq35oAckHp4EBIpFaxOrosifVuoE1wOaY2psKqQ/p2p/12D3KooWKV14Q8cEKgPw7ByQYTmy7eKEs4JAtCus1SHY4FuBB4UR
2026-06-03T16:15:54.451+0100	INFO	p2pnode	GreenHouse.web3/p2p.go:453	Listening on: /ip4/127.0.0.1/udp/61948/quic-v1/p2p/12D3KooWKV14Q8cEKgPw7ByQYTmy7eKEs4JAtCus1SHY4FuBB4UR
2026-06-03T16:15:54.451+0100	INFO	p2pnode	GreenHouse.web3/p2p.go:453	Listening on: /ip4/192.168.0.156/tcp/62033/p2p/12D3KooWKV14Q8cEKgPw7ByQYTmy7eKEs4JAtCus1SHY4FuBB4UR
2026-06-03T16:15:54.451+0100	INFO	p2pnode	GreenHouse.web3/p2p.go:453	Listening on: /ip4/192.168.0.156/udp/52841/webrtc-direct/certhash/uEiDN-GxIFLWeBHtQUJDuRxaw2wWEw-uDbEjgYYVJTdcUJw/p2p/12D3KooWKV14Q8cEKgPw7ByQYTmy7eKEs4JAtCus1SHY4FuBB4UR
2026-06-03T16:15:54.451+0100	INFO	p2pnode	GreenHouse.web3/p2p.go:453	Listening on: /ip4/192.168.0.156/udp/58913/quic-v1/webtransport/certhash/uEiCI2yEWr3KCCTUqNaemgRTkc3OwpjIgTD6WqsCchlAJHw/certhash/uEiDjyAvwq35oAckHp4EBIpFaxOrosifVuoE1wOaY2psKqQ/p2p/12D3KooWKV14Q8cEKgPw7ByQYTmy7eKEs4JAtCus1SHY4FuBB4UR
2026-06-03T16:15:54.451+0100	INFO	p2pnode	GreenHouse.web3/p2p.go:453	Listening on: /ip4/192.168.0.156/udp/61948/quic-v1/p2p/12D3KooWKV14Q8cEKgPw7ByQYTmy7eKEs4JAtCus1SHY4FuBB4UR
2026-06-03T16:15:54.451+0100	INFO	p2pnode	GreenHouse.web3/p2p.go:453	Listening on: /ip6/::1/tcp/62034/p2p/12D3KooWKV14Q8cEKgPw7ByQYTmy7eKEs4JAtCus1SHY4FuBB4UR
2026-06-03T16:15:54.451+0100	INFO	p2pnode	GreenHouse.web3/p2p.go:453	Listening on: /ip6/::1/udp/51410/webrtc-direct/certhash/uEiDN-GxIFLWeBHtQUJDuRxaw2wWEw-uDbEjgYYVJTdcUJw/p2p/12D3KooWKV14Q8cEKgPw7ByQYTmy7eKEs4JAtCus1SHY4FuBB4UR
2026-06-03T16:15:54.451+0100	INFO	p2pnode	GreenHouse.web3/p2p.go:453	Listening on: /ip6/::1/udp/54896/quic-v1/webtransport/certhash/uEiCI2yEWr3KCCTUqNaemgRTkc3OwpjIgTD6WqsCchlAJHw/certhash/uEiDjyAvwq35oAckHp4EBIpFaxOrosifVuoE1wOaY2psKqQ/p2p/12D3KooWKV14Q8cEKgPw7ByQYTmy7eKEs4JAtCus1SHY4FuBB4UR
2026-06-03T16:15:54.451+0100	INFO	p2pnode	GreenHouse.web3/p2p.go:453	Listening on: /ip6/::1/udp/57584/quic-v1/p2p/12D3KooWKV14Q8cEKgPw7ByQYTmy7eKEs4JAtCus1SHY4FuBB4UR
2026-06-03T16:15:54.451+0100	INFO	p2pnode	GreenHouse.web3/p2p.go:493	DHT initialized in client mode for peer discovery
2026-06-03T16:15:54.451+0100	INFO	p2pnode	GreenHouse.web3/p2p.go:532	PubSub service initialized (D=4 Dlo=3 Dhi=5 heartbeat=500ms)
2026-06-03T16:15:54.451+0100	INFO	p2pnode	GreenHouse.web3/p2p.go:539	Joined topic: test-topic
2026-06-03T16:15:54.451+0100	INFO	p2pnode	GreenHouse.web3/p2p.go:546	Joined consensus topic: test-topic/consensus
2026-06-03T16:15:54.451+0100	INFO	p2pnode	GreenHouse.web3/p2p.go:563	Topic validator registered for test-topic
2026-06-03T16:15:54.451+0100	INFO	p2pnode	GreenHouse.web3/p2p.go:573	Topic validator registered for test-topic/consensus
2026-06-03T16:15:54.451+0100	INFO	p2pnode	GreenHouse.web3/p2p.go:580	Subscribed to topic
2026-06-03T16:15:54.451+0100	INFO	p2pnode	GreenHouse.web3/p2p.go:586	Subscribed to consensus topic
2026/06/03 16:15:54 mDNS discovery service started (greenhouse-mdns-test-topic)
2026-06-03T16:15:54.452+0100	INFO	p2pnode	GreenHouse.web3/p2p.go:712	Stream handler set for direct messaging
2026/06/03 16:15:54 Shutting down P2PNode...
2026-06-03T16:15:54.452+0100	INFO	p2pnode	GreenHouse.web3/p2p.go:648	DHT bootstrapped successfully
2026/06/03 16:15:54 Closing PubSub subscription...
2026/06/03 16:15:54 Closing consensus PubSub subscription...
2026/06/03 16:15:54 Closing PubSub topic...
2026/06/03 16:15:54 Closing consensus PubSub topic...
2026/06/03 16:15:54 Closing mDNS service...
2026/06/03 16:15:54 Closing libp2p host...
2026/06/03 16:15:54 P2PNode shutdown complete.
--- PASS: TestNewP2PNode_DevMode_StartsSuccessfully (0.00s)
=== RUN   TestNewP2PNode_Production_Shutdown_Safe
2026-06-03T16:15:54.453+0100	INFO	p2pnode	GreenHouse.web3/p2p.go:429	Loaded peer manifest from /var/folders/cg/x6vc8zkd477721zyhv3cm9mh0000gn/T/TestNewP2PNode_Production_Shutdown_Safe491523567/001/manifest536717176.json
2026-06-03T16:15:54.457+0100	INFO	p2pnode	GreenHouse.web3/p2p.go:448	Libp2p host created with ID: 12D3KooWEj7mqK19Q9rUk9kLXb5PhP89ynfszGyKEDWMkQQKWrXQ
2026/06/03 16:15:54 P2P: using Noise XX security transport (mutual auth)
2026-06-03T16:15:54.457+0100	INFO	p2pnode	GreenHouse.web3/p2p.go:453	Listening on: /ip4/127.0.0.1/tcp/62035/p2p/12D3KooWEj7mqK19Q9rUk9kLXb5PhP89ynfszGyKEDWMkQQKWrXQ
2026-06-03T16:15:54.457+0100	INFO	p2pnode	GreenHouse.web3/p2p.go:453	Listening on: /ip4/127.0.0.1/udp/55901/quic-v1/p2p/12D3KooWEj7mqK19Q9rUk9kLXb5PhP89ynfszGyKEDWMkQQKWrXQ
2026-06-03T16:15:54.457+0100	INFO	p2pnode	GreenHouse.web3/p2p.go:453	Listening on: /ip4/127.0.0.1/udp/57116/quic-v1/webtransport/certhash/uEiDDqVJwdWYwjNau33phMtBktBvk0qs5jrANFdzQnLIPVQ/certhash/uEiD8IQjEIraJOFSQtFbQw8manu4BxLm4P-jq02kbjjX9Tw/p2p/12D3KooWEj7mqK19Q9rUk9kLXb5PhP89ynfszGyKEDWMkQQKWrXQ
2026-06-03T16:15:54.457+0100	INFO	p2pnode	GreenHouse.web3/p2p.go:453	Listening on: /ip4/127.0.0.1/udp/58394/webrtc-direct/certhash/uEiD7pATUmjX0G-0fNj9nbG17SmtmpoxmnXe1evniwoYpqw/p2p/12D3KooWEj7mqK19Q9rUk9kLXb5PhP89ynfszGyKEDWMkQQKWrXQ
2026-06-03T16:15:54.457+0100	INFO	p2pnode	GreenHouse.web3/p2p.go:453	Listening on: /ip4/192.168.0.156/tcp/62035/p2p/12D3KooWEj7mqK19Q9rUk9kLXb5PhP89ynfszGyKEDWMkQQKWrXQ
2026-06-03T16:15:54.457+0100	INFO	p2pnode	GreenHouse.web3/p2p.go:453	Listening on: /ip4/192.168.0.156/udp/55901/quic-v1/p2p/12D3KooWEj7mqK19Q9rUk9kLXb5PhP89ynfszGyKEDWMkQQKWrXQ
2026-06-03T16:15:54.457+0100	INFO	p2pnode	GreenHouse.web3/p2p.go:453	Listening on: /ip4/192.168.0.156/udp/57116/quic-v1/webtransport/certhash/uEiDDqVJwdWYwjNau33phMtBktBvk0qs5jrANFdzQnLIPVQ/certhash/uEiD8IQjEIraJOFSQtFbQw8manu4BxLm4P-jq02kbjjX9Tw/p2p/12D3KooWEj7mqK19Q9rUk9kLXb5PhP89ynfszGyKEDWMkQQKWrXQ
2026-06-03T16:15:54.457+0100	INFO	p2pnode	GreenHouse.web3/p2p.go:453	Listening on: /ip4/192.168.0.156/udp/58394/webrtc-direct/certhash/uEiD7pATUmjX0G-0fNj9nbG17SmtmpoxmnXe1evniwoYpqw/p2p/12D3KooWEj7mqK19Q9rUk9kLXb5PhP89ynfszGyKEDWMkQQKWrXQ
2026-06-03T16:15:54.457+0100	INFO	p2pnode	GreenHouse.web3/p2p.go:453	Listening on: /ip6/::1/tcp/62036/p2p/12D3KooWEj7mqK19Q9rUk9kLXb5PhP89ynfszGyKEDWMkQQKWrXQ
2026-06-03T16:15:54.457+0100	INFO	p2pnode	GreenHouse.web3/p2p.go:453	Listening on: /ip6/::1/udp/50039/quic-v1/p2p/12D3KooWEj7mqK19Q9rUk9kLXb5PhP89ynfszGyKEDWMkQQKWrXQ
2026-06-03T16:15:54.457+0100	INFO	p2pnode	GreenHouse.web3/p2p.go:453	Listening on: /ip6/::1/udp/53793/webrtc-direct/certhash/uEiD7pATUmjX0G-0fNj9nbG17SmtmpoxmnXe1evniwoYpqw/p2p/12D3KooWEj7mqK19Q9rUk9kLXb5PhP89ynfszGyKEDWMkQQKWrXQ
2026-06-03T16:15:54.457+0100	INFO	p2pnode	GreenHouse.web3/p2p.go:453	Listening on: /ip6/::1/udp/56968/quic-v1/webtransport/certhash/uEiDDqVJwdWYwjNau33phMtBktBvk0qs5jrANFdzQnLIPVQ/certhash/uEiD8IQjEIraJOFSQtFbQw8manu4BxLm4P-jq02kbjjX9Tw/p2p/12D3KooWEj7mqK19Q9rUk9kLXb5PhP89ynfszGyKEDWMkQQKWrXQ
2026-06-03T16:15:54.457+0100	INFO	p2pnode	GreenHouse.web3/p2p.go:511	DHT discovery disabled in production (GH_ENV=production)
2026-06-03T16:15:54.457+0100	INFO	p2pnode	GreenHouse.web3/p2p.go:532	PubSub service initialized (D=4 Dlo=3 Dhi=5 heartbeat=500ms)
2026-06-03T16:15:54.457+0100	INFO	p2pnode	GreenHouse.web3/p2p.go:539	Joined topic: test-topic
2026-06-03T16:15:54.457+0100	INFO	p2pnode	GreenHouse.web3/p2p.go:546	Joined consensus topic: test-topic/consensus
2026-06-03T16:15:54.457+0100	INFO	p2pnode	GreenHouse.web3/p2p.go:563	Topic validator registered for test-topic
2026-06-03T16:15:54.457+0100	INFO	p2pnode	GreenHouse.web3/p2p.go:573	Topic validator registered for test-topic/consensus
2026-06-03T16:15:54.457+0100	INFO	p2pnode	GreenHouse.web3/p2p.go:580	Subscribed to topic
2026-06-03T16:15:54.457+0100	INFO	p2pnode	GreenHouse.web3/p2p.go:586	Subscribed to consensus topic
2026-06-03T16:15:54.457+0100	INFO	p2pnode	GreenHouse.web3/p2p.go:601	mDNS discovery disabled in production (GH_ENV=production)
2026-06-03T16:15:54.457+0100	INFO	p2pnode	GreenHouse.web3/p2p.go:712	Stream handler set for direct messaging
2026/06/03 16:15:54 Shutting down P2PNode...
2026/06/03 16:15:54 Closing PubSub subscription...
2026/06/03 16:15:54 Closing consensus PubSub subscription...
2026/06/03 16:15:54 Closing PubSub topic...
2026/06/03 16:15:54 Closing consensus PubSub topic...
2026/06/03 16:15:54 Closing libp2p host...
2026/06/03 16:15:54 P2PNode shutdown complete.
--- PASS: TestNewP2PNode_Production_Shutdown_Safe (0.00s)
=== RUN   TestNewP2PNode_HasConsensusTopicAndSubscription
2026-06-03T16:15:54.460+0100	INFO	p2pnode	GreenHouse.web3/p2p.go:448	Libp2p host created with ID: 12D3KooWKsmGDyUNRL6jQkpRn8w3pGRdZc8moeXWgbUFpvDwMYH8
2026/06/03 16:15:54 P2P: using Noise XX security transport (mutual auth)
2026-06-03T16:15:54.460+0100	INFO	p2pnode	GreenHouse.web3/p2p.go:453	Listening on: /ip4/127.0.0.1/tcp/62037/p2p/12D3KooWKsmGDyUNRL6jQkpRn8w3pGRdZc8moeXWgbUFpvDwMYH8
2026-06-03T16:15:54.460+0100	INFO	p2pnode	GreenHouse.web3/p2p.go:453	Listening on: /ip4/127.0.0.1/udp/51923/quic-v1/p2p/12D3KooWKsmGDyUNRL6jQkpRn8w3pGRdZc8moeXWgbUFpvDwMYH8
2026-06-03T16:15:54.460+0100	INFO	p2pnode	GreenHouse.web3/p2p.go:453	Listening on: /ip4/127.0.0.1/udp/64085/quic-v1/webtransport/certhash/uEiCZtjeVqS1OD-D87Ivz3Hx2PMTwvWTk764C9NDZgsSaKA/certhash/uEiBWoJWLUgBYHXKzqlXi1OKJ6-DPk3Fby8BZOQ1peRrUCg/p2p/12D3KooWKsmGDyUNRL6jQkpRn8w3pGRdZc8moeXWgbUFpvDwMYH8
2026-06-03T16:15:54.460+0100	INFO	p2pnode	GreenHouse.web3/p2p.go:453	Listening on: /ip4/127.0.0.1/udp/65312/webrtc-direct/certhash/uEiAiWs0CCul4LhyGm1lGF80UffRxzZ3UmavLlnA4cDwkuQ/p2p/12D3KooWKsmGDyUNRL6jQkpRn8w3pGRdZc8moeXWgbUFpvDwMYH8
2026-06-03T16:15:54.460+0100	INFO	p2pnode	GreenHouse.web3/p2p.go:453	Listening on: /ip4/192.168.0.156/tcp/62037/p2p/12D3KooWKsmGDyUNRL6jQkpRn8w3pGRdZc8moeXWgbUFpvDwMYH8
2026-06-03T16:15:54.460+0100	INFO	p2pnode	GreenHouse.web3/p2p.go:453	Listening on: /ip4/192.168.0.156/udp/51923/quic-v1/p2p/12D3KooWKsmGDyUNRL6jQkpRn8w3pGRdZc8moeXWgbUFpvDwMYH8
2026-06-03T16:15:54.460+0100	INFO	p2pnode	GreenHouse.web3/p2p.go:453	Listening on: /ip4/192.168.0.156/udp/64085/quic-v1/webtransport/certhash/uEiCZtjeVqS1OD-D87Ivz3Hx2PMTwvWTk764C9NDZgsSaKA/certhash/uEiBWoJWLUgBYHXKzqlXi1OKJ6-DPk3Fby8BZOQ1peRrUCg/p2p/12D3KooWKsmGDyUNRL6jQkpRn8w3pGRdZc8moeXWgbUFpvDwMYH8
2026-06-03T16:15:54.460+0100	INFO	p2pnode	GreenHouse.web3/p2p.go:453	Listening on: /ip4/192.168.0.156/udp/65312/webrtc-direct/certhash/uEiAiWs0CCul4LhyGm1lGF80UffRxzZ3UmavLlnA4cDwkuQ/p2p/12D3KooWKsmGDyUNRL6jQkpRn8w3pGRdZc8moeXWgbUFpvDwMYH8
2026-06-03T16:15:54.460+0100	INFO	p2pnode	GreenHouse.web3/p2p.go:453	Listening on: /ip6/::1/tcp/62038/p2p/12D3KooWKsmGDyUNRL6jQkpRn8w3pGRdZc8moeXWgbUFpvDwMYH8
2026-06-03T16:15:54.460+0100	INFO	p2pnode	GreenHouse.web3/p2p.go:453	Listening on: /ip6/::1/udp/50479/quic-v1/p2p/12D3KooWKsmGDyUNRL6jQkpRn8w3pGRdZc8moeXWgbUFpvDwMYH8
2026-06-03T16:15:54.460+0100	INFO	p2pnode	GreenHouse.web3/p2p.go:453	Listening on: /ip6/::1/udp/53255/webrtc-direct/certhash/uEiAiWs0CCul4LhyGm1lGF80UffRxzZ3UmavLlnA4cDwkuQ/p2p/12D3KooWKsmGDyUNRL6jQkpRn8w3pGRdZc8moeXWgbUFpvDwMYH8
2026-06-03T16:15:54.460+0100	INFO	p2pnode	GreenHouse.web3/p2p.go:453	Listening on: /ip6/::1/udp/56500/quic-v1/webtransport/certhash/uEiCZtjeVqS1OD-D87Ivz3Hx2PMTwvWTk764C9NDZgsSaKA/certhash/uEiBWoJWLUgBYHXKzqlXi1OKJ6-DPk3Fby8BZOQ1peRrUCg/p2p/12D3KooWKsmGDyUNRL6jQkpRn8w3pGRdZc8moeXWgbUFpvDwMYH8
2026-06-03T16:15:54.460+0100	INFO	p2pnode	GreenHouse.web3/p2p.go:513	DHT discovery disabled (GONETWORK_DISABLE_P2P_DHT=1)
2026-06-03T16:15:54.460+0100	INFO	p2pnode	GreenHouse.web3/p2p.go:532	PubSub service initialized (D=4 Dlo=3 Dhi=5 heartbeat=500ms)
2026-06-03T16:15:54.460+0100	INFO	p2pnode	GreenHouse.web3/p2p.go:539	Joined topic: item19-main
2026-06-03T16:15:54.460+0100	INFO	p2pnode	GreenHouse.web3/p2p.go:546	Joined consensus topic: item19-main/consensus
2026-06-03T16:15:54.460+0100	INFO	p2pnode	GreenHouse.web3/p2p.go:563	Topic validator registered for item19-main
2026-06-03T16:15:54.460+0100	INFO	p2pnode	GreenHouse.web3/p2p.go:573	Topic validator registered for item19-main/consensus
2026-06-03T16:15:54.460+0100	INFO	p2pnode	GreenHouse.web3/p2p.go:580	Subscribed to topic
2026-06-03T16:15:54.460+0100	INFO	p2pnode	GreenHouse.web3/p2p.go:586	Subscribed to consensus topic
2026-06-03T16:15:54.460+0100	INFO	p2pnode	GreenHouse.web3/p2p.go:603	mDNS discovery disabled (GONETWORK_DISABLE_P2P_MDNS=1)
2026-06-03T16:15:54.460+0100	INFO	p2pnode	GreenHouse.web3/p2p.go:712	Stream handler set for direct messaging
2026/06/03 16:15:54 Shutting down P2PNode...
2026/06/03 16:15:54 Closing PubSub subscription...
2026/06/03 16:15:54 Closing consensus PubSub subscription...
2026/06/03 16:15:54 Closing PubSub topic...
2026/06/03 16:15:54 Closing consensus PubSub topic...
2026/06/03 16:15:54 Closing libp2p host...
2026/06/03 16:15:54 P2PNode shutdown complete.
--- PASS: TestNewP2PNode_HasConsensusTopicAndSubscription (0.00s)
=== RUN   TestPublishConsensusMessage_ReachesConnectedPeer
2026-06-03T16:15:54.462+0100	INFO	p2pnode	GreenHouse.web3/p2p.go:448	Libp2p host created with ID: 12D3KooWGaBicJoEXj1AKY5XFvRY8NikfZcnbi1TsMi87VaXKFpB
2026/06/03 16:15:54 P2P: using Noise XX security transport (mutual auth)
2026-06-03T16:15:54.462+0100	INFO	p2pnode	GreenHouse.web3/p2p.go:453	Listening on: /ip4/127.0.0.1/tcp/62039/p2p/12D3KooWGaBicJoEXj1AKY5XFvRY8NikfZcnbi1TsMi87VaXKFpB
2026-06-03T16:15:54.462+0100	INFO	p2pnode	GreenHouse.web3/p2p.go:453	Listening on: /ip4/127.0.0.1/udp/50241/quic-v1/p2p/12D3KooWGaBicJoEXj1AKY5XFvRY8NikfZcnbi1TsMi87VaXKFpB
2026-06-03T16:15:54.462+0100	INFO	p2pnode	GreenHouse.web3/p2p.go:453	Listening on: /ip4/127.0.0.1/udp/59629/webrtc-direct/certhash/uEiDJ4igm32Xde2ydXVWkK079oswWEdNVKszY4SiYYJnB_A/p2p/12D3KooWGaBicJoEXj1AKY5XFvRY8NikfZcnbi1TsMi87VaXKFpB
2026-06-03T16:15:54.463+0100	INFO	p2pnode	GreenHouse.web3/p2p.go:453	Listening on: /ip4/127.0.0.1/udp/63235/quic-v1/webtransport/certhash/uEiALRoepQU48pjImcA23DxlbHfE-gT2Fq3TOoEHtqKlF_w/certhash/uEiBcsLJLWR8zNCVHPPJoCS9z8-iIdbm_QScwliNobCqMMQ/p2p/12D3KooWGaBicJoEXj1AKY5XFvRY8NikfZcnbi1TsMi87VaXKFpB
2026-06-03T16:15:54.463+0100	INFO	p2pnode	GreenHouse.web3/p2p.go:453	Listening on: /ip4/192.168.0.156/tcp/62039/p2p/12D3KooWGaBicJoEXj1AKY5XFvRY8NikfZcnbi1TsMi87VaXKFpB
2026-06-03T16:15:54.463+0100	INFO	p2pnode	GreenHouse.web3/p2p.go:453	Listening on: /ip4/192.168.0.156/udp/50241/quic-v1/p2p/12D3KooWGaBicJoEXj1AKY5XFvRY8NikfZcnbi1TsMi87VaXKFpB
2026-06-03T16:15:54.463+0100	INFO	p2pnode	GreenHouse.web3/p2p.go:453	Listening on: /ip4/192.168.0.156/udp/59629/webrtc-direct/certhash/uEiDJ4igm32Xde2ydXVWkK079oswWEdNVKszY4SiYYJnB_A/p2p/12D3KooWGaBicJoEXj1AKY5XFvRY8NikfZcnbi1TsMi87VaXKFpB
2026-06-03T16:15:54.463+0100	INFO	p2pnode	GreenHouse.web3/p2p.go:453	Listening on: /ip4/192.168.0.156/udp/63235/quic-v1/webtransport/certhash/uEiALRoepQU48pjImcA23DxlbHfE-gT2Fq3TOoEHtqKlF_w/certhash/uEiBcsLJLWR8zNCVHPPJoCS9z8-iIdbm_QScwliNobCqMMQ/p2p/12D3KooWGaBicJoEXj1AKY5XFvRY8NikfZcnbi1TsMi87VaXKFpB
2026-06-03T16:15:54.463+0100	INFO	p2pnode	GreenHouse.web3/p2p.go:453	Listening on: /ip6/::1/tcp/62040/p2p/12D3KooWGaBicJoEXj1AKY5XFvRY8NikfZcnbi1TsMi87VaXKFpB
2026-06-03T16:15:54.463+0100	INFO	p2pnode	GreenHouse.web3/p2p.go:453	Listening on: /ip6/::1/udp/54931/webrtc-direct/certhash/uEiDJ4igm32Xde2ydXVWkK079oswWEdNVKszY4SiYYJnB_A/p2p/12D3KooWGaBicJoEXj1AKY5XFvRY8NikfZcnbi1TsMi87VaXKFpB
2026-06-03T16:15:54.463+0100	INFO	p2pnode	GreenHouse.web3/p2p.go:453	Listening on: /ip6/::1/udp/55909/quic-v1/p2p/12D3KooWGaBicJoEXj1AKY5XFvRY8NikfZcnbi1TsMi87VaXKFpB
2026-06-03T16:15:54.463+0100	INFO	p2pnode	GreenHouse.web3/p2p.go:453	Listening on: /ip6/::1/udp/64613/quic-v1/webtransport/certhash/uEiALRoepQU48pjImcA23DxlbHfE-gT2Fq3TOoEHtqKlF_w/certhash/uEiBcsLJLWR8zNCVHPPJoCS9z8-iIdbm_QScwliNobCqMMQ/p2p/12D3KooWGaBicJoEXj1AKY5XFvRY8NikfZcnbi1TsMi87VaXKFpB
2026-06-03T16:15:54.463+0100	INFO	p2pnode	GreenHouse.web3/p2p.go:513	DHT discovery disabled (GONETWORK_DISABLE_P2P_DHT=1)
2026-06-03T16:15:54.463+0100	INFO	p2pnode	GreenHouse.web3/p2p.go:532	PubSub service initialized (D=4 Dlo=3 Dhi=5 heartbeat=500ms)
2026-06-03T16:15:54.463+0100	INFO	p2pnode	GreenHouse.web3/p2p.go:539	Joined topic: item19-topic-1780499754460808000
2026-06-03T16:15:54.463+0100	INFO	p2pnode	GreenHouse.web3/p2p.go:546	Joined consensus topic: item19-topic-1780499754460808000/consensus
2026-06-03T16:15:54.463+0100	INFO	p2pnode	GreenHouse.web3/p2p.go:563	Topic validator registered for item19-topic-1780499754460808000
2026-06-03T16:15:54.463+0100	INFO	p2pnode	GreenHouse.web3/p2p.go:573	Topic validator registered for item19-topic-1780499754460808000/consensus
2026-06-03T16:15:54.463+0100	INFO	p2pnode	GreenHouse.web3/p2p.go:580	Subscribed to topic
2026-06-03T16:15:54.463+0100	INFO	p2pnode	GreenHouse.web3/p2p.go:586	Subscribed to consensus topic
2026-06-03T16:15:54.463+0100	INFO	p2pnode	GreenHouse.web3/p2p.go:603	mDNS discovery disabled (GONETWORK_DISABLE_P2P_MDNS=1)
2026-06-03T16:15:54.463+0100	INFO	p2pnode	GreenHouse.web3/p2p.go:712	Stream handler set for direct messaging
2026-06-03T16:15:54.465+0100	INFO	p2pnode	GreenHouse.web3/p2p.go:448	Libp2p host created with ID: 12D3KooWHMcScikNEqZy3HT21GFcLWGMRfSFTyvc9VtvS3pa53P3
2026/06/03 16:15:54 P2P: using Noise XX security transport (mutual auth)
2026-06-03T16:15:54.465+0100	INFO	p2pnode	GreenHouse.web3/p2p.go:453	Listening on: /ip4/127.0.0.1/tcp/62041/p2p/12D3KooWHMcScikNEqZy3HT21GFcLWGMRfSFTyvc9VtvS3pa53P3
2026-06-03T16:15:54.465+0100	INFO	p2pnode	GreenHouse.web3/p2p.go:453	Listening on: /ip4/127.0.0.1/udp/54596/quic-v1/p2p/12D3KooWHMcScikNEqZy3HT21GFcLWGMRfSFTyvc9VtvS3pa53P3
2026-06-03T16:15:54.465+0100	INFO	p2pnode	GreenHouse.web3/p2p.go:453	Listening on: /ip4/127.0.0.1/udp/63438/webrtc-direct/certhash/uEiAbk6oDvRHP7MQo3BpgXpyR5DHAVFGA5dHLnJQuEtQ2bA/p2p/12D3KooWHMcScikNEqZy3HT21GFcLWGMRfSFTyvc9VtvS3pa53P3
2026-06-03T16:15:54.465+0100	INFO	p2pnode	GreenHouse.web3/p2p.go:453	Listening on: /ip4/127.0.0.1/udp/64577/quic-v1/webtransport/certhash/uEiAhAiET8rQDkOWGvZatTxDfDQ76qYMSXqydJaUsdQEhHw/certhash/uEiAtNqbjK7BQY7uOfi_M-Oqq3tshV64eqPEXSIBHTKCoow/p2p/12D3KooWHMcScikNEqZy3HT21GFcLWGMRfSFTyvc9VtvS3pa53P3
2026-06-03T16:15:54.465+0100	INFO	p2pnode	GreenHouse.web3/p2p.go:453	Listening on: /ip4/192.168.0.156/tcp/62041/p2p/12D3KooWHMcScikNEqZy3HT21GFcLWGMRfSFTyvc9VtvS3pa53P3
2026-06-03T16:15:54.465+0100	INFO	p2pnode	GreenHouse.web3/p2p.go:453	Listening on: /ip4/192.168.0.156/udp/54596/quic-v1/p2p/12D3KooWHMcScikNEqZy3HT21GFcLWGMRfSFTyvc9VtvS3pa53P3
2026-06-03T16:15:54.465+0100	INFO	p2pnode	GreenHouse.web3/p2p.go:453	Listening on: /ip4/192.168.0.156/udp/63438/webrtc-direct/certhash/uEiAbk6oDvRHP7MQo3BpgXpyR5DHAVFGA5dHLnJQuEtQ2bA/p2p/12D3KooWHMcScikNEqZy3HT21GFcLWGMRfSFTyvc9VtvS3pa53P3
2026-06-03T16:15:54.465+0100	INFO	p2pnode	GreenHouse.web3/p2p.go:453	Listening on: /ip4/192.168.0.156/udp/64577/quic-v1/webtransport/certhash/uEiAhAiET8rQDkOWGvZatTxDfDQ76qYMSXqydJaUsdQEhHw/certhash/uEiAtNqbjK7BQY7uOfi_M-Oqq3tshV64eqPEXSIBHTKCoow/p2p/12D3KooWHMcScikNEqZy3HT21GFcLWGMRfSFTyvc9VtvS3pa53P3
2026-06-03T16:15:54.465+0100	INFO	p2pnode	GreenHouse.web3/p2p.go:453	Listening on: /ip6/::1/tcp/62042/p2p/12D3KooWHMcScikNEqZy3HT21GFcLWGMRfSFTyvc9VtvS3pa53P3
2026-06-03T16:15:54.465+0100	INFO	p2pnode	GreenHouse.web3/p2p.go:453	Listening on: /ip6/::1/udp/51278/quic-v1/webtransport/certhash/uEiAhAiET8rQDkOWGvZatTxDfDQ76qYMSXqydJaUsdQEhHw/certhash/uEiAtNqbjK7BQY7uOfi_M-Oqq3tshV64eqPEXSIBHTKCoow/p2p/12D3KooWHMcScikNEqZy3HT21GFcLWGMRfSFTyvc9VtvS3pa53P3
2026-06-03T16:15:54.465+0100	INFO	p2pnode	GreenHouse.web3/p2p.go:453	Listening on: /ip6/::1/udp/62518/webrtc-direct/certhash/uEiAbk6oDvRHP7MQo3BpgXpyR5DHAVFGA5dHLnJQuEtQ2bA/p2p/12D3KooWHMcScikNEqZy3HT21GFcLWGMRfSFTyvc9VtvS3pa53P3
2026-06-03T16:15:54.465+0100	INFO	p2pnode	GreenHouse.web3/p2p.go:453	Listening on: /ip6/::1/udp/62837/quic-v1/p2p/12D3KooWHMcScikNEqZy3HT21GFcLWGMRfSFTyvc9VtvS3pa53P3
2026-06-03T16:15:54.465+0100	INFO	p2pnode	GreenHouse.web3/p2p.go:513	DHT discovery disabled (GONETWORK_DISABLE_P2P_DHT=1)
2026-06-03T16:15:54.465+0100	INFO	p2pnode	GreenHouse.web3/p2p.go:532	PubSub service initialized (D=4 Dlo=3 Dhi=5 heartbeat=500ms)
2026-06-03T16:15:54.465+0100	INFO	p2pnode	GreenHouse.web3/p2p.go:539	Joined topic: item19-topic-1780499754460808000
2026-06-03T16:15:54.465+0100	INFO	p2pnode	GreenHouse.web3/p2p.go:546	Joined consensus topic: item19-topic-1780499754460808000/consensus
2026-06-03T16:15:54.465+0100	INFO	p2pnode	GreenHouse.web3/p2p.go:563	Topic validator registered for item19-topic-1780499754460808000
2026-06-03T16:15:54.465+0100	INFO	p2pnode	GreenHouse.web3/p2p.go:573	Topic validator registered for item19-topic-1780499754460808000/consensus
2026-06-03T16:15:54.465+0100	INFO	p2pnode	GreenHouse.web3/p2p.go:580	Subscribed to topic
2026-06-03T16:15:54.465+0100	INFO	p2pnode	GreenHouse.web3/p2p.go:586	Subscribed to consensus topic
2026-06-03T16:15:54.465+0100	INFO	p2pnode	GreenHouse.web3/p2p.go:603	mDNS discovery disabled (GONETWORK_DISABLE_P2P_MDNS=1)
2026-06-03T16:15:54.465+0100	INFO	p2pnode	GreenHouse.web3/p2p.go:712	Stream handler set for direct messaging
2026/06/03 16:15:54 Shutting down P2PNode...
2026/06/03 16:15:54 Closing PubSub subscription...
2026/06/03 16:15:54 Closing consensus PubSub subscription...
2026/06/03 16:15:54 Closing PubSub topic...
2026/06/03 16:15:54 Closing consensus PubSub topic...
2026/06/03 16:15:54 Closing libp2p host...
2026/06/03 16:15:54 P2PNode shutdown complete.
2026/06/03 16:15:54 Shutting down P2PNode...
2026/06/03 16:15:54 Closing PubSub subscription...
2026/06/03 16:15:54 Closing consensus PubSub subscription...
2026/06/03 16:15:54 Closing PubSub topic...
2026/06/03 16:15:54 Closing consensus PubSub topic...
2026/06/03 16:15:54 Closing libp2p host...
2026/06/03 16:15:54 P2PNode shutdown complete.
--- PASS: TestPublishConsensusMessage_ReachesConnectedPeer (0.11s)
=== RUN   TestAssertDelegateConnectivity_UnreachableDelegate_EmitsEvent
2026-06-03T16:15:54.573+0100	INFO	p2pnode	GreenHouse.web3/p2p.go:448	Libp2p host created with ID: 12D3KooWByAVmSdvvvG4Sg8ZLP42XCXbXtV47MUaUB1uDUHRDxbZ
2026/06/03 16:15:54 P2P: using Noise XX security transport (mutual auth)
2026-06-03T16:15:54.573+0100	INFO	p2pnode	GreenHouse.web3/p2p.go:453	Listening on: /ip4/127.0.0.1/tcp/62043/p2p/12D3KooWByAVmSdvvvG4Sg8ZLP42XCXbXtV47MUaUB1uDUHRDxbZ
2026-06-03T16:15:54.573+0100	INFO	p2pnode	GreenHouse.web3/p2p.go:453	Listening on: /ip4/127.0.0.1/udp/52544/webrtc-direct/certhash/uEiD3A6Y5yqpYCeCCvByacqsQ5Z704a6xHpaBnLYyTBQRyQ/p2p/12D3KooWByAVmSdvvvG4Sg8ZLP42XCXbXtV47MUaUB1uDUHRDxbZ
2026-06-03T16:15:54.573+0100	INFO	p2pnode	GreenHouse.web3/p2p.go:453	Listening on: /ip4/127.0.0.1/udp/54123/quic-v1/p2p/12D3KooWByAVmSdvvvG4Sg8ZLP42XCXbXtV47MUaUB1uDUHRDxbZ
2026-06-03T16:15:54.573+0100	INFO	p2pnode	GreenHouse.web3/p2p.go:453	Listening on: /ip4/127.0.0.1/udp/65167/quic-v1/webtransport/certhash/uEiAl63p-PfXjydU0Vivu9vBIcg40EaM3OSNdxqaiP_-gMQ/certhash/uEiA4mSAarbkA2Txc77EHlGCXp1pBry9JdJaXpA58ZF3ncw/p2p/12D3KooWByAVmSdvvvG4Sg8ZLP42XCXbXtV47MUaUB1uDUHRDxbZ
2026-06-03T16:15:54.573+0100	INFO	p2pnode	GreenHouse.web3/p2p.go:453	Listening on: /ip4/192.168.0.156/tcp/62043/p2p/12D3KooWByAVmSdvvvG4Sg8ZLP42XCXbXtV47MUaUB1uDUHRDxbZ
2026-06-03T16:15:54.573+0100	INFO	p2pnode	GreenHouse.web3/p2p.go:453	Listening on: /ip4/192.168.0.156/udp/52544/webrtc-direct/certhash/uEiD3A6Y5yqpYCeCCvByacqsQ5Z704a6xHpaBnLYyTBQRyQ/p2p/12D3KooWByAVmSdvvvG4Sg8ZLP42XCXbXtV47MUaUB1uDUHRDxbZ
2026-06-03T16:15:54.573+0100	INFO	p2pnode	GreenHouse.web3/p2p.go:453	Listening on: /ip4/192.168.0.156/udp/54123/quic-v1/p2p/12D3KooWByAVmSdvvvG4Sg8ZLP42XCXbXtV47MUaUB1uDUHRDxbZ
2026-06-03T16:15:54.573+0100	INFO	p2pnode	GreenHouse.web3/p2p.go:453	Listening on: /ip4/192.168.0.156/udp/65167/quic-v1/webtransport/certhash/uEiAl63p-PfXjydU0Vivu9vBIcg40EaM3OSNdxqaiP_-gMQ/certhash/uEiA4mSAarbkA2Txc77EHlGCXp1pBry9JdJaXpA58ZF3ncw/p2p/12D3KooWByAVmSdvvvG4Sg8ZLP42XCXbXtV47MUaUB1uDUHRDxbZ
2026-06-03T16:15:54.573+0100	INFO	p2pnode	GreenHouse.web3/p2p.go:453	Listening on: /ip6/::1/tcp/62044/p2p/12D3KooWByAVmSdvvvG4Sg8ZLP42XCXbXtV47MUaUB1uDUHRDxbZ
2026-06-03T16:15:54.573+0100	INFO	p2pnode	GreenHouse.web3/p2p.go:453	Listening on: /ip6/::1/udp/49180/quic-v1/p2p/12D3KooWByAVmSdvvvG4Sg8ZLP42XCXbXtV47MUaUB1uDUHRDxbZ
2026-06-03T16:15:54.573+0100	INFO	p2pnode	GreenHouse.web3/p2p.go:453	Listening on: /ip6/::1/udp/56551/quic-v1/webtransport/certhash/uEiAl63p-PfXjydU0Vivu9vBIcg40EaM3OSNdxqaiP_-gMQ/certhash/uEiA4mSAarbkA2Txc77EHlGCXp1pBry9JdJaXpA58ZF3ncw/p2p/12D3KooWByAVmSdvvvG4Sg8ZLP42XCXbXtV47MUaUB1uDUHRDxbZ
2026-06-03T16:15:54.573+0100	INFO	p2pnode	GreenHouse.web3/p2p.go:453	Listening on: /ip6/::1/udp/62002/webrtc-direct/certhash/uEiD3A6Y5yqpYCeCCvByacqsQ5Z704a6xHpaBnLYyTBQRyQ/p2p/12D3KooWByAVmSdvvvG4Sg8ZLP42XCXbXtV47MUaUB1uDUHRDxbZ
2026-06-03T16:15:54.573+0100	INFO	p2pnode	GreenHouse.web3/p2p.go:513	DHT discovery disabled (GONETWORK_DISABLE_P2P_DHT=1)
2026-06-03T16:15:54.573+0100	INFO	p2pnode	GreenHouse.web3/p2p.go:532	PubSub service initialized (D=4 Dlo=3 Dhi=5 heartbeat=500ms)
2026-06-03T16:15:54.573+0100	INFO	p2pnode	GreenHouse.web3/p2p.go:539	Joined topic: item19-connectivity-topic
2026-06-03T16:15:54.573+0100	INFO	p2pnode	GreenHouse.web3/p2p.go:546	Joined consensus topic: item19-connectivity-topic/consensus
2026-06-03T16:15:54.573+0100	INFO	p2pnode	GreenHouse.web3/p2p.go:563	Topic validator registered for item19-connectivity-topic
2026-06-03T16:15:54.573+0100	INFO	p2pnode	GreenHouse.web3/p2p.go:573	Topic validator registered for item19-connectivity-topic/consensus
2026-06-03T16:15:54.573+0100	INFO	p2pnode	GreenHouse.web3/p2p.go:580	Subscribed to topic
2026-06-03T16:15:54.573+0100	INFO	p2pnode	GreenHouse.web3/p2p.go:586	Subscribed to consensus topic
2026-06-03T16:15:54.573+0100	INFO	p2pnode	GreenHouse.web3/p2p.go:603	mDNS discovery disabled (GONETWORK_DISABLE_P2P_MDNS=1)
2026-06-03T16:15:54.573+0100	INFO	p2pnode	GreenHouse.web3/p2p.go:712	Stream handler set for direct messaging
2026/06/03 16:15:55 Shutting down P2PNode...
2026/06/03 16:15:55 Closing PubSub subscription...
2026/06/03 16:15:55 Closing consensus PubSub subscription...
2026/06/03 16:15:55 Closing PubSub topic...
2026/06/03 16:15:55 Closing consensus PubSub topic...
2026/06/03 16:15:55 Closing libp2p host...
2026/06/03 16:15:55 P2PNode shutdown complete.
--- PASS: TestAssertDelegateConnectivity_UnreachableDelegate_EmitsEvent (0.61s)
=== RUN   TestNewP2PNode
2026/06/03 16:15:55 consensus startup invariant: mode=hybrid http_seal=true dbft_consensus=true
2026-06-03T16:15:55.186+0100	INFO	p2pnode	GreenHouse.web3/p2p.go:448	Libp2p host created with ID: 12D3KooWM123QenUooyvdUeLjW9UmsHub4Zp5nhmivvR1QqYsTXM
2026/06/03 16:15:55 P2P: using Noise XX security transport (mutual auth)
2026-06-03T16:15:55.186+0100	INFO	p2pnode	GreenHouse.web3/p2p.go:453	Listening on: /ip4/127.0.0.1/tcp/62045/p2p/12D3KooWM123QenUooyvdUeLjW9UmsHub4Zp5nhmivvR1QqYsTXM
2026-06-03T16:15:55.186+0100	INFO	p2pnode	GreenHouse.web3/p2p.go:453	Listening on: /ip4/127.0.0.1/udp/52032/quic-v1/p2p/12D3KooWM123QenUooyvdUeLjW9UmsHub4Zp5nhmivvR1QqYsTXM
2026-06-03T16:15:55.186+0100	INFO	p2pnode	GreenHouse.web3/p2p.go:453	Listening on: /ip4/127.0.0.1/udp/53318/quic-v1/webtransport/certhash/uEiCamtJxDR_oQyUnQp4bFXhk8ju2Q73ft8383sFYbBYu0w/certhash/uEiBFyv-5BV-KhZgEht4Fr9rgL3gaZ5HFre_LlwU97y0_Vg/p2p/12D3KooWM123QenUooyvdUeLjW9UmsHub4Zp5nhmivvR1QqYsTXM
2026-06-03T16:15:55.186+0100	INFO	p2pnode	GreenHouse.web3/p2p.go:453	Listening on: /ip4/127.0.0.1/udp/54130/webrtc-direct/certhash/uEiBs2nliUecOAMctOK6XwTdT6X4-YvDVJziFYw6JQuxqOw/p2p/12D3KooWM123QenUooyvdUeLjW9UmsHub4Zp5nhmivvR1QqYsTXM
2026-06-03T16:15:55.186+0100	INFO	p2pnode	GreenHouse.web3/p2p.go:453	Listening on: /ip4/192.168.0.156/tcp/62045/p2p/12D3KooWM123QenUooyvdUeLjW9UmsHub4Zp5nhmivvR1QqYsTXM
2026-06-03T16:15:55.186+0100	INFO	p2pnode	GreenHouse.web3/p2p.go:453	Listening on: /ip4/192.168.0.156/udp/52032/quic-v1/p2p/12D3KooWM123QenUooyvdUeLjW9UmsHub4Zp5nhmivvR1QqYsTXM
2026-06-03T16:15:55.186+0100	INFO	p2pnode	GreenHouse.web3/p2p.go:453	Listening on: /ip4/192.168.0.156/udp/53318/quic-v1/webtransport/certhash/uEiCamtJxDR_oQyUnQp4bFXhk8ju2Q73ft8383sFYbBYu0w/certhash/uEiBFyv-5BV-KhZgEht4Fr9rgL3gaZ5HFre_LlwU97y0_Vg/p2p/12D3KooWM123QenUooyvdUeLjW9UmsHub4Zp5nhmivvR1QqYsTXM
2026-06-03T16:15:55.186+0100	INFO	p2pnode	GreenHouse.web3/p2p.go:453	Listening on: /ip4/192.168.0.156/udp/54130/webrtc-direct/certhash/uEiBs2nliUecOAMctOK6XwTdT6X4-YvDVJziFYw6JQuxqOw/p2p/12D3KooWM123QenUooyvdUeLjW9UmsHub4Zp5nhmivvR1QqYsTXM
2026-06-03T16:15:55.186+0100	INFO	p2pnode	GreenHouse.web3/p2p.go:453	Listening on: /ip6/::1/tcp/62046/p2p/12D3KooWM123QenUooyvdUeLjW9UmsHub4Zp5nhmivvR1QqYsTXM
2026-06-03T16:15:55.186+0100	INFO	p2pnode	GreenHouse.web3/p2p.go:453	Listening on: /ip6/::1/udp/58963/webrtc-direct/certhash/uEiBs2nliUecOAMctOK6XwTdT6X4-YvDVJziFYw6JQuxqOw/p2p/12D3KooWM123QenUooyvdUeLjW9UmsHub4Zp5nhmivvR1QqYsTXM
2026-06-03T16:15:55.186+0100	INFO	p2pnode	GreenHouse.web3/p2p.go:453	Listening on: /ip6/::1/udp/63167/quic-v1/p2p/12D3KooWM123QenUooyvdUeLjW9UmsHub4Zp5nhmivvR1QqYsTXM
2026-06-03T16:15:55.186+0100	INFO	p2pnode	GreenHouse.web3/p2p.go:453	Listening on: /ip6/::1/udp/64987/quic-v1/webtransport/certhash/uEiCamtJxDR_oQyUnQp4bFXhk8ju2Q73ft8383sFYbBYu0w/certhash/uEiBFyv-5BV-KhZgEht4Fr9rgL3gaZ5HFre_LlwU97y0_Vg/p2p/12D3KooWM123QenUooyvdUeLjW9UmsHub4Zp5nhmivvR1QqYsTXM
2026-06-03T16:15:55.186+0100	INFO	p2pnode	GreenHouse.web3/p2p.go:513	DHT discovery disabled (GONETWORK_DISABLE_P2P_DHT=1)
2026-06-03T16:15:55.186+0100	INFO	p2pnode	GreenHouse.web3/p2p.go:532	PubSub service initialized (D=4 Dlo=3 Dhi=5 heartbeat=500ms)
2026-06-03T16:15:55.186+0100	INFO	p2pnode	GreenHouse.web3/p2p.go:539	Joined topic: test-blockchain
2026-06-03T16:15:55.186+0100	INFO	p2pnode	GreenHouse.web3/p2p.go:546	Joined consensus topic: test-blockchain/consensus
2026-06-03T16:15:55.186+0100	INFO	p2pnode	GreenHouse.web3/p2p.go:563	Topic validator registered for test-blockchain
2026-06-03T16:15:55.186+0100	INFO	p2pnode	GreenHouse.web3/p2p.go:573	Topic validator registered for test-blockchain/consensus
2026-06-03T16:15:55.186+0100	INFO	p2pnode	GreenHouse.web3/p2p.go:580	Subscribed to topic
2026-06-03T16:15:55.186+0100	INFO	p2pnode	GreenHouse.web3/p2p.go:586	Subscribed to consensus topic
2026-06-03T16:15:55.186+0100	INFO	p2pnode	GreenHouse.web3/p2p.go:603	mDNS discovery disabled (GONETWORK_DISABLE_P2P_MDNS=1)
2026-06-03T16:15:55.186+0100	INFO	p2pnode	GreenHouse.web3/p2p.go:712	Stream handler set for direct messaging
2026-06-03T16:15:55.192+0100	INFO	p2pnode	GreenHouse.web3/p2p.go:448	Libp2p host created with ID: 12D3KooWJaXPBt193jGyFFuyhQ4pZKGDYxAugjtDmAGQBdR5s7XP
2026/06/03 16:15:55 P2P: using Noise XX security transport (mutual auth)
2026-06-03T16:15:55.192+0100	INFO	p2pnode	GreenHouse.web3/p2p.go:453	Listening on: /ip4/127.0.0.1/tcp/62047/p2p/12D3KooWJaXPBt193jGyFFuyhQ4pZKGDYxAugjtDmAGQBdR5s7XP
2026-06-03T16:15:55.193+0100	INFO	p2pnode	GreenHouse.web3/p2p.go:453	Listening on: /ip4/127.0.0.1/udp/52060/webrtc-direct/certhash/uEiAtucZzDVz2GaLg2kcUF4OSsKwxakgkOVpPOgWiT4CDOQ/p2p/12D3KooWJaXPBt193jGyFFuyhQ4pZKGDYxAugjtDmAGQBdR5s7XP
2026-06-03T16:15:55.193+0100	INFO	p2pnode	GreenHouse.web3/p2p.go:453	Listening on: /ip4/127.0.0.1/udp/61322/quic-v1/p2p/12D3KooWJaXPBt193jGyFFuyhQ4pZKGDYxAugjtDmAGQBdR5s7XP
2026-06-03T16:15:55.193+0100	INFO	p2pnode	GreenHouse.web3/p2p.go:453	Listening on: /ip4/127.0.0.1/udp/64831/quic-v1/webtransport/certhash/uEiBsTIAx8vUGJYuqqgF0-9DY6ynkmilnkJyLEjdJ-9FCxA/certhash/uEiBrcuMZWiRBDmY-R2iWqTJO-MpeiULli5btsv22Xxm_lA/p2p/12D3KooWJaXPBt193jGyFFuyhQ4pZKGDYxAugjtDmAGQBdR5s7XP
2026-06-03T16:15:55.193+0100	INFO	p2pnode	GreenHouse.web3/p2p.go:453	Listening on: /ip4/192.168.0.156/tcp/62047/p2p/12D3KooWJaXPBt193jGyFFuyhQ4pZKGDYxAugjtDmAGQBdR5s7XP
2026-06-03T16:15:55.193+0100	INFO	p2pnode	GreenHouse.web3/p2p.go:453	Listening on: /ip4/192.168.0.156/udp/52060/webrtc-direct/certhash/uEiAtucZzDVz2GaLg2kcUF4OSsKwxakgkOVpPOgWiT4CDOQ/p2p/12D3KooWJaXPBt193jGyFFuyhQ4pZKGDYxAugjtDmAGQBdR5s7XP
2026-06-03T16:15:55.193+0100	INFO	p2pnode	GreenHouse.web3/p2p.go:453	Listening on: /ip4/192.168.0.156/udp/61322/quic-v1/p2p/12D3KooWJaXPBt193jGyFFuyhQ4pZKGDYxAugjtDmAGQBdR5s7XP
2026-06-03T16:15:55.193+0100	INFO	p2pnode	GreenHouse.web3/p2p.go:453	Listening on: /ip4/192.168.0.156/udp/64831/quic-v1/webtransport/certhash/uEiBsTIAx8vUGJYuqqgF0-9DY6ynkmilnkJyLEjdJ-9FCxA/certhash/uEiBrcuMZWiRBDmY-R2iWqTJO-MpeiULli5btsv22Xxm_lA/p2p/12D3KooWJaXPBt193jGyFFuyhQ4pZKGDYxAugjtDmAGQBdR5s7XP
2026-06-03T16:15:55.193+0100	INFO	p2pnode	GreenHouse.web3/p2p.go:453	Listening on: /ip6/::1/tcp/62048/p2p/12D3KooWJaXPBt193jGyFFuyhQ4pZKGDYxAugjtDmAGQBdR5s7XP
2026-06-03T16:15:55.193+0100	INFO	p2pnode	GreenHouse.web3/p2p.go:453	Listening on: /ip6/::1/udp/58266/quic-v1/webtransport/certhash/uEiBsTIAx8vUGJYuqqgF0-9DY6ynkmilnkJyLEjdJ-9FCxA/certhash/uEiBrcuMZWiRBDmY-R2iWqTJO-MpeiULli5btsv22Xxm_lA/p2p/12D3KooWJaXPBt193jGyFFuyhQ4pZKGDYxAugjtDmAGQBdR5s7XP
2026-06-03T16:15:55.193+0100	INFO	p2pnode	GreenHouse.web3/p2p.go:453	Listening on: /ip6/::1/udp/61672/webrtc-direct/certhash/uEiAtucZzDVz2GaLg2kcUF4OSsKwxakgkOVpPOgWiT4CDOQ/p2p/12D3KooWJaXPBt193jGyFFuyhQ4pZKGDYxAugjtDmAGQBdR5s7XP
2026-06-03T16:15:55.193+0100	INFO	p2pnode	GreenHouse.web3/p2p.go:453	Listening on: /ip6/::1/udp/62676/quic-v1/p2p/12D3KooWJaXPBt193jGyFFuyhQ4pZKGDYxAugjtDmAGQBdR5s7XP
2026-06-03T16:15:55.193+0100	INFO	p2pnode	GreenHouse.web3/p2p.go:513	DHT discovery disabled (GONETWORK_DISABLE_P2P_DHT=1)
2026-06-03T16:15:55.193+0100	INFO	p2pnode	GreenHouse.web3/p2p.go:532	PubSub service initialized (D=4 Dlo=3 Dhi=5 heartbeat=500ms)
2026-06-03T16:15:55.193+0100	INFO	p2pnode	GreenHouse.web3/p2p.go:539	Joined topic: test-topic
2026-06-03T16:15:55.193+0100	INFO	p2pnode	GreenHouse.web3/p2p.go:546	Joined consensus topic: test-topic/consensus
2026-06-03T16:15:55.193+0100	INFO	p2pnode	GreenHouse.web3/p2p.go:563	Topic validator registered for test-topic
2026-06-03T16:15:55.193+0100	INFO	p2pnode	GreenHouse.web3/p2p.go:573	Topic validator registered for test-topic/consensus
2026-06-03T16:15:55.193+0100	INFO	p2pnode	GreenHouse.web3/p2p.go:580	Subscribed to topic
2026-06-03T16:15:55.193+0100	INFO	p2pnode	GreenHouse.web3/p2p.go:586	Subscribed to consensus topic
2026-06-03T16:15:55.193+0100	INFO	p2pnode	GreenHouse.web3/p2p.go:603	mDNS discovery disabled (GONETWORK_DISABLE_P2P_MDNS=1)
2026-06-03T16:15:55.193+0100	INFO	p2pnode	GreenHouse.web3/p2p.go:712	Stream handler set for direct messaging
    p2p_test.go:45: P2PNode initialized successfully
2026/06/03 16:15:55 Shutting down P2PNode...
2026/06/03 16:15:55 Closing PubSub subscription...
2026/06/03 16:15:55 Closing consensus PubSub subscription...
2026/06/03 16:15:55 Closing PubSub topic...
2026/06/03 16:15:55 Closing consensus PubSub topic...
2026/06/03 16:15:55 Closing libp2p host...
2026/06/03 16:15:55 P2PNode shutdown complete.
2026/06/03 16:15:55 Shutting down P2PNode...
2026/06/03 16:15:55 Closing PubSub subscription...
2026/06/03 16:15:55 Closing consensus PubSub subscription...
2026/06/03 16:15:55 Closing PubSub topic...
2026/06/03 16:15:55 Closing consensus PubSub topic...
2026/06/03 16:15:55 Closing libp2p host...
2026/06/03 16:15:55 P2PNode shutdown complete.
--- PASS: TestNewP2PNode (0.02s)
=== RUN   TestBroadcastTransaction
MockP2PNode: Initialized
MockP2PNode: BroadcastTransaction called
MockTopic: Publish called
--- PASS: TestBroadcastTransaction (0.00s)
=== RUN   TestBroadcastBlock
MockP2PNode: Initialized
MockP2PNode: BroadcastBlock called
MockTopic: Publish called
--- PASS: TestBroadcastBlock (0.00s)
=== RUN   TestHandleMessages
MockP2PNode: Initialized
MockP2PNode: HandleMessages called
MockTopic: Publish called
MockTopic: Publish called
MockTopic: Publish called
MockTopic: Publish called
    p2p_test.go:148: All message types handled successfully
--- PASS: TestHandleMessages (0.05s)
=== RUN   TestPeerDiscovery_Local
2026/06/03 16:15:55 consensus startup invariant: mode=hybrid http_seal=true dbft_consensus=true
2026-06-03T16:15:55.254+0100	INFO	p2pnode	GreenHouse.web3/p2p.go:448	Libp2p host created with ID: 12D3KooWCVizCus4kw1Y2oGMuFAuEqgrVYvMnRmp9Cs8CxDp9C8Q
2026/06/03 16:15:55 P2P: using Noise XX security transport (mutual auth)
2026-06-03T16:15:55.254+0100	INFO	p2pnode	GreenHouse.web3/p2p.go:453	Listening on: /ip4/127.0.0.1/tcp/62049/p2p/12D3KooWCVizCus4kw1Y2oGMuFAuEqgrVYvMnRmp9Cs8CxDp9C8Q
2026-06-03T16:15:55.254+0100	INFO	p2pnode	GreenHouse.web3/p2p.go:453	Listening on: /ip4/127.0.0.1/udp/52715/quic-v1/p2p/12D3KooWCVizCus4kw1Y2oGMuFAuEqgrVYvMnRmp9Cs8CxDp9C8Q
2026-06-03T16:15:55.254+0100	INFO	p2pnode	GreenHouse.web3/p2p.go:453	Listening on: /ip4/127.0.0.1/udp/57757/quic-v1/webtransport/certhash/uEiAfZCzoBc_-6dNG1hgHVH2nj8Qo5wSoiqze3eqWM-NT5A/certhash/uEiCtMo8dCb6AU9DfjUgkMcF1E4BX1bPIQvgAcNX4-b7CmQ/p2p/12D3KooWCVizCus4kw1Y2oGMuFAuEqgrVYvMnRmp9Cs8CxDp9C8Q
2026-06-03T16:15:55.254+0100	INFO	p2pnode	GreenHouse.web3/p2p.go:453	Listening on: /ip4/127.0.0.1/udp/63755/webrtc-direct/certhash/uEiCV7YMiO18Xr1LKB8_l5onksvRNj-3PZSkUI1QL94k1Pw/p2p/12D3KooWCVizCus4kw1Y2oGMuFAuEqgrVYvMnRmp9Cs8CxDp9C8Q
2026-06-03T16:15:55.254+0100	INFO	p2pnode	GreenHouse.web3/p2p.go:453	Listening on: /ip4/192.168.0.156/tcp/62049/p2p/12D3KooWCVizCus4kw1Y2oGMuFAuEqgrVYvMnRmp9Cs8CxDp9C8Q
2026-06-03T16:15:55.254+0100	INFO	p2pnode	GreenHouse.web3/p2p.go:453	Listening on: /ip4/192.168.0.156/udp/52715/quic-v1/p2p/12D3KooWCVizCus4kw1Y2oGMuFAuEqgrVYvMnRmp9Cs8CxDp9C8Q
2026-06-03T16:15:55.254+0100	INFO	p2pnode	GreenHouse.web3/p2p.go:453	Listening on: /ip4/192.168.0.156/udp/57757/quic-v1/webtransport/certhash/uEiAfZCzoBc_-6dNG1hgHVH2nj8Qo5wSoiqze3eqWM-NT5A/certhash/uEiCtMo8dCb6AU9DfjUgkMcF1E4BX1bPIQvgAcNX4-b7CmQ/p2p/12D3KooWCVizCus4kw1Y2oGMuFAuEqgrVYvMnRmp9Cs8CxDp9C8Q
2026-06-03T16:15:55.254+0100	INFO	p2pnode	GreenHouse.web3/p2p.go:453	Listening on: /ip4/192.168.0.156/udp/63755/webrtc-direct/certhash/uEiCV7YMiO18Xr1LKB8_l5onksvRNj-3PZSkUI1QL94k1Pw/p2p/12D3KooWCVizCus4kw1Y2oGMuFAuEqgrVYvMnRmp9Cs8CxDp9C8Q
2026-06-03T16:15:55.254+0100	INFO	p2pnode	GreenHouse.web3/p2p.go:453	Listening on: /ip6/::1/tcp/62050/p2p/12D3KooWCVizCus4kw1Y2oGMuFAuEqgrVYvMnRmp9Cs8CxDp9C8Q
2026-06-03T16:15:55.254+0100	INFO	p2pnode	GreenHouse.web3/p2p.go:453	Listening on: /ip6/::1/udp/56276/webrtc-direct/certhash/uEiCV7YMiO18Xr1LKB8_l5onksvRNj-3PZSkUI1QL94k1Pw/p2p/12D3KooWCVizCus4kw1Y2oGMuFAuEqgrVYvMnRmp9Cs8CxDp9C8Q
2026-06-03T16:15:55.254+0100	INFO	p2pnode	GreenHouse.web3/p2p.go:453	Listening on: /ip6/::1/udp/56767/quic-v1/webtransport/certhash/uEiAfZCzoBc_-6dNG1hgHVH2nj8Qo5wSoiqze3eqWM-NT5A/certhash/uEiCtMo8dCb6AU9DfjUgkMcF1E4BX1bPIQvgAcNX4-b7CmQ/p2p/12D3KooWCVizCus4kw1Y2oGMuFAuEqgrVYvMnRmp9Cs8CxDp9C8Q
2026-06-03T16:15:55.254+0100	INFO	p2pnode	GreenHouse.web3/p2p.go:453	Listening on: /ip6/::1/udp/63435/quic-v1/p2p/12D3KooWCVizCus4kw1Y2oGMuFAuEqgrVYvMnRmp9Cs8CxDp9C8Q
2026-06-03T16:15:55.254+0100	INFO	p2pnode	GreenHouse.web3/p2p.go:493	DHT initialized in client mode for peer discovery
2026-06-03T16:15:55.254+0100	INFO	p2pnode	GreenHouse.web3/p2p.go:532	PubSub service initialized (D=4 Dlo=3 Dhi=5 heartbeat=500ms)
2026-06-03T16:15:55.254+0100	INFO	p2pnode	GreenHouse.web3/p2p.go:539	Joined topic: node1
2026-06-03T16:15:55.254+0100	INFO	p2pnode	GreenHouse.web3/p2p.go:546	Joined consensus topic: node1/consensus
2026-06-03T16:15:55.254+0100	INFO	p2pnode	GreenHouse.web3/p2p.go:563	Topic validator registered for node1
2026-06-03T16:15:55.254+0100	INFO	p2pnode	GreenHouse.web3/p2p.go:573	Topic validator registered for node1/consensus
2026-06-03T16:15:55.254+0100	INFO	p2pnode	GreenHouse.web3/p2p.go:580	Subscribed to topic
2026-06-03T16:15:55.254+0100	INFO	p2pnode	GreenHouse.web3/p2p.go:586	Subscribed to consensus topic
2026/06/03 16:15:55 mDNS discovery service started (greenhouse-mdns-node1)
2026-06-03T16:15:55.255+0100	INFO	p2pnode	GreenHouse.web3/p2p.go:712	Stream handler set for direct messaging
2026/06/03 16:15:55 consensus startup invariant: mode=hybrid http_seal=true dbft_consensus=true
2026-06-03T16:15:55.255+0100	INFO	p2pnode	GreenHouse.web3/p2p.go:648	DHT bootstrapped successfully
2026-06-03T16:15:55.261+0100	INFO	p2pnode	GreenHouse.web3/p2p.go:448	Libp2p host created with ID: 12D3KooWFnFyo5qebfa9BXqzGfewVb7RCDtXXs39DFvKCJD8r8io
2026/06/03 16:15:55 P2P: using Noise XX security transport (mutual auth)
2026-06-03T16:15:55.261+0100	INFO	p2pnode	GreenHouse.web3/p2p.go:453	Listening on: /ip4/127.0.0.1/tcp/62051/p2p/12D3KooWFnFyo5qebfa9BXqzGfewVb7RCDtXXs39DFvKCJD8r8io
2026-06-03T16:15:55.261+0100	INFO	p2pnode	GreenHouse.web3/p2p.go:453	Listening on: /ip4/127.0.0.1/udp/56486/quic-v1/webtransport/certhash/uEiBYwCQV-yNJIma2AGCJ8rM8UL8NkYiTRL0KwWJYEpoXug/certhash/uEiC-SxaPYi4H61HWBRB_7PnKlMUFwxAbeEA_U02GbVaSxQ/p2p/12D3KooWFnFyo5qebfa9BXqzGfewVb7RCDtXXs39DFvKCJD8r8io
2026-06-03T16:15:55.261+0100	INFO	p2pnode	GreenHouse.web3/p2p.go:453	Listening on: /ip4/127.0.0.1/udp/61871/quic-v1/p2p/12D3KooWFnFyo5qebfa9BXqzGfewVb7RCDtXXs39DFvKCJD8r8io
2026-06-03T16:15:55.261+0100	INFO	p2pnode	GreenHouse.web3/p2p.go:453	Listening on: /ip4/127.0.0.1/udp/62135/webrtc-direct/certhash/uEiAKPnpjCVxVW8TGSDPFXmy66lQVVENY6zlZg57PTXl8Gg/p2p/12D3KooWFnFyo5qebfa9BXqzGfewVb7RCDtXXs39DFvKCJD8r8io
2026-06-03T16:15:55.261+0100	INFO	p2pnode	GreenHouse.web3/p2p.go:453	Listening on: /ip4/192.168.0.156/tcp/62051/p2p/12D3KooWFnFyo5qebfa9BXqzGfewVb7RCDtXXs39DFvKCJD8r8io
2026-06-03T16:15:55.261+0100	INFO	p2pnode	GreenHouse.web3/p2p.go:453	Listening on: /ip4/192.168.0.156/udp/56486/quic-v1/webtransport/certhash/uEiBYwCQV-yNJIma2AGCJ8rM8UL8NkYiTRL0KwWJYEpoXug/certhash/uEiC-SxaPYi4H61HWBRB_7PnKlMUFwxAbeEA_U02GbVaSxQ/p2p/12D3KooWFnFyo5qebfa9BXqzGfewVb7RCDtXXs39DFvKCJD8r8io
2026-06-03T16:15:55.262+0100	INFO	p2pnode	GreenHouse.web3/p2p.go:453	Listening on: /ip4/192.168.0.156/udp/61871/quic-v1/p2p/12D3KooWFnFyo5qebfa9BXqzGfewVb7RCDtXXs39DFvKCJD8r8io
2026-06-03T16:15:55.262+0100	INFO	p2pnode	GreenHouse.web3/p2p.go:453	Listening on: /ip4/192.168.0.156/udp/62135/webrtc-direct/certhash/uEiAKPnpjCVxVW8TGSDPFXmy66lQVVENY6zlZg57PTXl8Gg/p2p/12D3KooWFnFyo5qebfa9BXqzGfewVb7RCDtXXs39DFvKCJD8r8io
2026-06-03T16:15:55.262+0100	INFO	p2pnode	GreenHouse.web3/p2p.go:453	Listening on: /ip6/::1/tcp/62052/p2p/12D3KooWFnFyo5qebfa9BXqzGfewVb7RCDtXXs39DFvKCJD8r8io
2026-06-03T16:15:55.262+0100	INFO	p2pnode	GreenHouse.web3/p2p.go:453	Listening on: /ip6/::1/udp/51322/webrtc-direct/certhash/uEiAKPnpjCVxVW8TGSDPFXmy66lQVVENY6zlZg57PTXl8Gg/p2p/12D3KooWFnFyo5qebfa9BXqzGfewVb7RCDtXXs39DFvKCJD8r8io
2026-06-03T16:15:55.262+0100	INFO	p2pnode	GreenHouse.web3/p2p.go:453	Listening on: /ip6/::1/udp/53126/quic-v1/webtransport/certhash/uEiBYwCQV-yNJIma2AGCJ8rM8UL8NkYiTRL0KwWJYEpoXug/certhash/uEiC-SxaPYi4H61HWBRB_7PnKlMUFwxAbeEA_U02GbVaSxQ/p2p/12D3KooWFnFyo5qebfa9BXqzGfewVb7RCDtXXs39DFvKCJD8r8io
2026-06-03T16:15:55.262+0100	INFO	p2pnode	GreenHouse.web3/p2p.go:453	Listening on: /ip6/::1/udp/54437/quic-v1/p2p/12D3KooWFnFyo5qebfa9BXqzGfewVb7RCDtXXs39DFvKCJD8r8io
2026-06-03T16:15:55.262+0100	INFO	p2pnode	GreenHouse.web3/p2p.go:493	DHT initialized in client mode for peer discovery
2026-06-03T16:15:55.262+0100	INFO	p2pnode	GreenHouse.web3/p2p.go:532	PubSub service initialized (D=4 Dlo=3 Dhi=5 heartbeat=500ms)
2026-06-03T16:15:55.262+0100	INFO	p2pnode	GreenHouse.web3/p2p.go:539	Joined topic: node2
2026-06-03T16:15:55.262+0100	INFO	p2pnode	GreenHouse.web3/p2p.go:546	Joined consensus topic: node2/consensus
2026-06-03T16:15:55.262+0100	INFO	p2pnode	GreenHouse.web3/p2p.go:563	Topic validator registered for node2
2026-06-03T16:15:55.262+0100	INFO	p2pnode	GreenHouse.web3/p2p.go:573	Topic validator registered for node2/consensus
2026-06-03T16:15:55.262+0100	INFO	p2pnode	GreenHouse.web3/p2p.go:580	Subscribed to topic
2026-06-03T16:15:55.262+0100	INFO	p2pnode	GreenHouse.web3/p2p.go:586	Subscribed to consensus topic
2026/06/03 16:15:55 mDNS discovery service started (greenhouse-mdns-node2)
2026-06-03T16:15:55.262+0100	INFO	p2pnode	GreenHouse.web3/p2p.go:712	Stream handler set for direct messaging
2026-06-03T16:15:55.262+0100	INFO	p2pnode	GreenHouse.web3/p2p.go:648	DHT bootstrapped successfully
2026-06-03T16:15:55.267+0100	INFO	p2pnode	GreenHouse.web3/p2p.go:448	Libp2p host created with ID: 12D3KooWH4YGnSYCdHqRpGaJDNQzqXJj6Wofwz9b7iqTgeu68ibC
2026/06/03 16:15:55 P2P: using Noise XX security transport (mutual auth)
2026-06-03T16:15:55.268+0100	INFO	p2pnode	GreenHouse.web3/p2p.go:453	Listening on: /ip4/127.0.0.1/tcp/62053/p2p/12D3KooWH4YGnSYCdHqRpGaJDNQzqXJj6Wofwz9b7iqTgeu68ibC
2026-06-03T16:15:55.268+0100	INFO	p2pnode	GreenHouse.web3/p2p.go:453	Listening on: /ip4/127.0.0.1/udp/58933/quic-v1/p2p/12D3KooWH4YGnSYCdHqRpGaJDNQzqXJj6Wofwz9b7iqTgeu68ibC
2026-06-03T16:15:55.268+0100	INFO	p2pnode	GreenHouse.web3/p2p.go:453	Listening on: /ip4/127.0.0.1/udp/59446/quic-v1/webtransport/certhash/uEiDl2803WVP1jDonfIL3Md-N9u_4X7oUDNQ7-ndeo8-lTA/certhash/uEiD30qQUplkT1pB2Ql6JD2tAQlJxp_wh-M1xMW8FetSLdw/p2p/12D3KooWH4YGnSYCdHqRpGaJDNQzqXJj6Wofwz9b7iqTgeu68ibC
2026-06-03T16:15:55.268+0100	INFO	p2pnode	GreenHouse.web3/p2p.go:453	Listening on: /ip4/127.0.0.1/udp/63232/webrtc-direct/certhash/uEiCtj7y3Nnd4lbO7cpjxpwDKvEMLLsiWO5BXk98AEf5-VA/p2p/12D3KooWH4YGnSYCdHqRpGaJDNQzqXJj6Wofwz9b7iqTgeu68ibC
2026-06-03T16:15:55.268+0100	INFO	p2pnode	GreenHouse.web3/p2p.go:453	Listening on: /ip4/192.168.0.156/tcp/62053/p2p/12D3KooWH4YGnSYCdHqRpGaJDNQzqXJj6Wofwz9b7iqTgeu68ibC
2026-06-03T16:15:55.268+0100	INFO	p2pnode	GreenHouse.web3/p2p.go:453	Listening on: /ip4/192.168.0.156/udp/58933/quic-v1/p2p/12D3KooWH4YGnSYCdHqRpGaJDNQzqXJj6Wofwz9b7iqTgeu68ibC
2026-06-03T16:15:55.268+0100	INFO	p2pnode	GreenHouse.web3/p2p.go:453	Listening on: /ip4/192.168.0.156/udp/59446/quic-v1/webtransport/certhash/uEiDl2803WVP1jDonfIL3Md-N9u_4X7oUDNQ7-ndeo8-lTA/certhash/uEiD30qQUplkT1pB2Ql6JD2tAQlJxp_wh-M1xMW8FetSLdw/p2p/12D3KooWH4YGnSYCdHqRpGaJDNQzqXJj6Wofwz9b7iqTgeu68ibC
2026-06-03T16:15:55.268+0100	INFO	p2pnode	GreenHouse.web3/p2p.go:453	Listening on: /ip4/192.168.0.156/udp/63232/webrtc-direct/certhash/uEiCtj7y3Nnd4lbO7cpjxpwDKvEMLLsiWO5BXk98AEf5-VA/p2p/12D3KooWH4YGnSYCdHqRpGaJDNQzqXJj6Wofwz9b7iqTgeu68ibC
2026-06-03T16:15:55.268+0100	INFO	p2pnode	GreenHouse.web3/p2p.go:453	Listening on: /ip6/::1/tcp/62054/p2p/12D3KooWH4YGnSYCdHqRpGaJDNQzqXJj6Wofwz9b7iqTgeu68ibC
2026-06-03T16:15:55.268+0100	INFO	p2pnode	GreenHouse.web3/p2p.go:453	Listening on: /ip6/::1/udp/58323/quic-v1/webtransport/certhash/uEiDl2803WVP1jDonfIL3Md-N9u_4X7oUDNQ7-ndeo8-lTA/certhash/uEiD30qQUplkT1pB2Ql6JD2tAQlJxp_wh-M1xMW8FetSLdw/p2p/12D3KooWH4YGnSYCdHqRpGaJDNQzqXJj6Wofwz9b7iqTgeu68ibC
2026-06-03T16:15:55.268+0100	INFO	p2pnode	GreenHouse.web3/p2p.go:453	Listening on: /ip6/::1/udp/59141/quic-v1/p2p/12D3KooWH4YGnSYCdHqRpGaJDNQzqXJj6Wofwz9b7iqTgeu68ibC
2026-06-03T16:15:55.268+0100	INFO	p2pnode	GreenHouse.web3/p2p.go:453	Listening on: /ip6/::1/udp/60126/webrtc-direct/certhash/uEiCtj7y3Nnd4lbO7cpjxpwDKvEMLLsiWO5BXk98AEf5-VA/p2p/12D3KooWH4YGnSYCdHqRpGaJDNQzqXJj6Wofwz9b7iqTgeu68ibC
2026-06-03T16:15:55.268+0100	INFO	p2pnode	GreenHouse.web3/p2p.go:493	DHT initialized in client mode for peer discovery
2026-06-03T16:15:55.268+0100	INFO	p2pnode	GreenHouse.web3/p2p.go:532	PubSub service initialized (D=4 Dlo=3 Dhi=5 heartbeat=500ms)
2026-06-03T16:15:55.268+0100	INFO	p2pnode	GreenHouse.web3/p2p.go:539	Joined topic: test-discovery
2026-06-03T16:15:55.268+0100	INFO	p2pnode	GreenHouse.web3/p2p.go:546	Joined consensus topic: test-discovery/consensus
2026-06-03T16:15:55.268+0100	INFO	p2pnode	GreenHouse.web3/p2p.go:563	Topic validator registered for test-discovery
2026-06-03T16:15:55.268+0100	INFO	p2pnode	GreenHouse.web3/p2p.go:573	Topic validator registered for test-discovery/consensus
2026-06-03T16:15:55.268+0100	INFO	p2pnode	GreenHouse.web3/p2p.go:580	Subscribed to topic
2026-06-03T16:15:55.268+0100	INFO	p2pnode	GreenHouse.web3/p2p.go:586	Subscribed to consensus topic
2026/06/03 16:15:55 mDNS discovery service started (greenhouse-mdns-test-discovery)
2026-06-03T16:15:55.268+0100	INFO	p2pnode	GreenHouse.web3/p2p.go:712	Stream handler set for direct messaging
2026-06-03T16:15:55.268+0100	INFO	p2pnode	GreenHouse.web3/p2p.go:648	DHT bootstrapped successfully
2026-06-03T16:15:55.273+0100	INFO	p2pnode	GreenHouse.web3/p2p.go:448	Libp2p host created with ID: 12D3KooWDT8VsihtBkomkhA1wVMP5mU6rMLgFCvaYm32ypbnLH4p
2026/06/03 16:15:55 P2P: using Noise XX security transport (mutual auth)
2026-06-03T16:15:55.273+0100	INFO	p2pnode	GreenHouse.web3/p2p.go:453	Listening on: /ip4/127.0.0.1/tcp/62055/p2p/12D3KooWDT8VsihtBkomkhA1wVMP5mU6rMLgFCvaYm32ypbnLH4p
2026-06-03T16:15:55.273+0100	INFO	p2pnode	GreenHouse.web3/p2p.go:453	Listening on: /ip4/127.0.0.1/udp/55473/webrtc-direct/certhash/uEiCQmu5_c9HkCcKQiaHUMpiTplKSIO18bKMyAD_w33LAnA/p2p/12D3KooWDT8VsihtBkomkhA1wVMP5mU6rMLgFCvaYm32ypbnLH4p
2026-06-03T16:15:55.273+0100	INFO	p2pnode	GreenHouse.web3/p2p.go:453	Listening on: /ip4/127.0.0.1/udp/58667/quic-v1/p2p/12D3KooWDT8VsihtBkomkhA1wVMP5mU6rMLgFCvaYm32ypbnLH4p
2026-06-03T16:15:55.273+0100	INFO	p2pnode	GreenHouse.web3/p2p.go:453	Listening on: /ip4/127.0.0.1/udp/59302/quic-v1/webtransport/certhash/uEiCDr966nfa7bm3dEKq0xOk5tmU3nFbYObii8dWy-n6g8w/certhash/uEiDDFD5ndTB5eX0CAshAQ7fK9ShIpappMOjOFG8FoCu1VQ/p2p/12D3KooWDT8VsihtBkomkhA1wVMP5mU6rMLgFCvaYm32ypbnLH4p
2026-06-03T16:15:55.273+0100	INFO	p2pnode	GreenHouse.web3/p2p.go:453	Listening on: /ip4/192.168.0.156/tcp/62055/p2p/12D3KooWDT8VsihtBkomkhA1wVMP5mU6rMLgFCvaYm32ypbnLH4p
2026-06-03T16:15:55.273+0100	INFO	p2pnode	GreenHouse.web3/p2p.go:453	Listening on: /ip4/192.168.0.156/udp/55473/webrtc-direct/certhash/uEiCQmu5_c9HkCcKQiaHUMpiTplKSIO18bKMyAD_w33LAnA/p2p/12D3KooWDT8VsihtBkomkhA1wVMP5mU6rMLgFCvaYm32ypbnLH4p
2026-06-03T16:15:55.273+0100	INFO	p2pnode	GreenHouse.web3/p2p.go:453	Listening on: /ip4/192.168.0.156/udp/58667/quic-v1/p2p/12D3KooWDT8VsihtBkomkhA1wVMP5mU6rMLgFCvaYm32ypbnLH4p
2026-06-03T16:15:55.273+0100	INFO	p2pnode	GreenHouse.web3/p2p.go:453	Listening on: /ip4/192.168.0.156/udp/59302/quic-v1/webtransport/certhash/uEiCDr966nfa7bm3dEKq0xOk5tmU3nFbYObii8dWy-n6g8w/certhash/uEiDDFD5ndTB5eX0CAshAQ7fK9ShIpappMOjOFG8FoCu1VQ/p2p/12D3KooWDT8VsihtBkomkhA1wVMP5mU6rMLgFCvaYm32ypbnLH4p
2026-06-03T16:15:55.273+0100	INFO	p2pnode	GreenHouse.web3/p2p.go:453	Listening on: /ip6/::1/tcp/62056/p2p/12D3KooWDT8VsihtBkomkhA1wVMP5mU6rMLgFCvaYm32ypbnLH4p
2026-06-03T16:15:55.273+0100	INFO	p2pnode	GreenHouse.web3/p2p.go:453	Listening on: /ip6/::1/udp/53433/quic-v1/webtransport/certhash/uEiCDr966nfa7bm3dEKq0xOk5tmU3nFbYObii8dWy-n6g8w/certhash/uEiDDFD5ndTB5eX0CAshAQ7fK9ShIpappMOjOFG8FoCu1VQ/p2p/12D3KooWDT8VsihtBkomkhA1wVMP5mU6rMLgFCvaYm32ypbnLH4p
2026-06-03T16:15:55.273+0100	INFO	p2pnode	GreenHouse.web3/p2p.go:453	Listening on: /ip6/::1/udp/55764/webrtc-direct/certhash/uEiCQmu5_c9HkCcKQiaHUMpiTplKSIO18bKMyAD_w33LAnA/p2p/12D3KooWDT8VsihtBkomkhA1wVMP5mU6rMLgFCvaYm32ypbnLH4p
2026-06-03T16:15:55.273+0100	INFO	p2pnode	GreenHouse.web3/p2p.go:453	Listening on: /ip6/::1/udp/58710/quic-v1/p2p/12D3KooWDT8VsihtBkomkhA1wVMP5mU6rMLgFCvaYm32ypbnLH4p
2026-06-03T16:15:55.273+0100	INFO	p2pnode	GreenHouse.web3/p2p.go:493	DHT initialized in client mode for peer discovery
2026-06-03T16:15:55.273+0100	INFO	p2pnode	GreenHouse.web3/p2p.go:532	PubSub service initialized (D=4 Dlo=3 Dhi=5 heartbeat=500ms)
2026-06-03T16:15:55.273+0100	INFO	p2pnode	GreenHouse.web3/p2p.go:539	Joined topic: test-discovery
2026-06-03T16:15:55.273+0100	INFO	p2pnode	GreenHouse.web3/p2p.go:546	Joined consensus topic: test-discovery/consensus
2026-06-03T16:15:55.273+0100	INFO	p2pnode	GreenHouse.web3/p2p.go:563	Topic validator registered for test-discovery
2026-06-03T16:15:55.273+0100	INFO	p2pnode	GreenHouse.web3/p2p.go:573	Topic validator registered for test-discovery/consensus
2026-06-03T16:15:55.273+0100	INFO	p2pnode	GreenHouse.web3/p2p.go:580	Subscribed to topic
2026-06-03T16:15:55.273+0100	INFO	p2pnode	GreenHouse.web3/p2p.go:586	Subscribed to consensus topic
2026/06/03 16:15:55 mDNS discovery service started (greenhouse-mdns-test-discovery)
2026-06-03T16:15:55.274+0100	INFO	p2pnode	GreenHouse.web3/p2p.go:712	Stream handler set for direct messaging
2026-06-03T16:15:55.274+0100	INFO	p2pnode	GreenHouse.web3/p2p.go:648	DHT bootstrapped successfully
2026/06/03 16:15:55 Connected to mDNS peer: 12D3KooWH4YGnSYCdHqRpGaJDNQzqXJj6Wofwz9b7iqTgeu68ibC
    p2p_test.go:195: nodeB (12D3KooWDT8VsihtBkomkhA1wVMP5mU6rMLgFCvaYm32ypbnLH4p) discovered nodeA (12D3KooWH4YGnSYCdHqRpGaJDNQzqXJj6Wofwz9b7iqTgeu68ibC)
2026/06/03 16:15:55 Shutting down P2PNode...
2026/06/03 16:15:55 Closing PubSub subscription...
2026/06/03 16:15:55 Closing consensus PubSub subscription...
2026/06/03 16:15:55 Closing PubSub topic...
2026/06/03 16:15:55 Closing consensus PubSub topic...
2026/06/03 16:15:55 Closing mDNS service...
2026/06/03 16:15:55 Connected to mDNS peer: 12D3KooWDT8VsihtBkomkhA1wVMP5mU6rMLgFCvaYm32ypbnLH4p
2026/06/03 16:15:55 Closing libp2p host...
2026/06/03 16:15:55 P2PNode shutdown complete.
2026/06/03 16:15:55 Shutting down P2PNode...
2026/06/03 16:15:55 Closing PubSub subscription...
2026/06/03 16:15:55 Closing consensus PubSub subscription...
2026/06/03 16:15:55 Closing PubSub topic...
2026/06/03 16:15:55 Closing consensus PubSub topic...
2026/06/03 16:15:55 Closing mDNS service...
2026/06/03 16:15:55 Closing libp2p host...
2026/06/03 16:15:55 P2PNode shutdown complete.
2026/06/03 16:15:55 Shutting down P2PNode...
2026/06/03 16:15:55 Closing PubSub subscription...
2026/06/03 16:15:55 Closing consensus PubSub subscription...
2026/06/03 16:15:55 Closing PubSub topic...
2026/06/03 16:15:55 Error closing PubSub topic: context canceled
2026/06/03 16:15:55 Closing consensus PubSub topic...
2026/06/03 16:15:55 Error closing consensus PubSub topic: context canceled
2026/06/03 16:15:55 Closing mDNS service...
2026/06/03 16:15:55 Closing libp2p host...
2026/06/03 16:15:55 P2PNode shutdown complete.
2026/06/03 16:15:55 Shutting down P2PNode...
2026/06/03 16:15:55 Closing PubSub subscription...
2026/06/03 16:15:55 Closing consensus PubSub subscription...
2026/06/03 16:15:55 Closing PubSub topic...
2026/06/03 16:15:55 Error closing PubSub topic: context canceled
2026/06/03 16:15:55 Closing consensus PubSub topic...
2026/06/03 16:15:55 Error closing consensus PubSub topic: context canceled
2026/06/03 16:15:55 Closing mDNS service...
2026/06/03 16:15:55 Closing libp2p host...
2026/06/03 16:15:55 P2PNode shutdown complete.
--- PASS: TestPeerDiscovery_Local (0.04s)
=== RUN   TestSendMessage
MockP2PNode: Initialized
MockP2PNode: Initialized
MockP2PNode: SendMessage called to peer mock-node-1780499755285665000 with message: Hello, peer!
    p2p_test.go:214: Message sent successfully from MockNode1 (mock-node-1780499755285663000) to MockNode2 (mock-node-1780499755285665000)
--- PASS: TestSendMessage (0.00s)
=== RUN   TestMockP2PNodeInitialization
MockP2PNode: Initialized
    p2p_test.go:228: MockP2PNode initialized with ID: mock-node-1780499755285690000
--- PASS: TestMockP2PNodeInitialization (0.00s)
=== RUN   TestHandleMessagesWithStructuredMessages
MockP2PNode: Initialized
MockP2PNode: HandleMessages called
MockTopic: Publish called
    p2p_test.go:261: Structured message handled successfully
--- PASS: TestHandleMessagesWithStructuredMessages (0.05s)
=== RUN   TestPingAndAck
MockP2PNode: Initialized
MockP2PNode: HandleMessages called
MockP2PNode: SendPing called to peer mock-peer-id
    p2p_test.go:284: Ping and acknowledgment messages handled successfully
--- PASS: TestPingAndAck (0.05s)
=== RUN   TestP2PNodeShutdown
MockP2PNode: Initialized
MockP2PNode: Shutdown called
    p2p_test.go:299: P2PNode shutdown successfully
--- PASS: TestP2PNodeShutdown (0.00s)
=== RUN   TestBroadcastBlock_AfterShutdown_ReturnsErrNodeShutdown
2026-06-03T16:15:55.396+0100	INFO	p2pnode	GreenHouse.web3/p2p.go:448	Libp2p host created with ID: 12D3KooWK5PpHB7rS6ZPEbiN7Buqwv4v5RRXDJtszhiqaWQfzw7y
2026/06/03 16:15:55 P2P: using Noise XX security transport (mutual auth)
2026-06-03T16:15:55.396+0100	INFO	p2pnode	GreenHouse.web3/p2p.go:453	Listening on: /ip4/127.0.0.1/tcp/62057/p2p/12D3KooWK5PpHB7rS6ZPEbiN7Buqwv4v5RRXDJtszhiqaWQfzw7y
2026-06-03T16:15:55.396+0100	INFO	p2pnode	GreenHouse.web3/p2p.go:453	Listening on: /ip4/127.0.0.1/udp/50103/quic-v1/p2p/12D3KooWK5PpHB7rS6ZPEbiN7Buqwv4v5RRXDJtszhiqaWQfzw7y
2026-06-03T16:15:55.396+0100	INFO	p2pnode	GreenHouse.web3/p2p.go:453	Listening on: /ip4/127.0.0.1/udp/53833/quic-v1/webtransport/certhash/uEiCFpeirMLByUGtoDeWWzrwxXcr6P4FERf9fYDlnHmlFEA/certhash/uEiCFpo3PrzzERsZnqFu6IO0pl5z4fYIli7PlNC9op5Sp8g/p2p/12D3KooWK5PpHB7rS6ZPEbiN7Buqwv4v5RRXDJtszhiqaWQfzw7y
2026-06-03T16:15:55.396+0100	INFO	p2pnode	GreenHouse.web3/p2p.go:453	Listening on: /ip4/127.0.0.1/udp/63724/webrtc-direct/certhash/uEiAkpx01tsjqmtrFCDTYK_3gm8RSU2hdQ9a7X_L8cWKpKg/p2p/12D3KooWK5PpHB7rS6ZPEbiN7Buqwv4v5RRXDJtszhiqaWQfzw7y
2026-06-03T16:15:55.396+0100	INFO	p2pnode	GreenHouse.web3/p2p.go:453	Listening on: /ip4/192.168.0.156/tcp/62057/p2p/12D3KooWK5PpHB7rS6ZPEbiN7Buqwv4v5RRXDJtszhiqaWQfzw7y
2026-06-03T16:15:55.396+0100	INFO	p2pnode	GreenHouse.web3/p2p.go:453	Listening on: /ip4/192.168.0.156/udp/50103/quic-v1/p2p/12D3KooWK5PpHB7rS6ZPEbiN7Buqwv4v5RRXDJtszhiqaWQfzw7y
2026-06-03T16:15:55.396+0100	INFO	p2pnode	GreenHouse.web3/p2p.go:453	Listening on: /ip4/192.168.0.156/udp/53833/quic-v1/webtransport/certhash/uEiCFpeirMLByUGtoDeWWzrwxXcr6P4FERf9fYDlnHmlFEA/certhash/uEiCFpo3PrzzERsZnqFu6IO0pl5z4fYIli7PlNC9op5Sp8g/p2p/12D3KooWK5PpHB7rS6ZPEbiN7Buqwv4v5RRXDJtszhiqaWQfzw7y
2026-06-03T16:15:55.396+0100	INFO	p2pnode	GreenHouse.web3/p2p.go:453	Listening on: /ip4/192.168.0.156/udp/63724/webrtc-direct/certhash/uEiAkpx01tsjqmtrFCDTYK_3gm8RSU2hdQ9a7X_L8cWKpKg/p2p/12D3KooWK5PpHB7rS6ZPEbiN7Buqwv4v5RRXDJtszhiqaWQfzw7y
2026-06-03T16:15:55.396+0100	INFO	p2pnode	GreenHouse.web3/p2p.go:453	Listening on: /ip6/::1/tcp/62058/p2p/12D3KooWK5PpHB7rS6ZPEbiN7Buqwv4v5RRXDJtszhiqaWQfzw7y
2026-06-03T16:15:55.396+0100	INFO	p2pnode	GreenHouse.web3/p2p.go:453	Listening on: /ip6/::1/udp/51338/quic-v1/p2p/12D3KooWK5PpHB7rS6ZPEbiN7Buqwv4v5RRXDJtszhiqaWQfzw7y
2026-06-03T16:15:55.396+0100	INFO	p2pnode	GreenHouse.web3/p2p.go:453	Listening on: /ip6/::1/udp/51823/quic-v1/webtransport/certhash/uEiCFpeirMLByUGtoDeWWzrwxXcr6P4FERf9fYDlnHmlFEA/certhash/uEiCFpo3PrzzERsZnqFu6IO0pl5z4fYIli7PlNC9op5Sp8g/p2p/12D3KooWK5PpHB7rS6ZPEbiN7Buqwv4v5RRXDJtszhiqaWQfzw7y
2026-06-03T16:15:55.396+0100	INFO	p2pnode	GreenHouse.web3/p2p.go:453	Listening on: /ip6/::1/udp/65504/webrtc-direct/certhash/uEiAkpx01tsjqmtrFCDTYK_3gm8RSU2hdQ9a7X_L8cWKpKg/p2p/12D3KooWK5PpHB7rS6ZPEbiN7Buqwv4v5RRXDJtszhiqaWQfzw7y
2026-06-03T16:15:55.396+0100	INFO	p2pnode	GreenHouse.web3/p2p.go:513	DHT discovery disabled (GONETWORK_DISABLE_P2P_DHT=1)
2026-06-03T16:15:55.396+0100	INFO	p2pnode	GreenHouse.web3/p2p.go:532	PubSub service initialized (D=4 Dlo=3 Dhi=5 heartbeat=500ms)
2026-06-03T16:15:55.396+0100	INFO	p2pnode	GreenHouse.web3/p2p.go:539	Joined topic: test-item22-shutdown
2026-06-03T16:15:55.396+0100	INFO	p2pnode	GreenHouse.web3/p2p.go:546	Joined consensus topic: test-item22-shutdown/consensus
2026-06-03T16:15:55.396+0100	INFO	p2pnode	GreenHouse.web3/p2p.go:563	Topic validator registered for test-item22-shutdown
2026-06-03T16:15:55.396+0100	INFO	p2pnode	GreenHouse.web3/p2p.go:573	Topic validator registered for test-item22-shutdown/consensus
2026-06-03T16:15:55.396+0100	INFO	p2pnode	GreenHouse.web3/p2p.go:580	Subscribed to topic
2026-06-03T16:15:55.396+0100	INFO	p2pnode	GreenHouse.web3/p2p.go:586	Subscribed to consensus topic
2026-06-03T16:15:55.396+0100	INFO	p2pnode	GreenHouse.web3/p2p.go:603	mDNS discovery disabled (GONETWORK_DISABLE_P2P_MDNS=1)
2026-06-03T16:15:55.396+0100	INFO	p2pnode	GreenHouse.web3/p2p.go:712	Stream handler set for direct messaging
2026/06/03 16:15:55 Shutting down P2PNode...
2026/06/03 16:15:55 Closing PubSub subscription...
2026/06/03 16:15:55 Closing consensus PubSub subscription...
2026/06/03 16:15:55 Closing PubSub topic...
2026/06/03 16:15:55 Closing consensus PubSub topic...
2026/06/03 16:15:55 Closing libp2p host...
2026/06/03 16:15:55 P2PNode shutdown complete.
--- PASS: TestBroadcastBlock_AfterShutdown_ReturnsErrNodeShutdown (0.01s)
=== RUN   TestRealPeersCommunication
2026-06-03T16:15:55.403+0100	INFO	p2pnode	GreenHouse.web3/p2p.go:448	Libp2p host created with ID: 12D3KooWR8rQ85heDtADCGu3Dj9BdMPcTuijb5of9NoRtbtcC52w
2026/06/03 16:15:55 P2P: using Noise XX security transport (mutual auth)
2026-06-03T16:15:55.403+0100	INFO	p2pnode	GreenHouse.web3/p2p.go:453	Listening on: /ip4/127.0.0.1/tcp/62059/p2p/12D3KooWR8rQ85heDtADCGu3Dj9BdMPcTuijb5of9NoRtbtcC52w
2026-06-03T16:15:55.403+0100	INFO	p2pnode	GreenHouse.web3/p2p.go:453	Listening on: /ip4/127.0.0.1/udp/54304/quic-v1/p2p/12D3KooWR8rQ85heDtADCGu3Dj9BdMPcTuijb5of9NoRtbtcC52w
2026-06-03T16:15:55.403+0100	INFO	p2pnode	GreenHouse.web3/p2p.go:453	Listening on: /ip4/127.0.0.1/udp/54481/webrtc-direct/certhash/uEiAPHGf4pPHPTKbh9CTGZ0itrDFI8a1QBGKryEgTQCV3-g/p2p/12D3KooWR8rQ85heDtADCGu3Dj9BdMPcTuijb5of9NoRtbtcC52w
2026-06-03T16:15:55.403+0100	INFO	p2pnode	GreenHouse.web3/p2p.go:453	Listening on: /ip4/127.0.0.1/udp/62453/quic-v1/webtransport/certhash/uEiBI54g1JPIjwffkj_z1fJpP5-JQz9rsqKaEhYfy0vQnUw/certhash/uEiCqC3Kp8t6xDxBE2dHkL8Kk9nv7rNNmc6gvtKRze8Yhgw/p2p/12D3KooWR8rQ85heDtADCGu3Dj9BdMPcTuijb5of9NoRtbtcC52w
2026-06-03T16:15:55.403+0100	INFO	p2pnode	GreenHouse.web3/p2p.go:453	Listening on: /ip4/192.168.0.156/tcp/62059/p2p/12D3KooWR8rQ85heDtADCGu3Dj9BdMPcTuijb5of9NoRtbtcC52w
2026-06-03T16:15:55.403+0100	INFO	p2pnode	GreenHouse.web3/p2p.go:453	Listening on: /ip4/192.168.0.156/udp/54304/quic-v1/p2p/12D3KooWR8rQ85heDtADCGu3Dj9BdMPcTuijb5of9NoRtbtcC52w
2026-06-03T16:15:55.403+0100	INFO	p2pnode	GreenHouse.web3/p2p.go:453	Listening on: /ip4/192.168.0.156/udp/54481/webrtc-direct/certhash/uEiAPHGf4pPHPTKbh9CTGZ0itrDFI8a1QBGKryEgTQCV3-g/p2p/12D3KooWR8rQ85heDtADCGu3Dj9BdMPcTuijb5of9NoRtbtcC52w
2026-06-03T16:15:55.403+0100	INFO	p2pnode	GreenHouse.web3/p2p.go:453	Listening on: /ip4/192.168.0.156/udp/62453/quic-v1/webtransport/certhash/uEiBI54g1JPIjwffkj_z1fJpP5-JQz9rsqKaEhYfy0vQnUw/certhash/uEiCqC3Kp8t6xDxBE2dHkL8Kk9nv7rNNmc6gvtKRze8Yhgw/p2p/12D3KooWR8rQ85heDtADCGu3Dj9BdMPcTuijb5of9NoRtbtcC52w
2026-06-03T16:15:55.403+0100	INFO	p2pnode	GreenHouse.web3/p2p.go:453	Listening on: /ip6/::1/tcp/62060/p2p/12D3KooWR8rQ85heDtADCGu3Dj9BdMPcTuijb5of9NoRtbtcC52w
2026-06-03T16:15:55.403+0100	INFO	p2pnode	GreenHouse.web3/p2p.go:453	Listening on: /ip6/::1/udp/52358/quic-v1/p2p/12D3KooWR8rQ85heDtADCGu3Dj9BdMPcTuijb5of9NoRtbtcC52w
2026-06-03T16:15:55.403+0100	INFO	p2pnode	GreenHouse.web3/p2p.go:453	Listening on: /ip6/::1/udp/58480/webrtc-direct/certhash/uEiAPHGf4pPHPTKbh9CTGZ0itrDFI8a1QBGKryEgTQCV3-g/p2p/12D3KooWR8rQ85heDtADCGu3Dj9BdMPcTuijb5of9NoRtbtcC52w
2026-06-03T16:15:55.403+0100	INFO	p2pnode	GreenHouse.web3/p2p.go:453	Listening on: /ip6/::1/udp/60611/quic-v1/webtransport/certhash/uEiBI54g1JPIjwffkj_z1fJpP5-JQz9rsqKaEhYfy0vQnUw/certhash/uEiCqC3Kp8t6xDxBE2dHkL8Kk9nv7rNNmc6gvtKRze8Yhgw/p2p/12D3KooWR8rQ85heDtADCGu3Dj9BdMPcTuijb5of9NoRtbtcC52w
2026-06-03T16:15:55.403+0100	INFO	p2pnode	GreenHouse.web3/p2p.go:513	DHT discovery disabled (GONETWORK_DISABLE_P2P_DHT=1)
2026-06-03T16:15:55.403+0100	INFO	p2pnode	GreenHouse.web3/p2p.go:532	PubSub service initialized (D=4 Dlo=3 Dhi=5 heartbeat=500ms)
2026-06-03T16:15:55.403+0100	INFO	p2pnode	GreenHouse.web3/p2p.go:539	Joined topic: test-topic
2026-06-03T16:15:55.403+0100	INFO	p2pnode	GreenHouse.web3/p2p.go:546	Joined consensus topic: test-topic/consensus
2026-06-03T16:15:55.403+0100	INFO	p2pnode	GreenHouse.web3/p2p.go:563	Topic validator registered for test-topic
2026-06-03T16:15:55.403+0100	INFO	p2pnode	GreenHouse.web3/p2p.go:573	Topic validator registered for test-topic/consensus
2026-06-03T16:15:55.403+0100	INFO	p2pnode	GreenHouse.web3/p2p.go:580	Subscribed to topic
2026-06-03T16:15:55.403+0100	INFO	p2pnode	GreenHouse.web3/p2p.go:586	Subscribed to consensus topic
2026-06-03T16:15:55.403+0100	INFO	p2pnode	GreenHouse.web3/p2p.go:603	mDNS discovery disabled (GONETWORK_DISABLE_P2P_MDNS=1)
2026-06-03T16:15:55.403+0100	INFO	p2pnode	GreenHouse.web3/p2p.go:712	Stream handler set for direct messaging
2026-06-03T16:15:55.408+0100	INFO	p2pnode	GreenHouse.web3/p2p.go:448	Libp2p host created with ID: 12D3KooWHYasGKEewmRnEzur5ySD3HQQfdsn2WKgDFhFF3fRBGxG
2026/06/03 16:15:55 P2P: using Noise XX security transport (mutual auth)
2026-06-03T16:15:55.408+0100	INFO	p2pnode	GreenHouse.web3/p2p.go:453	Listening on: /ip4/127.0.0.1/tcp/62061/p2p/12D3KooWHYasGKEewmRnEzur5ySD3HQQfdsn2WKgDFhFF3fRBGxG
2026-06-03T16:15:55.408+0100	INFO	p2pnode	GreenHouse.web3/p2p.go:453	Listening on: /ip4/127.0.0.1/udp/55785/quic-v1/webtransport/certhash/uEiAi_gJ1W06VAnqjh5cX-7lZcorV9NfwDDGP3L5NQNuxEg/certhash/uEiAxlpNMvvdWU-hAXgmKxGoFUsBV8C4pWmre634j898jhQ/p2p/12D3KooWHYasGKEewmRnEzur5ySD3HQQfdsn2WKgDFhFF3fRBGxG
2026-06-03T16:15:55.408+0100	INFO	p2pnode	GreenHouse.web3/p2p.go:453	Listening on: /ip4/127.0.0.1/udp/57176/quic-v1/p2p/12D3KooWHYasGKEewmRnEzur5ySD3HQQfdsn2WKgDFhFF3fRBGxG
2026-06-03T16:15:55.408+0100	INFO	p2pnode	GreenHouse.web3/p2p.go:453	Listening on: /ip4/127.0.0.1/udp/63576/webrtc-direct/certhash/uEiBhByjGZuGPBsxVWks6Hl8rHHcAzlyJEY_kNgnGoK-qog/p2p/12D3KooWHYasGKEewmRnEzur5ySD3HQQfdsn2WKgDFhFF3fRBGxG
2026-06-03T16:15:55.408+0100	INFO	p2pnode	GreenHouse.web3/p2p.go:453	Listening on: /ip4/192.168.0.156/tcp/62061/p2p/12D3KooWHYasGKEewmRnEzur5ySD3HQQfdsn2WKgDFhFF3fRBGxG
2026-06-03T16:15:55.408+0100	INFO	p2pnode	GreenHouse.web3/p2p.go:453	Listening on: /ip4/192.168.0.156/udp/55785/quic-v1/webtransport/certhash/uEiAi_gJ1W06VAnqjh5cX-7lZcorV9NfwDDGP3L5NQNuxEg/certhash/uEiAxlpNMvvdWU-hAXgmKxGoFUsBV8C4pWmre634j898jhQ/p2p/12D3KooWHYasGKEewmRnEzur5ySD3HQQfdsn2WKgDFhFF3fRBGxG
2026-06-03T16:15:55.408+0100	INFO	p2pnode	GreenHouse.web3/p2p.go:453	Listening on: /ip4/192.168.0.156/udp/57176/quic-v1/p2p/12D3KooWHYasGKEewmRnEzur5ySD3HQQfdsn2WKgDFhFF3fRBGxG
2026-06-03T16:15:55.408+0100	INFO	p2pnode	GreenHouse.web3/p2p.go:453	Listening on: /ip4/192.168.0.156/udp/63576/webrtc-direct/certhash/uEiBhByjGZuGPBsxVWks6Hl8rHHcAzlyJEY_kNgnGoK-qog/p2p/12D3KooWHYasGKEewmRnEzur5ySD3HQQfdsn2WKgDFhFF3fRBGxG
2026-06-03T16:15:55.408+0100	INFO	p2pnode	GreenHouse.web3/p2p.go:453	Listening on: /ip6/::1/tcp/62062/p2p/12D3KooWHYasGKEewmRnEzur5ySD3HQQfdsn2WKgDFhFF3fRBGxG
2026-06-03T16:15:55.408+0100	INFO	p2pnode	GreenHouse.web3/p2p.go:453	Listening on: /ip6/::1/udp/60328/quic-v1/webtransport/certhash/uEiAi_gJ1W06VAnqjh5cX-7lZcorV9NfwDDGP3L5NQNuxEg/certhash/uEiAxlpNMvvdWU-hAXgmKxGoFUsBV8C4pWmre634j898jhQ/p2p/12D3KooWHYasGKEewmRnEzur5ySD3HQQfdsn2WKgDFhFF3fRBGxG
2026-06-03T16:15:55.408+0100	INFO	p2pnode	GreenHouse.web3/p2p.go:453	Listening on: /ip6/::1/udp/62239/webrtc-direct/certhash/uEiBhByjGZuGPBsxVWks6Hl8rHHcAzlyJEY_kNgnGoK-qog/p2p/12D3KooWHYasGKEewmRnEzur5ySD3HQQfdsn2WKgDFhFF3fRBGxG
2026-06-03T16:15:55.408+0100	INFO	p2pnode	GreenHouse.web3/p2p.go:453	Listening on: /ip6/::1/udp/64685/quic-v1/p2p/12D3KooWHYasGKEewmRnEzur5ySD3HQQfdsn2WKgDFhFF3fRBGxG
2026-06-03T16:15:55.408+0100	INFO	p2pnode	GreenHouse.web3/p2p.go:513	DHT discovery disabled (GONETWORK_DISABLE_P2P_DHT=1)
2026-06-03T16:15:55.408+0100	INFO	p2pnode	GreenHouse.web3/p2p.go:532	PubSub service initialized (D=4 Dlo=3 Dhi=5 heartbeat=500ms)
2026-06-03T16:15:55.409+0100	INFO	p2pnode	GreenHouse.web3/p2p.go:539	Joined topic: test-topic
2026-06-03T16:15:55.409+0100	INFO	p2pnode	GreenHouse.web3/p2p.go:546	Joined consensus topic: test-topic/consensus
2026-06-03T16:15:55.409+0100	INFO	p2pnode	GreenHouse.web3/p2p.go:563	Topic validator registered for test-topic
2026-06-03T16:15:55.409+0100	INFO	p2pnode	GreenHouse.web3/p2p.go:573	Topic validator registered for test-topic/consensus
2026-06-03T16:15:55.409+0100	INFO	p2pnode	GreenHouse.web3/p2p.go:580	Subscribed to topic
2026-06-03T16:15:55.409+0100	INFO	p2pnode	GreenHouse.web3/p2p.go:586	Subscribed to consensus topic
2026-06-03T16:15:55.409+0100	INFO	p2pnode	GreenHouse.web3/p2p.go:603	mDNS discovery disabled (GONETWORK_DISABLE_P2P_MDNS=1)
2026-06-03T16:15:55.409+0100	INFO	p2pnode	GreenHouse.web3/p2p.go:712	Stream handler set for direct messaging
    p2p_test.go:353: Real peer communication test passed
2026/06/03 16:15:55 Shutting down P2PNode...
2026/06/03 16:15:55 Closing PubSub subscription...
2026/06/03 16:15:55 Closing consensus PubSub subscription...
2026/06/03 16:15:55 Closing PubSub topic...
2026/06/03 16:15:55 Closing consensus PubSub topic...
2026/06/03 16:15:55 Stopping message handling (subscription error): subscription cancelled
2026/06/03 16:15:55 Closing libp2p host...
2026/06/03 16:15:55 P2PNode shutdown complete.
2026/06/03 16:15:55 Shutting down P2PNode...
2026/06/03 16:15:55 Closing PubSub subscription...
2026/06/03 16:15:55 Closing consensus PubSub subscription...
2026/06/03 16:15:55 Closing PubSub topic...
2026/06/03 16:15:55 Closing consensus PubSub topic...
2026/06/03 16:15:55 Closing libp2p host...
2026/06/03 16:15:55 P2PNode shutdown complete.
--- PASS: TestRealPeersCommunication (0.01s)
=== RUN   TestAllowlistGater_OpenWhenEmpty
--- PASS: TestAllowlistGater_OpenWhenEmpty (0.00s)
=== RUN   TestAllowlistGater_Permits
--- PASS: TestAllowlistGater_Permits (0.00s)
=== RUN   TestAllowlistGater_Blocks
--- PASS: TestAllowlistGater_Blocks (0.00s)
=== RUN   TestAllowlistGater_AllowPeer_ValidSig
--- PASS: TestAllowlistGater_AllowPeer_ValidSig (0.00s)
=== RUN   TestAllowlistGater_AllowPeer_InvalidSig
--- PASS: TestAllowlistGater_AllowPeer_InvalidSig (0.00s)
=== RUN   TestAllowlistGater_RevokePeer
--- PASS: TestAllowlistGater_RevokePeer (0.00s)
=== RUN   TestTunedGossipSubParams_ValidatorSizedMesh
--- PASS: TestTunedGossipSubParams_ValidatorSizedMesh (0.00s)
=== RUN   TestTunedGossipSubParams_ClampsExtremes
--- PASS: TestTunedGossipSubParams_ClampsExtremes (0.00s)
=== RUN   TestP2PNodeLimiter_ThrottlesBurst
--- PASS: TestP2PNodeLimiter_ThrottlesBurst (1.00s)
=== RUN   TestMockPaymentProvider_CreateVirtualAccount
--- PASS: TestMockPaymentProvider_CreateVirtualAccount (0.00s)
=== RUN   TestMockPaymentProvider_CreateVirtualAccount_Idempotent
--- PASS: TestMockPaymentProvider_CreateVirtualAccount_Idempotent (0.00s)
=== RUN   TestMockPaymentProvider_CreateVirtualAccount_DifferentWallets
--- PASS: TestMockPaymentProvider_CreateVirtualAccount_DifferentWallets (0.00s)
=== RUN   TestMockPaymentProvider_CreateVirtualAccount_EmptyWallet
--- PASS: TestMockPaymentProvider_CreateVirtualAccount_EmptyWallet (0.00s)
=== RUN   TestMockPaymentProvider_GetPaymentStatus_Unknown
--- PASS: TestMockPaymentProvider_GetPaymentStatus_Unknown (0.00s)
=== RUN   TestMockPaymentProvider_ConfirmPayment
--- PASS: TestMockPaymentProvider_ConfirmPayment (0.00s)
=== RUN   TestMockPaymentProvider_ConfirmPayment_ZeroAmount
--- PASS: TestMockPaymentProvider_ConfirmPayment_ZeroAmount (0.00s)
=== RUN   TestMockPaymentProvider_ConfirmPayment_EmptyReference
--- PASS: TestMockPaymentProvider_ConfirmPayment_EmptyReference (0.00s)
=== RUN   TestMockOracleService_SignInstruction
--- PASS: TestMockOracleService_SignInstruction (0.00s)
=== RUN   TestMockOracleService_VerifyInstruction_Valid
--- PASS: TestMockOracleService_VerifyInstruction_Valid (0.00s)
=== RUN   TestMockOracleService_VerifyInstruction_Tampered
--- PASS: TestMockOracleService_VerifyInstruction_Tampered (0.00s)
=== RUN   TestMockOracleService_VerifyInstruction_NoSignature
--- PASS: TestMockOracleService_VerifyInstruction_NoSignature (0.00s)
=== RUN   TestMockOracleService_VerifyInstruction_NilInstruction
--- PASS: TestMockOracleService_VerifyInstruction_NilInstruction (0.00s)
=== RUN   TestMockOracleService_VerifyInstruction_WrongOracle
--- PASS: TestMockOracleService_VerifyInstruction_WrongOracle (0.00s)
=== RUN   TestMockOracleService_SignConfirmation
--- PASS: TestMockOracleService_SignConfirmation (0.00s)
=== RUN   TestMockOracleService_VerifyConfirmation_Valid
--- PASS: TestMockOracleService_VerifyConfirmation_Valid (0.00s)
=== RUN   TestMockOracleService_VerifyConfirmation_Tampered
--- PASS: TestMockOracleService_VerifyConfirmation_Tampered (0.00s)
=== RUN   TestMockOracleService_VerifyConfirmation_NilConfirmation
--- PASS: TestMockOracleService_VerifyConfirmation_NilConfirmation (0.00s)
=== RUN   TestMockOracleService_OraclePublicKey
--- PASS: TestMockOracleService_OraclePublicKey (0.00s)
=== RUN   TestPaymentFlow_InstructionToConfirmation
--- PASS: TestPaymentFlow_InstructionToConfirmation (0.00s)
=== RUN   TestConfirmAndSettle_WrongCurrency_Rejected
2026/06/03 16:15:56 consensus startup invariant: mode=hybrid http_seal=true dbft_consensus=true
--- PASS: TestConfirmAndSettle_WrongCurrency_Rejected (0.00s)
=== RUN   TestConfirmAndSettle_WrongAmount_Rejected
2026/06/03 16:15:56 consensus startup invariant: mode=hybrid http_seal=true dbft_consensus=true
--- PASS: TestConfirmAndSettle_WrongAmount_Rejected (0.00s)
=== RUN   TestConfirmAndSettle_CorrectAmountCurrency_Settles
2026/06/03 16:15:56 consensus startup invariant: mode=hybrid http_seal=true dbft_consensus=true
--- PASS: TestConfirmAndSettle_CorrectAmountCurrency_Settles (0.00s)
=== RUN   TestConfirmAndSettle_MismatchEventEmitted
2026/06/03 16:15:56 consensus startup invariant: mode=hybrid http_seal=true dbft_consensus=true
--- PASS: TestConfirmAndSettle_MismatchEventEmitted (0.00s)
=== RUN   TestRescreenAllWallets_FlagAlert_CreatesSAR
2026/06/03 16:15:56 consensus startup invariant: mode=hybrid http_seal=true dbft_consensus=true
--- PASS: TestRescreenAllWallets_FlagAlert_CreatesSAR (0.00s)
=== RUN   TestRescreenAllWallets_BlockAlert_CreatesSAR
2026/06/03 16:15:56 consensus startup invariant: mode=hybrid http_seal=true dbft_consensus=true
--- PASS: TestRescreenAllWallets_BlockAlert_CreatesSAR (0.00s)
=== RUN   TestRescreenAllWallets_CleanWallet_NoSAR
2026/06/03 16:15:56 consensus startup invariant: mode=hybrid http_seal=true dbft_consensus=true
--- PASS: TestRescreenAllWallets_CleanWallet_NoSAR (0.00s)
=== RUN   TestRescreenAllWallets_MultipleWallets_OnlyFlaggedGetSAR
2026/06/03 16:15:56 consensus startup invariant: mode=hybrid http_seal=true dbft_consensus=true
--- PASS: TestRescreenAllWallets_MultipleWallets_OnlyFlaggedGetSAR (0.00s)
=== RUN   TestRescreenAllWallets_EmptyCredentials_NoSAR
2026/06/03 16:15:56 consensus startup invariant: mode=hybrid http_seal=true dbft_consensus=true
--- PASS: TestRescreenAllWallets_EmptyCredentials_NoSAR (0.00s)
=== RUN   TestStartPEPRescreeningScheduler_FiresWithinInterval
2026/06/03 16:15:56 consensus startup invariant: mode=hybrid http_seal=true dbft_consensus=true
--- PASS: TestStartPEPRescreeningScheduler_FiresWithinInterval (0.50s)
=== RUN   TestStartPEPRescreeningScheduler_StopsOnContextCancel
2026/06/03 16:15:56 consensus startup invariant: mode=hybrid http_seal=true dbft_consensus=true
--- PASS: TestStartPEPRescreeningScheduler_StopsOnContextCancel (0.28s)
=== RUN   TestCrossBorderHighRiskCheck_NilCredential_ReturnsNil
--- PASS: TestCrossBorderHighRiskCheck_NilCredential_ReturnsNil (0.00s)
=== RUN   TestCrossBorderHighRiskCheck_LowRiskJurisdiction_ReturnsNil
--- PASS: TestCrossBorderHighRiskCheck_LowRiskJurisdiction_ReturnsNil (0.00s)
=== RUN   TestCrossBorderHighRiskCheck_HighRiskJurisdiction_BelowThreshold_Flag
--- PASS: TestCrossBorderHighRiskCheck_HighRiskJurisdiction_BelowThreshold_Flag (0.00s)
=== RUN   TestCrossBorderHighRiskCheck_HighRiskJurisdiction_AboveThreshold_Block
--- PASS: TestCrossBorderHighRiskCheck_HighRiskJurisdiction_AboveThreshold_Block (0.00s)
=== RUN   TestCrossBorderHighRiskCheck_Russia_AboveThreshold_Block
--- PASS: TestCrossBorderHighRiskCheck_Russia_AboveThreshold_Block (0.00s)
=== RUN   TestApplyJurisdictionRule_MaxRetailHolders_CapReached_Error
--- PASS: TestApplyJurisdictionRule_MaxRetailHolders_CapReached_Error (0.00s)
=== RUN   TestApplyJurisdictionRule_MaxRetailHolders_BelowCap_NoError
--- PASS: TestApplyJurisdictionRule_MaxRetailHolders_BelowCap_NoError (0.00s)
=== RUN   TestApplyJurisdictionRule_MaxRetailHolders_ProfessionalReceiver_NotCounted
--- PASS: TestApplyJurisdictionRule_MaxRetailHolders_ProfessionalReceiver_NotCounted (0.00s)
=== RUN   TestSaveDelegates_LoadDelegates_Roundtrip
2026/06/03 16:15:57 consensus startup invariant: mode=hybrid http_seal=true dbft_consensus=true
2026/06/03 16:15:57 consensus startup invariant: mode=hybrid http_seal=true dbft_consensus=true
--- PASS: TestSaveDelegates_LoadDelegates_Roundtrip (0.03s)
=== RUN   TestSaveDelegates_RuntimeFields_ReInitialisedOnLoad
2026/06/03 16:15:57 consensus startup invariant: mode=hybrid http_seal=true dbft_consensus=true
2026/06/03 16:15:57 consensus startup invariant: mode=hybrid http_seal=true dbft_consensus=true
--- PASS: TestSaveDelegates_RuntimeFields_ReInitialisedOnLoad (0.03s)
=== RUN   TestSaveDelegates_EmptySet_Roundtrip
2026/06/03 16:15:57 consensus startup invariant: mode=hybrid http_seal=true dbft_consensus=true
2026/06/03 16:15:57 consensus startup invariant: mode=hybrid http_seal=true dbft_consensus=true
--- PASS: TestSaveDelegates_EmptySet_Roundtrip (0.03s)
=== RUN   TestLoadDelegates_EmptyStore_NoChange
2026/06/03 16:15:57 consensus startup invariant: mode=hybrid http_seal=true dbft_consensus=true
--- PASS: TestLoadDelegates_EmptyStore_NoChange (0.02s)
=== RUN   TestSaveDelegates_SurvivesReopen
2026/06/03 16:15:57 consensus startup invariant: mode=hybrid http_seal=true dbft_consensus=true
2026/06/03 16:15:57 consensus startup invariant: mode=hybrid http_seal=true dbft_consensus=true
--- PASS: TestSaveDelegates_SurvivesReopen (0.03s)
=== RUN   TestSaveDelegates_OverwritesPreviousSave
2026/06/03 16:15:57 consensus startup invariant: mode=hybrid http_seal=true dbft_consensus=true
2026/06/03 16:15:57 consensus startup invariant: mode=hybrid http_seal=true dbft_consensus=true
--- PASS: TestSaveDelegates_OverwritesPreviousSave (0.04s)
=== RUN   TestVoteForDelegates_WithBlockStore_PersistsDelegates
2026/06/03 16:15:57 consensus startup invariant: mode=hybrid http_seal=true dbft_consensus=true
Delegate delegate-A received 500 votes
Speaker for view 0 is delegate-A
Invalid block: contains no transactions of any kind
Proposed block is invalid. Consensus cannot proceed.
2026/06/03 16:15:57 consensus startup invariant: mode=hybrid http_seal=true dbft_consensus=true
--- PASS: TestVoteForDelegates_WithBlockStore_PersistsDelegates (0.03s)
=== RUN   TestVoteForDelegates_NoBlockStore_NoPanic
2026/06/03 16:15:57 consensus startup invariant: mode=hybrid http_seal=true dbft_consensus=true
No delegates elected. Consensus cannot start.
--- PASS: TestVoteForDelegates_NoBlockStore_NoPanic (0.00s)
=== RUN   TestNewBlockchain_LoadsDelegatesFromStore_OnStartup
2026/06/03 16:15:57 consensus startup invariant: mode=hybrid http_seal=true dbft_consensus=true
2026/06/03 16:15:57 consensus startup invariant: mode=hybrid http_seal=true dbft_consensus=true
--- PASS: TestNewBlockchain_LoadsDelegatesFromStore_OnStartup (0.04s)
=== RUN   TestWalletSequences_RestoredAfterRestart
2026/06/03 16:15:57 consensus startup invariant: mode=hybrid http_seal=true dbft_consensus=true
2026/06/03 16:15:57 consensus startup invariant: mode=hybrid http_seal=true dbft_consensus=true
--- PASS: TestWalletSequences_RestoredAfterRestart (0.04s)
=== RUN   TestWalletSequences_CatchUpFromBlocks_AfterMissingSnapshot
2026/06/03 16:15:57 consensus startup invariant: mode=hybrid http_seal=true dbft_consensus=true
--- PASS: TestWalletSequences_CatchUpFromBlocks_AfterMissingSnapshot (0.04s)
=== RUN   TestOpenBlockStore_CreatesFile
--- PASS: TestOpenBlockStore_CreatesFile (0.02s)
=== RUN   TestOpenBlockStore_InvalidPath_ReturnsError
--- PASS: TestOpenBlockStore_InvalidPath_ReturnsError (0.00s)
=== RUN   TestOpenBlockStore_OpenExisting_Succeeds
--- PASS: TestOpenBlockStore_OpenExisting_Succeeds (0.03s)
=== RUN   TestPersistence_SaveAndLoad_SingleBlock
2026/06/03 16:15:57 consensus startup invariant: mode=hybrid http_seal=true dbft_consensus=true
--- PASS: TestPersistence_SaveAndLoad_SingleBlock (0.03s)
=== RUN   TestPersistence_SaveAndLoad_MultipleBlocksPreservesOrder
2026/06/03 16:15:57 consensus startup invariant: mode=hybrid http_seal=true dbft_consensus=true
--- PASS: TestPersistence_SaveAndLoad_MultipleBlocksPreservesOrder (0.06s)
=== RUN   TestPersistence_SaveAndLoad_TenBlocksKeyOrder
2026/06/03 16:15:57 consensus startup invariant: mode=hybrid http_seal=true dbft_consensus=true
--- PASS: TestPersistence_SaveAndLoad_TenBlocksKeyOrder (0.10s)
=== RUN   TestPersistence_SaveBlock_Overwrites
2026/06/03 16:15:57 consensus startup invariant: mode=hybrid http_seal=true dbft_consensus=true
--- PASS: TestPersistence_SaveBlock_Overwrites (0.04s)
=== RUN   TestPersistence_LoadBlocks_EmptyStore_NoError
2026/06/03 16:15:57 consensus startup invariant: mode=hybrid http_seal=true dbft_consensus=true
--- PASS: TestPersistence_LoadBlocks_EmptyStore_NoError (0.02s)
=== RUN   TestPersistence_SaveBlock_WithTransactions
2026/06/03 16:15:57 consensus startup invariant: mode=hybrid http_seal=true dbft_consensus=true
--- PASS: TestPersistence_SaveBlock_WithTransactions (0.03s)
=== RUN   TestPersistence_BlockCount_AfterSaves
--- PASS: TestPersistence_BlockCount_AfterSaves (0.05s)
=== RUN   TestPersistence_BlockCount_Empty
--- PASS: TestPersistence_BlockCount_Empty (0.02s)
=== RUN   TestPersistence_SurvivesReopen
2026/06/03 16:15:57 consensus startup invariant: mode=hybrid http_seal=true dbft_consensus=true
--- PASS: TestPersistence_SurvivesReopen (0.05s)
=== RUN   TestPersistence_SealBlock_PersistsBlock
2026/06/03 16:15:57 consensus startup invariant: mode=hybrid http_seal=true dbft_consensus=true
2026-06-03T16:15:58.004+0100	INFO	p2pnode	GreenHouse.web3/p2p.go:448	Libp2p host created with ID: 12D3KooWDmr6fcii18wfw7n6K4UwV313cUAzndmSaqd63xSmcmWY
2026/06/03 16:15:58 P2P: using Noise XX security transport (mutual auth)
2026-06-03T16:15:58.004+0100	INFO	p2pnode	GreenHouse.web3/p2p.go:453	Listening on: /ip4/127.0.0.1/tcp/62063/p2p/12D3KooWDmr6fcii18wfw7n6K4UwV313cUAzndmSaqd63xSmcmWY
2026-06-03T16:15:58.004+0100	INFO	p2pnode	GreenHouse.web3/p2p.go:453	Listening on: /ip4/127.0.0.1/udp/57519/quic-v1/webtransport/certhash/uEiACvzNxIhHs85jaawKdYwJOWN_vKPvLwn5T6-nIHOXCoQ/certhash/uEiBhwMhPFQOLK_7kXYznr2e_7NBKQUSsM_0IJu9MOGa1nw/p2p/12D3KooWDmr6fcii18wfw7n6K4UwV313cUAzndmSaqd63xSmcmWY
2026-06-03T16:15:58.004+0100	INFO	p2pnode	GreenHouse.web3/p2p.go:453	Listening on: /ip4/127.0.0.1/udp/62415/quic-v1/p2p/12D3KooWDmr6fcii18wfw7n6K4UwV313cUAzndmSaqd63xSmcmWY
2026-06-03T16:15:58.004+0100	INFO	p2pnode	GreenHouse.web3/p2p.go:453	Listening on: /ip4/127.0.0.1/udp/64475/webrtc-direct/certhash/uEiDhrW1bvXNIbQAej7FY5zTT0U7kkuWT7F8IoGfFHO-jFw/p2p/12D3KooWDmr6fcii18wfw7n6K4UwV313cUAzndmSaqd63xSmcmWY
2026-06-03T16:15:58.004+0100	INFO	p2pnode	GreenHouse.web3/p2p.go:453	Listening on: /ip4/192.168.0.156/tcp/62063/p2p/12D3KooWDmr6fcii18wfw7n6K4UwV313cUAzndmSaqd63xSmcmWY
2026-06-03T16:15:58.004+0100	INFO	p2pnode	GreenHouse.web3/p2p.go:453	Listening on: /ip4/192.168.0.156/udp/57519/quic-v1/webtransport/certhash/uEiACvzNxIhHs85jaawKdYwJOWN_vKPvLwn5T6-nIHOXCoQ/certhash/uEiBhwMhPFQOLK_7kXYznr2e_7NBKQUSsM_0IJu9MOGa1nw/p2p/12D3KooWDmr6fcii18wfw7n6K4UwV313cUAzndmSaqd63xSmcmWY
2026-06-03T16:15:58.004+0100	INFO	p2pnode	GreenHouse.web3/p2p.go:453	Listening on: /ip4/192.168.0.156/udp/62415/quic-v1/p2p/12D3KooWDmr6fcii18wfw7n6K4UwV313cUAzndmSaqd63xSmcmWY
2026-06-03T16:15:58.004+0100	INFO	p2pnode	GreenHouse.web3/p2p.go:453	Listening on: /ip4/192.168.0.156/udp/64475/webrtc-direct/certhash/uEiDhrW1bvXNIbQAej7FY5zTT0U7kkuWT7F8IoGfFHO-jFw/p2p/12D3KooWDmr6fcii18wfw7n6K4UwV313cUAzndmSaqd63xSmcmWY
2026-06-03T16:15:58.004+0100	INFO	p2pnode	GreenHouse.web3/p2p.go:453	Listening on: /ip6/::1/tcp/62064/p2p/12D3KooWDmr6fcii18wfw7n6K4UwV313cUAzndmSaqd63xSmcmWY
2026-06-03T16:15:58.004+0100	INFO	p2pnode	GreenHouse.web3/p2p.go:453	Listening on: /ip6/::1/udp/49268/quic-v1/p2p/12D3KooWDmr6fcii18wfw7n6K4UwV313cUAzndmSaqd63xSmcmWY
2026-06-03T16:15:58.004+0100	INFO	p2pnode	GreenHouse.web3/p2p.go:453	Listening on: /ip6/::1/udp/49856/webrtc-direct/certhash/uEiDhrW1bvXNIbQAej7FY5zTT0U7kkuWT7F8IoGfFHO-jFw/p2p/12D3KooWDmr6fcii18wfw7n6K4UwV313cUAzndmSaqd63xSmcmWY
2026-06-03T16:15:58.004+0100	INFO	p2pnode	GreenHouse.web3/p2p.go:453	Listening on: /ip6/::1/udp/55707/quic-v1/webtransport/certhash/uEiACvzNxIhHs85jaawKdYwJOWN_vKPvLwn5T6-nIHOXCoQ/certhash/uEiBhwMhPFQOLK_7kXYznr2e_7NBKQUSsM_0IJu9MOGa1nw/p2p/12D3KooWDmr6fcii18wfw7n6K4UwV313cUAzndmSaqd63xSmcmWY
2026-06-03T16:15:58.004+0100	INFO	p2pnode	GreenHouse.web3/p2p.go:513	DHT discovery disabled (GONETWORK_DISABLE_P2P_DHT=1)
2026-06-03T16:15:58.004+0100	INFO	p2pnode	GreenHouse.web3/p2p.go:532	PubSub service initialized (D=4 Dlo=3 Dhi=5 heartbeat=500ms)
2026-06-03T16:15:58.004+0100	INFO	p2pnode	GreenHouse.web3/p2p.go:539	Joined topic: seal-test
2026-06-03T16:15:58.004+0100	INFO	p2pnode	GreenHouse.web3/p2p.go:546	Joined consensus topic: seal-test/consensus
2026-06-03T16:15:58.004+0100	INFO	p2pnode	GreenHouse.web3/p2p.go:563	Topic validator registered for seal-test
2026-06-03T16:15:58.005+0100	INFO	p2pnode	GreenHouse.web3/p2p.go:573	Topic validator registered for seal-test/consensus
2026-06-03T16:15:58.005+0100	INFO	p2pnode	GreenHouse.web3/p2p.go:580	Subscribed to topic
2026-06-03T16:15:58.005+0100	INFO	p2pnode	GreenHouse.web3/p2p.go:586	Subscribed to consensus topic
2026-06-03T16:15:58.005+0100	INFO	p2pnode	GreenHouse.web3/p2p.go:603	mDNS discovery disabled (GONETWORK_DISABLE_P2P_MDNS=1)
2026-06-03T16:15:58.005+0100	INFO	p2pnode	GreenHouse.web3/p2p.go:712	Stream handler set for direct messaging
--- PASS: TestPersistence_SealBlock_PersistsBlock (0.05s)
=== RUN   TestPersistence_SaveAndLoadState_RoundTrip
2026/06/03 16:15:58 consensus startup invariant: mode=hybrid http_seal=true dbft_consensus=true
2026/06/03 16:15:58 consensus startup invariant: mode=hybrid http_seal=true dbft_consensus=true
--- PASS: TestPersistence_SaveAndLoadState_RoundTrip (0.03s)
=== RUN   TestPersistence_LoadState_EmptyStore_ReturnsMinusOne
2026/06/03 16:15:58 consensus startup invariant: mode=hybrid http_seal=true dbft_consensus=true
--- PASS: TestPersistence_LoadState_EmptyStore_ReturnsMinusOne (0.02s)
=== RUN   TestPersistence_SaveState_SurvivesReopen
2026/06/03 16:15:58 consensus startup invariant: mode=hybrid http_seal=true dbft_consensus=true
2026/06/03 16:15:58 consensus startup invariant: mode=hybrid http_seal=true dbft_consensus=true
--- PASS: TestPersistence_SaveState_SurvivesReopen (0.03s)
=== RUN   TestPersistence_SealBlock_PersistsState
2026/06/03 16:15:58 consensus startup invariant: mode=hybrid http_seal=true dbft_consensus=true
2026/06/03 16:15:58 consensus startup invariant: mode=hybrid http_seal=true dbft_consensus=true
--- PASS: TestPersistence_SealBlock_PersistsState (0.03s)
=== RUN   TestPersistence_Backup_RoundTripProducesReadableBolt
--- PASS: TestPersistence_Backup_RoundTripProducesReadableBolt (0.04s)
=== RUN   TestPersistence_BackupLoop_ExitsOnContextCancel
2026/06/03 16:15:58 consensus startup invariant: mode=hybrid http_seal=true dbft_consensus=true
--- PASS: TestPersistence_BackupLoop_ExitsOnContextCancel (0.06s)
=== RUN   TestKeyForIndex_MatchesSaveBlockFormat
--- PASS: TestKeyForIndex_MatchesSaveBlockFormat (0.00s)
=== RUN   TestResolveBackupInterval_UsesDefaultAndBounds
2026/06/03 16:15:58 GREENHOUSE_BACKUP_INTERVAL parse error for "not-a-duration": time: invalid duration "not-a-duration" (using default 24h0m0s)
2026/06/03 16:15:58 GREENHOUSE_BACKUP_INTERVAL 1s below minimum 1m0s; clamping
2026/06/03 16:15:58 GREENHOUSE_BACKUP_INTERVAL 9999h0m0s above maximum 168h0m0s; clamping
--- PASS: TestResolveBackupInterval_UsesDefaultAndBounds (0.00s)
=== RUN   TestResolveBackupRetention_UsesDefaultAndBounds
2026/06/03 16:15:58 GREENHOUSE_BACKUP_KEEP parse error for "oops": strconv.Atoi: parsing "oops": invalid syntax (using default 30)
2026/06/03 16:15:58 GREENHOUSE_BACKUP_KEEP must be >= 0; got -3 (using default 30)
2026/06/03 16:15:58 GREENHOUSE_BACKUP_KEEP 999999 above maximum 1000; clamping
--- PASS: TestResolveBackupRetention_UsesDefaultAndBounds (0.00s)
=== RUN   TestPruneOldBackups_KeepsNewestN
--- PASS: TestPruneOldBackups_KeepsNewestN (0.00s)
=== RUN   TestNewPontesPaymentProvider_Valid
--- PASS: TestNewPontesPaymentProvider_Valid (0.00s)
=== RUN   TestNewPontesPaymentProvider_DefaultBaseURL
--- PASS: TestNewPontesPaymentProvider_DefaultBaseURL (0.00s)
=== RUN   TestNewPontesPaymentProvider_MissingAPIKey_Error
--- PASS: TestNewPontesPaymentProvider_MissingAPIKey_Error (0.00s)
=== RUN   TestNewPontesPaymentProvider_MissingDLTOperator_Error
--- PASS: TestNewPontesPaymentProvider_MissingDLTOperator_Error (0.00s)
=== RUN   TestNewPontesPaymentProviderFromEnv_MissingAPIKey
--- PASS: TestNewPontesPaymentProviderFromEnv_MissingAPIKey (0.00s)
=== RUN   TestNewPontesPaymentProviderFromEnv_MissingDLTOperator
--- PASS: TestNewPontesPaymentProviderFromEnv_MissingDLTOperator (0.00s)
=== RUN   TestNewPontesPaymentProviderFromEnv_DefaultBaseURL
--- PASS: TestNewPontesPaymentProviderFromEnv_DefaultBaseURL (0.00s)
=== RUN   TestNewPontesPaymentProviderFromEnv_CustomBaseURL
--- PASS: TestNewPontesPaymentProviderFromEnv_CustomBaseURL (0.00s)
=== RUN   TestPontesCreateVirtualAccount_ReturnsPrefix
--- PASS: TestPontesCreateVirtualAccount_ReturnsPrefix (0.00s)
=== RUN   TestPontesCreateVirtualAccount_EmptyWallet
--- PASS: TestPontesCreateVirtualAccount_EmptyWallet (0.00s)
=== RUN   TestPontesGetPaymentStatus_Unknown_ReturnsPending
--- PASS: TestPontesGetPaymentStatus_Unknown_ReturnsPending (0.00s)
=== RUN   TestPontesGetPaymentStatus_AfterConfirm_ReturnsConfirmed
--- PASS: TestPontesGetPaymentStatus_AfterConfirm_ReturnsConfirmed (0.00s)
=== RUN   TestPontesGetPaymentStatus_ConcurrentPolling_NoDeadlock
--- PASS: TestPontesGetPaymentStatus_ConcurrentPolling_NoDeadlock (0.05s)
=== RUN   TestPontesGetPaymentStatus_404_ReturnsFailed
--- PASS: TestPontesGetPaymentStatus_404_ReturnsFailed (0.00s)
=== RUN   TestPontesGetPaymentStatus_503_ReturnsUnknownWithError
--- PASS: TestPontesGetPaymentStatus_503_ReturnsUnknownWithError (0.00s)
=== RUN   TestPontesGetPaymentStatus_DecodeError_ReturnsError
--- PASS: TestPontesGetPaymentStatus_DecodeError_ReturnsError (0.00s)
=== RUN   TestPontesConfirmPayment_AcceptsEUR
--- PASS: TestPontesConfirmPayment_AcceptsEUR (0.00s)
=== RUN   TestPontesConfirmPayment_Idempotent
--- PASS: TestPontesConfirmPayment_Idempotent (0.00s)
=== RUN   TestPontesConfirmPayment_AcceptsAnyAmountAndCurrency
--- PASS: TestPontesConfirmPayment_AcceptsAnyAmountAndCurrency (0.00s)
=== RUN   TestPontesVerifyWebhookSignature_Valid
--- PASS: TestPontesVerifyWebhookSignature_Valid (0.00s)
=== RUN   TestPontesVerifyWebhookSignature_TamperedPayload_False
--- PASS: TestPontesVerifyWebhookSignature_TamperedPayload_False (0.00s)
=== RUN   TestPontesVerifyWebhookSignature_WrongSecret_False
--- PASS: TestPontesVerifyWebhookSignature_WrongSecret_False (0.00s)
=== RUN   TestPontesVerifyWebhookSignature_EmptyHMACSecret_False
--- PASS: TestPontesVerifyWebhookSignature_EmptyHMACSecret_False (0.00s)
=== RUN   TestPontesVerifyWebhookSignature_EmptyPayload_Valid
--- PASS: TestPontesVerifyWebhookSignature_EmptyPayload_Valid (0.00s)
=== RUN   TestPontesStatusToPaymentStatus_Settled
--- PASS: TestPontesStatusToPaymentStatus_Settled (0.00s)
=== RUN   TestPontesStatusToPaymentStatus_Confirmed
--- PASS: TestPontesStatusToPaymentStatus_Confirmed (0.00s)
=== RUN   TestPontesStatusToPaymentStatus_Failed
--- PASS: TestPontesStatusToPaymentStatus_Failed (0.00s)
=== RUN   TestPontesStatusToPaymentStatus_Rejected
--- PASS: TestPontesStatusToPaymentStatus_Rejected (0.00s)
=== RUN   TestPontesStatusToPaymentStatus_Expired
--- PASS: TestPontesStatusToPaymentStatus_Expired (0.00s)
=== RUN   TestPontesStatusToPaymentStatus_Unknown_Pending
--- PASS: TestPontesStatusToPaymentStatus_Unknown_Pending (0.00s)
=== RUN   TestPontes_RegisterSettlement_CancelledContext_NoRequest
--- PASS: TestPontes_RegisterSettlement_CancelledContext_NoRequest (0.00s)
=== RUN   TestPreferredSettlementMethod_EUR_NoPontes_ReturnsEURC
2026/06/03 16:15:58 consensus startup invariant: mode=hybrid http_seal=true dbft_consensus=true
2026-06-03T16:15:58.310+0100	INFO	p2pnode	GreenHouse.web3/p2p.go:448	Libp2p host created with ID: 12D3KooWBdyA1Jbn4gaqsQXWkhUuwYn6qtKiBLJZpSiVLqAYcbia
2026/06/03 16:15:58 P2P: using Noise XX security transport (mutual auth)
2026-06-03T16:15:58.310+0100	INFO	p2pnode	GreenHouse.web3/p2p.go:453	Listening on: /ip4/127.0.0.1/tcp/62076/p2p/12D3KooWBdyA1Jbn4gaqsQXWkhUuwYn6qtKiBLJZpSiVLqAYcbia
2026-06-03T16:15:58.310+0100	INFO	p2pnode	GreenHouse.web3/p2p.go:453	Listening on: /ip4/127.0.0.1/udp/59347/quic-v1/webtransport/certhash/uEiAhxVc-kfkfcdJHwz3OEUdGHf6UWGwTGRpnullV5ncN6w/certhash/uEiAO924sUlXclOxFe_Bm1sQCMamUAVgNvMV5-OIF_5yAsQ/p2p/12D3KooWBdyA1Jbn4gaqsQXWkhUuwYn6qtKiBLJZpSiVLqAYcbia
2026-06-03T16:15:58.310+0100	INFO	p2pnode	GreenHouse.web3/p2p.go:453	Listening on: /ip4/127.0.0.1/udp/62071/webrtc-direct/certhash/uEiCDVBFw2U4bfHN6nwniDsqgcj_-uwARrCQqJBHt5nXtng/p2p/12D3KooWBdyA1Jbn4gaqsQXWkhUuwYn6qtKiBLJZpSiVLqAYcbia
2026-06-03T16:15:58.310+0100	INFO	p2pnode	GreenHouse.web3/p2p.go:453	Listening on: /ip4/127.0.0.1/udp/63987/quic-v1/p2p/12D3KooWBdyA1Jbn4gaqsQXWkhUuwYn6qtKiBLJZpSiVLqAYcbia
2026-06-03T16:15:58.310+0100	INFO	p2pnode	GreenHouse.web3/p2p.go:453	Listening on: /ip4/192.168.0.156/tcp/62076/p2p/12D3KooWBdyA1Jbn4gaqsQXWkhUuwYn6qtKiBLJZpSiVLqAYcbia
2026-06-03T16:15:58.310+0100	INFO	p2pnode	GreenHouse.web3/p2p.go:453	Listening on: /ip4/192.168.0.156/udp/59347/quic-v1/webtransport/certhash/uEiAhxVc-kfkfcdJHwz3OEUdGHf6UWGwTGRpnullV5ncN6w/certhash/uEiAO924sUlXclOxFe_Bm1sQCMamUAVgNvMV5-OIF_5yAsQ/p2p/12D3KooWBdyA1Jbn4gaqsQXWkhUuwYn6qtKiBLJZpSiVLqAYcbia
2026-06-03T16:15:58.310+0100	INFO	p2pnode	GreenHouse.web3/p2p.go:453	Listening on: /ip4/192.168.0.156/udp/62071/webrtc-direct/certhash/uEiCDVBFw2U4bfHN6nwniDsqgcj_-uwARrCQqJBHt5nXtng/p2p/12D3KooWBdyA1Jbn4gaqsQXWkhUuwYn6qtKiBLJZpSiVLqAYcbia
2026-06-03T16:15:58.310+0100	INFO	p2pnode	GreenHouse.web3/p2p.go:453	Listening on: /ip4/192.168.0.156/udp/63987/quic-v1/p2p/12D3KooWBdyA1Jbn4gaqsQXWkhUuwYn6qtKiBLJZpSiVLqAYcbia
2026-06-03T16:15:58.310+0100	INFO	p2pnode	GreenHouse.web3/p2p.go:453	Listening on: /ip6/::1/tcp/62077/p2p/12D3KooWBdyA1Jbn4gaqsQXWkhUuwYn6qtKiBLJZpSiVLqAYcbia
2026-06-03T16:15:58.310+0100	INFO	p2pnode	GreenHouse.web3/p2p.go:453	Listening on: /ip6/::1/udp/50649/quic-v1/p2p/12D3KooWBdyA1Jbn4gaqsQXWkhUuwYn6qtKiBLJZpSiVLqAYcbia
2026-06-03T16:15:58.310+0100	INFO	p2pnode	GreenHouse.web3/p2p.go:453	Listening on: /ip6/::1/udp/59861/webrtc-direct/certhash/uEiCDVBFw2U4bfHN6nwniDsqgcj_-uwARrCQqJBHt5nXtng/p2p/12D3KooWBdyA1Jbn4gaqsQXWkhUuwYn6qtKiBLJZpSiVLqAYcbia
2026-06-03T16:15:58.310+0100	INFO	p2pnode	GreenHouse.web3/p2p.go:453	Listening on: /ip6/::1/udp/63906/quic-v1/webtransport/certhash/uEiAhxVc-kfkfcdJHwz3OEUdGHf6UWGwTGRpnullV5ncN6w/certhash/uEiAO924sUlXclOxFe_Bm1sQCMamUAVgNvMV5-OIF_5yAsQ/p2p/12D3KooWBdyA1Jbn4gaqsQXWkhUuwYn6qtKiBLJZpSiVLqAYcbia
2026-06-03T16:15:58.310+0100	INFO	p2pnode	GreenHouse.web3/p2p.go:513	DHT discovery disabled (GONETWORK_DISABLE_P2P_DHT=1)
2026-06-03T16:15:58.310+0100	INFO	p2pnode	GreenHouse.web3/p2p.go:532	PubSub service initialized (D=4 Dlo=3 Dhi=5 heartbeat=500ms)
2026-06-03T16:15:58.310+0100	INFO	p2pnode	GreenHouse.web3/p2p.go:539	Joined topic: f5-eur-no-pontes
2026-06-03T16:15:58.310+0100	INFO	p2pnode	GreenHouse.web3/p2p.go:546	Joined consensus topic: f5-eur-no-pontes/consensus
2026-06-03T16:15:58.310+0100	INFO	p2pnode	GreenHouse.web3/p2p.go:563	Topic validator registered for f5-eur-no-pontes
2026-06-03T16:15:58.310+0100	INFO	p2pnode	GreenHouse.web3/p2p.go:573	Topic validator registered for f5-eur-no-pontes/consensus
2026-06-03T16:15:58.310+0100	INFO	p2pnode	GreenHouse.web3/p2p.go:580	Subscribed to topic
2026-06-03T16:15:58.310+0100	INFO	p2pnode	GreenHouse.web3/p2p.go:586	Subscribed to consensus topic
2026-06-03T16:15:58.310+0100	INFO	p2pnode	GreenHouse.web3/p2p.go:603	mDNS discovery disabled (GONETWORK_DISABLE_P2P_MDNS=1)
2026-06-03T16:15:58.310+0100	INFO	p2pnode	GreenHouse.web3/p2p.go:712	Stream handler set for direct messaging
--- PASS: TestPreferredSettlementMethod_EUR_NoPontes_ReturnsEURC (0.01s)
=== RUN   TestPreferredSettlementMethod_EUR_WithPontes_ReturnsCeBM
2026/06/03 16:15:58 consensus startup invariant: mode=hybrid http_seal=true dbft_consensus=true
2026-06-03T16:15:58.317+0100	INFO	p2pnode	GreenHouse.web3/p2p.go:448	Libp2p host created with ID: 12D3KooWCwjuXA8jov4XvXdnevZKq6mX91wkqj4sMiXxH6idTjGQ
2026/06/03 16:15:58 P2P: using Noise XX security transport (mutual auth)
2026-06-03T16:15:58.317+0100	INFO	p2pnode	GreenHouse.web3/p2p.go:453	Listening on: /ip4/127.0.0.1/tcp/62078/p2p/12D3KooWCwjuXA8jov4XvXdnevZKq6mX91wkqj4sMiXxH6idTjGQ
2026-06-03T16:15:58.317+0100	INFO	p2pnode	GreenHouse.web3/p2p.go:453	Listening on: /ip4/127.0.0.1/udp/49243/webrtc-direct/certhash/uEiC1YkAVscIScIPX8Nxa8kPpOrA9TBmJHpMefIOcXP-FUg/p2p/12D3KooWCwjuXA8jov4XvXdnevZKq6mX91wkqj4sMiXxH6idTjGQ
2026-06-03T16:15:58.317+0100	INFO	p2pnode	GreenHouse.web3/p2p.go:453	Listening on: /ip4/127.0.0.1/udp/51140/quic-v1/webtransport/certhash/uEiB4yf4OBcKoQfWbAkLLLWskZi3OpIW5cxgQ0pG44aAmsg/certhash/uEiDFtrpzB6Zr-LvCnNUH4UYLFRsrH6bM10gluGQ7IvTChA/p2p/12D3KooWCwjuXA8jov4XvXdnevZKq6mX91wkqj4sMiXxH6idTjGQ
2026-06-03T16:15:58.317+0100	INFO	p2pnode	GreenHouse.web3/p2p.go:453	Listening on: /ip4/127.0.0.1/udp/58072/quic-v1/p2p/12D3KooWCwjuXA8jov4XvXdnevZKq6mX91wkqj4sMiXxH6idTjGQ
2026-06-03T16:15:58.317+0100	INFO	p2pnode	GreenHouse.web3/p2p.go:453	Listening on: /ip4/192.168.0.156/tcp/62078/p2p/12D3KooWCwjuXA8jov4XvXdnevZKq6mX91wkqj4sMiXxH6idTjGQ
2026-06-03T16:15:58.317+0100	INFO	p2pnode	GreenHouse.web3/p2p.go:453	Listening on: /ip4/192.168.0.156/udp/49243/webrtc-direct/certhash/uEiC1YkAVscIScIPX8Nxa8kPpOrA9TBmJHpMefIOcXP-FUg/p2p/12D3KooWCwjuXA8jov4XvXdnevZKq6mX91wkqj4sMiXxH6idTjGQ
2026-06-03T16:15:58.317+0100	INFO	p2pnode	GreenHouse.web3/p2p.go:453	Listening on: /ip4/192.168.0.156/udp/51140/quic-v1/webtransport/certhash/uEiB4yf4OBcKoQfWbAkLLLWskZi3OpIW5cxgQ0pG44aAmsg/certhash/uEiDFtrpzB6Zr-LvCnNUH4UYLFRsrH6bM10gluGQ7IvTChA/p2p/12D3KooWCwjuXA8jov4XvXdnevZKq6mX91wkqj4sMiXxH6idTjGQ
2026-06-03T16:15:58.317+0100	INFO	p2pnode	GreenHouse.web3/p2p.go:453	Listening on: /ip4/192.168.0.156/udp/58072/quic-v1/p2p/12D3KooWCwjuXA8jov4XvXdnevZKq6mX91wkqj4sMiXxH6idTjGQ
2026-06-03T16:15:58.317+0100	INFO	p2pnode	GreenHouse.web3/p2p.go:453	Listening on: /ip6/::1/tcp/62079/p2p/12D3KooWCwjuXA8jov4XvXdnevZKq6mX91wkqj4sMiXxH6idTjGQ
2026-06-03T16:15:58.317+0100	INFO	p2pnode	GreenHouse.web3/p2p.go:453	Listening on: /ip6/::1/udp/49207/quic-v1/webtransport/certhash/uEiB4yf4OBcKoQfWbAkLLLWskZi3OpIW5cxgQ0pG44aAmsg/certhash/uEiDFtrpzB6Zr-LvCnNUH4UYLFRsrH6bM10gluGQ7IvTChA/p2p/12D3KooWCwjuXA8jov4XvXdnevZKq6mX91wkqj4sMiXxH6idTjGQ
2026-06-03T16:15:58.317+0100	INFO	p2pnode	GreenHouse.web3/p2p.go:453	Listening on: /ip6/::1/udp/54188/webrtc-direct/certhash/uEiC1YkAVscIScIPX8Nxa8kPpOrA9TBmJHpMefIOcXP-FUg/p2p/12D3KooWCwjuXA8jov4XvXdnevZKq6mX91wkqj4sMiXxH6idTjGQ
2026-06-03T16:15:58.317+0100	INFO	p2pnode	GreenHouse.web3/p2p.go:453	Listening on: /ip6/::1/udp/65283/quic-v1/p2p/12D3KooWCwjuXA8jov4XvXdnevZKq6mX91wkqj4sMiXxH6idTjGQ
2026-06-03T16:15:58.317+0100	INFO	p2pnode	GreenHouse.web3/p2p.go:513	DHT discovery disabled (GONETWORK_DISABLE_P2P_DHT=1)
2026-06-03T16:15:58.317+0100	INFO	p2pnode	GreenHouse.web3/p2p.go:532	PubSub service initialized (D=4 Dlo=3 Dhi=5 heartbeat=500ms)
2026-06-03T16:15:58.317+0100	INFO	p2pnode	GreenHouse.web3/p2p.go:539	Joined topic: f5-eur-with-pontes
2026-06-03T16:15:58.317+0100	INFO	p2pnode	GreenHouse.web3/p2p.go:546	Joined consensus topic: f5-eur-with-pontes/consensus
2026-06-03T16:15:58.317+0100	INFO	p2pnode	GreenHouse.web3/p2p.go:563	Topic validator registered for f5-eur-with-pontes
2026-06-03T16:15:58.317+0100	INFO	p2pnode	GreenHouse.web3/p2p.go:573	Topic validator registered for f5-eur-with-pontes/consensus
2026-06-03T16:15:58.317+0100	INFO	p2pnode	GreenHouse.web3/p2p.go:580	Subscribed to topic
2026-06-03T16:15:58.317+0100	INFO	p2pnode	GreenHouse.web3/p2p.go:586	Subscribed to consensus topic
2026-06-03T16:15:58.317+0100	INFO	p2pnode	GreenHouse.web3/p2p.go:603	mDNS discovery disabled (GONETWORK_DISABLE_P2P_MDNS=1)
2026-06-03T16:15:58.318+0100	INFO	p2pnode	GreenHouse.web3/p2p.go:712	Stream handler set for direct messaging
--- PASS: TestPreferredSettlementMethod_EUR_WithPontes_ReturnsCeBM (0.01s)
=== RUN   TestPreferredSettlementMethod_GBP_AlwaysFasterPay
2026/06/03 16:15:58 consensus startup invariant: mode=hybrid http_seal=true dbft_consensus=true
2026-06-03T16:15:58.323+0100	INFO	p2pnode	GreenHouse.web3/p2p.go:448	Libp2p host created with ID: 12D3KooWASLeHaWdJZ9nvuev2nBYYHYrfVRCZ1bjNFSUYM3RxaTz
2026/06/03 16:15:58 P2P: using Noise XX security transport (mutual auth)
2026-06-03T16:15:58.323+0100	INFO	p2pnode	GreenHouse.web3/p2p.go:453	Listening on: /ip4/127.0.0.1/tcp/62080/p2p/12D3KooWASLeHaWdJZ9nvuev2nBYYHYrfVRCZ1bjNFSUYM3RxaTz
2026-06-03T16:15:58.323+0100	INFO	p2pnode	GreenHouse.web3/p2p.go:453	Listening on: /ip4/127.0.0.1/udp/51056/webrtc-direct/certhash/uEiABW2MKC9Ro3vmeSVmCI7WAPcMlBIDADaET_hd2a3Y5Yg/p2p/12D3KooWASLeHaWdJZ9nvuev2nBYYHYrfVRCZ1bjNFSUYM3RxaTz
2026-06-03T16:15:58.323+0100	INFO	p2pnode	GreenHouse.web3/p2p.go:453	Listening on: /ip4/127.0.0.1/udp/65181/quic-v1/p2p/12D3KooWASLeHaWdJZ9nvuev2nBYYHYrfVRCZ1bjNFSUYM3RxaTz
2026-06-03T16:15:58.323+0100	INFO	p2pnode	GreenHouse.web3/p2p.go:453	Listening on: /ip4/127.0.0.1/udp/65183/quic-v1/webtransport/certhash/uEiBFrTHo-vdmfO1L4hYhogaA43qYjeImp8-Jm4XGm1MEqQ/certhash/uEiCvaGJPAKOp2kjQBSXtjWqaLXaHp5TsWpWLuNKp_c1-4w/p2p/12D3KooWASLeHaWdJZ9nvuev2nBYYHYrfVRCZ1bjNFSUYM3RxaTz
2026-06-03T16:15:58.323+0100	INFO	p2pnode	GreenHouse.web3/p2p.go:453	Listening on: /ip4/192.168.0.156/tcp/62080/p2p/12D3KooWASLeHaWdJZ9nvuev2nBYYHYrfVRCZ1bjNFSUYM3RxaTz
2026-06-03T16:15:58.323+0100	INFO	p2pnode	GreenHouse.web3/p2p.go:453	Listening on: /ip4/192.168.0.156/udp/51056/webrtc-direct/certhash/uEiABW2MKC9Ro3vmeSVmCI7WAPcMlBIDADaET_hd2a3Y5Yg/p2p/12D3KooWASLeHaWdJZ9nvuev2nBYYHYrfVRCZ1bjNFSUYM3RxaTz
2026-06-03T16:15:58.323+0100	INFO	p2pnode	GreenHouse.web3/p2p.go:453	Listening on: /ip4/192.168.0.156/udp/65181/quic-v1/p2p/12D3KooWASLeHaWdJZ9nvuev2nBYYHYrfVRCZ1bjNFSUYM3RxaTz
2026-06-03T16:15:58.323+0100	INFO	p2pnode	GreenHouse.web3/p2p.go:453	Listening on: /ip4/192.168.0.156/udp/65183/quic-v1/webtransport/certhash/uEiBFrTHo-vdmfO1L4hYhogaA43qYjeImp8-Jm4XGm1MEqQ/certhash/uEiCvaGJPAKOp2kjQBSXtjWqaLXaHp5TsWpWLuNKp_c1-4w/p2p/12D3KooWASLeHaWdJZ9nvuev2nBYYHYrfVRCZ1bjNFSUYM3RxaTz
2026-06-03T16:15:58.323+0100	INFO	p2pnode	GreenHouse.web3/p2p.go:453	Listening on: /ip6/::1/tcp/62081/p2p/12D3KooWASLeHaWdJZ9nvuev2nBYYHYrfVRCZ1bjNFSUYM3RxaTz
2026-06-03T16:15:58.323+0100	INFO	p2pnode	GreenHouse.web3/p2p.go:453	Listening on: /ip6/::1/udp/52220/webrtc-direct/certhash/uEiABW2MKC9Ro3vmeSVmCI7WAPcMlBIDADaET_hd2a3Y5Yg/p2p/12D3KooWASLeHaWdJZ9nvuev2nBYYHYrfVRCZ1bjNFSUYM3RxaTz
2026-06-03T16:15:58.323+0100	INFO	p2pnode	GreenHouse.web3/p2p.go:453	Listening on: /ip6/::1/udp/54038/quic-v1/webtransport/certhash/uEiBFrTHo-vdmfO1L4hYhogaA43qYjeImp8-Jm4XGm1MEqQ/certhash/uEiCvaGJPAKOp2kjQBSXtjWqaLXaHp5TsWpWLuNKp_c1-4w/p2p/12D3KooWASLeHaWdJZ9nvuev2nBYYHYrfVRCZ1bjNFSUYM3RxaTz
2026-06-03T16:15:58.323+0100	INFO	p2pnode	GreenHouse.web3/p2p.go:453	Listening on: /ip6/::1/udp/63251/quic-v1/p2p/12D3KooWASLeHaWdJZ9nvuev2nBYYHYrfVRCZ1bjNFSUYM3RxaTz
2026-06-03T16:15:58.323+0100	INFO	p2pnode	GreenHouse.web3/p2p.go:513	DHT discovery disabled (GONETWORK_DISABLE_P2P_DHT=1)
2026-06-03T16:15:58.323+0100	INFO	p2pnode	GreenHouse.web3/p2p.go:532	PubSub service initialized (D=4 Dlo=3 Dhi=5 heartbeat=500ms)
2026-06-03T16:15:58.323+0100	INFO	p2pnode	GreenHouse.web3/p2p.go:539	Joined topic: f5-gbp
2026-06-03T16:15:58.324+0100	INFO	p2pnode	GreenHouse.web3/p2p.go:546	Joined consensus topic: f5-gbp/consensus
2026-06-03T16:15:58.324+0100	INFO	p2pnode	GreenHouse.web3/p2p.go:563	Topic validator registered for f5-gbp
2026-06-03T16:15:58.324+0100	INFO	p2pnode	GreenHouse.web3/p2p.go:573	Topic validator registered for f5-gbp/consensus
2026-06-03T16:15:58.324+0100	INFO	p2pnode	GreenHouse.web3/p2p.go:580	Subscribed to topic
2026-06-03T16:15:58.324+0100	INFO	p2pnode	GreenHouse.web3/p2p.go:586	Subscribed to consensus topic
2026-06-03T16:15:58.324+0100	INFO	p2pnode	GreenHouse.web3/p2p.go:603	mDNS discovery disabled (GONETWORK_DISABLE_P2P_MDNS=1)
2026-06-03T16:15:58.324+0100	INFO	p2pnode	GreenHouse.web3/p2p.go:712	Stream handler set for direct messaging
--- PASS: TestPreferredSettlementMethod_GBP_AlwaysFasterPay (0.01s)
=== RUN   TestPreferredSettlementMethod_USD_AlwaysSWIFT
2026/06/03 16:15:58 consensus startup invariant: mode=hybrid http_seal=true dbft_consensus=true
2026-06-03T16:15:58.329+0100	INFO	p2pnode	GreenHouse.web3/p2p.go:448	Libp2p host created with ID: 12D3KooWGKn3vSjM3rZWgZ8J2X4bBySZWYwaraDUFwvG5YQaeFtY
2026/06/03 16:15:58 P2P: using Noise XX security transport (mutual auth)
2026-06-03T16:15:58.329+0100	INFO	p2pnode	GreenHouse.web3/p2p.go:453	Listening on: /ip4/127.0.0.1/tcp/62082/p2p/12D3KooWGKn3vSjM3rZWgZ8J2X4bBySZWYwaraDUFwvG5YQaeFtY
2026-06-03T16:15:58.329+0100	INFO	p2pnode	GreenHouse.web3/p2p.go:453	Listening on: /ip4/127.0.0.1/udp/57309/quic-v1/p2p/12D3KooWGKn3vSjM3rZWgZ8J2X4bBySZWYwaraDUFwvG5YQaeFtY
2026-06-03T16:15:58.329+0100	INFO	p2pnode	GreenHouse.web3/p2p.go:453	Listening on: /ip4/127.0.0.1/udp/58059/quic-v1/webtransport/certhash/uEiCUrQWvNZbq5lyE-4G8-nRn6LF0nxngfaU7ZXGjyYwwVw/certhash/uEiDU3wqgKTFN9txssBSs8JqvX7RGEdQqJhMo9UnlSrs8AQ/p2p/12D3KooWGKn3vSjM3rZWgZ8J2X4bBySZWYwaraDUFwvG5YQaeFtY
2026-06-03T16:15:58.329+0100	INFO	p2pnode	GreenHouse.web3/p2p.go:453	Listening on: /ip4/127.0.0.1/udp/63997/webrtc-direct/certhash/uEiCuu7EkvjnbbxdDuioY0x7jtuV9XL4ObWmAJzp5N4IUoQ/p2p/12D3KooWGKn3vSjM3rZWgZ8J2X4bBySZWYwaraDUFwvG5YQaeFtY
2026-06-03T16:15:58.329+0100	INFO	p2pnode	GreenHouse.web3/p2p.go:453	Listening on: /ip4/192.168.0.156/tcp/62082/p2p/12D3KooWGKn3vSjM3rZWgZ8J2X4bBySZWYwaraDUFwvG5YQaeFtY
2026-06-03T16:15:58.329+0100	INFO	p2pnode	GreenHouse.web3/p2p.go:453	Listening on: /ip4/192.168.0.156/udp/57309/quic-v1/p2p/12D3KooWGKn3vSjM3rZWgZ8J2X4bBySZWYwaraDUFwvG5YQaeFtY
2026-06-03T16:15:58.329+0100	INFO	p2pnode	GreenHouse.web3/p2p.go:453	Listening on: /ip4/192.168.0.156/udp/58059/quic-v1/webtransport/certhash/uEiCUrQWvNZbq5lyE-4G8-nRn6LF0nxngfaU7ZXGjyYwwVw/certhash/uEiDU3wqgKTFN9txssBSs8JqvX7RGEdQqJhMo9UnlSrs8AQ/p2p/12D3KooWGKn3vSjM3rZWgZ8J2X4bBySZWYwaraDUFwvG5YQaeFtY
2026-06-03T16:15:58.329+0100	INFO	p2pnode	GreenHouse.web3/p2p.go:453	Listening on: /ip4/192.168.0.156/udp/63997/webrtc-direct/certhash/uEiCuu7EkvjnbbxdDuioY0x7jtuV9XL4ObWmAJzp5N4IUoQ/p2p/12D3KooWGKn3vSjM3rZWgZ8J2X4bBySZWYwaraDUFwvG5YQaeFtY
2026-06-03T16:15:58.329+0100	INFO	p2pnode	GreenHouse.web3/p2p.go:453	Listening on: /ip6/::1/tcp/62083/p2p/12D3KooWGKn3vSjM3rZWgZ8J2X4bBySZWYwaraDUFwvG5YQaeFtY
2026-06-03T16:15:58.329+0100	INFO	p2pnode	GreenHouse.web3/p2p.go:453	Listening on: /ip6/::1/udp/52764/quic-v1/p2p/12D3KooWGKn3vSjM3rZWgZ8J2X4bBySZWYwaraDUFwvG5YQaeFtY
2026-06-03T16:15:58.329+0100	INFO	p2pnode	GreenHouse.web3/p2p.go:453	Listening on: /ip6/::1/udp/62212/webrtc-direct/certhash/uEiCuu7EkvjnbbxdDuioY0x7jtuV9XL4ObWmAJzp5N4IUoQ/p2p/12D3KooWGKn3vSjM3rZWgZ8J2X4bBySZWYwaraDUFwvG5YQaeFtY
2026-06-03T16:15:58.329+0100	INFO	p2pnode	GreenHouse.web3/p2p.go:453	Listening on: /ip6/::1/udp/62620/quic-v1/webtransport/certhash/uEiCUrQWvNZbq5lyE-4G8-nRn6LF0nxngfaU7ZXGjyYwwVw/certhash/uEiDU3wqgKTFN9txssBSs8JqvX7RGEdQqJhMo9UnlSrs8AQ/p2p/12D3KooWGKn3vSjM3rZWgZ8J2X4bBySZWYwaraDUFwvG5YQaeFtY
2026-06-03T16:15:58.329+0100	INFO	p2pnode	GreenHouse.web3/p2p.go:513	DHT discovery disabled (GONETWORK_DISABLE_P2P_DHT=1)
2026-06-03T16:15:58.329+0100	INFO	p2pnode	GreenHouse.web3/p2p.go:532	PubSub service initialized (D=4 Dlo=3 Dhi=5 heartbeat=500ms)
2026-06-03T16:15:58.330+0100	INFO	p2pnode	GreenHouse.web3/p2p.go:539	Joined topic: f5-usd
2026-06-03T16:15:58.330+0100	INFO	p2pnode	GreenHouse.web3/p2p.go:546	Joined consensus topic: f5-usd/consensus
2026-06-03T16:15:58.330+0100	INFO	p2pnode	GreenHouse.web3/p2p.go:563	Topic validator registered for f5-usd
2026-06-03T16:15:58.330+0100	INFO	p2pnode	GreenHouse.web3/p2p.go:573	Topic validator registered for f5-usd/consensus
2026-06-03T16:15:58.330+0100	INFO	p2pnode	GreenHouse.web3/p2p.go:580	Subscribed to topic
2026-06-03T16:15:58.330+0100	INFO	p2pnode	GreenHouse.web3/p2p.go:586	Subscribed to consensus topic
2026-06-03T16:15:58.330+0100	INFO	p2pnode	GreenHouse.web3/p2p.go:603	mDNS discovery disabled (GONETWORK_DISABLE_P2P_MDNS=1)
2026-06-03T16:15:58.330+0100	INFO	p2pnode	GreenHouse.web3/p2p.go:712	Stream handler set for direct messaging
--- PASS: TestPreferredSettlementMethod_USD_AlwaysSWIFT (0.01s)
=== RUN   TestPreferredSettlementMethod_EURRoute_AppliedInApplyBlockState
2026/06/03 16:15:58 consensus startup invariant: mode=hybrid http_seal=true dbft_consensus=true
2026-06-03T16:15:58.334+0100	INFO	p2pnode	GreenHouse.web3/p2p.go:448	Libp2p host created with ID: 12D3KooWM5jPd7RmTQRiScYtqjti9WywJhthRhqPi1sChB11nKNZ
2026/06/03 16:15:58 P2P: using Noise XX security transport (mutual auth)
2026-06-03T16:15:58.334+0100	INFO	p2pnode	GreenHouse.web3/p2p.go:453	Listening on: /ip4/127.0.0.1/tcp/62084/p2p/12D3KooWM5jPd7RmTQRiScYtqjti9WywJhthRhqPi1sChB11nKNZ
2026-06-03T16:15:58.334+0100	INFO	p2pnode	GreenHouse.web3/p2p.go:453	Listening on: /ip4/127.0.0.1/udp/56863/webrtc-direct/certhash/uEiBMlzeFwelksrzhYQvpa_KwsxwVtuW8RQZkjlwu6QwZVw/p2p/12D3KooWM5jPd7RmTQRiScYtqjti9WywJhthRhqPi1sChB11nKNZ
2026-06-03T16:15:58.334+0100	INFO	p2pnode	GreenHouse.web3/p2p.go:453	Listening on: /ip4/127.0.0.1/udp/58109/quic-v1/p2p/12D3KooWM5jPd7RmTQRiScYtqjti9WywJhthRhqPi1sChB11nKNZ
2026-06-03T16:15:58.334+0100	INFO	p2pnode	GreenHouse.web3/p2p.go:453	Listening on: /ip4/127.0.0.1/udp/64124/quic-v1/webtransport/certhash/uEiDAgJvGSqg_5jcnh5GCHRD7jgpPZiREYe7lJUUbC8m8nA/certhash/uEiBb_NNB3T5_OGmNBMcMZtlg0dY0JUUnQG-tSwsCLTG_6A/p2p/12D3KooWM5jPd7RmTQRiScYtqjti9WywJhthRhqPi1sChB11nKNZ
2026-06-03T16:15:58.334+0100	INFO	p2pnode	GreenHouse.web3/p2p.go:453	Listening on: /ip4/192.168.0.156/tcp/62084/p2p/12D3KooWM5jPd7RmTQRiScYtqjti9WywJhthRhqPi1sChB11nKNZ
2026-06-03T16:15:58.334+0100	INFO	p2pnode	GreenHouse.web3/p2p.go:453	Listening on: /ip4/192.168.0.156/udp/56863/webrtc-direct/certhash/uEiBMlzeFwelksrzhYQvpa_KwsxwVtuW8RQZkjlwu6QwZVw/p2p/12D3KooWM5jPd7RmTQRiScYtqjti9WywJhthRhqPi1sChB11nKNZ
2026-06-03T16:15:58.334+0100	INFO	p2pnode	GreenHouse.web3/p2p.go:453	Listening on: /ip4/192.168.0.156/udp/58109/quic-v1/p2p/12D3KooWM5jPd7RmTQRiScYtqjti9WywJhthRhqPi1sChB11nKNZ
2026-06-03T16:15:58.334+0100	INFO	p2pnode	GreenHouse.web3/p2p.go:453	Listening on: /ip4/192.168.0.156/udp/64124/quic-v1/webtransport/certhash/uEiDAgJvGSqg_5jcnh5GCHRD7jgpPZiREYe7lJUUbC8m8nA/certhash/uEiBb_NNB3T5_OGmNBMcMZtlg0dY0JUUnQG-tSwsCLTG_6A/p2p/12D3KooWM5jPd7RmTQRiScYtqjti9WywJhthRhqPi1sChB11nKNZ
2026-06-03T16:15:58.334+0100	INFO	p2pnode	GreenHouse.web3/p2p.go:453	Listening on: /ip6/::1/tcp/62085/p2p/12D3KooWM5jPd7RmTQRiScYtqjti9WywJhthRhqPi1sChB11nKNZ
2026-06-03T16:15:58.334+0100	INFO	p2pnode	GreenHouse.web3/p2p.go:453	Listening on: /ip6/::1/udp/61660/webrtc-direct/certhash/uEiBMlzeFwelksrzhYQvpa_KwsxwVtuW8RQZkjlwu6QwZVw/p2p/12D3KooWM5jPd7RmTQRiScYtqjti9WywJhthRhqPi1sChB11nKNZ
2026-06-03T16:15:58.334+0100	INFO	p2pnode	GreenHouse.web3/p2p.go:453	Listening on: /ip6/::1/udp/65105/quic-v1/webtransport/certhash/uEiDAgJvGSqg_5jcnh5GCHRD7jgpPZiREYe7lJUUbC8m8nA/certhash/uEiBb_NNB3T5_OGmNBMcMZtlg0dY0JUUnQG-tSwsCLTG_6A/p2p/12D3KooWM5jPd7RmTQRiScYtqjti9WywJhthRhqPi1sChB11nKNZ
2026-06-03T16:15:58.334+0100	INFO	p2pnode	GreenHouse.web3/p2p.go:453	Listening on: /ip6/::1/udp/65409/quic-v1/p2p/12D3KooWM5jPd7RmTQRiScYtqjti9WywJhthRhqPi1sChB11nKNZ
2026-06-03T16:15:58.335+0100	INFO	p2pnode	GreenHouse.web3/p2p.go:513	DHT discovery disabled (GONETWORK_DISABLE_P2P_DHT=1)
2026-06-03T16:15:58.335+0100	INFO	p2pnode	GreenHouse.web3/p2p.go:532	PubSub service initialized (D=4 Dlo=3 Dhi=5 heartbeat=500ms)
2026-06-03T16:15:58.335+0100	INFO	p2pnode	GreenHouse.web3/p2p.go:539	Joined topic: f5-integration
2026-06-03T16:15:58.335+0100	INFO	p2pnode	GreenHouse.web3/p2p.go:546	Joined consensus topic: f5-integration/consensus
2026-06-03T16:15:58.335+0100	INFO	p2pnode	GreenHouse.web3/p2p.go:563	Topic validator registered for f5-integration
2026-06-03T16:15:58.335+0100	INFO	p2pnode	GreenHouse.web3/p2p.go:573	Topic validator registered for f5-integration/consensus
2026-06-03T16:15:58.335+0100	INFO	p2pnode	GreenHouse.web3/p2p.go:580	Subscribed to topic
2026-06-03T16:15:58.335+0100	INFO	p2pnode	GreenHouse.web3/p2p.go:586	Subscribed to consensus topic
2026-06-03T16:15:58.335+0100	INFO	p2pnode	GreenHouse.web3/p2p.go:603	mDNS discovery disabled (GONETWORK_DISABLE_P2P_MDNS=1)
2026-06-03T16:15:58.335+0100	INFO	p2pnode	GreenHouse.web3/p2p.go:712	Stream handler set for direct messaging
--- PASS: TestPreferredSettlementMethod_EURRoute_AppliedInApplyBlockState (0.01s)
=== RUN   TestProductionGuard_MockAMLScreener
2026/06/03 16:15:58 consensus startup invariant: mode=hybrid http_seal=true dbft_consensus=true
--- PASS: TestProductionGuard_MockAMLScreener (0.00s)
=== RUN   TestProductionGuard_MockPaymentProvider
2026/06/03 16:15:58 consensus startup invariant: mode=hybrid http_seal=true dbft_consensus=true
--- PASS: TestProductionGuard_MockPaymentProvider (0.00s)
=== RUN   TestProductionGuard_MockIdentityRegistry
2026/06/03 16:15:58 consensus startup invariant: mode=hybrid http_seal=true dbft_consensus=true
--- PASS: TestProductionGuard_MockIdentityRegistry (0.00s)
=== RUN   TestProductionGuard_NilOperatorKeyProvider
2026/06/03 16:15:58 consensus startup invariant: mode=hybrid http_seal=true dbft_consensus=true
--- PASS: TestProductionGuard_NilOperatorKeyProvider (0.00s)
=== RUN   TestProductionGuard_MissingOnfidoSecret
2026/06/03 16:15:58 consensus startup invariant: mode=hybrid http_seal=true dbft_consensus=true
--- PASS: TestProductionGuard_MissingOnfidoSecret (0.00s)
=== RUN   TestProductionGuard_MissingRegistryKey
2026/06/03 16:15:58 consensus startup invariant: mode=hybrid http_seal=true dbft_consensus=true
--- PASS: TestProductionGuard_MissingRegistryKey (0.00s)
=== RUN   TestProductionGuard_AllConfigured_ReturnsNil
2026/06/03 16:15:58 consensus startup invariant: mode=hybrid http_seal=true dbft_consensus=true
--- PASS: TestProductionGuard_AllConfigured_ReturnsNil (0.00s)
=== RUN   TestProductionGuard_MissingModulrWebhookSecret
2026/06/03 16:15:58 consensus startup invariant: mode=hybrid http_seal=true dbft_consensus=true
--- PASS: TestProductionGuard_MissingModulrWebhookSecret (0.00s)
=== RUN   TestProductionGuard_ModulrRailWithSecret_ReturnsNil
2026/06/03 16:15:58 consensus startup invariant: mode=hybrid http_seal=true dbft_consensus=true
--- PASS: TestProductionGuard_ModulrRailWithSecret_ReturnsNil (0.00s)
=== RUN   TestProductionGuard_NewBlockchain_DoesNotFatalWithoutProductionEnv
2026/06/03 16:15:58 consensus startup invariant: mode=hybrid http_seal=true dbft_consensus=true
--- PASS: TestProductionGuard_NewBlockchain_DoesNotFatalWithoutProductionEnv (0.00s)
=== RUN   TestOnfidoRegistry_HandleWebhook_ProductionMode_MissingSecret_ReturnsError
--- PASS: TestOnfidoRegistry_HandleWebhook_ProductionMode_MissingSecret_ReturnsError (0.00s)
=== RUN   TestOnfidoRegistry_HandleWebhook_ProductionMode_WrongSig_ReturnsError
--- PASS: TestOnfidoRegistry_HandleWebhook_ProductionMode_WrongSig_ReturnsError (0.00s)
=== RUN   TestOnfidoRegistry_HandleWebhook_ProductionMode_ValidSig_IssuesCredential
--- PASS: TestOnfidoRegistry_HandleWebhook_ProductionMode_ValidSig_IssuesCredential (0.00s)
=== RUN   TestNewRegistrationRegistry_Default_NoPIIKey
--- PASS: TestNewRegistrationRegistry_Default_NoPIIKey (0.00s)
=== RUN   TestNewRegistrationRegistry_ValidKey
--- PASS: TestNewRegistrationRegistry_ValidKey (0.00s)
=== RUN   TestNewRegistrationRegistry_ShortKey_Panics
--- PASS: TestNewRegistrationRegistry_ShortKey_Panics (0.00s)
=== RUN   TestNewRegistrationRegistry_NonHexKey_Panics
--- PASS: TestNewRegistrationRegistry_NonHexKey_Panics (0.00s)
=== RUN   TestRegistrationRegistry_Upsert_Get_RoundTrip
--- PASS: TestRegistrationRegistry_Upsert_Get_RoundTrip (0.00s)
=== RUN   TestRegistrationRegistry_Get_UnknownWallet_ReturnsNil
--- PASS: TestRegistrationRegistry_Get_UnknownWallet_ReturnsNil (0.00s)
=== RUN   TestRegistrationRegistry_Upsert_SetsCreatedAt
--- PASS: TestRegistrationRegistry_Upsert_SetsCreatedAt (0.00s)
=== RUN   TestRegistrationRegistry_Upsert_SetsUpdatedAt
--- PASS: TestRegistrationRegistry_Upsert_SetsUpdatedAt (0.00s)
=== RUN   TestRegistrationRegistry_Upsert_PreservesExistingCreatedAt
--- PASS: TestRegistrationRegistry_Upsert_PreservesExistingCreatedAt (0.00s)
=== RUN   TestRegistrationRegistry_ListPending_SortedBySubmittedAt
--- PASS: TestRegistrationRegistry_ListPending_SortedBySubmittedAt (0.00s)
=== RUN   TestRegistrationRegistry_ListPending_EmptyWhenNonePending
--- PASS: TestRegistrationRegistry_ListPending_EmptyWhenNonePending (0.00s)
=== RUN   TestRegistrationRegistry_UpdateStatus_Success
--- PASS: TestRegistrationRegistry_UpdateStatus_Success (0.00s)
=== RUN   TestRegistrationRegistry_UpdateStatus_Rejected_WithReason
--- PASS: TestRegistrationRegistry_UpdateStatus_Rejected_WithReason (0.00s)
=== RUN   TestRegistrationRegistry_UpdateStatus_UnknownWallet_ReturnsError
--- PASS: TestRegistrationRegistry_UpdateStatus_UnknownWallet_ReturnsError (0.00s)
=== RUN   TestRegistrationRegistry_All_ReturnsAllRecords
--- PASS: TestRegistrationRegistry_All_ReturnsAllRecords (0.00s)
=== RUN   TestRegistrationRegistry_All_EmptyRegistry
--- PASS: TestRegistrationRegistry_All_EmptyRegistry (0.00s)
=== RUN   TestRegistrationRegistry_PIIEncryption_GetReturnsPlaintext
--- PASS: TestRegistrationRegistry_PIIEncryption_GetReturnsPlaintext (0.00s)
=== RUN   TestRegistrationRegistry_PIIEncryption_StoredFieldsAreEncrypted
--- PASS: TestRegistrationRegistry_PIIEncryption_StoredFieldsAreEncrypted (0.00s)
=== RUN   TestRegistrationRegistry_PIIEncryption_EmptyFieldNotEncrypted
--- PASS: TestRegistrationRegistry_PIIEncryption_EmptyFieldNotEncrypted (0.00s)
=== RUN   TestRegistrationRegistry_PIIEncryption_ListPendingDecrypts
--- PASS: TestRegistrationRegistry_PIIEncryption_ListPendingDecrypts (0.00s)
=== RUN   TestRegistrationRegistry_PIIEncryption_AllDecrypts
--- PASS: TestRegistrationRegistry_PIIEncryption_AllDecrypts (0.00s)
=== RUN   TestRegistrationRegistry_PIIEncryption_DifferentCiphertextEachUpsert
--- PASS: TestRegistrationRegistry_PIIEncryption_DifferentCiphertextEachUpsert (0.00s)
=== RUN   TestRegistrationRegistry_PIIEncryption_AllTenFieldsEncrypted
--- PASS: TestRegistrationRegistry_PIIEncryption_AllTenFieldsEncrypted (0.00s)
=== RUN   TestRedactPII_SensitiveFieldsBlanked
--- PASS: TestRedactPII_SensitiveFieldsBlanked (0.00s)
=== RUN   TestRedactPII_NonSensitiveFieldsPreserved
--- PASS: TestRedactPII_NonSensitiveFieldsPreserved (0.00s)
=== RUN   TestRedactPII_DoesNotMutateOriginal
--- PASS: TestRedactPII_DoesNotMutateOriginal (0.00s)
=== RUN   TestIsComplete_ValidRecord
--- PASS: TestIsComplete_ValidRecord (0.00s)
=== RUN   TestIsComplete_EmptyRecord
--- PASS: TestIsComplete_EmptyRecord (0.00s)
=== RUN   TestGenerateReport_MiFIR_FieldsSetCorrectly
--- PASS: TestGenerateReport_MiFIR_FieldsSetCorrectly (0.00s)
=== RUN   TestGenerateReport_AIFMD_FundUnit
--- PASS: TestGenerateReport_AIFMD_FundUnit (0.00s)
=== RUN   TestGenerateReport_NilAsset_Error
--- PASS: TestGenerateReport_NilAsset_Error (0.00s)
=== RUN   TestGenerateReport_NoISIN_EmptyISINField
--- PASS: TestGenerateReport_NoISIN_EmptyISINField (0.00s)
=== RUN   TestGenerateMiFIRReport_EquityTriggers
2026/06/03 16:15:58 consensus startup invariant: mode=hybrid http_seal=true dbft_consensus=true
2026-06-03T16:15:58.343+0100	INFO	p2pnode	GreenHouse.web3/p2p.go:448	Libp2p host created with ID: 12D3KooWPmScFyukY9S77drAeDB27pXDYCtJ3FKZChrMLC3rnQoj
2026/06/03 16:15:58 P2P: using Noise XX security transport (mutual auth)
2026-06-03T16:15:58.343+0100	INFO	p2pnode	GreenHouse.web3/p2p.go:453	Listening on: /ip4/127.0.0.1/tcp/62086/p2p/12D3KooWPmScFyukY9S77drAeDB27pXDYCtJ3FKZChrMLC3rnQoj
2026-06-03T16:15:58.343+0100	INFO	p2pnode	GreenHouse.web3/p2p.go:453	Listening on: /ip4/127.0.0.1/udp/53609/webrtc-direct/certhash/uEiAU8Bs4FxxWodfhTs5flJuoXNehyYKZk3eQWLTLrwMngA/p2p/12D3KooWPmScFyukY9S77drAeDB27pXDYCtJ3FKZChrMLC3rnQoj
2026-06-03T16:15:58.343+0100	INFO	p2pnode	GreenHouse.web3/p2p.go:453	Listening on: /ip4/127.0.0.1/udp/58741/quic-v1/p2p/12D3KooWPmScFyukY9S77drAeDB27pXDYCtJ3FKZChrMLC3rnQoj
2026-06-03T16:15:58.343+0100	INFO	p2pnode	GreenHouse.web3/p2p.go:453	Listening on: /ip4/127.0.0.1/udp/58999/quic-v1/webtransport/certhash/uEiC525Mo1J0lG1d1Ix1EMAgEWC75TcWJpxqcPegvn-WDyg/certhash/uEiADltw9_6heQ7rFlF4GfRxeEFXVTaYxJosN9eq8mLJyNQ/p2p/12D3KooWPmScFyukY9S77drAeDB27pXDYCtJ3FKZChrMLC3rnQoj
2026-06-03T16:15:58.343+0100	INFO	p2pnode	GreenHouse.web3/p2p.go:453	Listening on: /ip4/192.168.0.156/tcp/62086/p2p/12D3KooWPmScFyukY9S77drAeDB27pXDYCtJ3FKZChrMLC3rnQoj
2026-06-03T16:15:58.343+0100	INFO	p2pnode	GreenHouse.web3/p2p.go:453	Listening on: /ip4/192.168.0.156/udp/53609/webrtc-direct/certhash/uEiAU8Bs4FxxWodfhTs5flJuoXNehyYKZk3eQWLTLrwMngA/p2p/12D3KooWPmScFyukY9S77drAeDB27pXDYCtJ3FKZChrMLC3rnQoj
2026-06-03T16:15:58.343+0100	INFO	p2pnode	GreenHouse.web3/p2p.go:453	Listening on: /ip4/192.168.0.156/udp/58741/quic-v1/p2p/12D3KooWPmScFyukY9S77drAeDB27pXDYCtJ3FKZChrMLC3rnQoj
2026-06-03T16:15:58.343+0100	INFO	p2pnode	GreenHouse.web3/p2p.go:453	Listening on: /ip4/192.168.0.156/udp/58999/quic-v1/webtransport/certhash/uEiC525Mo1J0lG1d1Ix1EMAgEWC75TcWJpxqcPegvn-WDyg/certhash/uEiADltw9_6heQ7rFlF4GfRxeEFXVTaYxJosN9eq8mLJyNQ/p2p/12D3KooWPmScFyukY9S77drAeDB27pXDYCtJ3FKZChrMLC3rnQoj
2026-06-03T16:15:58.343+0100	INFO	p2pnode	GreenHouse.web3/p2p.go:453	Listening on: /ip6/::1/tcp/62087/p2p/12D3KooWPmScFyukY9S77drAeDB27pXDYCtJ3FKZChrMLC3rnQoj
2026-06-03T16:15:58.343+0100	INFO	p2pnode	GreenHouse.web3/p2p.go:453	Listening on: /ip6/::1/udp/53292/quic-v1/webtransport/certhash/uEiC525Mo1J0lG1d1Ix1EMAgEWC75TcWJpxqcPegvn-WDyg/certhash/uEiADltw9_6heQ7rFlF4GfRxeEFXVTaYxJosN9eq8mLJyNQ/p2p/12D3KooWPmScFyukY9S77drAeDB27pXDYCtJ3FKZChrMLC3rnQoj
2026-06-03T16:15:58.343+0100	INFO	p2pnode	GreenHouse.web3/p2p.go:453	Listening on: /ip6/::1/udp/60255/quic-v1/p2p/12D3KooWPmScFyukY9S77drAeDB27pXDYCtJ3FKZChrMLC3rnQoj
2026-06-03T16:15:58.343+0100	INFO	p2pnode	GreenHouse.web3/p2p.go:453	Listening on: /ip6/::1/udp/63164/webrtc-direct/certhash/uEiAU8Bs4FxxWodfhTs5flJuoXNehyYKZk3eQWLTLrwMngA/p2p/12D3KooWPmScFyukY9S77drAeDB27pXDYCtJ3FKZChrMLC3rnQoj
2026-06-03T16:15:58.343+0100	INFO	p2pnode	GreenHouse.web3/p2p.go:513	DHT discovery disabled (GONETWORK_DISABLE_P2P_DHT=1)
2026-06-03T16:15:58.343+0100	INFO	p2pnode	GreenHouse.web3/p2p.go:532	PubSub service initialized (D=4 Dlo=3 Dhi=5 heartbeat=500ms)
2026-06-03T16:15:58.343+0100	INFO	p2pnode	GreenHouse.web3/p2p.go:539	Joined topic: mifir-test
2026-06-03T16:15:58.343+0100	INFO	p2pnode	GreenHouse.web3/p2p.go:546	Joined consensus topic: mifir-test/consensus
2026-06-03T16:15:58.343+0100	INFO	p2pnode	GreenHouse.web3/p2p.go:563	Topic validator registered for mifir-test
2026-06-03T16:15:58.343+0100	INFO	p2pnode	GreenHouse.web3/p2p.go:573	Topic validator registered for mifir-test/consensus
2026-06-03T16:15:58.343+0100	INFO	p2pnode	GreenHouse.web3/p2p.go:580	Subscribed to topic
2026-06-03T16:15:58.343+0100	INFO	p2pnode	GreenHouse.web3/p2p.go:586	Subscribed to consensus topic
2026-06-03T16:15:58.343+0100	INFO	p2pnode	GreenHouse.web3/p2p.go:603	mDNS discovery disabled (GONETWORK_DISABLE_P2P_MDNS=1)
2026-06-03T16:15:58.343+0100	INFO	p2pnode	GreenHouse.web3/p2p.go:712	Stream handler set for direct messaging
--- PASS: TestGenerateMiFIRReport_EquityTriggers (0.00s)
=== RUN   TestGenerateMiFIRReport_DebtTriggers
2026/06/03 16:15:58 consensus startup invariant: mode=hybrid http_seal=true dbft_consensus=true
2026-06-03T16:15:58.348+0100	INFO	p2pnode	GreenHouse.web3/p2p.go:448	Libp2p host created with ID: 12D3KooWEpcuMkp3zsAM4xELdeEP1iqdctz2vedokYygbssn6bCH
2026/06/03 16:15:58 P2P: using Noise XX security transport (mutual auth)
2026-06-03T16:15:58.348+0100	INFO	p2pnode	GreenHouse.web3/p2p.go:453	Listening on: /ip4/127.0.0.1/tcp/62088/p2p/12D3KooWEpcuMkp3zsAM4xELdeEP1iqdctz2vedokYygbssn6bCH
2026-06-03T16:15:58.348+0100	INFO	p2pnode	GreenHouse.web3/p2p.go:453	Listening on: /ip4/127.0.0.1/udp/50804/quic-v1/p2p/12D3KooWEpcuMkp3zsAM4xELdeEP1iqdctz2vedokYygbssn6bCH
2026-06-03T16:15:58.348+0100	INFO	p2pnode	GreenHouse.web3/p2p.go:453	Listening on: /ip4/127.0.0.1/udp/64230/webrtc-direct/certhash/uEiBPjUoQcPrPp1bXoifhVZ0f7EoWHriMlvYAdyd96CfTpw/p2p/12D3KooWEpcuMkp3zsAM4xELdeEP1iqdctz2vedokYygbssn6bCH
2026-06-03T16:15:58.348+0100	INFO	p2pnode	GreenHouse.web3/p2p.go:453	Listening on: /ip4/127.0.0.1/udp/65202/quic-v1/webtransport/certhash/uEiCXqth_33XRj1LYbOCtm72fF91Yw09-RYDa4n8xy12UEg/certhash/uEiAz-QCek7KmnGvCisWKZgaOWta2po4dp6ZDQUrFaNd2vg/p2p/12D3KooWEpcuMkp3zsAM4xELdeEP1iqdctz2vedokYygbssn6bCH
2026-06-03T16:15:58.348+0100	INFO	p2pnode	GreenHouse.web3/p2p.go:453	Listening on: /ip4/192.168.0.156/tcp/62088/p2p/12D3KooWEpcuMkp3zsAM4xELdeEP1iqdctz2vedokYygbssn6bCH
2026-06-03T16:15:58.348+0100	INFO	p2pnode	GreenHouse.web3/p2p.go:453	Listening on: /ip4/192.168.0.156/udp/50804/quic-v1/p2p/12D3KooWEpcuMkp3zsAM4xELdeEP1iqdctz2vedokYygbssn6bCH
2026-06-03T16:15:58.348+0100	INFO	p2pnode	GreenHouse.web3/p2p.go:453	Listening on: /ip4/192.168.0.156/udp/64230/webrtc-direct/certhash/uEiBPjUoQcPrPp1bXoifhVZ0f7EoWHriMlvYAdyd96CfTpw/p2p/12D3KooWEpcuMkp3zsAM4xELdeEP1iqdctz2vedokYygbssn6bCH
2026-06-03T16:15:58.348+0100	INFO	p2pnode	GreenHouse.web3/p2p.go:453	Listening on: /ip4/192.168.0.156/udp/65202/quic-v1/webtransport/certhash/uEiCXqth_33XRj1LYbOCtm72fF91Yw09-RYDa4n8xy12UEg/certhash/uEiAz-QCek7KmnGvCisWKZgaOWta2po4dp6ZDQUrFaNd2vg/p2p/12D3KooWEpcuMkp3zsAM4xELdeEP1iqdctz2vedokYygbssn6bCH
2026-06-03T16:15:58.348+0100	INFO	p2pnode	GreenHouse.web3/p2p.go:453	Listening on: /ip6/::1/tcp/62089/p2p/12D3KooWEpcuMkp3zsAM4xELdeEP1iqdctz2vedokYygbssn6bCH
2026-06-03T16:15:58.348+0100	INFO	p2pnode	GreenHouse.web3/p2p.go:453	Listening on: /ip6/::1/udp/52229/quic-v1/webtransport/certhash/uEiCXqth_33XRj1LYbOCtm72fF91Yw09-RYDa4n8xy12UEg/certhash/uEiAz-QCek7KmnGvCisWKZgaOWta2po4dp6ZDQUrFaNd2vg/p2p/12D3KooWEpcuMkp3zsAM4xELdeEP1iqdctz2vedokYygbssn6bCH
2026-06-03T16:15:58.348+0100	INFO	p2pnode	GreenHouse.web3/p2p.go:453	Listening on: /ip6/::1/udp/53512/webrtc-direct/certhash/uEiBPjUoQcPrPp1bXoifhVZ0f7EoWHriMlvYAdyd96CfTpw/p2p/12D3KooWEpcuMkp3zsAM4xELdeEP1iqdctz2vedokYygbssn6bCH
2026-06-03T16:15:58.348+0100	INFO	p2pnode	GreenHouse.web3/p2p.go:453	Listening on: /ip6/::1/udp/57075/quic-v1/p2p/12D3KooWEpcuMkp3zsAM4xELdeEP1iqdctz2vedokYygbssn6bCH
2026-06-03T16:15:58.348+0100	INFO	p2pnode	GreenHouse.web3/p2p.go:513	DHT discovery disabled (GONETWORK_DISABLE_P2P_DHT=1)
2026-06-03T16:15:58.348+0100	INFO	p2pnode	GreenHouse.web3/p2p.go:532	PubSub service initialized (D=4 Dlo=3 Dhi=5 heartbeat=500ms)
2026-06-03T16:15:58.348+0100	INFO	p2pnode	GreenHouse.web3/p2p.go:539	Joined topic: mifir-debt
2026-06-03T16:15:58.348+0100	INFO	p2pnode	GreenHouse.web3/p2p.go:546	Joined consensus topic: mifir-debt/consensus
2026-06-03T16:15:58.348+0100	INFO	p2pnode	GreenHouse.web3/p2p.go:563	Topic validator registered for mifir-debt
2026-06-03T16:15:58.348+0100	INFO	p2pnode	GreenHouse.web3/p2p.go:573	Topic validator registered for mifir-debt/consensus
2026-06-03T16:15:58.348+0100	INFO	p2pnode	GreenHouse.web3/p2p.go:580	Subscribed to topic
2026-06-03T16:15:58.348+0100	INFO	p2pnode	GreenHouse.web3/p2p.go:586	Subscribed to consensus topic
2026-06-03T16:15:58.348+0100	INFO	p2pnode	GreenHouse.web3/p2p.go:603	mDNS discovery disabled (GONETWORK_DISABLE_P2P_MDNS=1)
2026-06-03T16:15:58.348+0100	INFO	p2pnode	GreenHouse.web3/p2p.go:712	Stream handler set for direct messaging
--- PASS: TestGenerateMiFIRReport_DebtTriggers (0.00s)
=== RUN   TestGenerateMiFIRReport_WarrantTriggers
2026/06/03 16:15:58 consensus startup invariant: mode=hybrid http_seal=true dbft_consensus=true
2026-06-03T16:15:58.352+0100	INFO	p2pnode	GreenHouse.web3/p2p.go:448	Libp2p host created with ID: 12D3KooWHqJuUSAoJhCVg8nBbCdTZeN5FV1qNECaTtsSZGhNhZCf
2026/06/03 16:15:58 P2P: using Noise XX security transport (mutual auth)
2026-06-03T16:15:58.352+0100	INFO	p2pnode	GreenHouse.web3/p2p.go:453	Listening on: /ip4/127.0.0.1/tcp/62090/p2p/12D3KooWHqJuUSAoJhCVg8nBbCdTZeN5FV1qNECaTtsSZGhNhZCf
2026-06-03T16:15:58.352+0100	INFO	p2pnode	GreenHouse.web3/p2p.go:453	Listening on: /ip4/127.0.0.1/udp/49631/webrtc-direct/certhash/uEiDxx6YvYANh1xamYsl1CLPHo2qvVYtn2pF9ZkOqo51ISA/p2p/12D3KooWHqJuUSAoJhCVg8nBbCdTZeN5FV1qNECaTtsSZGhNhZCf
2026-06-03T16:15:58.352+0100	INFO	p2pnode	GreenHouse.web3/p2p.go:453	Listening on: /ip4/127.0.0.1/udp/56046/quic-v1/p2p/12D3KooWHqJuUSAoJhCVg8nBbCdTZeN5FV1qNECaTtsSZGhNhZCf
2026-06-03T16:15:58.352+0100	INFO	p2pnode	GreenHouse.web3/p2p.go:453	Listening on: /ip4/127.0.0.1/udp/58500/quic-v1/webtransport/certhash/uEiDmu0hHMVwVrt1eDiEUiEV1zzgoikRBdWY_va9pSza_dw/certhash/uEiDOyIBCMdhkwCS2wBGNhWGfquBHTq0JZJPpG5511DHeUw/p2p/12D3KooWHqJuUSAoJhCVg8nBbCdTZeN5FV1qNECaTtsSZGhNhZCf
2026-06-03T16:15:58.352+0100	INFO	p2pnode	GreenHouse.web3/p2p.go:453	Listening on: /ip4/192.168.0.156/tcp/62090/p2p/12D3KooWHqJuUSAoJhCVg8nBbCdTZeN5FV1qNECaTtsSZGhNhZCf
2026-06-03T16:15:58.352+0100	INFO	p2pnode	GreenHouse.web3/p2p.go:453	Listening on: /ip4/192.168.0.156/udp/49631/webrtc-direct/certhash/uEiDxx6YvYANh1xamYsl1CLPHo2qvVYtn2pF9ZkOqo51ISA/p2p/12D3KooWHqJuUSAoJhCVg8nBbCdTZeN5FV1qNECaTtsSZGhNhZCf
2026-06-03T16:15:58.352+0100	INFO	p2pnode	GreenHouse.web3/p2p.go:453	Listening on: /ip4/192.168.0.156/udp/56046/quic-v1/p2p/12D3KooWHqJuUSAoJhCVg8nBbCdTZeN5FV1qNECaTtsSZGhNhZCf
2026-06-03T16:15:58.352+0100	INFO	p2pnode	GreenHouse.web3/p2p.go:453	Listening on: /ip4/192.168.0.156/udp/58500/quic-v1/webtransport/certhash/uEiDmu0hHMVwVrt1eDiEUiEV1zzgoikRBdWY_va9pSza_dw/certhash/uEiDOyIBCMdhkwCS2wBGNhWGfquBHTq0JZJPpG5511DHeUw/p2p/12D3KooWHqJuUSAoJhCVg8nBbCdTZeN5FV1qNECaTtsSZGhNhZCf
2026-06-03T16:15:58.352+0100	INFO	p2pnode	GreenHouse.web3/p2p.go:453	Listening on: /ip6/::1/tcp/62091/p2p/12D3KooWHqJuUSAoJhCVg8nBbCdTZeN5FV1qNECaTtsSZGhNhZCf
2026-06-03T16:15:58.352+0100	INFO	p2pnode	GreenHouse.web3/p2p.go:453	Listening on: /ip6/::1/udp/58670/quic-v1/webtransport/certhash/uEiDmu0hHMVwVrt1eDiEUiEV1zzgoikRBdWY_va9pSza_dw/certhash/uEiDOyIBCMdhkwCS2wBGNhWGfquBHTq0JZJPpG5511DHeUw/p2p/12D3KooWHqJuUSAoJhCVg8nBbCdTZeN5FV1qNECaTtsSZGhNhZCf
2026-06-03T16:15:58.352+0100	INFO	p2pnode	GreenHouse.web3/p2p.go:453	Listening on: /ip6/::1/udp/61348/quic-v1/p2p/12D3KooWHqJuUSAoJhCVg8nBbCdTZeN5FV1qNECaTtsSZGhNhZCf
2026-06-03T16:15:58.352+0100	INFO	p2pnode	GreenHouse.web3/p2p.go:453	Listening on: /ip6/::1/udp/65429/webrtc-direct/certhash/uEiDxx6YvYANh1xamYsl1CLPHo2qvVYtn2pF9ZkOqo51ISA/p2p/12D3KooWHqJuUSAoJhCVg8nBbCdTZeN5FV1qNECaTtsSZGhNhZCf
2026-06-03T16:15:58.352+0100	INFO	p2pnode	GreenHouse.web3/p2p.go:513	DHT discovery disabled (GONETWORK_DISABLE_P2P_DHT=1)
2026-06-03T16:15:58.352+0100	INFO	p2pnode	GreenHouse.web3/p2p.go:532	PubSub service initialized (D=4 Dlo=3 Dhi=5 heartbeat=500ms)
2026-06-03T16:15:58.352+0100	INFO	p2pnode	GreenHouse.web3/p2p.go:539	Joined topic: mifir-warrant
2026-06-03T16:15:58.352+0100	INFO	p2pnode	GreenHouse.web3/p2p.go:546	Joined consensus topic: mifir-warrant/consensus
2026-06-03T16:15:58.352+0100	INFO	p2pnode	GreenHouse.web3/p2p.go:563	Topic validator registered for mifir-warrant
2026-06-03T16:15:58.352+0100	INFO	p2pnode	GreenHouse.web3/p2p.go:573	Topic validator registered for mifir-warrant/consensus
2026-06-03T16:15:58.352+0100	INFO	p2pnode	GreenHouse.web3/p2p.go:580	Subscribed to topic
2026-06-03T16:15:58.352+0100	INFO	p2pnode	GreenHouse.web3/p2p.go:586	Subscribed to consensus topic
2026-06-03T16:15:58.352+0100	INFO	p2pnode	GreenHouse.web3/p2p.go:603	mDNS discovery disabled (GONETWORK_DISABLE_P2P_MDNS=1)
2026-06-03T16:15:58.352+0100	INFO	p2pnode	GreenHouse.web3/p2p.go:712	Stream handler set for direct messaging
--- PASS: TestGenerateMiFIRReport_WarrantTriggers (0.00s)
=== RUN   TestGenerateMiFIRReport_FundUnit_DoesNotTrigger
2026/06/03 16:15:58 consensus startup invariant: mode=hybrid http_seal=true dbft_consensus=true
2026-06-03T16:15:58.356+0100	INFO	p2pnode	GreenHouse.web3/p2p.go:448	Libp2p host created with ID: 12D3KooWFqss48vJ7wcQc6TSUSfftaR8VPuBfP3wv9nmsBZivyR7
2026/06/03 16:15:58 P2P: using Noise XX security transport (mutual auth)
2026-06-03T16:15:58.356+0100	INFO	p2pnode	GreenHouse.web3/p2p.go:453	Listening on: /ip4/127.0.0.1/tcp/62092/p2p/12D3KooWFqss48vJ7wcQc6TSUSfftaR8VPuBfP3wv9nmsBZivyR7
2026-06-03T16:15:58.356+0100	INFO	p2pnode	GreenHouse.web3/p2p.go:453	Listening on: /ip4/127.0.0.1/udp/52206/webrtc-direct/certhash/uEiCdjK6EiCc5T1j4K6geYlCUsMYsCID_DLMf2xPfpZj5vA/p2p/12D3KooWFqss48vJ7wcQc6TSUSfftaR8VPuBfP3wv9nmsBZivyR7
2026-06-03T16:15:58.356+0100	INFO	p2pnode	GreenHouse.web3/p2p.go:453	Listening on: /ip4/127.0.0.1/udp/58073/quic-v1/webtransport/certhash/uEiBZ08enL0kZ8wOpOTqfpkkIFGlKa2HeyR9zbnINmjlTUQ/certhash/uEiCxiXvBJSPrUsj3TqzZ2Lg7KlKrLyU7IKStKGXrRpFeUQ/p2p/12D3KooWFqss48vJ7wcQc6TSUSfftaR8VPuBfP3wv9nmsBZivyR7
2026-06-03T16:15:58.356+0100	INFO	p2pnode	GreenHouse.web3/p2p.go:453	Listening on: /ip4/127.0.0.1/udp/58562/quic-v1/p2p/12D3KooWFqss48vJ7wcQc6TSUSfftaR8VPuBfP3wv9nmsBZivyR7
2026-06-03T16:15:58.356+0100	INFO	p2pnode	GreenHouse.web3/p2p.go:453	Listening on: /ip4/192.168.0.156/tcp/62092/p2p/12D3KooWFqss48vJ7wcQc6TSUSfftaR8VPuBfP3wv9nmsBZivyR7
2026-06-03T16:15:58.356+0100	INFO	p2pnode	GreenHouse.web3/p2p.go:453	Listening on: /ip4/192.168.0.156/udp/52206/webrtc-direct/certhash/uEiCdjK6EiCc5T1j4K6geYlCUsMYsCID_DLMf2xPfpZj5vA/p2p/12D3KooWFqss48vJ7wcQc6TSUSfftaR8VPuBfP3wv9nmsBZivyR7
2026-06-03T16:15:58.356+0100	INFO	p2pnode	GreenHouse.web3/p2p.go:453	Listening on: /ip4/192.168.0.156/udp/58073/quic-v1/webtransport/certhash/uEiBZ08enL0kZ8wOpOTqfpkkIFGlKa2HeyR9zbnINmjlTUQ/certhash/uEiCxiXvBJSPrUsj3TqzZ2Lg7KlKrLyU7IKStKGXrRpFeUQ/p2p/12D3KooWFqss48vJ7wcQc6TSUSfftaR8VPuBfP3wv9nmsBZivyR7
2026-06-03T16:15:58.356+0100	INFO	p2pnode	GreenHouse.web3/p2p.go:453	Listening on: /ip4/192.168.0.156/udp/58562/quic-v1/p2p/12D3KooWFqss48vJ7wcQc6TSUSfftaR8VPuBfP3wv9nmsBZivyR7
2026-06-03T16:15:58.356+0100	INFO	p2pnode	GreenHouse.web3/p2p.go:453	Listening on: /ip6/::1/tcp/62093/p2p/12D3KooWFqss48vJ7wcQc6TSUSfftaR8VPuBfP3wv9nmsBZivyR7
2026-06-03T16:15:58.356+0100	INFO	p2pnode	GreenHouse.web3/p2p.go:453	Listening on: /ip6/::1/udp/63411/webrtc-direct/certhash/uEiCdjK6EiCc5T1j4K6geYlCUsMYsCID_DLMf2xPfpZj5vA/p2p/12D3KooWFqss48vJ7wcQc6TSUSfftaR8VPuBfP3wv9nmsBZivyR7
2026-06-03T16:15:58.356+0100	INFO	p2pnode	GreenHouse.web3/p2p.go:453	Listening on: /ip6/::1/udp/64146/quic-v1/webtransport/certhash/uEiBZ08enL0kZ8wOpOTqfpkkIFGlKa2HeyR9zbnINmjlTUQ/certhash/uEiCxiXvBJSPrUsj3TqzZ2Lg7KlKrLyU7IKStKGXrRpFeUQ/p2p/12D3KooWFqss48vJ7wcQc6TSUSfftaR8VPuBfP3wv9nmsBZivyR7
2026-06-03T16:15:58.356+0100	INFO	p2pnode	GreenHouse.web3/p2p.go:453	Listening on: /ip6/::1/udp/64498/quic-v1/p2p/12D3KooWFqss48vJ7wcQc6TSUSfftaR8VPuBfP3wv9nmsBZivyR7
2026-06-03T16:15:58.356+0100	INFO	p2pnode	GreenHouse.web3/p2p.go:513	DHT discovery disabled (GONETWORK_DISABLE_P2P_DHT=1)
2026-06-03T16:15:58.356+0100	INFO	p2pnode	GreenHouse.web3/p2p.go:532	PubSub service initialized (D=4 Dlo=3 Dhi=5 heartbeat=500ms)
2026-06-03T16:15:58.356+0100	INFO	p2pnode	GreenHouse.web3/p2p.go:539	Joined topic: mifir-fund
2026-06-03T16:15:58.356+0100	INFO	p2pnode	GreenHouse.web3/p2p.go:546	Joined consensus topic: mifir-fund/consensus
2026-06-03T16:15:58.356+0100	INFO	p2pnode	GreenHouse.web3/p2p.go:563	Topic validator registered for mifir-fund
2026-06-03T16:15:58.356+0100	INFO	p2pnode	GreenHouse.web3/p2p.go:573	Topic validator registered for mifir-fund/consensus
2026-06-03T16:15:58.356+0100	INFO	p2pnode	GreenHouse.web3/p2p.go:580	Subscribed to topic
2026-06-03T16:15:58.356+0100	INFO	p2pnode	GreenHouse.web3/p2p.go:586	Subscribed to consensus topic
2026-06-03T16:15:58.356+0100	INFO	p2pnode	GreenHouse.web3/p2p.go:603	mDNS discovery disabled (GONETWORK_DISABLE_P2P_MDNS=1)
2026-06-03T16:15:58.356+0100	INFO	p2pnode	GreenHouse.web3/p2p.go:712	Stream handler set for direct messaging
--- PASS: TestGenerateMiFIRReport_FundUnit_DoesNotTrigger (0.00s)
=== RUN   TestGenerateMiFIRReport_UnknownAsset_NoReport
2026/06/03 16:15:58 consensus startup invariant: mode=hybrid http_seal=true dbft_consensus=true
2026-06-03T16:15:58.359+0100	INFO	p2pnode	GreenHouse.web3/p2p.go:448	Libp2p host created with ID: 12D3KooWLpBff9p4icHZinc4yp4aCMvR22yzsGaCnCCZfpK3FTYY
2026/06/03 16:15:58 P2P: using Noise XX security transport (mutual auth)
2026-06-03T16:15:58.359+0100	INFO	p2pnode	GreenHouse.web3/p2p.go:453	Listening on: /ip4/127.0.0.1/tcp/62094/p2p/12D3KooWLpBff9p4icHZinc4yp4aCMvR22yzsGaCnCCZfpK3FTYY
2026-06-03T16:15:58.359+0100	INFO	p2pnode	GreenHouse.web3/p2p.go:453	Listening on: /ip4/127.0.0.1/udp/50711/webrtc-direct/certhash/uEiCiWomariyUeTocxoy5XSoyTar1eM69F9W8_ZivvBDdZg/p2p/12D3KooWLpBff9p4icHZinc4yp4aCMvR22yzsGaCnCCZfpK3FTYY
2026-06-03T16:15:58.359+0100	INFO	p2pnode	GreenHouse.web3/p2p.go:453	Listening on: /ip4/127.0.0.1/udp/51115/quic-v1/webtransport/certhash/uEiDNcGq5avBH7p98kBMdFWHgO-2AJh-IfvRkSofHyozhdQ/certhash/uEiBQaDJCUj1pDPfdFYdFc5I9S27vyvd1qozFWRM6AkcIBw/p2p/12D3KooWLpBff9p4icHZinc4yp4aCMvR22yzsGaCnCCZfpK3FTYY
2026-06-03T16:15:58.359+0100	INFO	p2pnode	GreenHouse.web3/p2p.go:453	Listening on: /ip4/127.0.0.1/udp/53054/quic-v1/p2p/12D3KooWLpBff9p4icHZinc4yp4aCMvR22yzsGaCnCCZfpK3FTYY
2026-06-03T16:15:58.359+0100	INFO	p2pnode	GreenHouse.web3/p2p.go:453	Listening on: /ip4/192.168.0.156/tcp/62094/p2p/12D3KooWLpBff9p4icHZinc4yp4aCMvR22yzsGaCnCCZfpK3FTYY
2026-06-03T16:15:58.359+0100	INFO	p2pnode	GreenHouse.web3/p2p.go:453	Listening on: /ip4/192.168.0.156/udp/50711/webrtc-direct/certhash/uEiCiWomariyUeTocxoy5XSoyTar1eM69F9W8_ZivvBDdZg/p2p/12D3KooWLpBff9p4icHZinc4yp4aCMvR22yzsGaCnCCZfpK3FTYY
2026-06-03T16:15:58.359+0100	INFO	p2pnode	GreenHouse.web3/p2p.go:453	Listening on: /ip4/192.168.0.156/udp/51115/quic-v1/webtransport/certhash/uEiDNcGq5avBH7p98kBMdFWHgO-2AJh-IfvRkSofHyozhdQ/certhash/uEiBQaDJCUj1pDPfdFYdFc5I9S27vyvd1qozFWRM6AkcIBw/p2p/12D3KooWLpBff9p4icHZinc4yp4aCMvR22yzsGaCnCCZfpK3FTYY
2026-06-03T16:15:58.359+0100	INFO	p2pnode	GreenHouse.web3/p2p.go:453	Listening on: /ip4/192.168.0.156/udp/53054/quic-v1/p2p/12D3KooWLpBff9p4icHZinc4yp4aCMvR22yzsGaCnCCZfpK3FTYY
2026-06-03T16:15:58.359+0100	INFO	p2pnode	GreenHouse.web3/p2p.go:453	Listening on: /ip6/::1/tcp/62095/p2p/12D3KooWLpBff9p4icHZinc4yp4aCMvR22yzsGaCnCCZfpK3FTYY
2026-06-03T16:15:58.359+0100	INFO	p2pnode	GreenHouse.web3/p2p.go:453	Listening on: /ip6/::1/udp/51614/quic-v1/p2p/12D3KooWLpBff9p4icHZinc4yp4aCMvR22yzsGaCnCCZfpK3FTYY
2026-06-03T16:15:58.359+0100	INFO	p2pnode	GreenHouse.web3/p2p.go:453	Listening on: /ip6/::1/udp/54071/webrtc-direct/certhash/uEiCiWomariyUeTocxoy5XSoyTar1eM69F9W8_ZivvBDdZg/p2p/12D3KooWLpBff9p4icHZinc4yp4aCMvR22yzsGaCnCCZfpK3FTYY
2026-06-03T16:15:58.359+0100	INFO	p2pnode	GreenHouse.web3/p2p.go:453	Listening on: /ip6/::1/udp/60876/quic-v1/webtransport/certhash/uEiDNcGq5avBH7p98kBMdFWHgO-2AJh-IfvRkSofHyozhdQ/certhash/uEiBQaDJCUj1pDPfdFYdFc5I9S27vyvd1qozFWRM6AkcIBw/p2p/12D3KooWLpBff9p4icHZinc4yp4aCMvR22yzsGaCnCCZfpK3FTYY
2026-06-03T16:15:58.359+0100	INFO	p2pnode	GreenHouse.web3/p2p.go:513	DHT discovery disabled (GONETWORK_DISABLE_P2P_DHT=1)
2026-06-03T16:15:58.359+0100	INFO	p2pnode	GreenHouse.web3/p2p.go:532	PubSub service initialized (D=4 Dlo=3 Dhi=5 heartbeat=500ms)
2026-06-03T16:15:58.359+0100	INFO	p2pnode	GreenHouse.web3/p2p.go:539	Joined topic: mifir-unknown
2026-06-03T16:15:58.359+0100	INFO	p2pnode	GreenHouse.web3/p2p.go:546	Joined consensus topic: mifir-unknown/consensus
2026-06-03T16:15:58.359+0100	INFO	p2pnode	GreenHouse.web3/p2p.go:563	Topic validator registered for mifir-unknown
2026-06-03T16:15:58.359+0100	INFO	p2pnode	GreenHouse.web3/p2p.go:573	Topic validator registered for mifir-unknown/consensus
2026-06-03T16:15:58.359+0100	INFO	p2pnode	GreenHouse.web3/p2p.go:580	Subscribed to topic
2026-06-03T16:15:58.359+0100	INFO	p2pnode	GreenHouse.web3/p2p.go:586	Subscribed to consensus topic
2026-06-03T16:15:58.359+0100	INFO	p2pnode	GreenHouse.web3/p2p.go:603	mDNS discovery disabled (GONETWORK_DISABLE_P2P_MDNS=1)
2026-06-03T16:15:58.359+0100	INFO	p2pnode	GreenHouse.web3/p2p.go:712	Stream handler set for direct messaging
--- PASS: TestGenerateMiFIRReport_UnknownAsset_NoReport (0.00s)
=== RUN   TestGenerateAIFMDReport_FundUnitTriggers
2026/06/03 16:15:58 consensus startup invariant: mode=hybrid http_seal=true dbft_consensus=true
2026-06-03T16:15:58.362+0100	INFO	p2pnode	GreenHouse.web3/p2p.go:448	Libp2p host created with ID: 12D3KooWPZBdsJ7hAmCBDTRWgUeUvBBwbX6AaF3fdNzjTMVQaqSe
2026/06/03 16:15:58 P2P: using Noise XX security transport (mutual auth)
2026-06-03T16:15:58.362+0100	INFO	p2pnode	GreenHouse.web3/p2p.go:453	Listening on: /ip4/127.0.0.1/tcp/62096/p2p/12D3KooWPZBdsJ7hAmCBDTRWgUeUvBBwbX6AaF3fdNzjTMVQaqSe
2026-06-03T16:15:58.362+0100	INFO	p2pnode	GreenHouse.web3/p2p.go:453	Listening on: /ip4/127.0.0.1/udp/50309/quic-v1/p2p/12D3KooWPZBdsJ7hAmCBDTRWgUeUvBBwbX6AaF3fdNzjTMVQaqSe
2026-06-03T16:15:58.362+0100	INFO	p2pnode	GreenHouse.web3/p2p.go:453	Listening on: /ip4/127.0.0.1/udp/58414/webrtc-direct/certhash/uEiCi8Oiff579_dcQvaSfJZGL9uY4Rx6miyZU5b41dCmDzQ/p2p/12D3KooWPZBdsJ7hAmCBDTRWgUeUvBBwbX6AaF3fdNzjTMVQaqSe
2026-06-03T16:15:58.362+0100	INFO	p2pnode	GreenHouse.web3/p2p.go:453	Listening on: /ip4/127.0.0.1/udp/62421/quic-v1/webtransport/certhash/uEiBfrvp9CKllhC4M8U2OhtbYxrKFEjq5q3gxkQfroyUGbg/certhash/uEiA8iieqx_m5RnOFHlOEMKGuw_aU2kcuJnp5droKQtvmBg/p2p/12D3KooWPZBdsJ7hAmCBDTRWgUeUvBBwbX6AaF3fdNzjTMVQaqSe
2026-06-03T16:15:58.362+0100	INFO	p2pnode	GreenHouse.web3/p2p.go:453	Listening on: /ip4/192.168.0.156/tcp/62096/p2p/12D3KooWPZBdsJ7hAmCBDTRWgUeUvBBwbX6AaF3fdNzjTMVQaqSe
2026-06-03T16:15:58.362+0100	INFO	p2pnode	GreenHouse.web3/p2p.go:453	Listening on: /ip4/192.168.0.156/udp/50309/quic-v1/p2p/12D3KooWPZBdsJ7hAmCBDTRWgUeUvBBwbX6AaF3fdNzjTMVQaqSe
2026-06-03T16:15:58.362+0100	INFO	p2pnode	GreenHouse.web3/p2p.go:453	Listening on: /ip4/192.168.0.156/udp/58414/webrtc-direct/certhash/uEiCi8Oiff579_dcQvaSfJZGL9uY4Rx6miyZU5b41dCmDzQ/p2p/12D3KooWPZBdsJ7hAmCBDTRWgUeUvBBwbX6AaF3fdNzjTMVQaqSe
2026-06-03T16:15:58.362+0100	INFO	p2pnode	GreenHouse.web3/p2p.go:453	Listening on: /ip4/192.168.0.156/udp/62421/quic-v1/webtransport/certhash/uEiBfrvp9CKllhC4M8U2OhtbYxrKFEjq5q3gxkQfroyUGbg/certhash/uEiA8iieqx_m5RnOFHlOEMKGuw_aU2kcuJnp5droKQtvmBg/p2p/12D3KooWPZBdsJ7hAmCBDTRWgUeUvBBwbX6AaF3fdNzjTMVQaqSe
2026-06-03T16:15:58.362+0100	INFO	p2pnode	GreenHouse.web3/p2p.go:453	Listening on: /ip6/::1/tcp/62097/p2p/12D3KooWPZBdsJ7hAmCBDTRWgUeUvBBwbX6AaF3fdNzjTMVQaqSe
2026-06-03T16:15:58.362+0100	INFO	p2pnode	GreenHouse.web3/p2p.go:453	Listening on: /ip6/::1/udp/55061/webrtc-direct/certhash/uEiCi8Oiff579_dcQvaSfJZGL9uY4Rx6miyZU5b41dCmDzQ/p2p/12D3KooWPZBdsJ7hAmCBDTRWgUeUvBBwbX6AaF3fdNzjTMVQaqSe
2026-06-03T16:15:58.362+0100	INFO	p2pnode	GreenHouse.web3/p2p.go:453	Listening on: /ip6/::1/udp/56645/quic-v1/p2p/12D3KooWPZBdsJ7hAmCBDTRWgUeUvBBwbX6AaF3fdNzjTMVQaqSe
2026-06-03T16:15:58.362+0100	INFO	p2pnode	GreenHouse.web3/p2p.go:453	Listening on: /ip6/::1/udp/60583/quic-v1/webtransport/certhash/uEiBfrvp9CKllhC4M8U2OhtbYxrKFEjq5q3gxkQfroyUGbg/certhash/uEiA8iieqx_m5RnOFHlOEMKGuw_aU2kcuJnp5droKQtvmBg/p2p/12D3KooWPZBdsJ7hAmCBDTRWgUeUvBBwbX6AaF3fdNzjTMVQaqSe
2026-06-03T16:15:58.362+0100	INFO	p2pnode	GreenHouse.web3/p2p.go:513	DHT discovery disabled (GONETWORK_DISABLE_P2P_DHT=1)
2026-06-03T16:15:58.362+0100	INFO	p2pnode	GreenHouse.web3/p2p.go:532	PubSub service initialized (D=4 Dlo=3 Dhi=5 heartbeat=500ms)
2026-06-03T16:15:58.362+0100	INFO	p2pnode	GreenHouse.web3/p2p.go:539	Joined topic: aifmd-test
2026-06-03T16:15:58.362+0100	INFO	p2pnode	GreenHouse.web3/p2p.go:546	Joined consensus topic: aifmd-test/consensus
2026-06-03T16:15:58.363+0100	INFO	p2pnode	GreenHouse.web3/p2p.go:563	Topic validator registered for aifmd-test
2026-06-03T16:15:58.363+0100	INFO	p2pnode	GreenHouse.web3/p2p.go:573	Topic validator registered for aifmd-test/consensus
2026-06-03T16:15:58.363+0100	INFO	p2pnode	GreenHouse.web3/p2p.go:580	Subscribed to topic
2026-06-03T16:15:58.363+0100	INFO	p2pnode	GreenHouse.web3/p2p.go:586	Subscribed to consensus topic
2026-06-03T16:15:58.363+0100	INFO	p2pnode	GreenHouse.web3/p2p.go:603	mDNS discovery disabled (GONETWORK_DISABLE_P2P_MDNS=1)
2026-06-03T16:15:58.363+0100	INFO	p2pnode	GreenHouse.web3/p2p.go:712	Stream handler set for direct messaging
--- PASS: TestGenerateAIFMDReport_FundUnitTriggers (0.00s)
=== RUN   TestGenerateAIFMDReport_EquityDoesNotTrigger
2026/06/03 16:15:58 consensus startup invariant: mode=hybrid http_seal=true dbft_consensus=true
2026-06-03T16:15:58.366+0100	INFO	p2pnode	GreenHouse.web3/p2p.go:448	Libp2p host created with ID: 12D3KooWAUV8QZnjUNvAe6xMJTJYpWGPC5WjziKo2w4zu1VuFY7U
2026/06/03 16:15:58 P2P: using Noise XX security transport (mutual auth)
2026-06-03T16:15:58.366+0100	INFO	p2pnode	GreenHouse.web3/p2p.go:453	Listening on: /ip4/127.0.0.1/tcp/62098/p2p/12D3KooWAUV8QZnjUNvAe6xMJTJYpWGPC5WjziKo2w4zu1VuFY7U
2026-06-03T16:15:58.366+0100	INFO	p2pnode	GreenHouse.web3/p2p.go:453	Listening on: /ip4/127.0.0.1/udp/50442/quic-v1/webtransport/certhash/uEiBpp8TFzgaAhFdB5pB4fR6qHrDMj5vklgzI-l6X7z0AeA/certhash/uEiBQxuWhEKyGL5W6jybjJhahQCY6AS9YrNbShiI6UYy_Dg/p2p/12D3KooWAUV8QZnjUNvAe6xMJTJYpWGPC5WjziKo2w4zu1VuFY7U
2026-06-03T16:15:58.366+0100	INFO	p2pnode	GreenHouse.web3/p2p.go:453	Listening on: /ip4/127.0.0.1/udp/57781/webrtc-direct/certhash/uEiDwyF1LqlmOfGjlbpDQa-h3fazXeI4A5XSF4BQO08ZIxA/p2p/12D3KooWAUV8QZnjUNvAe6xMJTJYpWGPC5WjziKo2w4zu1VuFY7U
2026-06-03T16:15:58.366+0100	INFO	p2pnode	GreenHouse.web3/p2p.go:453	Listening on: /ip4/127.0.0.1/udp/65178/quic-v1/p2p/12D3KooWAUV8QZnjUNvAe6xMJTJYpWGPC5WjziKo2w4zu1VuFY7U
2026-06-03T16:15:58.366+0100	INFO	p2pnode	GreenHouse.web3/p2p.go:453	Listening on: /ip4/192.168.0.156/tcp/62098/p2p/12D3KooWAUV8QZnjUNvAe6xMJTJYpWGPC5WjziKo2w4zu1VuFY7U
2026-06-03T16:15:58.366+0100	INFO	p2pnode	GreenHouse.web3/p2p.go:453	Listening on: /ip4/192.168.0.156/udp/50442/quic-v1/webtransport/certhash/uEiBpp8TFzgaAhFdB5pB4fR6qHrDMj5vklgzI-l6X7z0AeA/certhash/uEiBQxuWhEKyGL5W6jybjJhahQCY6AS9YrNbShiI6UYy_Dg/p2p/12D3KooWAUV8QZnjUNvAe6xMJTJYpWGPC5WjziKo2w4zu1VuFY7U
2026-06-03T16:15:58.366+0100	INFO	p2pnode	GreenHouse.web3/p2p.go:453	Listening on: /ip4/192.168.0.156/udp/57781/webrtc-direct/certhash/uEiDwyF1LqlmOfGjlbpDQa-h3fazXeI4A5XSF4BQO08ZIxA/p2p/12D3KooWAUV8QZnjUNvAe6xMJTJYpWGPC5WjziKo2w4zu1VuFY7U
2026-06-03T16:15:58.366+0100	INFO	p2pnode	GreenHouse.web3/p2p.go:453	Listening on: /ip4/192.168.0.156/udp/65178/quic-v1/p2p/12D3KooWAUV8QZnjUNvAe6xMJTJYpWGPC5WjziKo2w4zu1VuFY7U
2026-06-03T16:15:58.366+0100	INFO	p2pnode	GreenHouse.web3/p2p.go:453	Listening on: /ip6/::1/tcp/62099/p2p/12D3KooWAUV8QZnjUNvAe6xMJTJYpWGPC5WjziKo2w4zu1VuFY7U
2026-06-03T16:15:58.366+0100	INFO	p2pnode	GreenHouse.web3/p2p.go:453	Listening on: /ip6/::1/udp/52707/quic-v1/p2p/12D3KooWAUV8QZnjUNvAe6xMJTJYpWGPC5WjziKo2w4zu1VuFY7U
2026-06-03T16:15:58.366+0100	INFO	p2pnode	GreenHouse.web3/p2p.go:453	Listening on: /ip6/::1/udp/53585/webrtc-direct/certhash/uEiDwyF1LqlmOfGjlbpDQa-h3fazXeI4A5XSF4BQO08ZIxA/p2p/12D3KooWAUV8QZnjUNvAe6xMJTJYpWGPC5WjziKo2w4zu1VuFY7U
2026-06-03T16:15:58.366+0100	INFO	p2pnode	GreenHouse.web3/p2p.go:453	Listening on: /ip6/::1/udp/60839/quic-v1/webtransport/certhash/uEiBpp8TFzgaAhFdB5pB4fR6qHrDMj5vklgzI-l6X7z0AeA/certhash/uEiBQxuWhEKyGL5W6jybjJhahQCY6AS9YrNbShiI6UYy_Dg/p2p/12D3KooWAUV8QZnjUNvAe6xMJTJYpWGPC5WjziKo2w4zu1VuFY7U
2026-06-03T16:15:58.366+0100	INFO	p2pnode	GreenHouse.web3/p2p.go:513	DHT discovery disabled (GONETWORK_DISABLE_P2P_DHT=1)
2026-06-03T16:15:58.366+0100	INFO	p2pnode	GreenHouse.web3/p2p.go:532	PubSub service initialized (D=4 Dlo=3 Dhi=5 heartbeat=500ms)
2026-06-03T16:15:58.366+0100	INFO	p2pnode	GreenHouse.web3/p2p.go:539	Joined topic: aifmd-equity
2026-06-03T16:15:58.366+0100	INFO	p2pnode	GreenHouse.web3/p2p.go:546	Joined consensus topic: aifmd-equity/consensus
2026-06-03T16:15:58.366+0100	INFO	p2pnode	GreenHouse.web3/p2p.go:563	Topic validator registered for aifmd-equity
2026-06-03T16:15:58.366+0100	INFO	p2pnode	GreenHouse.web3/p2p.go:573	Topic validator registered for aifmd-equity/consensus
2026-06-03T16:15:58.366+0100	INFO	p2pnode	GreenHouse.web3/p2p.go:580	Subscribed to topic
2026-06-03T16:15:58.366+0100	INFO	p2pnode	GreenHouse.web3/p2p.go:586	Subscribed to consensus topic
2026-06-03T16:15:58.366+0100	INFO	p2pnode	GreenHouse.web3/p2p.go:603	mDNS discovery disabled (GONETWORK_DISABLE_P2P_MDNS=1)
2026-06-03T16:15:58.366+0100	INFO	p2pnode	GreenHouse.web3/p2p.go:712	Stream handler set for direct messaging
--- PASS: TestGenerateAIFMDReport_EquityDoesNotTrigger (0.00s)
=== RUN   TestGenerateAIFMDReport_UnknownAsset_NoReport
2026/06/03 16:15:58 consensus startup invariant: mode=hybrid http_seal=true dbft_consensus=true
2026-06-03T16:15:58.369+0100	INFO	p2pnode	GreenHouse.web3/p2p.go:448	Libp2p host created with ID: 12D3KooWR6jBzLsCMpLqkxVP7r34u96nE6Uzc3KnBzY4EoG3TJ67
2026/06/03 16:15:58 P2P: using Noise XX security transport (mutual auth)
2026-06-03T16:15:58.369+0100	INFO	p2pnode	GreenHouse.web3/p2p.go:453	Listening on: /ip4/127.0.0.1/tcp/62100/p2p/12D3KooWR6jBzLsCMpLqkxVP7r34u96nE6Uzc3KnBzY4EoG3TJ67
2026-06-03T16:15:58.369+0100	INFO	p2pnode	GreenHouse.web3/p2p.go:453	Listening on: /ip4/127.0.0.1/udp/52397/quic-v1/p2p/12D3KooWR6jBzLsCMpLqkxVP7r34u96nE6Uzc3KnBzY4EoG3TJ67
2026-06-03T16:15:58.369+0100	INFO	p2pnode	GreenHouse.web3/p2p.go:453	Listening on: /ip4/127.0.0.1/udp/55576/quic-v1/webtransport/certhash/uEiBMmTqpZnwjQmsT744Rm0spSylHAYm4JPp0xXDjzAEwow/certhash/uEiBhtAL5wVWnrCeINXbwzbbqQqJATw3uE9vCL5jxkt6Ttg/p2p/12D3KooWR6jBzLsCMpLqkxVP7r34u96nE6Uzc3KnBzY4EoG3TJ67
2026-06-03T16:15:58.369+0100	INFO	p2pnode	GreenHouse.web3/p2p.go:453	Listening on: /ip4/127.0.0.1/udp/56846/webrtc-direct/certhash/uEiDw8g9DEj7rtT06KxgCgqX4sz7HCCmcdT40ca4v5r6yag/p2p/12D3KooWR6jBzLsCMpLqkxVP7r34u96nE6Uzc3KnBzY4EoG3TJ67
2026-06-03T16:15:58.369+0100	INFO	p2pnode	GreenHouse.web3/p2p.go:453	Listening on: /ip4/192.168.0.156/tcp/62100/p2p/12D3KooWR6jBzLsCMpLqkxVP7r34u96nE6Uzc3KnBzY4EoG3TJ67
2026-06-03T16:15:58.369+0100	INFO	p2pnode	GreenHouse.web3/p2p.go:453	Listening on: /ip4/192.168.0.156/udp/52397/quic-v1/p2p/12D3KooWR6jBzLsCMpLqkxVP7r34u96nE6Uzc3KnBzY4EoG3TJ67
2026-06-03T16:15:58.369+0100	INFO	p2pnode	GreenHouse.web3/p2p.go:453	Listening on: /ip4/192.168.0.156/udp/55576/quic-v1/webtransport/certhash/uEiBMmTqpZnwjQmsT744Rm0spSylHAYm4JPp0xXDjzAEwow/certhash/uEiBhtAL5wVWnrCeINXbwzbbqQqJATw3uE9vCL5jxkt6Ttg/p2p/12D3KooWR6jBzLsCMpLqkxVP7r34u96nE6Uzc3KnBzY4EoG3TJ67
2026-06-03T16:15:58.369+0100	INFO	p2pnode	GreenHouse.web3/p2p.go:453	Listening on: /ip4/192.168.0.156/udp/56846/webrtc-direct/certhash/uEiDw8g9DEj7rtT06KxgCgqX4sz7HCCmcdT40ca4v5r6yag/p2p/12D3KooWR6jBzLsCMpLqkxVP7r34u96nE6Uzc3KnBzY4EoG3TJ67
2026-06-03T16:15:58.369+0100	INFO	p2pnode	GreenHouse.web3/p2p.go:453	Listening on: /ip6/::1/tcp/62101/p2p/12D3KooWR6jBzLsCMpLqkxVP7r34u96nE6Uzc3KnBzY4EoG3TJ67
2026-06-03T16:15:58.369+0100	INFO	p2pnode	GreenHouse.web3/p2p.go:453	Listening on: /ip6/::1/udp/56164/quic-v1/webtransport/certhash/uEiBMmTqpZnwjQmsT744Rm0spSylHAYm4JPp0xXDjzAEwow/certhash/uEiBhtAL5wVWnrCeINXbwzbbqQqJATw3uE9vCL5jxkt6Ttg/p2p/12D3KooWR6jBzLsCMpLqkxVP7r34u96nE6Uzc3KnBzY4EoG3TJ67
2026-06-03T16:15:58.369+0100	INFO	p2pnode	GreenHouse.web3/p2p.go:453	Listening on: /ip6/::1/udp/57399/webrtc-direct/certhash/uEiDw8g9DEj7rtT06KxgCgqX4sz7HCCmcdT40ca4v5r6yag/p2p/12D3KooWR6jBzLsCMpLqkxVP7r34u96nE6Uzc3KnBzY4EoG3TJ67
2026-06-03T16:15:58.369+0100	INFO	p2pnode	GreenHouse.web3/p2p.go:453	Listening on: /ip6/::1/udp/58241/quic-v1/p2p/12D3KooWR6jBzLsCMpLqkxVP7r34u96nE6Uzc3KnBzY4EoG3TJ67
2026-06-03T16:15:58.369+0100	INFO	p2pnode	GreenHouse.web3/p2p.go:513	DHT discovery disabled (GONETWORK_DISABLE_P2P_DHT=1)
2026-06-03T16:15:58.369+0100	INFO	p2pnode	GreenHouse.web3/p2p.go:532	PubSub service initialized (D=4 Dlo=3 Dhi=5 heartbeat=500ms)
2026-06-03T16:15:58.369+0100	INFO	p2pnode	GreenHouse.web3/p2p.go:539	Joined topic: aifmd-unknown
2026-06-03T16:15:58.369+0100	INFO	p2pnode	GreenHouse.web3/p2p.go:546	Joined consensus topic: aifmd-unknown/consensus
2026-06-03T16:15:58.369+0100	INFO	p2pnode	GreenHouse.web3/p2p.go:563	Topic validator registered for aifmd-unknown
2026-06-03T16:15:58.369+0100	INFO	p2pnode	GreenHouse.web3/p2p.go:573	Topic validator registered for aifmd-unknown/consensus
2026-06-03T16:15:58.369+0100	INFO	p2pnode	GreenHouse.web3/p2p.go:580	Subscribed to topic
2026-06-03T16:15:58.369+0100	INFO	p2pnode	GreenHouse.web3/p2p.go:586	Subscribed to consensus topic
2026-06-03T16:15:58.369+0100	INFO	p2pnode	GreenHouse.web3/p2p.go:603	mDNS discovery disabled (GONETWORK_DISABLE_P2P_MDNS=1)
2026-06-03T16:15:58.369+0100	INFO	p2pnode	GreenHouse.web3/p2p.go:712	Stream handler set for direct messaging
--- PASS: TestGenerateAIFMDReport_UnknownAsset_NoReport (0.00s)
=== RUN   TestRegulatoryReport_MarshalJSON_ValidJSON
--- PASS: TestRegulatoryReport_MarshalJSON_ValidJSON (0.00s)
=== RUN   TestMiFIRReportableAssetTypes_ContainsExpected
--- PASS: TestMiFIRReportableAssetTypes_ContainsExpected (0.00s)
=== RUN   TestAIFMDReportableAssetTypes_ContainsExpected
--- PASS: TestAIFMDReportableAssetTypes_ContainsExpected (0.00s)
=== RUN   TestCostBasisTracker_RecordAndConsume_SingleLot
--- PASS: TestCostBasisTracker_RecordAndConsume_SingleLot (0.00s)
=== RUN   TestCostBasisTracker_FIFO_OldestLotFirst
--- PASS: TestCostBasisTracker_FIFO_OldestLotFirst (0.00s)
=== RUN   TestCostBasisTracker_ExhaustsLots_CleanedUp
--- PASS: TestCostBasisTracker_ExhaustsLots_CleanedUp (0.00s)
=== RUN   TestCostBasisTracker_InsufficientBalance_Error
--- PASS: TestCostBasisTracker_InsufficientBalance_Error (0.00s)
=== RUN   TestCostBasisTracker_NoLots_Error
--- PASS: TestCostBasisTracker_NoLots_Error (0.00s)
=== RUN   TestCostBasisTracker_MultipleSeparateWallets
--- PASS: TestCostBasisTracker_MultipleSeparateWallets (0.00s)
=== RUN   TestGenerateHoldingsReport_SingleAsset_WithPnL
--- PASS: TestGenerateHoldingsReport_SingleAsset_WithPnL (0.00s)
=== RUN   TestGenerateHoldingsReport_MultiAsset_TotalMVSummed
--- PASS: TestGenerateHoldingsReport_MultiAsset_TotalMVSummed (0.00s)
=== RUN   TestGenerateHoldingsReport_ZeroBalance_Omitted
--- PASS: TestGenerateHoldingsReport_ZeroBalance_Omitted (0.00s)
=== RUN   TestGenerateHoldingsReport_OtherWalletHoldings_Excluded
--- PASS: TestGenerateHoldingsReport_OtherWalletHoldings_Excluded (0.00s)
=== RUN   TestGenerateHoldingsReport_SchemaVersion
--- PASS: TestGenerateHoldingsReport_SchemaVersion (0.00s)
=== RUN   TestHoldingsReportMarshalFiDA_ValidJSON
--- PASS: TestHoldingsReportMarshalFiDA_ValidJSON (0.00s)
=== RUN   TestGenerateTaxReport_GB_CapitalGain_WithExempt
--- PASS: TestGenerateTaxReport_GB_CapitalGain_WithExempt (0.00s)
=== RUN   TestGenerateTaxReport_GB_LargeGain_ExemptApplied
--- PASS: TestGenerateTaxReport_GB_LargeGain_ExemptApplied (0.00s)
=== RUN   TestGenerateTaxReport_NL_GainZero
--- PASS: TestGenerateTaxReport_NL_GainZero (0.00s)
=== RUN   TestGenerateTaxReport_TradeOutsideYear_Excluded
--- PASS: TestGenerateTaxReport_TradeOutsideYear_Excluded (0.00s)
=== RUN   TestGenerateTaxReport_BuyerNotSeller_Excluded
--- PASS: TestGenerateTaxReport_BuyerNotSeller_Excluded (0.00s)
=== RUN   TestGenerateTaxReport_MultipleTrades_Summed
--- PASS: TestGenerateTaxReport_MultipleTrades_Summed (0.00s)
=== RUN   TestGenerateTaxReport_FXConversion_USDtoGBP
--- PASS: TestGenerateTaxReport_FXConversion_USDtoGBP (0.00s)
=== RUN   TestTaxReportMarshalFiDA_ValidJSON
--- PASS: TestTaxReportMarshalFiDA_ValidJSON (0.00s)
=== RUN   TestDefaultSettlementMethod_GBP_FasterPay
--- PASS: TestDefaultSettlementMethod_GBP_FasterPay (0.00s)
=== RUN   TestDefaultSettlementMethod_EUR_EURC
--- PASS: TestDefaultSettlementMethod_EUR_EURC (0.00s)
=== RUN   TestDefaultSettlementMethod_USD_SWIFT
--- PASS: TestDefaultSettlementMethod_USD_SWIFT (0.00s)
=== RUN   TestDefaultSettlementMethod_CHF_SWIFT
--- PASS: TestDefaultSettlementMethod_CHF_SWIFT (0.00s)
=== RUN   TestDefaultSettlementMethod_Unknown_SEPA
--- PASS: TestDefaultSettlementMethod_Unknown_SEPA (0.00s)
=== RUN   TestPontesRegisterSettlement_Success
--- PASS: TestPontesRegisterSettlement_Success (0.00s)
=== RUN   TestPontesRegisterSettlement_ServerError
--- PASS: TestPontesRegisterSettlement_ServerError (0.50s)
=== RUN   TestPontesRegisterSettlement_EmptyTransactionID_Error
--- PASS: TestPontesRegisterSettlement_EmptyTransactionID_Error (0.00s)
=== RUN   TestGenerateHoldingsReport_SingleAsset
--- PASS: TestGenerateHoldingsReport_SingleAsset (0.00s)
=== RUN   TestGenerateHoldingsReport_MultiAsset
--- PASS: TestGenerateHoldingsReport_MultiAsset (0.00s)
=== RUN   TestGenerateHoldingsReport_EmptyWallet
--- PASS: TestGenerateHoldingsReport_EmptyWallet (0.00s)
=== RUN   TestCostBasisTracker_FIFO
--- PASS: TestCostBasisTracker_FIFO (0.00s)
=== RUN   TestCostBasisTracker_PartialLot
--- PASS: TestCostBasisTracker_PartialLot (0.00s)
=== RUN   TestCostBasisTracker_InsufficientUnits
--- PASS: TestCostBasisTracker_InsufficientUnits (0.00s)
=== RUN   TestGenerateTaxReport_Gain
--- PASS: TestGenerateTaxReport_Gain (0.00s)
=== RUN   TestGenerateTaxReport_Loss
--- PASS: TestGenerateTaxReport_Loss (0.00s)
=== RUN   TestGenerateTaxReport_GBExemptAmount
--- PASS: TestGenerateTaxReport_GBExemptAmount (0.00s)
=== RUN   TestGenerateTaxReport_FXConversion
--- PASS: TestGenerateTaxReport_FXConversion (0.00s)
=== RUN   TestGenerateTaxReport_FiltersByYear
--- PASS: TestGenerateTaxReport_FiltersByYear (0.00s)
=== RUN   TestMarshalFiDA_HoldingsReport
--- PASS: TestMarshalFiDA_HoldingsReport (0.00s)
=== RUN   TestApplyBlockState_CeBMInstruction_RegisterSettlementCalled
2026/06/03 16:15:58 consensus startup invariant: mode=hybrid http_seal=true dbft_consensus=true
2026-06-03T16:15:58.882+0100	INFO	p2pnode	GreenHouse.web3/p2p.go:448	Libp2p host created with ID: 12D3KooWL1oN4FWt4txJxCFsfFNM6JxziVWr6YL9BBA78MEJP5PZ
2026/06/03 16:15:58 P2P: using Noise XX security transport (mutual auth)
2026-06-03T16:15:58.882+0100	INFO	p2pnode	GreenHouse.web3/p2p.go:453	Listening on: /ip4/127.0.0.1/tcp/62110/p2p/12D3KooWL1oN4FWt4txJxCFsfFNM6JxziVWr6YL9BBA78MEJP5PZ
2026-06-03T16:15:58.882+0100	INFO	p2pnode	GreenHouse.web3/p2p.go:453	Listening on: /ip4/127.0.0.1/udp/52636/webrtc-direct/certhash/uEiAXaPKyTEiLLA7v-HZ-m3CizOVq7vCoPZ5XiBg5GfusiA/p2p/12D3KooWL1oN4FWt4txJxCFsfFNM6JxziVWr6YL9BBA78MEJP5PZ
2026-06-03T16:15:58.882+0100	INFO	p2pnode	GreenHouse.web3/p2p.go:453	Listening on: /ip4/127.0.0.1/udp/59302/quic-v1/p2p/12D3KooWL1oN4FWt4txJxCFsfFNM6JxziVWr6YL9BBA78MEJP5PZ
2026-06-03T16:15:58.882+0100	INFO	p2pnode	GreenHouse.web3/p2p.go:453	Listening on: /ip4/127.0.0.1/udp/64351/quic-v1/webtransport/certhash/uEiCO-oFcFkAaM0s3UmIaStzRYG1u5RKddAsWhl3UmyzOpQ/certhash/uEiBKPN29A5nrs-nmYlHRJrMC9UHGvM3M7es0hJgvwgSlRQ/p2p/12D3KooWL1oN4FWt4txJxCFsfFNM6JxziVWr6YL9BBA78MEJP5PZ
2026-06-03T16:15:58.882+0100	INFO	p2pnode	GreenHouse.web3/p2p.go:453	Listening on: /ip4/192.168.0.156/tcp/62110/p2p/12D3KooWL1oN4FWt4txJxCFsfFNM6JxziVWr6YL9BBA78MEJP5PZ
2026-06-03T16:15:58.882+0100	INFO	p2pnode	GreenHouse.web3/p2p.go:453	Listening on: /ip4/192.168.0.156/udp/52636/webrtc-direct/certhash/uEiAXaPKyTEiLLA7v-HZ-m3CizOVq7vCoPZ5XiBg5GfusiA/p2p/12D3KooWL1oN4FWt4txJxCFsfFNM6JxziVWr6YL9BBA78MEJP5PZ
2026-06-03T16:15:58.882+0100	INFO	p2pnode	GreenHouse.web3/p2p.go:453	Listening on: /ip4/192.168.0.156/udp/59302/quic-v1/p2p/12D3KooWL1oN4FWt4txJxCFsfFNM6JxziVWr6YL9BBA78MEJP5PZ
2026-06-03T16:15:58.882+0100	INFO	p2pnode	GreenHouse.web3/p2p.go:453	Listening on: /ip4/192.168.0.156/udp/64351/quic-v1/webtransport/certhash/uEiCO-oFcFkAaM0s3UmIaStzRYG1u5RKddAsWhl3UmyzOpQ/certhash/uEiBKPN29A5nrs-nmYlHRJrMC9UHGvM3M7es0hJgvwgSlRQ/p2p/12D3KooWL1oN4FWt4txJxCFsfFNM6JxziVWr6YL9BBA78MEJP5PZ
2026-06-03T16:15:58.882+0100	INFO	p2pnode	GreenHouse.web3/p2p.go:453	Listening on: /ip6/::1/tcp/62111/p2p/12D3KooWL1oN4FWt4txJxCFsfFNM6JxziVWr6YL9BBA78MEJP5PZ
2026-06-03T16:15:58.882+0100	INFO	p2pnode	GreenHouse.web3/p2p.go:453	Listening on: /ip6/::1/udp/55507/quic-v1/p2p/12D3KooWL1oN4FWt4txJxCFsfFNM6JxziVWr6YL9BBA78MEJP5PZ
2026-06-03T16:15:58.882+0100	INFO	p2pnode	GreenHouse.web3/p2p.go:453	Listening on: /ip6/::1/udp/63768/quic-v1/webtransport/certhash/uEiCO-oFcFkAaM0s3UmIaStzRYG1u5RKddAsWhl3UmyzOpQ/certhash/uEiBKPN29A5nrs-nmYlHRJrMC9UHGvM3M7es0hJgvwgSlRQ/p2p/12D3KooWL1oN4FWt4txJxCFsfFNM6JxziVWr6YL9BBA78MEJP5PZ
2026-06-03T16:15:58.882+0100	INFO	p2pnode	GreenHouse.web3/p2p.go:453	Listening on: /ip6/::1/udp/65215/webrtc-direct/certhash/uEiAXaPKyTEiLLA7v-HZ-m3CizOVq7vCoPZ5XiBg5GfusiA/p2p/12D3KooWL1oN4FWt4txJxCFsfFNM6JxziVWr6YL9BBA78MEJP5PZ
2026-06-03T16:15:58.882+0100	INFO	p2pnode	GreenHouse.web3/p2p.go:513	DHT discovery disabled (GONETWORK_DISABLE_P2P_DHT=1)
2026-06-03T16:15:58.882+0100	INFO	p2pnode	GreenHouse.web3/p2p.go:532	PubSub service initialized (D=4 Dlo=3 Dhi=5 heartbeat=500ms)
2026-06-03T16:15:58.882+0100	INFO	p2pnode	GreenHouse.web3/p2p.go:539	Joined topic: f4-register
2026-06-03T16:15:58.882+0100	INFO	p2pnode	GreenHouse.web3/p2p.go:546	Joined consensus topic: f4-register/consensus
2026-06-03T16:15:58.882+0100	INFO	p2pnode	GreenHouse.web3/p2p.go:563	Topic validator registered for f4-register
2026-06-03T16:15:58.882+0100	INFO	p2pnode	GreenHouse.web3/p2p.go:573	Topic validator registered for f4-register/consensus
2026-06-03T16:15:58.882+0100	INFO	p2pnode	GreenHouse.web3/p2p.go:580	Subscribed to topic
2026-06-03T16:15:58.882+0100	INFO	p2pnode	GreenHouse.web3/p2p.go:586	Subscribed to consensus topic
2026-06-03T16:15:58.882+0100	INFO	p2pnode	GreenHouse.web3/p2p.go:603	mDNS discovery disabled (GONETWORK_DISABLE_P2P_MDNS=1)
2026-06-03T16:15:58.882+0100	INFO	p2pnode	GreenHouse.web3/p2p.go:712	Stream handler set for direct messaging
--- PASS: TestApplyBlockState_CeBMInstruction_RegisterSettlementCalled (0.02s)
=== RUN   TestApplyBlockState_CeBMRegistrationFailure_EventEmitted
2026/06/03 16:15:58 consensus startup invariant: mode=hybrid http_seal=true dbft_consensus=true
2026-06-03T16:15:58.898+0100	INFO	p2pnode	GreenHouse.web3/p2p.go:448	Libp2p host created with ID: 12D3KooWEdrMH2eMHrzzWiJ1Q443ZJLrJS7RcJJeyeyLqB79AFLM
2026/06/03 16:15:58 P2P: using Noise XX security transport (mutual auth)
2026-06-03T16:15:58.898+0100	INFO	p2pnode	GreenHouse.web3/p2p.go:453	Listening on: /ip4/127.0.0.1/tcp/62112/p2p/12D3KooWEdrMH2eMHrzzWiJ1Q443ZJLrJS7RcJJeyeyLqB79AFLM
2026-06-03T16:15:58.898+0100	INFO	p2pnode	GreenHouse.web3/p2p.go:453	Listening on: /ip4/127.0.0.1/udp/57706/quic-v1/webtransport/certhash/uEiB5LfB6nZtz2HfptFyJJFKsz7oq4K88AYn-8N3iiTnHvw/certhash/uEiBhvRgWGIXNYsGwoIWDdYhEmiRrJpkfwhl3VDIzSo8AxA/p2p/12D3KooWEdrMH2eMHrzzWiJ1Q443ZJLrJS7RcJJeyeyLqB79AFLM
2026-06-03T16:15:58.898+0100	INFO	p2pnode	GreenHouse.web3/p2p.go:453	Listening on: /ip4/127.0.0.1/udp/60582/webrtc-direct/certhash/uEiC1all5goRCsXb5bOvvA0KExQxSbwisAHXvhqYIsySBZQ/p2p/12D3KooWEdrMH2eMHrzzWiJ1Q443ZJLrJS7RcJJeyeyLqB79AFLM
2026-06-03T16:15:58.898+0100	INFO	p2pnode	GreenHouse.web3/p2p.go:453	Listening on: /ip4/127.0.0.1/udp/64025/quic-v1/p2p/12D3KooWEdrMH2eMHrzzWiJ1Q443ZJLrJS7RcJJeyeyLqB79AFLM
2026-06-03T16:15:58.898+0100	INFO	p2pnode	GreenHouse.web3/p2p.go:453	Listening on: /ip4/192.168.0.156/tcp/62112/p2p/12D3KooWEdrMH2eMHrzzWiJ1Q443ZJLrJS7RcJJeyeyLqB79AFLM
2026-06-03T16:15:58.899+0100	INFO	p2pnode	GreenHouse.web3/p2p.go:453	Listening on: /ip4/192.168.0.156/udp/57706/quic-v1/webtransport/certhash/uEiB5LfB6nZtz2HfptFyJJFKsz7oq4K88AYn-8N3iiTnHvw/certhash/uEiBhvRgWGIXNYsGwoIWDdYhEmiRrJpkfwhl3VDIzSo8AxA/p2p/12D3KooWEdrMH2eMHrzzWiJ1Q443ZJLrJS7RcJJeyeyLqB79AFLM
2026-06-03T16:15:58.899+0100	INFO	p2pnode	GreenHouse.web3/p2p.go:453	Listening on: /ip4/192.168.0.156/udp/60582/webrtc-direct/certhash/uEiC1all5goRCsXb5bOvvA0KExQxSbwisAHXvhqYIsySBZQ/p2p/12D3KooWEdrMH2eMHrzzWiJ1Q443ZJLrJS7RcJJeyeyLqB79AFLM
2026-06-03T16:15:58.899+0100	INFO	p2pnode	GreenHouse.web3/p2p.go:453	Listening on: /ip4/192.168.0.156/udp/64025/quic-v1/p2p/12D3KooWEdrMH2eMHrzzWiJ1Q443ZJLrJS7RcJJeyeyLqB79AFLM
2026-06-03T16:15:58.899+0100	INFO	p2pnode	GreenHouse.web3/p2p.go:453	Listening on: /ip6/::1/tcp/62113/p2p/12D3KooWEdrMH2eMHrzzWiJ1Q443ZJLrJS7RcJJeyeyLqB79AFLM
2026-06-03T16:15:58.899+0100	INFO	p2pnode	GreenHouse.web3/p2p.go:453	Listening on: /ip6/::1/udp/51952/webrtc-direct/certhash/uEiC1all5goRCsXb5bOvvA0KExQxSbwisAHXvhqYIsySBZQ/p2p/12D3KooWEdrMH2eMHrzzWiJ1Q443ZJLrJS7RcJJeyeyLqB79AFLM
2026-06-03T16:15:58.899+0100	INFO	p2pnode	GreenHouse.web3/p2p.go:453	Listening on: /ip6/::1/udp/52562/quic-v1/webtransport/certhash/uEiB5LfB6nZtz2HfptFyJJFKsz7oq4K88AYn-8N3iiTnHvw/certhash/uEiBhvRgWGIXNYsGwoIWDdYhEmiRrJpkfwhl3VDIzSo8AxA/p2p/12D3KooWEdrMH2eMHrzzWiJ1Q443ZJLrJS7RcJJeyeyLqB79AFLM
2026-06-03T16:15:58.899+0100	INFO	p2pnode	GreenHouse.web3/p2p.go:453	Listening on: /ip6/::1/udp/56340/quic-v1/p2p/12D3KooWEdrMH2eMHrzzWiJ1Q443ZJLrJS7RcJJeyeyLqB79AFLM
2026-06-03T16:15:58.899+0100	INFO	p2pnode	GreenHouse.web3/p2p.go:513	DHT discovery disabled (GONETWORK_DISABLE_P2P_DHT=1)
2026-06-03T16:15:58.899+0100	INFO	p2pnode	GreenHouse.web3/p2p.go:532	PubSub service initialized (D=4 Dlo=3 Dhi=5 heartbeat=500ms)
2026-06-03T16:15:58.899+0100	INFO	p2pnode	GreenHouse.web3/p2p.go:539	Joined topic: f4-failure
2026-06-03T16:15:58.899+0100	INFO	p2pnode	GreenHouse.web3/p2p.go:546	Joined consensus topic: f4-failure/consensus
2026-06-03T16:15:58.899+0100	INFO	p2pnode	GreenHouse.web3/p2p.go:563	Topic validator registered for f4-failure
2026-06-03T16:15:58.899+0100	INFO	p2pnode	GreenHouse.web3/p2p.go:573	Topic validator registered for f4-failure/consensus
2026-06-03T16:15:58.899+0100	INFO	p2pnode	GreenHouse.web3/p2p.go:580	Subscribed to topic
2026-06-03T16:15:58.899+0100	INFO	p2pnode	GreenHouse.web3/p2p.go:586	Subscribed to consensus topic
2026-06-03T16:15:58.899+0100	INFO	p2pnode	GreenHouse.web3/p2p.go:603	mDNS discovery disabled (GONETWORK_DISABLE_P2P_MDNS=1)
2026-06-03T16:15:58.899+0100	INFO	p2pnode	GreenHouse.web3/p2p.go:712	Stream handler set for direct messaging
2026/06/03 16:15:58 [settlement] RegisterSettlement failed trade=241238dde1ab724ad97b3fb2e22bec931146e19ceefc93839aabe0acc5d5ecd4 ref=GH-241238dd: pontes: 503 service unavailable
--- PASS: TestApplyBlockState_CeBMRegistrationFailure_EventEmitted (0.03s)
=== RUN   TestSettlementRegistrar_NonCeBMProvider_NotCalled
2026/06/03 16:15:58 consensus startup invariant: mode=hybrid http_seal=true dbft_consensus=true
2026-06-03T16:15:58.926+0100	INFO	p2pnode	GreenHouse.web3/p2p.go:448	Libp2p host created with ID: 12D3KooWQhogXQRiBBwfRJaTihwhZ8Ge7SbtJWukJHHMym7AZEqm
2026/06/03 16:15:58 P2P: using Noise XX security transport (mutual auth)
2026-06-03T16:15:58.926+0100	INFO	p2pnode	GreenHouse.web3/p2p.go:453	Listening on: /ip4/127.0.0.1/tcp/62114/p2p/12D3KooWQhogXQRiBBwfRJaTihwhZ8Ge7SbtJWukJHHMym7AZEqm
2026-06-03T16:15:58.926+0100	INFO	p2pnode	GreenHouse.web3/p2p.go:453	Listening on: /ip4/127.0.0.1/udp/51319/quic-v1/p2p/12D3KooWQhogXQRiBBwfRJaTihwhZ8Ge7SbtJWukJHHMym7AZEqm
2026-06-03T16:15:58.926+0100	INFO	p2pnode	GreenHouse.web3/p2p.go:453	Listening on: /ip4/127.0.0.1/udp/57290/webrtc-direct/certhash/uEiDcc581F4r0mfcmeWJBhOLW0i5RvzfBHvnIapboNmmufA/p2p/12D3KooWQhogXQRiBBwfRJaTihwhZ8Ge7SbtJWukJHHMym7AZEqm
2026-06-03T16:15:58.926+0100	INFO	p2pnode	GreenHouse.web3/p2p.go:453	Listening on: /ip4/127.0.0.1/udp/58963/quic-v1/webtransport/certhash/uEiAQKqgaPJnN0SCRsx_8iPNvUjIiOU_ARl2pw9x2xL93lg/certhash/uEiC2azN1POGw_z6vF5L7sLRZjvVRoJaTMB-SUhE1WF0sWA/p2p/12D3KooWQhogXQRiBBwfRJaTihwhZ8Ge7SbtJWukJHHMym7AZEqm
2026-06-03T16:15:58.926+0100	INFO	p2pnode	GreenHouse.web3/p2p.go:453	Listening on: /ip4/192.168.0.156/tcp/62114/p2p/12D3KooWQhogXQRiBBwfRJaTihwhZ8Ge7SbtJWukJHHMym7AZEqm
2026-06-03T16:15:58.926+0100	INFO	p2pnode	GreenHouse.web3/p2p.go:453	Listening on: /ip4/192.168.0.156/udp/51319/quic-v1/p2p/12D3KooWQhogXQRiBBwfRJaTihwhZ8Ge7SbtJWukJHHMym7AZEqm
2026-06-03T16:15:58.926+0100	INFO	p2pnode	GreenHouse.web3/p2p.go:453	Listening on: /ip4/192.168.0.156/udp/57290/webrtc-direct/certhash/uEiDcc581F4r0mfcmeWJBhOLW0i5RvzfBHvnIapboNmmufA/p2p/12D3KooWQhogXQRiBBwfRJaTihwhZ8Ge7SbtJWukJHHMym7AZEqm
2026-06-03T16:15:58.926+0100	INFO	p2pnode	GreenHouse.web3/p2p.go:453	Listening on: /ip4/192.168.0.156/udp/58963/quic-v1/webtransport/certhash/uEiAQKqgaPJnN0SCRsx_8iPNvUjIiOU_ARl2pw9x2xL93lg/certhash/uEiC2azN1POGw_z6vF5L7sLRZjvVRoJaTMB-SUhE1WF0sWA/p2p/12D3KooWQhogXQRiBBwfRJaTihwhZ8Ge7SbtJWukJHHMym7AZEqm
2026-06-03T16:15:58.926+0100	INFO	p2pnode	GreenHouse.web3/p2p.go:453	Listening on: /ip6/::1/tcp/62115/p2p/12D3KooWQhogXQRiBBwfRJaTihwhZ8Ge7SbtJWukJHHMym7AZEqm
2026-06-03T16:15:58.926+0100	INFO	p2pnode	GreenHouse.web3/p2p.go:453	Listening on: /ip6/::1/udp/50136/quic-v1/p2p/12D3KooWQhogXQRiBBwfRJaTihwhZ8Ge7SbtJWukJHHMym7AZEqm
2026-06-03T16:15:58.926+0100	INFO	p2pnode	GreenHouse.web3/p2p.go:453	Listening on: /ip6/::1/udp/57271/quic-v1/webtransport/certhash/uEiAQKqgaPJnN0SCRsx_8iPNvUjIiOU_ARl2pw9x2xL93lg/certhash/uEiC2azN1POGw_z6vF5L7sLRZjvVRoJaTMB-SUhE1WF0sWA/p2p/12D3KooWQhogXQRiBBwfRJaTihwhZ8Ge7SbtJWukJHHMym7AZEqm
2026-06-03T16:15:58.926+0100	INFO	p2pnode	GreenHouse.web3/p2p.go:453	Listening on: /ip6/::1/udp/57600/webrtc-direct/certhash/uEiDcc581F4r0mfcmeWJBhOLW0i5RvzfBHvnIapboNmmufA/p2p/12D3KooWQhogXQRiBBwfRJaTihwhZ8Ge7SbtJWukJHHMym7AZEqm
2026-06-03T16:15:58.926+0100	INFO	p2pnode	GreenHouse.web3/p2p.go:513	DHT discovery disabled (GONETWORK_DISABLE_P2P_DHT=1)
2026-06-03T16:15:58.926+0100	INFO	p2pnode	GreenHouse.web3/p2p.go:532	PubSub service initialized (D=4 Dlo=3 Dhi=5 heartbeat=500ms)
2026-06-03T16:15:58.926+0100	INFO	p2pnode	GreenHouse.web3/p2p.go:539	Joined topic: f4-no-register
2026-06-03T16:15:58.926+0100	INFO	p2pnode	GreenHouse.web3/p2p.go:546	Joined consensus topic: f4-no-register/consensus
2026-06-03T16:15:58.926+0100	INFO	p2pnode	GreenHouse.web3/p2p.go:563	Topic validator registered for f4-no-register
2026-06-03T16:15:58.926+0100	INFO	p2pnode	GreenHouse.web3/p2p.go:573	Topic validator registered for f4-no-register/consensus
2026-06-03T16:15:58.926+0100	INFO	p2pnode	GreenHouse.web3/p2p.go:580	Subscribed to topic
2026-06-03T16:15:58.926+0100	INFO	p2pnode	GreenHouse.web3/p2p.go:586	Subscribed to consensus topic
2026-06-03T16:15:58.926+0100	INFO	p2pnode	GreenHouse.web3/p2p.go:603	mDNS discovery disabled (GONETWORK_DISABLE_P2P_MDNS=1)
2026-06-03T16:15:58.926+0100	INFO	p2pnode	GreenHouse.web3/p2p.go:712	Stream handler set for direct messaging
--- PASS: TestSettlementRegistrar_NonCeBMProvider_NotCalled (0.01s)
=== RUN   TestNewSPVWrapper_ValidIreland
--- PASS: TestNewSPVWrapper_ValidIreland (0.00s)
=== RUN   TestNewSPVWrapper_EmptyName_Error
--- PASS: TestNewSPVWrapper_EmptyName_Error (0.00s)
=== RUN   TestNewSPVWrapper_EmptyCompany_Error
--- PASS: TestNewSPVWrapper_EmptyCompany_Error (0.00s)
=== RUN   TestNewSPVWrapper_EmptyShareClass_Error
--- PASS: TestNewSPVWrapper_EmptyShareClass_Error (0.00s)
=== RUN   TestNewSPVWrapper_EmptyLegalDocHash_Error
--- PASS: TestNewSPVWrapper_EmptyLegalDocHash_Error (0.00s)
=== RUN   TestSPVDeterministicID_Deterministic
--- PASS: TestSPVDeterministicID_Deterministic (0.00s)
=== RUN   TestSPVDeterministicID_DifferentNameProducesDifferentID
--- PASS: TestSPVDeterministicID_DifferentNameProducesDifferentID (0.00s)
=== RUN   TestSPVDeterministicID_MatchesNewSPVWrapperID
--- PASS: TestSPVDeterministicID_MatchesNewSPVWrapperID (0.00s)
=== RUN   TestSPVWrapperVerifySignature_Valid
--- PASS: TestSPVWrapperVerifySignature_Valid (0.00s)
=== RUN   TestSPVWrapperVerifySignature_WrongKey_False
--- PASS: TestSPVWrapperVerifySignature_WrongKey_False (0.00s)
=== RUN   TestSPVWrapperVerifySignature_TamperedName_False
--- PASS: TestSPVWrapperVerifySignature_TamperedName_False (0.00s)
=== RUN   TestUpdateNAV_Valid
--- PASS: TestUpdateNAV_Valid (0.00s)
=== RUN   TestUpdateNAV_NegativeNAV_Error
--- PASS: TestUpdateNAV_NegativeNAV_Error (0.00s)
=== RUN   TestUpdateNAV_ZeroNAV_Valid
--- PASS: TestUpdateNAV_ZeroNAV_Valid (0.00s)
=== RUN   TestNewSPVTransaction_Dividend_Valid
--- PASS: TestNewSPVTransaction_Dividend_Valid (0.00s)
=== RUN   TestNewSPVTransaction_CapitalCall_Valid
--- PASS: TestNewSPVTransaction_CapitalCall_Valid (0.00s)
=== RUN   TestNewSPVTransaction_NAVUpdate_NoCurrencyRequired
--- PASS: TestNewSPVTransaction_NAVUpdate_NoCurrencyRequired (0.00s)
=== RUN   TestNewSPVTransaction_NoCurrencyForDividend_Error
--- PASS: TestNewSPVTransaction_NoCurrencyForDividend_Error (0.00s)
=== RUN   TestNewSPVTransaction_EmptySPVID_Error
--- PASS: TestNewSPVTransaction_EmptySPVID_Error (0.00s)
=== RUN   TestNewSPVTransaction_NegativeAmountForCapitalCall_Error
--- PASS: TestNewSPVTransaction_NegativeAmountForCapitalCall_Error (0.00s)
=== RUN   TestSPVTransactionVerifySignature_Valid
--- PASS: TestSPVTransactionVerifySignature_Valid (0.00s)
=== RUN   TestSPVTransactionVerifySignature_WrongKey_False
--- PASS: TestSPVTransactionVerifySignature_WrongKey_False (0.00s)
=== RUN   TestSPVTransactionVerifySignature_TamperedAmount_False
--- PASS: TestSPVTransactionVerifySignature_TamperedAmount_False (0.00s)
=== RUN   TestApplySPVTransaction_Dividend_GeneratesInstructions
--- PASS: TestApplySPVTransaction_Dividend_GeneratesInstructions (0.00s)
=== RUN   TestApplySPVTransaction_CapitalCall_SwappedPayerPayee
--- PASS: TestApplySPVTransaction_CapitalCall_SwappedPayerPayee (0.00s)
=== RUN   TestApplySPVTransaction_NAVUpdate_Error
--- PASS: TestApplySPVTransaction_NAVUpdate_Error (0.00s)
=== RUN   TestApplySPVTransaction_NilAsset_Error
--- PASS: TestApplySPVTransaction_NilAsset_Error (0.00s)
=== RUN   TestApplySPVTransaction_ZeroBalance_Excluded
--- PASS: TestApplySPVTransaction_ZeroBalance_Excluded (0.00s)
=== RUN   TestProcessCapitalCall_CreatesRecordsAndInstructions
--- PASS: TestProcessCapitalCall_CreatesRecordsAndInstructions (0.00s)
=== RUN   TestProcessCapitalCall_EmptySPVID_Error
--- PASS: TestProcessCapitalCall_EmptySPVID_Error (0.00s)
=== RUN   TestProcessCapitalCall_EmptyAssetID_Error
--- PASS: TestProcessCapitalCall_EmptyAssetID_Error (0.00s)
=== RUN   TestProcessCapitalCall_ZeroAmountPerUnit_Error
--- PASS: TestProcessCapitalCall_ZeroAmountPerUnit_Error (0.00s)
=== RUN   TestProcessCapitalCall_EmptyCurrency_Error
--- PASS: TestProcessCapitalCall_EmptyCurrency_Error (0.00s)
=== RUN   TestProcessCapitalCall_DefaultDeadline_14Days
--- PASS: TestProcessCapitalCall_DefaultDeadline_14Days (0.00s)
=== RUN   TestMarkCapitalCallDefault_SetsLockup
--- PASS: TestMarkCapitalCallDefault_SetsLockup (0.00s)
=== RUN   TestMarkCapitalCallDefault_MissingHolding_Error
--- PASS: TestMarkCapitalCallDefault_MissingHolding_Error (0.00s)
=== RUN   TestNewSPVWrapper_Valid
--- PASS: TestNewSPVWrapper_Valid (0.00s)
=== RUN   TestNewSPVWrapper_MissingFields
=== RUN   TestNewSPVWrapper_MissingFields/empty_name
=== RUN   TestNewSPVWrapper_MissingFields/empty_company
=== RUN   TestNewSPVWrapper_MissingFields/empty_share_class
=== RUN   TestNewSPVWrapper_MissingFields/empty_legal_doc
--- PASS: TestNewSPVWrapper_MissingFields (0.00s)
    --- PASS: TestNewSPVWrapper_MissingFields/empty_name (0.00s)
    --- PASS: TestNewSPVWrapper_MissingFields/empty_company (0.00s)
    --- PASS: TestNewSPVWrapper_MissingFields/empty_share_class (0.00s)
    --- PASS: TestNewSPVWrapper_MissingFields/empty_legal_doc (0.00s)
=== RUN   TestSPVWrapper_UpdateNAV
--- PASS: TestSPVWrapper_UpdateNAV (0.00s)
=== RUN   TestApplySPVTransaction_Dividend
--- PASS: TestApplySPVTransaction_Dividend (0.00s)
=== RUN   TestApplySPVTransaction_ZeroBalance
--- PASS: TestApplySPVTransaction_ZeroBalance (0.00s)
=== RUN   TestSPVAssetLink
--- PASS: TestSPVAssetLink (0.00s)
=== RUN   TestSPVSignatureTampering
--- PASS: TestSPVSignatureTampering (0.00s)
=== RUN   TestNewSPVTransaction_Valid
--- PASS: TestNewSPVTransaction_Valid (0.00s)
=== RUN   TestApplySPVTransaction_CapitalCall
--- PASS: TestApplySPVTransaction_CapitalCall (0.00s)
=== RUN   TestDetectSTOR_SelfTransfer_CreatesSTOR
2026/06/03 16:15:58 consensus startup invariant: mode=hybrid http_seal=true dbft_consensus=true
--- PASS: TestDetectSTOR_SelfTransfer_CreatesSTOR (0.00s)
=== RUN   TestDetectSTOR_SelfTransfer_EmitsEvent
2026/06/03 16:15:58 consensus startup invariant: mode=hybrid http_seal=true dbft_consensus=true
--- PASS: TestDetectSTOR_SelfTransfer_EmitsEvent (0.00s)
=== RUN   TestDetectSTOR_DifferentBuyerSeller_NoSTOR
2026/06/03 16:15:58 consensus startup invariant: mode=hybrid http_seal=true dbft_consensus=true
--- PASS: TestDetectSTOR_DifferentBuyerSeller_NoSTOR (0.00s)
=== RUN   TestDetectSTOR_WashTrade_FourTradesTriggerSTOR
2026/06/03 16:15:58 consensus startup invariant: mode=hybrid http_seal=true dbft_consensus=true
--- PASS: TestDetectSTOR_WashTrade_FourTradesTriggerSTOR (0.00s)
=== RUN   TestDetectSTOR_WashTrade_BidirectionalPairCounted
2026/06/03 16:15:58 consensus startup invariant: mode=hybrid http_seal=true dbft_consensus=true
--- PASS: TestDetectSTOR_WashTrade_BidirectionalPairCounted (0.00s)
=== RUN   TestDetectSTOR_WashTrade_DifferentAssetNotCounted
2026/06/03 16:15:58 consensus startup invariant: mode=hybrid http_seal=true dbft_consensus=true
--- PASS: TestDetectSTOR_WashTrade_DifferentAssetNotCounted (0.00s)
=== RUN   TestDetectSTOR_PriceDeviation_CreatesSTOR
2026/06/03 16:15:58 consensus startup invariant: mode=hybrid http_seal=true dbft_consensus=true
--- PASS: TestDetectSTOR_PriceDeviation_CreatesSTOR (0.00s)
=== RUN   TestDetectSTOR_PriceDeviation_WithinThreshold_NoSTOR
2026/06/03 16:15:58 consensus startup invariant: mode=hybrid http_seal=true dbft_consensus=true
--- PASS: TestDetectSTOR_PriceDeviation_WithinThreshold_NoSTOR (0.00s)
=== RUN   TestDetectSTOR_PriceDeviation_InsufficientHistory_NoSTOR
2026/06/03 16:15:58 consensus startup invariant: mode=hybrid http_seal=true dbft_consensus=true
--- PASS: TestDetectSTOR_PriceDeviation_InsufficientHistory_NoSTOR (0.00s)
=== RUN   TestDetectSTOR_AllPatterns_EachEmitsEvent
2026/06/03 16:15:58 consensus startup invariant: mode=hybrid http_seal=true dbft_consensus=true
--- PASS: TestDetectSTOR_AllPatterns_EachEmitsEvent (0.00s)
=== RUN   TestStorCounterpartyKey_OrderIndependent
--- PASS: TestStorCounterpartyKey_OrderIndependent (0.00s)
=== RUN   TestStorCounterpartyKey_SamePairDifferentFromDifferentPair
--- PASS: TestStorCounterpartyKey_SamePairDifferentFromDifferentPair (0.00s)
=== RUN   TestStorAssetVWAP_EmptyHistory_ReturnsZero
2026/06/03 16:15:58 consensus startup invariant: mode=hybrid http_seal=true dbft_consensus=true
--- PASS: TestStorAssetVWAP_EmptyHistory_ReturnsZero (0.00s)
=== RUN   TestStorAssetVWAP_SingleTrade_ReturnsThatPrice
2026/06/03 16:15:58 consensus startup invariant: mode=hybrid http_seal=true dbft_consensus=true
--- PASS: TestStorAssetVWAP_SingleTrade_ReturnsThatPrice (0.00s)
=== RUN   TestStorAssetVWAP_WeightsCorrectly
2026/06/03 16:15:58 consensus startup invariant: mode=hybrid http_seal=true dbft_consensus=true
--- PASS: TestStorAssetVWAP_WeightsCorrectly (0.00s)
=== RUN   TestStorAssetVWAP_ExcludesCurrentTrade
2026/06/03 16:15:58 consensus startup invariant: mode=hybrid http_seal=true dbft_consensus=true
--- PASS: TestStorAssetVWAP_ExcludesCurrentTrade (0.00s)
=== RUN   TestStorAssetVWAP_RespectsNLimit
2026/06/03 16:15:58 consensus startup invariant: mode=hybrid http_seal=true dbft_consensus=true
--- PASS: TestStorAssetVWAP_RespectsNLimit (0.00s)
=== RUN   TestComplyAdvantage_Constructor_StoresFields
--- PASS: TestComplyAdvantage_Constructor_StoresFields (0.00s)
=== RUN   TestComplyAdvantage_SanctionHit_BlocksSender
--- PASS: TestComplyAdvantage_SanctionHit_BlocksSender (0.00s)
=== RUN   TestComplyAdvantage_PEPHit_FlagsSender
--- PASS: TestComplyAdvantage_PEPHit_FlagsSender (0.00s)
=== RUN   TestComplyAdvantage_WarningHit_FlagsSender
--- PASS: TestComplyAdvantage_WarningHit_FlagsSender (0.00s)
=== RUN   TestComplyAdvantage_NoHits_ReturnsNil
--- PASS: TestComplyAdvantage_NoHits_ReturnsNil (0.00s)
=== RUN   TestComplyAdvantage_LowScore_Ignored
--- PASS: TestComplyAdvantage_LowScore_Ignored (0.00s)
=== RUN   TestComplyAdvantage_Cache_SecondCallSkipsHTTP
--- PASS: TestComplyAdvantage_Cache_SecondCallSkipsHTTP (0.00s)
=== RUN   TestComplyAdvantage_ServerError_ReturnsError
--- PASS: TestComplyAdvantage_ServerError_ReturnsError (0.00s)
=== RUN   TestComplyAdvantage_ReceiverBlocked_ReturnsBlockAlert
--- PASS: TestComplyAdvantage_ReceiverBlocked_ReturnsBlockAlert (0.00s)
=== RUN   TestElliptic_Constructor_StoresFields
--- PASS: TestElliptic_Constructor_StoresFields (0.00s)
=== RUN   TestElliptic_HighRisk_Blocks
--- PASS: TestElliptic_HighRisk_Blocks (0.00s)
=== RUN   TestElliptic_MediumRisk_Flags
--- PASS: TestElliptic_MediumRisk_Flags (0.00s)
=== RUN   TestElliptic_LowRisk_ReturnsNil
--- PASS: TestElliptic_LowRisk_ReturnsNil (0.00s)
=== RUN   TestElliptic_Cache_SecondCallSkipsHTTP
--- PASS: TestElliptic_Cache_SecondCallSkipsHTTP (0.00s)
=== RUN   TestElliptic_ServerError_ReturnsError
--- PASS: TestElliptic_ServerError_ReturnsError (0.00s)
=== RUN   TestElliptic_ReceiverHighRisk_ReturnsBlockAlert
--- PASS: TestElliptic_ReceiverHighRisk_ReturnsBlockAlert (0.00s)
=== RUN   TestValidateISIN_Empty_OK
--- PASS: TestValidateISIN_Empty_OK (0.00s)
=== RUN   TestValidateISIN_ValidGB_OK
--- PASS: TestValidateISIN_ValidGB_OK (0.00s)
=== RUN   TestValidateISIN_WrongLength_Error
--- PASS: TestValidateISIN_WrongLength_Error (0.00s)
=== RUN   TestValidateISIN_LowercaseCountry_Error
--- PASS: TestValidateISIN_LowercaseCountry_Error (0.00s)
=== RUN   TestValidateISIN_InvalidChar_Error
--- PASS: TestValidateISIN_InvalidChar_Error (0.00s)
=== RUN   TestValidateISIN_BadCheckDigit_Error
--- PASS: TestValidateISIN_BadCheckDigit_Error (0.00s)
=== RUN   TestEncryptDecryptPrivateKey_RoundTrip
--- PASS: TestEncryptDecryptPrivateKey_RoundTrip (0.11s)
=== RUN   TestDecryptPrivateKey_WrongPassphrase_Error
--- PASS: TestDecryptPrivateKey_WrongPassphrase_Error (0.10s)
=== RUN   TestEncryptPrivateKey_DifferentNonceEachCall
--- PASS: TestEncryptPrivateKey_DifferentNonceEachCall (0.08s)
=== RUN   TestDecryptPrivateKey_InvalidHex_Error
--- PASS: TestDecryptPrivateKey_InvalidHex_Error (0.00s)
=== RUN   TestDecryptPrivateKey_TooShortCiphertext_Error
--- PASS: TestDecryptPrivateKey_TooShortCiphertext_Error (0.00s)
=== RUN   TestNewPrivateKeyFromSeed_Valid
--- PASS: TestNewPrivateKeyFromSeed_Valid (0.00s)
=== RUN   TestNewPrivateKeyFromSeed_WrongLength_Error
--- PASS: TestNewPrivateKeyFromSeed_WrongLength_Error (0.00s)
=== RUN   TestGeneratePublicKey_MatchesPrivatePublic
--- PASS: TestGeneratePublicKey_MatchesPrivatePublic (0.00s)
=== RUN   TestProspectusExemptionMarshalJSON_ValidJSON
--- PASS: TestProspectusExemptionMarshalJSON_ValidJSON (0.00s)
=== RUN   TestLiquidityWindowIsOpen_Open_True
--- PASS: TestLiquidityWindowIsOpen_Open_True (0.00s)
=== RUN   TestLiquidityWindowIsOpen_Scheduled_False
--- PASS: TestLiquidityWindowIsOpen_Scheduled_False (0.00s)
=== RUN   TestLiquidityWindowIsOpen_Closed_False
--- PASS: TestLiquidityWindowIsOpen_Closed_False (0.00s)
=== RUN   TestWindowManagerHasOpenWindow_NoWindows_False
--- PASS: TestWindowManagerHasOpenWindow_NoWindows_False (0.00s)
=== RUN   TestWindowManagerHasOpenWindow_OpenWindow_True
--- PASS: TestWindowManagerHasOpenWindow_OpenWindow_True (0.00s)
=== RUN   TestWindowManagerHasOpenWindow_ClosedWindow_False
--- PASS: TestWindowManagerHasOpenWindow_ClosedWindow_False (0.00s)
=== RUN   TestShardValidateShardTransactions_ValidTx_NoPanic
2026/06/03 16:15:59 consensus startup invariant: mode=hybrid http_seal=true dbft_consensus=true
2026-06-03T16:15:59.231+0100	INFO	p2pnode	GreenHouse.web3/p2p.go:448	Libp2p host created with ID: 12D3KooWHf1j3AwWdTFokscX85ncPPpTF5b5GowYZxFi5FtdLE3L
2026/06/03 16:15:59 P2P: using Noise XX security transport (mutual auth)
2026-06-03T16:15:59.231+0100	INFO	p2pnode	GreenHouse.web3/p2p.go:453	Listening on: /ip4/127.0.0.1/tcp/62144/p2p/12D3KooWHf1j3AwWdTFokscX85ncPPpTF5b5GowYZxFi5FtdLE3L
2026-06-03T16:15:59.231+0100	INFO	p2pnode	GreenHouse.web3/p2p.go:453	Listening on: /ip4/127.0.0.1/udp/61221/quic-v1/webtransport/certhash/uEiC-jXwPhQZxqOQiukbjLmjatHNAD89bHIwOUfCh8AQPRg/certhash/uEiBnEihPjyiMHQ1VtMmcurbKtr2KnoU7RVHfv_gcqvnVYA/p2p/12D3KooWHf1j3AwWdTFokscX85ncPPpTF5b5GowYZxFi5FtdLE3L
2026-06-03T16:15:59.231+0100	INFO	p2pnode	GreenHouse.web3/p2p.go:453	Listening on: /ip4/127.0.0.1/udp/63765/quic-v1/p2p/12D3KooWHf1j3AwWdTFokscX85ncPPpTF5b5GowYZxFi5FtdLE3L
2026-06-03T16:15:59.231+0100	INFO	p2pnode	GreenHouse.web3/p2p.go:453	Listening on: /ip4/127.0.0.1/udp/64338/webrtc-direct/certhash/uEiCa-kF2fKdY8qzE7N6ArkqmWlDBjZIPdNLYx412o3VwxA/p2p/12D3KooWHf1j3AwWdTFokscX85ncPPpTF5b5GowYZxFi5FtdLE3L
2026-06-03T16:15:59.231+0100	INFO	p2pnode	GreenHouse.web3/p2p.go:453	Listening on: /ip4/192.168.0.156/tcp/62144/p2p/12D3KooWHf1j3AwWdTFokscX85ncPPpTF5b5GowYZxFi5FtdLE3L
2026-06-03T16:15:59.231+0100	INFO	p2pnode	GreenHouse.web3/p2p.go:453	Listening on: /ip4/192.168.0.156/udp/61221/quic-v1/webtransport/certhash/uEiC-jXwPhQZxqOQiukbjLmjatHNAD89bHIwOUfCh8AQPRg/certhash/uEiBnEihPjyiMHQ1VtMmcurbKtr2KnoU7RVHfv_gcqvnVYA/p2p/12D3KooWHf1j3AwWdTFokscX85ncPPpTF5b5GowYZxFi5FtdLE3L
2026-06-03T16:15:59.231+0100	INFO	p2pnode	GreenHouse.web3/p2p.go:453	Listening on: /ip4/192.168.0.156/udp/63765/quic-v1/p2p/12D3KooWHf1j3AwWdTFokscX85ncPPpTF5b5GowYZxFi5FtdLE3L
2026-06-03T16:15:59.231+0100	INFO	p2pnode	GreenHouse.web3/p2p.go:453	Listening on: /ip4/192.168.0.156/udp/64338/webrtc-direct/certhash/uEiCa-kF2fKdY8qzE7N6ArkqmWlDBjZIPdNLYx412o3VwxA/p2p/12D3KooWHf1j3AwWdTFokscX85ncPPpTF5b5GowYZxFi5FtdLE3L
2026-06-03T16:15:59.231+0100	INFO	p2pnode	GreenHouse.web3/p2p.go:453	Listening on: /ip6/::1/tcp/62145/p2p/12D3KooWHf1j3AwWdTFokscX85ncPPpTF5b5GowYZxFi5FtdLE3L
2026-06-03T16:15:59.231+0100	INFO	p2pnode	GreenHouse.web3/p2p.go:453	Listening on: /ip6/::1/udp/51670/webrtc-direct/certhash/uEiCa-kF2fKdY8qzE7N6ArkqmWlDBjZIPdNLYx412o3VwxA/p2p/12D3KooWHf1j3AwWdTFokscX85ncPPpTF5b5GowYZxFi5FtdLE3L
2026-06-03T16:15:59.231+0100	INFO	p2pnode	GreenHouse.web3/p2p.go:453	Listening on: /ip6/::1/udp/53433/quic-v1/p2p/12D3KooWHf1j3AwWdTFokscX85ncPPpTF5b5GowYZxFi5FtdLE3L
2026-06-03T16:15:59.231+0100	INFO	p2pnode	GreenHouse.web3/p2p.go:453	Listening on: /ip6/::1/udp/58922/quic-v1/webtransport/certhash/uEiC-jXwPhQZxqOQiukbjLmjatHNAD89bHIwOUfCh8AQPRg/certhash/uEiBnEihPjyiMHQ1VtMmcurbKtr2KnoU7RVHfv_gcqvnVYA/p2p/12D3KooWHf1j3AwWdTFokscX85ncPPpTF5b5GowYZxFi5FtdLE3L
2026-06-03T16:15:59.231+0100	INFO	p2pnode	GreenHouse.web3/p2p.go:513	DHT discovery disabled (GONETWORK_DISABLE_P2P_DHT=1)
2026-06-03T16:15:59.231+0100	INFO	p2pnode	GreenHouse.web3/p2p.go:532	PubSub service initialized (D=4 Dlo=3 Dhi=5 heartbeat=500ms)
2026-06-03T16:15:59.231+0100	INFO	p2pnode	GreenHouse.web3/p2p.go:539	Joined topic: shard-test
2026-06-03T16:15:59.231+0100	INFO	p2pnode	GreenHouse.web3/p2p.go:546	Joined consensus topic: shard-test/consensus
2026-06-03T16:15:59.231+0100	INFO	p2pnode	GreenHouse.web3/p2p.go:563	Topic validator registered for shard-test
2026-06-03T16:15:59.231+0100	INFO	p2pnode	GreenHouse.web3/p2p.go:573	Topic validator registered for shard-test/consensus
2026-06-03T16:15:59.231+0100	INFO	p2pnode	GreenHouse.web3/p2p.go:580	Subscribed to topic
2026-06-03T16:15:59.231+0100	INFO	p2pnode	GreenHouse.web3/p2p.go:586	Subscribed to consensus topic
2026-06-03T16:15:59.231+0100	INFO	p2pnode	GreenHouse.web3/p2p.go:603	mDNS discovery disabled (GONETWORK_DISABLE_P2P_MDNS=1)
2026-06-03T16:15:59.231+0100	INFO	p2pnode	GreenHouse.web3/p2p.go:712	Stream handler set for direct messaging
Initialized 2 shards
Assigned transaction {Sender:153Qa4ERCQKVIUmW1domT0Ata7fQuBwCElt3cbBymWc= Receiver:recv Amount:10 Signatures:[[110 127 16 34 137 68 52 229 233 223 133 171 157 152 60 97 34 179 83 151 140 202 109 213 22 245 99 4 24 9 8 237 83 89 223 177 126 60 188 35 113 229 82 191 33 221 121 95 231 127 55 192 148 57 56 221 97 211 170 222 177 79 71 5]] RequiredSigs:1 Nonce:1780499759231699000} to shard 0
Valid transaction in shard 0: {Sender:153Qa4ERCQKVIUmW1domT0Ata7fQuBwCElt3cbBymWc= Receiver:recv Amount:10 Signatures:[[110 127 16 34 137 68 52 229 233 223 133 171 157 152 60 97 34 179 83 151 140 202 109 213 22 245 99 4 24 9 8 237 83 89 223 177 126 60 188 35 113 229 82 191 33 221 121 95 231 127 55 192 148 57 56 221 97 211 170 222 177 79 71 5]] RequiredSigs:1 Nonce:1780499759231699000}
--- PASS: TestShardValidateShardTransactions_ValidTx_NoPanic (0.00s)
=== RUN   TestShardValidateShardTransactions_InvalidSenderKey_NoPanic
2026/06/03 16:15:59 consensus startup invariant: mode=hybrid http_seal=true dbft_consensus=true
2026-06-03T16:15:59.233+0100	INFO	p2pnode	GreenHouse.web3/p2p.go:448	Libp2p host created with ID: 12D3KooWAvHPFJjsop9kbEajEcSs5djiXzT63bZpYeByDTf4i6pp
2026/06/03 16:15:59 P2P: using Noise XX security transport (mutual auth)
2026-06-03T16:15:59.234+0100	INFO	p2pnode	GreenHouse.web3/p2p.go:453	Listening on: /ip4/127.0.0.1/tcp/62146/p2p/12D3KooWAvHPFJjsop9kbEajEcSs5djiXzT63bZpYeByDTf4i6pp
2026-06-03T16:15:59.234+0100	INFO	p2pnode	GreenHouse.web3/p2p.go:453	Listening on: /ip4/127.0.0.1/udp/53461/quic-v1/p2p/12D3KooWAvHPFJjsop9kbEajEcSs5djiXzT63bZpYeByDTf4i6pp
2026-06-03T16:15:59.234+0100	INFO	p2pnode	GreenHouse.web3/p2p.go:453	Listening on: /ip4/127.0.0.1/udp/56037/webrtc-direct/certhash/uEiBbV9QGMq1jgRLrVZU-NDb7C3eUWcPLQ2vI5XW-dKfv0Q/p2p/12D3KooWAvHPFJjsop9kbEajEcSs5djiXzT63bZpYeByDTf4i6pp
2026-06-03T16:15:59.234+0100	INFO	p2pnode	GreenHouse.web3/p2p.go:453	Listening on: /ip4/127.0.0.1/udp/58899/quic-v1/webtransport/certhash/uEiBHbgtQzmz7cU7TWz4xOj8lQQjempfjupx09ZvOMA7pRg/certhash/uEiB7xHQFfhG8YhaVsdyZ1lCtHn9cMABkDWAgTWpWmY90qg/p2p/12D3KooWAvHPFJjsop9kbEajEcSs5djiXzT63bZpYeByDTf4i6pp
2026-06-03T16:15:59.234+0100	INFO	p2pnode	GreenHouse.web3/p2p.go:453	Listening on: /ip4/192.168.0.156/tcp/62146/p2p/12D3KooWAvHPFJjsop9kbEajEcSs5djiXzT63bZpYeByDTf4i6pp
2026-06-03T16:15:59.234+0100	INFO	p2pnode	GreenHouse.web3/p2p.go:453	Listening on: /ip4/192.168.0.156/udp/53461/quic-v1/p2p/12D3KooWAvHPFJjsop9kbEajEcSs5djiXzT63bZpYeByDTf4i6pp
2026-06-03T16:15:59.234+0100	INFO	p2pnode	GreenHouse.web3/p2p.go:453	Listening on: /ip4/192.168.0.156/udp/56037/webrtc-direct/certhash/uEiBbV9QGMq1jgRLrVZU-NDb7C3eUWcPLQ2vI5XW-dKfv0Q/p2p/12D3KooWAvHPFJjsop9kbEajEcSs5djiXzT63bZpYeByDTf4i6pp
2026-06-03T16:15:59.234+0100	INFO	p2pnode	GreenHouse.web3/p2p.go:453	Listening on: /ip4/192.168.0.156/udp/58899/quic-v1/webtransport/certhash/uEiBHbgtQzmz7cU7TWz4xOj8lQQjempfjupx09ZvOMA7pRg/certhash/uEiB7xHQFfhG8YhaVsdyZ1lCtHn9cMABkDWAgTWpWmY90qg/p2p/12D3KooWAvHPFJjsop9kbEajEcSs5djiXzT63bZpYeByDTf4i6pp
2026-06-03T16:15:59.234+0100	INFO	p2pnode	GreenHouse.web3/p2p.go:453	Listening on: /ip6/::1/tcp/62147/p2p/12D3KooWAvHPFJjsop9kbEajEcSs5djiXzT63bZpYeByDTf4i6pp
2026-06-03T16:15:59.234+0100	INFO	p2pnode	GreenHouse.web3/p2p.go:453	Listening on: /ip6/::1/udp/55282/quic-v1/webtransport/certhash/uEiBHbgtQzmz7cU7TWz4xOj8lQQjempfjupx09ZvOMA7pRg/certhash/uEiB7xHQFfhG8YhaVsdyZ1lCtHn9cMABkDWAgTWpWmY90qg/p2p/12D3KooWAvHPFJjsop9kbEajEcSs5djiXzT63bZpYeByDTf4i6pp
2026-06-03T16:15:59.234+0100	INFO	p2pnode	GreenHouse.web3/p2p.go:453	Listening on: /ip6/::1/udp/55427/webrtc-direct/certhash/uEiBbV9QGMq1jgRLrVZU-NDb7C3eUWcPLQ2vI5XW-dKfv0Q/p2p/12D3KooWAvHPFJjsop9kbEajEcSs5djiXzT63bZpYeByDTf4i6pp
2026-06-03T16:15:59.234+0100	INFO	p2pnode	GreenHouse.web3/p2p.go:453	Listening on: /ip6/::1/udp/56082/quic-v1/p2p/12D3KooWAvHPFJjsop9kbEajEcSs5djiXzT63bZpYeByDTf4i6pp
2026-06-03T16:15:59.234+0100	INFO	p2pnode	GreenHouse.web3/p2p.go:513	DHT discovery disabled (GONETWORK_DISABLE_P2P_DHT=1)
2026-06-03T16:15:59.234+0100	INFO	p2pnode	GreenHouse.web3/p2p.go:532	PubSub service initialized (D=4 Dlo=3 Dhi=5 heartbeat=500ms)
2026-06-03T16:15:59.234+0100	INFO	p2pnode	GreenHouse.web3/p2p.go:539	Joined topic: shard-invalid
2026-06-03T16:15:59.234+0100	INFO	p2pnode	GreenHouse.web3/p2p.go:546	Joined consensus topic: shard-invalid/consensus
2026-06-03T16:15:59.234+0100	INFO	p2pnode	GreenHouse.web3/p2p.go:563	Topic validator registered for shard-invalid
2026-06-03T16:15:59.234+0100	INFO	p2pnode	GreenHouse.web3/p2p.go:573	Topic validator registered for shard-invalid/consensus
2026-06-03T16:15:59.234+0100	INFO	p2pnode	GreenHouse.web3/p2p.go:580	Subscribed to topic
2026-06-03T16:15:59.234+0100	INFO	p2pnode	GreenHouse.web3/p2p.go:586	Subscribed to consensus topic
2026-06-03T16:15:59.234+0100	INFO	p2pnode	GreenHouse.web3/p2p.go:603	mDNS discovery disabled (GONETWORK_DISABLE_P2P_MDNS=1)
2026-06-03T16:15:59.234+0100	INFO	p2pnode	GreenHouse.web3/p2p.go:712	Stream handler set for direct messaging
Initialized 1 shards
Invalid transaction in shard 0: {Sender:not-a-valid-pub-key Receiver:recv Amount:10 Signatures:[] RequiredSigs:1 Nonce:0}
--- PASS: TestShardValidateShardTransactions_InvalidSenderKey_NoPanic (0.00s)
=== RUN   TestLoadBlockchain_MissingFile_Error
--- PASS: TestLoadBlockchain_MissingFile_Error (0.00s)
=== RUN   TestLoadBlockchain_InvalidJSON_Error
--- PASS: TestLoadBlockchain_InvalidJSON_Error (0.00s)
=== RUN   TestSaveBlockchain_InvalidPath_Error
--- PASS: TestSaveBlockchain_InvalidPath_Error (0.00s)
=== RUN   TestValidate_ValidRecord_NoErrors
--- PASS: TestValidate_ValidRecord_NoErrors (0.00s)
=== RUN   TestValidate_FullLegalName_TooShort
--- PASS: TestValidate_FullLegalName_TooShort (0.00s)
=== RUN   TestValidate_FullLegalName_TooLong
--- PASS: TestValidate_FullLegalName_TooLong (0.00s)
=== RUN   TestValidate_FullLegalName_Empty
--- PASS: TestValidate_FullLegalName_Empty (0.00s)
=== RUN   TestValidate_FullLegalName_NonPrintable
--- PASS: TestValidate_FullLegalName_NonPrintable (0.00s)
=== RUN   TestValidate_FullLegalName_Boundary_TwoChars
--- PASS: TestValidate_FullLegalName_Boundary_TwoChars (0.00s)
=== RUN   TestValidate_FullLegalName_Boundary_150Chars
--- PASS: TestValidate_FullLegalName_Boundary_150Chars (0.00s)
=== RUN   TestValidate_DOB_Missing
--- PASS: TestValidate_DOB_Missing (0.00s)
=== RUN   TestValidate_DOB_InvalidFormat
--- PASS: TestValidate_DOB_InvalidFormat (0.00s)
=== RUN   TestValidate_DOB_Under18
--- PASS: TestValidate_DOB_Under18 (0.00s)
=== RUN   TestValidate_DOB_Exactly18_IsValid
--- PASS: TestValidate_DOB_Exactly18_IsValid (0.00s)
=== RUN   TestValidate_Nationality_Empty
--- PASS: TestValidate_Nationality_Empty (0.00s)
=== RUN   TestValidate_Nationality_InvalidCode
--- PASS: TestValidate_Nationality_InvalidCode (0.00s)
=== RUN   TestValidate_TaxResidency_InvalidCode
--- PASS: TestValidate_TaxResidency_InvalidCode (0.00s)
=== RUN   TestValidate_TaxIDNumber_TooShort
--- PASS: TestValidate_TaxIDNumber_TooShort (0.00s)
=== RUN   TestValidate_TaxIDNumber_TooLong
--- PASS: TestValidate_TaxIDNumber_TooLong (0.00s)
=== RUN   TestValidate_TaxIDNumber_Absent_IsValid
--- PASS: TestValidate_TaxIDNumber_Absent_IsValid (0.00s)
=== RUN   TestValidate_Address_Line1_Empty
--- PASS: TestValidate_Address_Line1_Empty (0.00s)
=== RUN   TestValidate_Address_Line1_TooLong
--- PASS: TestValidate_Address_Line1_TooLong (0.00s)
=== RUN   TestValidate_Address_City_Empty
--- PASS: TestValidate_Address_City_Empty (0.00s)
=== RUN   TestValidate_Address_City_TooLong
--- PASS: TestValidate_Address_City_TooLong (0.00s)
=== RUN   TestValidate_Address_PostCode_Empty
--- PASS: TestValidate_Address_PostCode_Empty (0.00s)
=== RUN   TestValidate_Address_PostCode_TooLong
--- PASS: TestValidate_Address_PostCode_TooLong (0.00s)
=== RUN   TestValidate_Address_Country_Invalid
--- PASS: TestValidate_Address_Country_Invalid (0.00s)
=== RUN   TestValidate_Document_Type_Missing
--- PASS: TestValidate_Document_Type_Missing (0.00s)
=== RUN   TestValidate_Document_Type_Unrecognised
--- PASS: TestValidate_Document_Type_Unrecognised (0.00s)
=== RUN   TestValidate_Document_Type_AllAccepted
--- PASS: TestValidate_Document_Type_AllAccepted (0.00s)
=== RUN   TestValidate_Document_IssuingCountry_Invalid
--- PASS: TestValidate_Document_IssuingCountry_Invalid (0.00s)
=== RUN   TestValidate_Document_Expiry_Missing
--- PASS: TestValidate_Document_Expiry_Missing (0.00s)
=== RUN   TestValidate_Document_Expiry_InvalidFormat
--- PASS: TestValidate_Document_Expiry_InvalidFormat (0.00s)
=== RUN   TestValidate_Document_Expiry_InThePast
--- PASS: TestValidate_Document_Expiry_InThePast (0.00s)
=== RUN   TestValidate_Document_Hash_Empty
--- PASS: TestValidate_Document_Hash_Empty (0.00s)
=== RUN   TestValidate_Document_Hash_TooShort
--- PASS: TestValidate_Document_Hash_TooShort (0.00s)
=== RUN   TestValidate_Document_Hash_UpperCase
--- PASS: TestValidate_Document_Hash_UpperCase (0.00s)
=== RUN   TestValidate_Document_POAHash_Invalid
--- PASS: TestValidate_Document_POAHash_Invalid (0.00s)
=== RUN   TestValidate_Consents_TOS_Missing
--- PASS: TestValidate_Consents_TOS_Missing (0.00s)
=== RUN   TestValidate_Consents_Privacy_Missing
--- PASS: TestValidate_Consents_Privacy_Missing (0.00s)
=== RUN   TestValidate_Consents_RiskWarnings_Missing
--- PASS: TestValidate_Consents_RiskWarnings_Missing (0.00s)
=== RUN   TestValidate_Consents_SOF_TooShort
--- PASS: TestValidate_Consents_SOF_TooShort (0.00s)
=== RUN   TestValidate_Consents_SOW_TooShortWhenProvided
--- PASS: TestValidate_Consents_SOW_TooShortWhenProvided (0.00s)
=== RUN   TestValidate_Consents_SOW_Absent_IsValid
--- PASS: TestValidate_Consents_SOW_Absent_IsValid (0.00s)
=== RUN   TestValidate_Consents_PEP_NotConfirmed
--- PASS: TestValidate_Consents_PEP_NotConfirmed (0.00s)
=== RUN   TestValidate_Consents_Sanctions_NotConfirmed
--- PASS: TestValidate_Consents_Sanctions_NotConfirmed (0.00s)
=== RUN   TestValidate_Jurisdiction_Empty
--- PASS: TestValidate_Jurisdiction_Empty (0.00s)
=== RUN   TestValidate_Jurisdiction_Invalid
--- PASS: TestValidate_Jurisdiction_Invalid (0.00s)
=== RUN   TestValidate_MultipleErrors_AllReported
--- PASS: TestValidate_MultipleErrors_AllReported (0.00s)
=== RUN   TestIsValidISO3166_KnownCodes
--- PASS: TestIsValidISO3166_KnownCodes (0.00s)
=== RUN   TestIsValidISO3166_LowercaseAccepted
--- PASS: TestIsValidISO3166_LowercaseAccepted (0.00s)
=== RUN   TestIsValidISO3166_InvalidCodes
--- PASS: TestIsValidISO3166_InvalidCodes (0.00s)
=== RUN   TestValidationError_Error
--- PASS: TestValidationError_Error (0.00s)
=== RUN   TestNewWallet
Created new wallet with PublicKey: 8628b7ebf63e7a3968934f007eb5949147ce149115d3748fc7f5e806ac445186 and initial Balance: 0.000000
--- PASS: TestNewWallet (0.00s)
=== RUN   TestCreateTransaction
Created new wallet with PublicKey: 8bc3d7b3aac3c89bc91ad72a5562dec9c1be5d63d424e7ee84f7cda27ef6bcf0 and initial Balance: 0.000000
Created new wallet with PublicKey: 73adb61a0f46260db64a5c48fcb93a55f67dbb70d92ff9f1ff7bdabf5515cd15 and initial Balance: 0.000000
Created transaction from i8PXs6rDyJvJGtcqVWLeycG+XWPUJOfuhPfNon72vPA= to c622Gg9GJg22SlxI/Lk6VfZ9u3DZL/nx/3vav1UVzRU= for amount 100.000000
--- PASS: TestCreateTransaction (0.00s)
=== RUN   TestVerifyTransaction
Created new wallet with PublicKey: 462117a8405245521991663c270146c76dec74659b01e5b6e3cfcf2c80ad8d50 and initial Balance: 0.000000
Created new wallet with PublicKey: 087399a81e34cde66293618b8455bdfa2da7f9c7461405552921a79d9e9d0b92 and initial Balance: 0.000000
Created transaction from RiEXqEBSRVIZkWY8JwFGx23sdGWbAeW248/PLICtjVA= to CHOZqB40zeZik2GLhFW9+i2n+cdGFAVVKSGnnZ6dC5I= for amount 100.000000
--- PASS: TestVerifyTransaction (0.00s)
=== RUN   TestLockAndUnlockCurrency
Created new wallet with PublicKey: a3e93ab2a9bd342fc3e9d8289c774bf9bfaca1f8ad26aedff2f3698096b0b09d and initial Balance: 0.000000
Locked 50.000000 currency from wallet a3e93ab2a9bd342fc3e9d8289c774bf9bfaca1f8ad26aedff2f3698096b0b09d. New wallet balance: 50.000000. Locked wallet balance: 50.000000
Unlocked 30.000000 currency to wallet a3e93ab2a9bd342fc3e9d8289c774bf9bfaca1f8ad26aedff2f3698096b0b09d. New wallet balance: 80.000000. Locked wallet balance: 20.000000
--- PASS: TestLockAndUnlockCurrency (0.00s)
=== RUN   TestLockCurrency
Created new wallet with PublicKey: 486a4cb27f504a2a3c28bb8bb44558ec5631a7f972fad154dbf47129381b665c and initial Balance: 0.000000
Locked 50.000000 currency from wallet 486a4cb27f504a2a3c28bb8bb44558ec5631a7f972fad154dbf47129381b665c. New wallet balance: 50.000000. Locked wallet balance: 50.000000
--- PASS: TestLockCurrency (0.00s)
=== RUN   TestUnlockCurrency
Created new wallet with PublicKey: c162aca6e75577d4b9bac513bffa469a42e47e7b8195176a1c06b608c7ad8a99 and initial Balance: 0.000000
Locked 50.000000 currency from wallet c162aca6e75577d4b9bac513bffa469a42e47e7b8195176a1c06b608c7ad8a99. New wallet balance: 50.000000. Locked wallet balance: 50.000000
Unlocked 30.000000 currency to wallet c162aca6e75577d4b9bac513bffa469a42e47e7b8195176a1c06b608c7ad8a99. New wallet balance: 80.000000. Locked wallet balance: 20.000000
Unlocked 20.000000 currency to wallet c162aca6e75577d4b9bac513bffa469a42e47e7b8195176a1c06b608c7ad8a99. New wallet balance: 100.000000. Locked wallet balance: 0.000000
--- PASS: TestUnlockCurrency (0.00s)
=== RUN   TestLockCurrencyInsufficientBalance
Created new wallet with PublicKey: 3b1d490b5ae420ef7282a6ab2c7d15f1800f2cf16067221416198b005606da90 and initial Balance: 0.000000
--- PASS: TestLockCurrencyInsufficientBalance (0.00s)
=== RUN   TestUnlockCurrencyInsufficientLockedBalance
Created new wallet with PublicKey: a78dc927827def763d48e6ac073e29e5e883bc32be30649ea5bad817e7eafd57 and initial Balance: 0.000000
Locked 50.000000 currency from wallet a78dc927827def763d48e6ac073e29e5e883bc32be30649ea5bad817e7eafd57. New wallet balance: 50.000000. Locked wallet balance: 50.000000
--- PASS: TestUnlockCurrencyInsufficientLockedBalance (0.00s)
FAIL
FAIL	gonetwork	9.618s
=== RUN   TestHandleMetrics_ExportsLabeledCounters
2026/06/03 16:15:30 consensus startup invariant: mode=dbft http_seal=false dbft_consensus=true
WARNING: GREENHOUSE_JWT_SECRET not set; using ephemeral secret (tokens invalidated on restart)
2026/06/03 16:15:30 consensus mode reject: path=SealBlock mode=dbft expected=http count=1
2026/06/03 16:15:30 SealBlock: disabled in "dbft" consensus mode
2026/06/03 16:15:30 duplicate tx hash rejected: reason=already_committed hash=base:9b091d1eb85009f19728586d2bdb9f063a6e58466685e9e528777f05f0ef8469 count=1
Invalid block: transaction hash already committed (base:9b091d1eb85009f19728586d2bdb9f063a6e58466685e9e528777f05f0ef8469)
--- PASS: TestHandleMetrics_ExportsLabeledCounters (0.00s)
=== RUN   TestHandleMetrics_EscapesPrometheusLabels
2026/06/03 16:15:30 consensus startup invariant: mode=dbft http_seal=false dbft_consensus=true
WARNING: GREENHOUSE_JWT_SECRET not set; using ephemeral secret (tokens invalidated on restart)
--- PASS: TestHandleMetrics_EscapesPrometheusLabels (0.00s)
=== RUN   TestWebhookHandler_ModulrNilProvider_ProductionMode_Returns401
2026/06/03 16:15:30 consensus startup invariant: mode=http http_seal=true dbft_consensus=false
WARNING: GREENHOUSE_JWT_SECRET not set; using ephemeral secret (tokens invalidated on restart)
--- PASS: TestWebhookHandler_ModulrNilProvider_ProductionMode_Returns401 (0.00s)
=== RUN   TestWebhookHandler_ModulrNilProvider_DevMode_Processes
2026/06/03 16:15:30 consensus startup invariant: mode=http http_seal=true dbft_consensus=false
WARNING: GREENHOUSE_JWT_SECRET not set; using ephemeral secret (tokens invalidated on restart)
--- PASS: TestWebhookHandler_ModulrNilProvider_DevMode_Processes (0.00s)
=== RUN   TestWebhookHandler_AmountMismatch_Returns422
2026/06/03 16:15:30 consensus startup invariant: mode=http http_seal=true dbft_consensus=false
WARNING: GREENHOUSE_JWT_SECRET not set; using ephemeral secret (tokens invalidated on restart)
2026/06/03 16:15:30 [payment] mismatch ref=ref-f3-api: ConfirmAndSettle: amount mismatch ref=ref-f3-api got=500.00 want=1000.00: payment mismatch
--- PASS: TestWebhookHandler_AmountMismatch_Returns422 (0.00s)
=== RUN   TestWebhookHandler_CurrencyMismatch_Returns422
2026/06/03 16:15:30 consensus startup invariant: mode=http http_seal=true dbft_consensus=false
WARNING: GREENHOUSE_JWT_SECRET not set; using ephemeral secret (tokens invalidated on restart)
2026/06/03 16:15:30 [payment] mismatch ref=ref-f3-cur: ConfirmAndSettle: currency mismatch ref=ref-f3-cur got=EUR want=GBP: payment mismatch
--- PASS: TestWebhookHandler_CurrencyMismatch_Returns422 (0.00s)
=== RUN   TestRegistrationRetry_AdminEndpoint
2026/06/03 16:15:30 consensus startup invariant: mode=http http_seal=true dbft_consensus=false
WARNING: GREENHOUSE_JWT_SECRET not set; using ephemeral secret (tokens invalidated on restart)
--- PASS: TestRegistrationRetry_AdminEndpoint (0.00s)
=== RUN   TestRegistrationRetry_AdminEndpoint_NotFound
2026/06/03 16:15:30 consensus startup invariant: mode=http http_seal=true dbft_consensus=false
WARNING: GREENHOUSE_JWT_SECRET not set; using ephemeral secret (tokens invalidated on restart)
--- PASS: TestRegistrationRetry_AdminEndpoint_NotFound (0.00s)
=== RUN   TestRegistrationRetry_AdminEndpoint_NoRegistrar
2026/06/03 16:15:30 consensus startup invariant: mode=http http_seal=true dbft_consensus=false
WARNING: GREENHOUSE_JWT_SECRET not set; using ephemeral secret (tokens invalidated on restart)
--- PASS: TestRegistrationRetry_AdminEndpoint_NoRegistrar (0.00s)
PASS
ok  	gonetwork/api	(cached)
?   	gonetwork/cmd/api	[no test files]
?   	gonetwork/cmd/bootstrap	[no test files]
?   	gonetwork/cmd/node	[no test files]
?   	gonetwork/cmd/operator	[no test files]
?   	gonetwork/simulation	[no test files]
FAIL
